Microchip MPLAB XC8 Compiler V1.35 ()

Linker command line:

--edf=C:\Program Files (x86)\Microchip\xc8\v1.35\dat\en_msgs.txt -cs \
  -h+dist/default/production\PIC18F27J53-ChargeStation-2.02.X.production.sym \
  --cmf=dist/default/production\PIC18F27J53-ChargeStation-2.02.X.production.cmf \
  -z -Q18F27J53 -oC:\Users\KERIKU~1\AppData\Local\Temp\s3qg.2 \
  -Mdist/default/production/PIC18F27J53-ChargeStation-2.02.X.production.map \
  -E1 -ver=XC8 -ASTACK=01D0h-0eafh -pstack=STACK -ACODE=00h-01FFF7h \
  -ACONST=00h-01FFF7h -ASMALLCONST=0F00h-0FFFhx496,01FF00h-01FFF7h \
  -AMEDIUMCONST=0F00h-0FFFFh,010F00h-01FFF7h -ACOMRAM=01h-05Fh \
  -AABS1=00h-0EAFh -ABIGRAM=01h-0EAFh \
  -ARAM=060h-0FFh,0100h-01FFhx13,0E00h-0EAFh -ABANK0=060h-0FFh \
  -ABANK1=0100h-01FFh -ABANK2=0200h-02FFh -ABANK3=0300h-03FFh \
  -ABANK4=0400h-04FFh -ABANK5=0500h-05FFh -ABANK6=0600h-06FFh \
  -ABANK7=0700h-07FFh -ABANK8=0800h-08FFh -ABANK9=0900h-09FFh \
  -ABANK10=0A00h-0AFFh -ABANK11=0B00h-0BFFh -ABANK12=0C00h-0CFFh \
  -ABANK13=0D00h-0DFFh -ABANK14=0E00h-0EAFh \
  -ASFR=0EB0h-0EFFh,0F00h-0F5Fh,0F60h-0FFFh \
  -preset_vec=00h,intcode=08h,intcodelo,powerup,init,end_init \
  -pramtop=0F00h -psmallconst=SMALLCONST -pmediumconst=MEDIUMCONST \
  -pconst=CONST -AFARRAM=00h-00h -ACONFIG=01FFF8h-01FFFFh -pconfig=CONFIG \
  -pjflash_buffer=01F800h \
  -prdata=COMRAM,nvrram=COMRAM,nvbit=COMRAM,rbss=COMRAM,rbit=COMRAM \
  -pfarbss=FARRAM,fardata=FARRAM,nvFARRAM=FARRAM \
  -pintsave_regs=BIGRAM,bigbss=BIGRAM,bigdata=BIGRAM -pbss=RAM \
  -pidata=CODE,irdata=CODE,ibigdata=CODE,ifardata=CODE -prparam=COMRAM \
  C:\Users\KERIKU~1\AppData\Local\Temp\s3qg.obj \
  dist/default/production\PIC18F27J53-ChargeStation-2.02.X.production.obj 

Object code version is 3.11

Machine type is 18F27J53

Call graph: (short form)




                Name                               Link     Load   Length Selector   Space Scale
C:\Users\KERIKU~1\AppData\Local\Temp\s3qg.obj
                end_init                             F6       F6        4        4       0
                reset_vec                             0        0        4        0       0
                config                            1FFF8    1FFF8        8    1FFF8       0
dist/default/production\PIC18F27J53-ChargeStation-2.02.X.production.obj
                intcode                               8        8       EE        4       0
                temp                                 41       41        1        1       1
                smallconst                          F00      F00       88      780       0
                text77                             2F8A     2F8A       BC      7C4       0
                text76                             31B0     31B0       AC      7C4       0
                text75                             3046     3046       B6      7C4       0
                text74                             3B8E     3B8E       4A      7C4       0
                text73                             3C68     3C68       48      7C4       0
                text72                             3C20     3C20       48      7C4       0
                text71                             3666     3666       82      7C4       0
                text70                             33A2     33A2       9A      7C4       0
                text69                             3DBC     3DBC       3E      7C4       0
                text68                             35E2     35E2       84      7C4       0
                text67                             3B3C     3B3C       52      7C4       0
                text66                             2906     2906      100      7C4       0
                text64                             40F0     40F0       18      7C4       0
                text63                             325C     325C       AA      7C4       0
                text62                             385A     385A       76      7C4       0
                text61                             36E8     36E8       7E      7C4       0
                text60                             2C7C     2C7C       CE      7C4       0
                text59                             1724     1724      288      7C4       0
                text58                             4078     4078       22      7C4       0
                text57                             3CB0     3CB0       46      7C4       0
                text56                             40BA     40BA       1C      7C4       0
                text55                             3FA0     3FA0       28      7C4       0
                text54                             3FEE     3FEE       24      7C4       0
                text53                             4134     4134       16      7C4       0
                text52                             411E     411E       16      7C4       0
                text51                             3F26     3F26       2A      7C4       0
                text50                             415C     415C        A      7C4       0
                text49                             3E66     3E66       36      7C4       0
                text48                             40D6     40D6       1A      7C4       0
                text47                             3A96     3A96       54      7C4       0
                text46                             414A     414A       12      7C4       0
                text45                             3ECC     3ECC       2E      7C4       0
                text44                             409A     409A       20      7C4       0
                text43                             3A42     3A42       54      7C4       0
                text42                             3E9C     3E9C       30      7C4       0
                text41                             3D3A     3D3A       44      7C4       0
                text40                             3FC8     3FC8       26      7C4       0
                text39                             3766     3766       7C      7C4       0
                text38                             3F78     3F78       28      7C4       0
                text37                             3F50     3F50       28      7C4       0
                text36                             3AEA     3AEA       52      7C4       0
                text35                             3E30     3E30       36      7C4       0
                text34                             2804     2804      102      7C4       0
                text33                             3934     3934       5C      7C4       0
                text32                             3306     3306       9C      7C4       0
                text31                             4056     4056       22      7C4       0
                text30                             2BAC     2BAC       D0      7C4       0
                text29                             2ECE     2ECE       BC      7C4       0
                text28                             2A06     2A06       D4      7C4       0
                text27                             20E2     20E2      1EC      7C4       0
                text26                             4034     4034       22      7C4       0
                text25                             1E7E     1E7E      264      7C4       0
                text24                             1C1A     1C1A      264      7C4       0
                text23                             4108     4108       16      7C4       0
                text22                             25DE     25DE      124      7C4       0
                text21                             2E10     2E10       BE      7C4       0
                text20                             37E2     37E2       78      7C4       0
                text19                             145C     145C      2C8      7C4       0
                text18                             2702     2702      102      7C4       0
                text17                             343C     343C       94      7C4       0
                text16                             34D0     34D0       8C      7C4       0
                text15                             3EFA     3EFA       2C      7C4       0
                text14                             2ADA     2ADA       D2      7C4       0
                text13                             3DFA     3DFA       36      7C4       0
                text12                             3BD8     3BD8       48      7C4       0
                text11                             355C     355C       86      7C4       0
                text10                             39EA     39EA       58      7C4       0
                text9                              24A6     24A6      138      7C4       0
                text8                               F88      F88      4D4      7C4       0
                text7                              3D7E     3D7E       3E      7C4       0
                text6                              4012     4012       22      7C4       0
                text5                              3CF6     3CF6       44      7C4       0
                text4                              3990     3990       5A      7C4       0
                text3                              19AC     19AC      26E      7C4       0
                text2                              30FC     30FC       B4      7C4       0
                text1                              2D4A     2D4A       C6      7C4       0
                text0                              22CE     22CE      1D8      7C4       0
                cstackCOMRAM                          1        1       22        1       1
                cstackBANK0                          C7       C7       36       60       1
                cstackBANK1                         100      100       C8      100       1
                bssBANK1                            1C8      1C8        8      100       1
                dataBANK0                            FD       FD        3       60       1
                bssBANK0                             60       60       67       60       1
                dataCOMRAM                           3F       3F        2        1       1
                bssCOMRAM                            23       23       1C        1       1
                cinit                              38D0     38D0       64      7C4       0
                idataBANK0                         4166     4166        3      7C4       0
                idataCOMRAM                        4169     4169        2      7C4       0

TOTAL           Name                               Link     Load   Length     Space
        CLASS   STACK          

        CLASS   CODE           
                end_init                             F6       F6        4         0
                intcode                               8        8       EE         0
                reset_vec                             0        0        4         0
                text77                             2F8A     2F8A       BC         0
                text76                             31B0     31B0       AC         0
                text75                             3046     3046       B6         0
                text74                             3B8E     3B8E       4A         0
                text73                             3C68     3C68       48         0
                text72                             3C20     3C20       48         0
                text71                             3666     3666       82         0
                text70                             33A2     33A2       9A         0
                text69                             3DBC     3DBC       3E         0
                text68                             35E2     35E2       84         0
                text67                             3B3C     3B3C       52         0
                text66                             2906     2906      100         0
                text64                             40F0     40F0       18         0
                text63                             325C     325C       AA         0
                text62                             385A     385A       76         0
                text61                             36E8     36E8       7E         0
                text60                             2C7C     2C7C       CE         0
                text59                             1724     1724      288         0
                text58                             4078     4078       22         0
                text57                             3CB0     3CB0       46         0
                text56                             40BA     40BA       1C         0
                text55                             3FA0     3FA0       28         0
                text54                             3FEE     3FEE       24         0
                text53                             4134     4134       16         0
                text52                             411E     411E       16         0
                text51                             3F26     3F26       2A         0
                text50                             415C     415C        A         0
                text49                             3E66     3E66       36         0
                text48                             40D6     40D6       1A         0
                text47                             3A96     3A96       54         0
                text46                             414A     414A       12         0
                text45                             3ECC     3ECC       2E         0
                text44                             409A     409A       20         0
                text43                             3A42     3A42       54         0
                text42                             3E9C     3E9C       30         0
                text41                             3D3A     3D3A       44         0
                text40                             3FC8     3FC8       26         0
                text39                             3766     3766       7C         0
                text38                             3F78     3F78       28         0
                text37                             3F50     3F50       28         0
                text36                             3AEA     3AEA       52         0
                text35                             3E30     3E30       36         0
                text34                             2804     2804      102         0
                text33                             3934     3934       5C         0
                text32                             3306     3306       9C         0
                text31                             4056     4056       22         0
                text30                             2BAC     2BAC       D0         0
                text29                             2ECE     2ECE       BC         0
                text28                             2A06     2A06       D4         0
                text27                             20E2     20E2      1EC         0
                text26                             4034     4034       22         0
                text25                             1E7E     1E7E      264         0
                text24                             1C1A     1C1A      264         0
                text23                             4108     4108       16         0
                text22                             25DE     25DE      124         0
                text21                             2E10     2E10       BE         0
                text20                             37E2     37E2       78         0
                text19                             145C     145C      2C8         0
                text18                             2702     2702      102         0
                text17                             343C     343C       94         0
                text16                             34D0     34D0       8C         0
                text15                             3EFA     3EFA       2C         0
                text14                             2ADA     2ADA       D2         0
                text13                             3DFA     3DFA       36         0
                text12                             3BD8     3BD8       48         0
                text11                             355C     355C       86         0
                text10                             39EA     39EA       58         0
                text9                              24A6     24A6      138         0
                text8                               F88      F88      4D4         0
                text7                              3D7E     3D7E       3E         0
                text6                              4012     4012       22         0
                text5                              3CF6     3CF6       44         0
                text4                              3990     3990       5A         0
                text3                              19AC     19AC      26E         0
                text2                              30FC     30FC       B4         0
                text1                              2D4A     2D4A       C6         0
                text0                              22CE     22CE      1D8         0
                cinit                              38D0     38D0       64         0
                idataBANK0                         4166     4166        3         0
                idataCOMRAM                        4169     4169        2         0

        CLASS   CONST          

        CLASS   SMALLCONST     
                smallconst                          F00      F00       88         0

        CLASS   MEDIUMCONST    

        CLASS   COMRAM         
                temp                                 41       41        1         1
                cstackCOMRAM                          1        1       22         1
                dataCOMRAM                           3F       3F        2         1
                bssCOMRAM                            23       23       1C         1

        CLASS   ABS1           

        CLASS   BIGRAM         

        CLASS   RAM            

        CLASS   BANK0          
                cstackBANK0                          C7       C7       36         1
                dataBANK0                            FD       FD        3         1
                bssBANK0                             60       60       67         1

        CLASS   BANK1          
                cstackBANK1                         100      100       C8         1
                bssBANK1                            1C8      1C8        8         1

        CLASS   BANK2          

        CLASS   BANK3          

        CLASS   BANK4          

        CLASS   BANK5          

        CLASS   BANK6          

        CLASS   BANK7          

        CLASS   BANK8          

        CLASS   BANK9          

        CLASS   BANK10         

        CLASS   BANK11         

        CLASS   BANK12         

        CLASS   BANK13         

        CLASS   BANK14         

        CLASS   SFR            

        CLASS   FARRAM         

        CLASS   CONFIG         
                config                            1FFF8    1FFF8        8         0

        CLASS   IDLOC          



SEGMENTS        Name                           Load    Length   Top    Selector   Space  Class

                reset_vec                      000000  000004  000004         0       0  CODE    
                cstackCOMRAM                   000001  000041  000042         1       1  COMRAM  
                intcode                        000008  0000F2  0000FA         4       0  CODE    
                bssBANK0                       000060  0000A0  000100        60       1  BANK0   
                cstackBANK1                    000100  0000D0  0001D0       100       1  BANK1   
                smallconst                     000F00  000088  000F88       780       0  SMALLCON
                text8                          000F88  0031E3  00416B       7C4       0  CODE    
                config                         01FFF8  000008  020000     1FFF8       0  CONFIG  


UNUSED ADDRESS RANGES

        Name                Unused          Largest block    Delta
        BANK1            001D0-001FF              30
        BANK10           00A00-00AFF             100
        BANK11           00B00-00BFF             100
        BANK12           00C00-00CFF             100
        BANK13           00D00-00DFF             100
        BANK14           00E00-00EAF              B0
        BANK2            00200-002FF             100
        BANK3            00300-003FF             100
        BANK4            00400-004FF             100
        BANK5            00500-005FF             100
        BANK6            00600-006FF             100
        BANK7            00700-007FF             100
        BANK8            00800-008FF             100
        BANK9            00900-009FF             100
        BIGRAM           00042-0005F              1E
                         001D0-00EAF             CE0
        CODE             00004-00007               4
                         000FA-00EFF             E06
                         0416B-1FFF7           1BE8D
        COMRAM           00042-0005F              1E
        CONST            00004-00007               4
                         000FA-00EFF             E06
                         0416B-1FFF7           1BE8D
        MEDIUMCONST      0416B-0FFFF            BE95
                         10F00-1FFF7            F0F8
        RAM              001D0-00EAF             100
        SFR              00EB0-00FFF              60
        SMALLCONST       0416B-1FFF7             100
        STACK            001D0-00EAF             CE0

                                  Symbol Table

?_ADC                             cstackCOMRAM  0001F
?_CTMU_read                       cstackCOMRAM  0001F
?___awdiv                         cstackCOMRAM  0001F
?___awmod                         cstackCOMRAM  0001F
?___lldiv                         cstackBANK0   000C7
?___llmod                         cstackBANK0   000D4
?___lmul                          cstackBANK0   000D4
?___lwdiv                         cstackBANK0   000DA
?___lwmod                         cstackCOMRAM  0001F
?___wmul                          cstackBANK0   000C7
?_get_quot_rem                    cstackBANK0   000E0
?_ringbuf_num                     cstackCOMRAM  00001
?_sw_flag_read                    cstackCOMRAM  0001F
?i2___awdiv                       cstackCOMRAM  00001
?i2___lldiv                       cstackCOMRAM  00001
?i2___lwdiv                       cstackCOMRAM  00001
ADC@ch                            cstackCOMRAM  00022
ADC_init@p_ref                    cstackCOMRAM  0001F
Auto_cut@i                        cstackBANK0   000CF
CTMU_read@ch                      cstackBANK0   000D4
CTMU_read@i                       cstackBANK0   000D9
CTMU_read@sum                     cstackBANK0   000D5
Delay_ms@ms                       cstackCOMRAM  0001F
I2C_IdleCheck@mask                cstackCOMRAM  00020
I2C_LCD_Command@ans               cstackBANK0   000C8
I2C_LCD_Command@c                 cstackBANK0   000C7
I2C_LCD_Putc@ans                  cstackBANK0   000C8
I2C_LCD_Putc@c                    cstackBANK0   000C7
I2C_LCD_Puts@ans                  cstackBANK0   000CA
I2C_LCD_Puts@s                    cstackBANK0   000C7
I2C_LCD_SetCursor@F8672           dataBANK0     000FD
I2C_LCD_SetCursor@col             cstackBANK0   000CC
I2C_LCD_SetCursor@row             cstackBANK0   000C9
I2C_LCD_SetCursor@row_offsets     cstackBANK0   000CA
I2C_Send@data                     cstackCOMRAM  00021
I2C_Start@adrs                    cstackCOMRAM  00022
I2C_Start@rw                      cstackCOMRAM  00021
IN@b                              cstackCOMRAM  0001F
ISR@cnt_t0                        bssBANK0      0009A
ISR@cnt_t1                        dataCOMRAM    0003F
LED@b                             cstackCOMRAM  00020
LED@value                         cstackCOMRAM  0001F
OUT@b                             cstackCOMRAM  00020
OUT@value                         cstackCOMRAM  0001F
RTCC_adjust_time_button@cnt_dec   cstackBANK1   0010E
RTCC_adjust_time_button@cnt_inc   cstackBANK1   0010C
RTCC_adjust_time_button@mode      cstackBANK1   0010A
RTCC_adjust_time_dec@ct           cstackBANK1   00100
RTCC_adjust_time_dec@ep           cstackBANK1   00102
RTCC_adjust_time_dec@i            cstackBANK1   00109
RTCC_adjust_time_dec@i_2090       cstackBANK1   00108
RTCC_adjust_time_inc@ct           cstackBANK1   00100
RTCC_adjust_time_inc@ep           cstackBANK1   00102
RTCC_adjust_time_inc@i            cstackBANK1   00109
RTCC_adjust_time_inc@i_2077       cstackBANK1   00108
RTCC_from_RTCC@ct                 cstackBANK0   000EF
RTCC_from_RTCC@ep                 cstackBANK0   000F1
RTCC_from_epoch@ct                cstackBANK0   000F8
RTCC_from_epoch@ep                cstackBANK0   000FA
RTCC_loop@prev_halfsec            bssBANK0      0009E
RTCC_to_caltime@ct                cstackCOMRAM  00021
RTCC_to_caltime@dumy              cstackBANK0   000C7
UART_ISR@ascii                    cstackCOMRAM  00010
_ADC                              text38        03F78
_ADCON0bits                       (abs)         00FC2
_ADCON1bits                       (abs)         00FC1
_ADC_init                         text56        040BA
_ADRES                            (abs)         00FC3
_ANCON0                           (abs)         00F48
_ANCON1                           (abs)         00F49
_Auto_cut                         text34        02804
_BAUDCON1bits                     (abs)         00F7E
_BCL1IF                           (abs)         07D0B
_CTMUCONH                         (abs)         00FB3
_CTMUCONHbits                     (abs)         00FB3
_CTMUCONL                         (abs)         00FB2
_CTMUCONLbits                     (abs)         00FB2
_CTMUICON                         (abs)         00FB1
_CTMU_init                        text55        03FA0
_CTMU_read                        text21        02E10
_Delay_ms                         text54        03FEE
_EECON2                           (abs)         00FA7
_I                                bssCOMRAM     00023
_I2C_IdleCheck                    text53        04134
_I2C_LCD_Clear                    text48        040D6
_I2C_LCD_Command                  text49        03E66
_I2C_LCD_Putc                     text13        03DFA
_I2C_LCD_Puts                     text16        034D0
_I2C_LCD_SetCursor                text15        03EFA
_I2C_LCD_init                     text47        03A96
_I2C_Send                         text52        0411E
_I2C_Start                        text51        03F26
_I2C_Stop                         text50        0415C
_I2C_init                         text46        0414A
_IN                               text37        03F50
_INTCON2bits                      (abs)         00FF1
_INTCONbits                       (abs)         00FF2
_IPR1bits                         (abs)         00F9F
_IPR2bits                         (abs)         00FA2
_IPR5bits                         (abs)         00F99
_ISR                              intcode       00008
_LATA5                            (abs)         07C4D
_LATA6                            (abs)         07C4E
_LATA7                            (abs)         07C4F
_LATB2                            (abs)         07C52
_LATB6                            (abs)         07C56
_LATB7                            (abs)         07C57
_LATC2                            (abs)         07C5A
_LED                              text7         03D7E
_OSCCONbits                       (abs)         00FD3
_OSCTUNEbits                      (abs)         00F9B
_OUT                              text36        03AEA
_PADCFG1bits                      (abs)         00F3C
_PIE1bits                         (abs)         00F9D
_PIE2bits                         (abs)         00FA0
_PIE5bits                         (abs)         00F91
_PIR1bits                         (abs)         00F9E
_PIR2bits                         (abs)         00FA1
_PIR5bits                         (abs)         00F98
_PORTBbits                        (abs)         00F81
_RCREG1                           (abs)         00FAF
_RCSTA1bits                       (abs)         00FAC
_RTCCAL                           (abs)         00F3E
_RTCCFGbits                       (abs)         00F3F
_RTCC_adjust_time_button          text22        025DE
_RTCC_adjust_time_cursor          text33        03934
_RTCC_adjust_time_dec             text25        01E7E
_RTCC_adjust_time_inc             text24        01C1A
_RTCC_adjust_time_toggle          text23        04108
_RTCC_from_RTCC                   text58        04078
_RTCC_from_epoch                  text26        04034
_RTCC_init                        text45        03ECC
_RTCC_loop                        text57        03CB0
_RTCC_to_caltime                  text63        0325C
_RTCVALH                          (abs)         00F3B
_RTCVALL                          (abs)         00F3A
_S                                bssBANK0      00060
_SPBRG1                           (abs)         00FB0
_SPBRGH1                          (abs)         00F7F
_SSP1ADD                          (abs)         00FC8
_SSP1BUF                          (abs)         00FC9
_SSP1CON1                         (abs)         00FC6
_SSP1CON2                         (abs)         00FC5
_SSP1CON2bits                     (abs)         00FC5
_SSP1IF                           (abs)         07CF3
_SSP1STAT                         (abs)         00FC7
_T0CONbits                        (abs)         00FD5
_T1CONbits                        (abs)         00FCD
_T3CONbits                        (abs)         00F79
_T5CONbits                        (abs)         00F22
_TMR1H                            (abs)         00FCF
_TRISA                            (abs)         00F92
_TRISB                            (abs)         00F93
_TRISC                            (abs)         00F94
_TXREG1                           (abs)         00FAE
_TXSTA1bits                       (abs)         00FAD
_UART_ISR                         text74        03B8E
_UART_init                        text44        0409A
__CFG_ADCSEL$BIT12                (abs)         00000
__CFG_CFGPLLEN$ON                 (abs)         00000
__CFG_CLKOEC$OFF                  (abs)         00000
__CFG_CP0$OFF                     (abs)         00000
__CFG_CPUDIV$OSC1                 (abs)         00000
__CFG_DSBOREN$OFF                 (abs)         00000
__CFG_DSWDTEN$OFF                 (abs)         00000
__CFG_DSWDTOSC$T1OSCREF           (abs)         00000
__CFG_DSWDTPS$G2                  (abs)         00000
__CFG_FCMEN$OFF                   (abs)         00000
__CFG_IESO$OFF                    (abs)         00000
__CFG_IOL1WAY$OFF                 (abs)         00000
__CFG_LS48MHZ$SYS48X8             (abs)         00000
__CFG_MSSP7B_EN$MSK7              (abs)         00000
__CFG_OSC$INTOSCPLL               (abs)         00000
__CFG_PLLDIV$2                    (abs)         00000
__CFG_RTCOSC$T1OSCREF             (abs)         00000
__CFG_SOSCSEL$LOW                 (abs)         00000
__CFG_STVREN$OFF                  (abs)         00000
__CFG_WDTEN$OFF                   (abs)         00000
__CFG_WDTPS$1024                  (abs)         00000
__CFG_WPCFG$OFF                   (abs)         00000
__CFG_WPDIS$OFF                   (abs)         00000
__CFG_WPEND$PAGE_WPFP             (abs)         00000
__CFG_WPFP$PAGE_127               (abs)         00000
__CFG_XINST$OFF                   (abs)         00000
__HRAM                            (abs)         00000
__Habs1                           abs1          00000
__Hbank0                          bank0         00000
__Hbank1                          bank1         00000
__Hbank10                         bank10        00000
__Hbank11                         bank11        00000
__Hbank12                         bank12        00000
__Hbank13                         bank13        00000
__Hbank14                         bank14        00000
__Hbank2                          bank2         00000
__Hbank3                          bank3         00000
__Hbank4                          bank4         00000
__Hbank5                          bank5         00000
__Hbank6                          bank6         00000
__Hbank7                          bank7         00000
__Hbank8                          bank8         00000
__Hbank9                          bank9         00000
__Hbigbss                         bigbss        00000
__Hbigdata                        bigdata       00000
__Hbigram                         bigram        00000
__Hbss                            bss           00000
__HbssBANK0                       bssBANK0      00000
__HbssBANK1                       bssBANK1      00000
__HbssCOMRAM                      bssCOMRAM     00000
__Hcinit                          cinit         00000
__Hclrtext                        clrtext       00000
__Hcomram                         comram        00000
__Hconfig                         config        20000
__Hconst                          const         00000
__HcstackBANK0                    cstackBANK0   00000
__HcstackBANK1                    cstackBANK1   00000
__HcstackCOMRAM                   cstackCOMRAM  00000
__Hdata                           data          00000
__HdataBANK0                      dataBANK0     00000
__HdataCOMRAM                     dataCOMRAM    00000
__Hend_init                       end_init      000FA
__Hfarbss                         farbss        00000
__Hfardata                        fardata       00000
__Hibigdata                       ibigdata      00000
__Hidata                          idata         00000
__HidataBANK0                     idataBANK0    00000
__HidataCOMRAM                    idataCOMRAM   00000
__Hidloc                          idloc         00000
__Hifardata                       ifardata      00000
__Hinit                           init          000F6
__Hintcode                        intcode       000F6
__Hintcode_body                   intcode_body  00000
__Hintcodelo                      intcodelo     000F6
__Hintentry                       intentry      00000
__Hintret                         intret        00000
__Hintsave_regs                   intsave_regs  00000
__Hirdata                         irdata        00000
__Hjflash_buffer                  jflash_buffer 1F800
__Hmediumconst                    mediumconst   00000
__HnvFARRAM                       nvFARRAM      00000
__Hnvbit                          nvbit         00000
__Hnvrram                         nvrram        00000
__Hparam                          rparam        00000
__Hpowerup                        powerup       000F6
__Hram                            ram           00000
__Hramtop                         ramtop        00F00
__Hrbit                           rbit          00000
__Hrbss                           rbss          00000
__Hrdata                          rdata         00000
__Hreset_vec                      reset_vec     00004
__Hrparam                         rparam        00000
__Hsfr                            sfr           00000
__Hsmallconst                     smallconst    00F88
__Hspace_0                        (abs)         20000
__Hspace_1                        (abs)         001D0
__Hspace_2                        (abs)         00000
__Hstack                          stack         00000
__Hstruct                         struct        00000
__Htemp                           temp          00042
__Htext                           text          00000
__Htext0                          text0         00000
__Htext1                          text1         00000
__Htext10                         text10        00000
__Htext11                         text11        00000
__Htext12                         text12        00000
__Htext13                         text13        00000
__Htext14                         text14        00000
__Htext15                         text15        00000
__Htext16                         text16        00000
__Htext17                         text17        00000
__Htext18                         text18        00000
__Htext19                         text19        00000
__Htext2                          text2         00000
__Htext20                         text20        00000
__Htext21                         text21        00000
__Htext22                         text22        00000
__Htext23                         text23        00000
__Htext24                         text24        00000
__Htext25                         text25        00000
__Htext26                         text26        00000
__Htext27                         text27        00000
__Htext28                         text28        00000
__Htext29                         text29        00000
__Htext3                          text3         00000
__Htext30                         text30        00000
__Htext31                         text31        00000
__Htext32                         text32        00000
__Htext33                         text33        00000
__Htext34                         text34        00000
__Htext35                         text35        00000
__Htext36                         text36        00000
__Htext37                         text37        00000
__Htext38                         text38        00000
__Htext39                         text39        00000
__Htext4                          text4         00000
__Htext40                         text40        00000
__Htext41                         text41        00000
__Htext42                         text42        00000
__Htext43                         text43        00000
__Htext44                         text44        00000
__Htext45                         text45        00000
__Htext46                         text46        00000
__Htext47                         text47        00000
__Htext48                         text48        00000
__Htext49                         text49        00000
__Htext5                          text5         00000
__Htext50                         text50        00000
__Htext51                         text51        00000
__Htext52                         text52        00000
__Htext53                         text53        00000
__Htext54                         text54        00000
__Htext55                         text55        00000
__Htext56                         text56        00000
__Htext57                         text57        00000
__Htext58                         text58        00000
__Htext59                         text59        00000
__Htext6                          text6         00000
__Htext60                         text60        00000
__Htext61                         text61        00000
__Htext62                         text62        00000
__Htext63                         text63        00000
__Htext64                         text64        00000
__Htext66                         text66        00000
__Htext67                         text67        00000
__Htext68                         text68        00000
__Htext69                         text69        00000
__Htext7                          text7         00000
__Htext70                         text70        00000
__Htext71                         text71        00000
__Htext72                         text72        00000
__Htext73                         text73        00000
__Htext74                         text74        00000
__Htext75                         text75        00000
__Htext76                         text76        00000
__Htext77                         text77        00000
__Htext8                          text8         00000
__Htext9                          text9         00000
__LRAM                            (abs)         00001
__Labs1                           abs1          00000
__Lbank0                          bank0         00000
__Lbank1                          bank1         00000
__Lbank10                         bank10        00000
__Lbank11                         bank11        00000
__Lbank12                         bank12        00000
__Lbank13                         bank13        00000
__Lbank14                         bank14        00000
__Lbank2                          bank2         00000
__Lbank3                          bank3         00000
__Lbank4                          bank4         00000
__Lbank5                          bank5         00000
__Lbank6                          bank6         00000
__Lbank7                          bank7         00000
__Lbank8                          bank8         00000
__Lbank9                          bank9         00000
__Lbigbss                         bigbss        00000
__Lbigdata                        bigdata       00000
__Lbigram                         bigram        00000
__Lbss                            bss           00000
__LbssBANK0                       bssBANK0      00000
__LbssBANK1                       bssBANK1      00000
__LbssCOMRAM                      bssCOMRAM     00000
__Lcinit                          cinit         00000
__Lclrtext                        clrtext       00000
__Lcomram                         comram        00000
__Lconfig                         config        1FFF8
__Lconst                          const         00000
__LcstackBANK0                    cstackBANK0   00000
__LcstackBANK1                    cstackBANK1   00000
__LcstackCOMRAM                   cstackCOMRAM  00000
__Ldata                           data          00000
__LdataBANK0                      dataBANK0     00000
__LdataCOMRAM                     dataCOMRAM    00000
__Lend_init                       end_init      000F6
__Lfarbss                         farbss        00000
__Lfardata                        fardata       00000
__Libigdata                       ibigdata      00000
__Lidata                          idata         00000
__LidataBANK0                     idataBANK0    00000
__LidataCOMRAM                    idataCOMRAM   00000
__Lidloc                          idloc         00000
__Lifardata                       ifardata      00000
__Linit                           init          000F6
__Lintcode                        intcode       00008
__Lintcode_body                   intcode_body  00000
__Lintcodelo                      intcodelo     000F6
__Lintentry                       intentry      00000
__Lintret                         intret        00000
__Lintsave_regs                   intsave_regs  00000
__Lirdata                         irdata        00000
__Ljflash_buffer                  jflash_buffer 1F800
__Lmediumconst                    mediumconst   00000
__LnvFARRAM                       nvFARRAM      00000
__Lnvbit                          nvbit         00000
__Lnvrram                         nvrram        00000
__Lparam                          rparam        00000
__Lpowerup                        powerup       000F6
__Lram                            ram           00000
__Lramtop                         ramtop        00F00
__Lrbit                           rbit          00000
__Lrbss                           rbss          00000
__Lrdata                          rdata         00000
__Lreset_vec                      reset_vec     00000
__Lrparam                         rparam        00000
__Lsfr                            sfr           00000
__Lsmallconst                     smallconst    00F00
__Lspace_0                        (abs)         00000
__Lspace_1                        (abs)         00000
__Lspace_2                        (abs)         00000
__Lstack                          stack         00000
__Lstruct                         struct        00000
__Ltemp                           temp          00041
__Ltext                           text          00000
__Ltext0                          text0         00000
__Ltext1                          text1         00000
__Ltext10                         text10        00000
__Ltext11                         text11        00000
__Ltext12                         text12        00000
__Ltext13                         text13        00000
__Ltext14                         text14        00000
__Ltext15                         text15        00000
__Ltext16                         text16        00000
__Ltext17                         text17        00000
__Ltext18                         text18        00000
__Ltext19                         text19        00000
__Ltext2                          text2         00000
__Ltext20                         text20        00000
__Ltext21                         text21        00000
__Ltext22                         text22        00000
__Ltext23                         text23        00000
__Ltext24                         text24        00000
__Ltext25                         text25        00000
__Ltext26                         text26        00000
__Ltext27                         text27        00000
__Ltext28                         text28        00000
__Ltext29                         text29        00000
__Ltext3                          text3         00000
__Ltext30                         text30        00000
__Ltext31                         text31        00000
__Ltext32                         text32        00000
__Ltext33                         text33        00000
__Ltext34                         text34        00000
__Ltext35                         text35        00000
__Ltext36                         text36        00000
__Ltext37                         text37        00000
__Ltext38                         text38        00000
__Ltext39                         text39        00000
__Ltext4                          text4         00000
__Ltext40                         text40        00000
__Ltext41                         text41        00000
__Ltext42                         text42        00000
__Ltext43                         text43        00000
__Ltext44                         text44        00000
__Ltext45                         text45        00000
__Ltext46                         text46        00000
__Ltext47                         text47        00000
__Ltext48                         text48        00000
__Ltext49                         text49        00000
__Ltext5                          text5         00000
__Ltext50                         text50        00000
__Ltext51                         text51        00000
__Ltext52                         text52        00000
__Ltext53                         text53        00000
__Ltext54                         text54        00000
__Ltext55                         text55        00000
__Ltext56                         text56        00000
__Ltext57                         text57        00000
__Ltext58                         text58        00000
__Ltext59                         text59        00000
__Ltext6                          text6         00000
__Ltext60                         text60        00000
__Ltext61                         text61        00000
__Ltext62                         text62        00000
__Ltext63                         text63        00000
__Ltext64                         text64        00000
__Ltext66                         text66        00000
__Ltext67                         text67        00000
__Ltext68                         text68        00000
__Ltext69                         text69        00000
__Ltext7                          text7         00000
__Ltext70                         text70        00000
__Ltext71                         text71        00000
__Ltext72                         text72        00000
__Ltext73                         text73        00000
__Ltext74                         text74        00000
__Ltext75                         text75        00000
__Ltext76                         text76        00000
__Ltext77                         text77        00000
__Ltext8                          text8         00000
__Ltext9                          text9         00000
__S0                              (abs)         20000
__S1                              (abs)         001D0
__S2                              (abs)         00000
___awdiv                          text32        03306
___awdiv@counter                  cstackBANK0   000C7
___awdiv@dividend                 cstackCOMRAM  0001F
___awdiv@divisor                  cstackCOMRAM  00021
___awdiv@quotient                 cstackBANK0   000C9
___awdiv@sign                     cstackBANK0   000C8
___awmod                          text61        036E8
___awmod@counter                  cstackBANK0   000C7
___awmod@dividend                 cstackCOMRAM  0001F
___awmod@divisor                  cstackCOMRAM  00021
___awmod@sign                     cstackBANK0   000C8
___inthi_sp                       stack         00000
___intlo_sp                       stack         00000
___lldiv                          text29        02ECE
___lldiv@counter                  cstackBANK0   000D3
___lldiv@dividend                 cstackBANK0   000C7
___lldiv@divisor                  cstackBANK0   000CB
___lldiv@quotient                 cstackBANK0   000CF
___llmod                          text17        0343C
___llmod@counter                  cstackCOMRAM  0001F
___llmod@dividend                 cstackBANK0   000D4
___llmod@divisor                  cstackBANK0   000D8
___lmul                           text62        0385A
___lmul@multiplicand              cstackBANK0   000D8
___lmul@multiplier                cstackBANK0   000D4
___lmul@product                   cstackBANK0   000DC
___lwdiv                          text20        037E2
___lwdiv@counter                  cstackBANK0   000DE
___lwdiv@dividend                 cstackBANK0   000DA
___lwdiv@divisor                  cstackBANK0   000DC
___lwdiv@quotient                 cstackBANK0   000DF
___lwmod                          text12        03BD8
___lwmod@counter                  cstackBANK0   000C7
___lwmod@dividend                 cstackCOMRAM  0001F
___lwmod@divisor                  cstackCOMRAM  00021
___param_bank                     (abs)         00010
___rparam_used                    (abs)         00001
___sp                             stack         00000
___wmul                           text35        03E30
___wmul@multiplicand              cstackBANK0   000C9
___wmul@multiplier                cstackBANK0   000C7
___wmul@product                   cstackBANK0   000CB
__accesstop                       (abs)         00060
__activetblptr                    (abs)         00003
__end_of_ADC                      text38        03FA0
__end_of_ADC_init                 text56        040D6
__end_of_Auto_cut                 text34        02906
__end_of_CTMU_init                text55        03FC8
__end_of_CTMU_read                text21        02ECE
__end_of_Delay_ms                 text54        04012
__end_of_I2C_IdleCheck            text53        0414A
__end_of_I2C_LCD_Clear            text48        040F0
__end_of_I2C_LCD_Command          text49        03E9C
__end_of_I2C_LCD_Putc             text13        03E30
__end_of_I2C_LCD_Puts             text16        0355C
__end_of_I2C_LCD_SetCursor        text15        03F26
__end_of_I2C_LCD_init             text47        03AEA
__end_of_I2C_Send                 text52        04134
__end_of_I2C_Start                text51        03F50
__end_of_I2C_Stop                 text50        04166
__end_of_I2C_init                 text46        0415C
__end_of_IN                       text37        03F78
__end_of_ISR                      intcode       000F6
__end_of_LED                      text7         03DBC
__end_of_OUT                      text36        03B3C
__end_of_RTCC_adjust_time_button  text22        02702
__end_of_RTCC_adjust_time_cursor  text33        03990
__end_of_RTCC_adjust_time_dec     text25        020E2
__end_of_RTCC_adjust_time_inc     text24        01E7E
__end_of_RTCC_adjust_time_toggle  text23        0411E
__end_of_RTCC_from_RTCC           text58        0409A
__end_of_RTCC_from_epoch          text26        04056
__end_of_RTCC_init                text45        03EFA
__end_of_RTCC_loop                text57        03CF6
__end_of_RTCC_to_caltime          text63        03306
__end_of_UART_ISR                 text74        03BD8
__end_of_UART_init                text44        040BA
__end_of___awdiv                  text32        033A2
__end_of___awmod                  text61        03766
__end_of___lldiv                  text29        02F8A
__end_of___llmod                  text17        034D0
__end_of___lmul                   text62        038D0
__end_of___lwdiv                  text20        0385A
__end_of___lwmod                  text12        03C20
__end_of___wmul                   text35        03E66
__end_of__initialization          cinit         0392A
__end_of_button_timer_interrupt   text19        01724
__end_of_caltime_to_RTCC          text30        02C7C
__end_of_caltime_to_epoch         text59        019AC
__end_of_charge_time_count        text73        03CB0
__end_of_ctmu_loop                text18        02804
__end_of_d_to_x                   text31        04078
__end_of_delay_set                text6         04034
__end_of_delay_timer_interrupt    text72        03C68
__end_of_display_LCD              text8         0145C
__end_of_display_dec              text10        03A42
__end_of_display_port             text14        02BAC
__end_of_display_time_0802        text9         025DE
__end_of_epoch_to_caltime         text27        022CE
__end_of_get_quot_rem             text28        02ADA
__end_of_integrating              text70        0343C
__end_of_lchika                   text66        02A06
__end_of_main                     text0         024A6
__end_of_main_init                text39        037E2
__end_of_month_length             text60        02D4A
__end_of_my_utoa                  text11        035E2
__end_of_normal_mode_loop         text2         031B0
__end_of_port_loop                text3         01C1A
__end_of_ringbuf_init             text43        03A96
__end_of_ringbuf_num              text77        03046
__end_of_ringbuf_pop              text76        0325C
__end_of_ringbuf_put              text75        030FC
__end_of_sleep_loop               text1         02E10
__end_of_sw_flag_clear            text5         03D3A
__end_of_sw_flag_read             text4         039EA
__end_of_timer0_init              text42        03ECC
__end_of_timer1_init              text41        03D7E
__end_of_timer3_init              text40        03FEE
__end_of_weekday_3char            smallconst    00F1D
__end_of_x_to_d                   text64        04108
__end_ofi2_LED                    text69        03DFA
__end_ofi2___awdiv                text68        03666
__end_ofi2___lldiv                text71        036E8
__end_ofi2___lwdiv                text67        03B8E
__initialization                  cinit         038D0
__mediumconst                     mediumconst   00000
__pbssBANK0                       bssBANK0      00060
__pbssBANK1                       bssBANK1      001C8
__pbssCOMRAM                      bssCOMRAM     00023
__pcinit                          cinit         038D0
__pcstackBANK0                    cstackBANK0   000C7
__pcstackBANK1                    cstackBANK1   00100
__pcstackCOMRAM                   cstackCOMRAM  00001
__pdataBANK0                      dataBANK0     000FD
__pdataCOMRAM                     dataCOMRAM    0003F
__pidataBANK0                     idataBANK0    04166
__pidataCOMRAM                    idataCOMRAM   04169
__pintcode                        intcode       00008
__psmallconst                     smallconst    00F00
__ptext0                          text0         022CE
__ptext1                          text1         02D4A
__ptext10                         text10        039EA
__ptext11                         text11        0355C
__ptext12                         text12        03BD8
__ptext13                         text13        03DFA
__ptext14                         text14        02ADA
__ptext15                         text15        03EFA
__ptext16                         text16        034D0
__ptext17                         text17        0343C
__ptext18                         text18        02702
__ptext19                         text19        0145C
__ptext2                          text2         030FC
__ptext20                         text20        037E2
__ptext21                         text21        02E10
__ptext22                         text22        025DE
__ptext23                         text23        04108
__ptext24                         text24        01C1A
__ptext25                         text25        01E7E
__ptext26                         text26        04034
__ptext27                         text27        020E2
__ptext28                         text28        02A06
__ptext29                         text29        02ECE
__ptext3                          text3         019AC
__ptext30                         text30        02BAC
__ptext31                         text31        04056
__ptext32                         text32        03306
__ptext33                         text33        03934
__ptext34                         text34        02804
__ptext35                         text35        03E30
__ptext36                         text36        03AEA
__ptext37                         text37        03F50
__ptext38                         text38        03F78
__ptext39                         text39        03766
__ptext4                          text4         03990
__ptext40                         text40        03FC8
__ptext41                         text41        03D3A
__ptext42                         text42        03E9C
__ptext43                         text43        03A42
__ptext44                         text44        0409A
__ptext45                         text45        03ECC
__ptext46                         text46        0414A
__ptext47                         text47        03A96
__ptext48                         text48        040D6
__ptext49                         text49        03E66
__ptext5                          text5         03CF6
__ptext50                         text50        0415C
__ptext51                         text51        03F26
__ptext52                         text52        0411E
__ptext53                         text53        04134
__ptext54                         text54        03FEE
__ptext55                         text55        03FA0
__ptext56                         text56        040BA
__ptext57                         text57        03CB0
__ptext58                         text58        04078
__ptext59                         text59        01724
__ptext6                          text6         04012
__ptext60                         text60        02C7C
__ptext61                         text61        036E8
__ptext62                         text62        0385A
__ptext63                         text63        0325C
__ptext64                         text64        040F0
__ptext66                         text66        02906
__ptext67                         text67        03B3C
__ptext68                         text68        035E2
__ptext69                         text69        03DBC
__ptext7                          text7         03D7E
__ptext70                         text70        033A2
__ptext71                         text71        03666
__ptext72                         text72        03C20
__ptext73                         text73        03C68
__ptext74                         text74        03B8E
__ptext75                         text75        03046
__ptext76                         text76        031B0
__ptext77                         text77        02F8A
__ptext8                          text8         00F88
__ptext9                          text9         024A6
__ramtop                          ramtop        00F00
__size_of_ADC                     (abs)         00000
__size_of_ADC_init                (abs)         00000
__size_of_Auto_cut                (abs)         00000
__size_of_CTMU_init               (abs)         00000
__size_of_CTMU_read               (abs)         00000
__size_of_Delay_ms                (abs)         00000
__size_of_I2C_IdleCheck           (abs)         00000
__size_of_I2C_LCD_Clear           (abs)         00000
__size_of_I2C_LCD_Command         (abs)         00000
__size_of_I2C_LCD_Putc            (abs)         00000
__size_of_I2C_LCD_Puts            (abs)         00000
__size_of_I2C_LCD_SetCursor       (abs)         00000
__size_of_I2C_LCD_init            (abs)         00000
__size_of_I2C_Send                (abs)         00000
__size_of_I2C_Start               (abs)         00000
__size_of_I2C_Stop                (abs)         00000
__size_of_I2C_init                (abs)         00000
__size_of_IN                      (abs)         00000
__size_of_ISR                     (abs)         00000
__size_of_LED                     (abs)         00000
__size_of_OUT                     (abs)         00000
__size_of_RTCC_adjust_time_button (abs)         00000
__size_of_RTCC_adjust_time_cursor (abs)         00000
__size_of_RTCC_adjust_time_dec    (abs)         00000
__size_of_RTCC_adjust_time_inc    (abs)         00000
__size_of_RTCC_adjust_time_toggle (abs)         00000
__size_of_RTCC_from_RTCC          (abs)         00000
__size_of_RTCC_from_epoch         (abs)         00000
__size_of_RTCC_init               (abs)         00000
__size_of_RTCC_loop               (abs)         00000
__size_of_RTCC_to_caltime         (abs)         00000
__size_of_UART_ISR                (abs)         00000
__size_of_UART_init               (abs)         00000
__size_of___awdiv                 (abs)         00000
__size_of___awmod                 (abs)         00000
__size_of___lldiv                 (abs)         00000
__size_of___llmod                 (abs)         00000
__size_of___lmul                  (abs)         00000
__size_of___lwdiv                 (abs)         00000
__size_of___lwmod                 (abs)         00000
__size_of___wmul                  (abs)         00000
__size_of_button_timer_interrupt  (abs)         00000
__size_of_caltime_to_RTCC         (abs)         00000
__size_of_caltime_to_epoch        (abs)         00000
__size_of_charge_time_count       (abs)         00000
__size_of_ctmu_loop               (abs)         00000
__size_of_d_to_x                  (abs)         00000
__size_of_delay_set               (abs)         00000
__size_of_delay_timer_interrupt   (abs)         00000
__size_of_display_LCD             (abs)         00000
__size_of_display_dec             (abs)         00000
__size_of_display_port            (abs)         00000
__size_of_display_time_0802       (abs)         00000
__size_of_epoch_to_caltime        (abs)         00000
__size_of_get_quot_rem            (abs)         00000
__size_of_integrating             (abs)         00000
__size_of_lchika                  (abs)         00000
__size_of_main                    (abs)         00000
__size_of_main_init               (abs)         00000
__size_of_month_length            (abs)         00000
__size_of_my_utoa                 (abs)         00000
__size_of_normal_mode_loop        (abs)         00000
__size_of_port_loop               (abs)         00000
__size_of_ringbuf_init            (abs)         00000
__size_of_ringbuf_num             (abs)         00000
__size_of_ringbuf_pop             (abs)         00000
__size_of_ringbuf_put             (abs)         00000
__size_of_sleep_loop              (abs)         00000
__size_of_sw_flag_clear           (abs)         00000
__size_of_sw_flag_read            (abs)         00000
__size_of_timer0_init             (abs)         00000
__size_of_timer1_init             (abs)         00000
__size_of_timer3_init             (abs)         00000
__size_of_x_to_d                  (abs)         00000
__size_ofi2_LED                   (abs)         00000
__size_ofi2___awdiv               (abs)         00000
__size_ofi2___lldiv               (abs)         00000
__size_ofi2___lwdiv               (abs)         00000
__smallconst                      smallconst    00F00
_auto_cut_ON                      bssCOMRAM     00029
_button_timer_interrupt           text19        0145C
_caltime_now                      bssBANK0      000AC
_caltime_to_RTCC                  text30        02BAC
_caltime_to_epoch                 text59        01724
_charge_time                      bssBANK0      0006C
_charge_time_count                text73        03C68
_colon                            bssBANK0      0009F
_ct0                              bssBANK0      000B3
_ct1                              bssBANK0      000B7
_ct2                              bssBANK0      000BB
_ctm                              bssBANK0      000BF
_ctmu_flag                        bssCOMRAM     00036
_ctmu_loop                        text18        02702
_ctmu_value0                      bssCOMRAM     0002C
_ctmu_value1                      bssCOMRAM     0002E
_ctmu_value2                      bssCOMRAM     00030
_ctmu_valuem                      bssCOMRAM     00032
_cut_cnt                          bssBANK0      00084
_cut_time_flag                    bssCOMRAM     00037
_d1                               bssBANK0      0008E
_d_to_x                           text31        04056
_delay_display                    bssCOMRAM     0003C
_delay_set                        text6         04012
_delay_timer_interrupt            text72        03C20
_display_LCD                      text8         00F88
_display_LCD$3144                 cstackBANK1   0010A
_display_dec                      text10        039EA
_display_flag                     bssCOMRAM     00038
_display_port                     text14        02ADA
_display_time_0802                text9         024A6
_edit_flag                        bssBANK0      000A0
_epoch_now                        bssBANK0      000C3
_epoch_to_caltime                 text27        020E2
_get_quot_rem                     text28        02A06
_halfsec                          bssBANK0      000A1
_integrating                      text70        033A2
_lchika                           text66        02906
_main                             text0         022CE
_main_init                        text39        03766
_month_length                     text60        02C7C
_ms                               bssBANK0      0008A
_my_utoa                          text11        0355C
_normal_mode_loop                 text2         030FC
_out_flag                         bssBANK0      00091
_port_loop                        text3         019AC
_print_content                    bssBANK0      000A2
_print_port                       bssCOMRAM     00039
_ringbuf_init                     text43        03A42
_ringbuf_num                      text77        02F8A
_ringbuf_pop                      text76        031B0
_ringbuf_put                      text75        03046
_rx_buf                           bssBANK0      000A4
_s                                bssBANK0      00078
_sleep_flag                       bssCOMRAM     0003A
_sleep_loop                       text1         02D4A
_sw_flag_clear                    text5         03CF6
_sw_flag_read                     text4         03990
_time_change_flag                 bssCOMRAM     0003B
_timer0_init                      text42        03E9C
_timer1_init                      text41        03D3A
_timer3_init                      text40        03FC8
_tx_buf                           bssBANK1      001C8
_weekday_3char                    smallconst    00F01
_x_to_d                           text64        040F0
btemp                             temp          00041
button_timer_interrupt@bt         cstackBANK0   000E1
button_timer_interrupt@sw_value   cstackBANK0   000E3
caltime_to_RTCC@ct                cstackBANK0   000CC
caltime_to_epoch@ct               cstackBANK0   000E0
caltime_to_epoch@ep               cstackBANK0   000E2
caltime_to_epoch@epoch            cstackBANK0   000EA
caltime_to_epoch@month            cstackBANK0   000EE
caltime_to_epoch@month_1995       cstackBANK0   000E9
caltime_to_epoch@year             cstackBANK0   000E8
charge_time_count@i               cstackCOMRAM  00003
d_to_x@dec                        cstackBANK0   000CB
delay_set@d                       cstackCOMRAM  0001F
delay_set@value                   cstackCOMRAM  00021
delay_timer_interrupt@d           cstackCOMRAM  00001
display_LCD@str                   cstackBANK1   00100
display_dec@dec                   cstackBANK0   000F4
display_dec@edit                  cstackBANK0   000E9
display_dec@str                   cstackBANK0   000EA
display_time_0802@ct              cstackBANK0   000F5
display_time_0802@ep              cstackBANK0   000F7
end_of_initialization             cinit         0392A
epoch_to_caltime@ct               cstackBANK0   000E8
epoch_to_caltime@day              cstackBANK0   000F0
epoch_to_caltime@day_cache        bssBANK0      0009C
epoch_to_caltime@day_since_epoch  cstackBANK0   000EE
epoch_to_caltime@ep               cstackBANK0   000EA
epoch_to_caltime@month            cstackBANK0   000F3
epoch_to_caltime@month_cache      dataBANK0     000FF
epoch_to_caltime@num              cstackBANK0   000F4
epoch_to_caltime@year             cstackBANK0   000F2
epoch_to_caltime@year_cache       bssBANK0      000A3
get_quot_rem@div                  cstackBANK0   000E2
get_quot_rem@num                  cstackBANK0   000E4
get_quot_rem@quot                 cstackBANK0   000E0
i2LED@b                           cstackCOMRAM  00002
i2LED@value                       cstackCOMRAM  00001
i2_LED                            text69        03DBC
i2___awdiv                        text68        035E2
i2___awdiv@counter                cstackCOMRAM  00005
i2___awdiv@dividend               cstackCOMRAM  00001
i2___awdiv@divisor                cstackCOMRAM  00003
i2___awdiv@quotient               cstackCOMRAM  00007
i2___awdiv@sign                   cstackCOMRAM  00006
i2___lldiv                        text71        03666
i2___lldiv@counter                cstackCOMRAM  0000D
i2___lldiv@dividend               cstackCOMRAM  00001
i2___lldiv@divisor                cstackCOMRAM  00005
i2___lldiv@quotient               cstackCOMRAM  00009
i2___lwdiv                        text67        03B3C
i2___lwdiv@counter                cstackCOMRAM  00007
i2___lwdiv@dividend               cstackCOMRAM  00001
i2___lwdiv@divisor                cstackCOMRAM  00003
i2___lwdiv@quotient               cstackCOMRAM  00005
int$flags                         temp          00041
integrating@port                  cstackCOMRAM  00010
intlevel0                         text          00000
intlevel1                         text          00000
intlevel2                         text          00000
intlevel3                         text          00000
lchika@cnt                        bssBANK0      00094
lchika@cntf                       bssBANK0      00097
lchika@i                          cstackCOMRAM  0000C
main@i                            cstackBANK0   000FC
main_init@txbuf                   cstackBANK1   00100
millis_timer@cnt                  bssCOMRAM     00034
month_length@month                cstackBANK0   000C9
month_length@year                 cstackBANK0   000CE
my_utoa@d                         cstackBANK0   000E6
my_utoa@digits                    cstackBANK0   000E5
my_utoa@str                       cstackBANK0   000E1
my_utoa@v                         cstackBANK0   000E7
my_utoa@value                     cstackBANK0   000E3
port_loop@i                       cstackBANK0   000C7
ringbuf_init@bufsize              cstackBANK0   000CB
ringbuf_init@internal_buf         cstackBANK0   000C9
ringbuf_init@rb                   cstackBANK0   000C7
ringbuf_num@rb                    cstackCOMRAM  00001
ringbuf_pop@rb                    cstackCOMRAM  00009
ringbuf_pop@ret                   cstackCOMRAM  0000F
ringbuf_put@asciicode             cstackCOMRAM  0000B
ringbuf_put@rb                    cstackCOMRAM  00009
sleep_loop@i                      cstackBANK0   000F3
sleep_loop@prev_power_sw          dataCOMRAM    00040
stackhi                           (abs)         00EAF
stacklo                           (abs)         001D0
start                             init          000F6
start_initialization              cinit         038D0
sw_flag_clear@bit_and             cstackCOMRAM  0001F
sw_flag_clear@port                cstackCOMRAM  00021
sw_flag_read@bit_and              cstackCOMRAM  0001F
sw_flag_read@port                 cstackCOMRAM  00021
timer0_init@prescaler             cstackCOMRAM  00020
timer1_init@clock_select          cstackCOMRAM  0001F
timer1_init@prescaler             cstackCOMRAM  00021
timer3_init@prescaler             cstackCOMRAM  00020
x_to_d@hex                        cstackCOMRAM  00020


FUNCTION INFORMATION:

 *************** function _main *****************
 Defined at:
		line 110 in file "main.c"
 Parameters:    Size  Location     Type
		None
 Auto vars:     Size  Location     Type
  i               1   53[BANK0 ] unsigned char 
 Return value:  Size  Location     Type
                  2  773[None  ] int 
 Registers used:
		wreg, fsr1l, fsr1h, fsr2l, fsr2h, status,2, status,0, tblptrl, tblptrh, tblptru, prodl, prodh, cstack
 Tracked objects:
		On entry : 
		On exit  : 
		Unchanged: 
 Data sizes:     COMRAM   BANK0   BANK1   BANK2   BANK3   BANK4   BANK5   BANK6   BANK7   BANK8   BANK9  BANK10  BANK11  BANK12  BANK13  BANK14
      Params:         0       0       0       0       0       0       0       0       0       0       0       0       0       0       0       0
      Locals:         0       1       0       0       0       0       0       0       0       0       0       0       0       0       0       0
      Temps:          0       0       0       0       0       0       0       0       0       0       0       0       0       0       0       0
      Totals:         0       1       0       0       0       0       0       0       0       0       0       0       0       0       0       0
Total ram usage:        1 bytes
 Hardware stack levels required when called:   11
 This function calls:
		_CTMU_read
		_Delay_ms
		_I2C_LCD_Clear
		_I2C_LCD_Puts
		_I2C_LCD_SetCursor
		_LED
		_OUT
		_RTCC_from_RTCC
		_RTCC_from_epoch
		_RTCC_loop
		___lwdiv
		_main_init
		_normal_mode_loop
		_sleep_loop
 This function is called by:
		Startup code after reset
 This function uses a non-reentrant model


 *************** function _sleep_loop *****************
 Defined at:
		line 389 in file "tasks.h"
 Parameters:    Size  Location     Type
		None
 Auto vars:     Size  Location     Type
  i               1   44[BANK0 ] unsigned char 
 Return value:  Size  Location     Type
		None               void
 Registers used:
		wreg, fsr1l, fsr1h, fsr2l, fsr2h, status,2, status,0, tblptrl, tblptrh, tblptru, prodl, prodh, cstack
 Tracked objects:
		On entry : 
		On exit  : 
		Unchanged: 
 Data sizes:     COMRAM   BANK0   BANK1   BANK2   BANK3   BANK4   BANK5   BANK6   BANK7   BANK8   BANK9  BANK10  BANK11  BANK12  BANK13  BANK14
      Params:         0       0       0       0       0       0       0       0       0       0       0       0       0       0       0       0
      Locals:         0       1       0       0       0       0       0       0       0       0       0       0       0       0       0       0
      Temps:          0       0       0       0       0       0       0       0       0       0       0       0       0       0       0       0
      Totals:         0       1       0       0       0       0       0       0       0       0       0       0       0       0       0       0
Total ram usage:        1 bytes
 Hardware stack levels used:    1
 Hardware stack levels required when called:    8
 This function calls:
		_I2C_LCD_Clear
		_I2C_LCD_Puts
		_I2C_LCD_SetCursor
		_LED
		_OUT
		_RTCC_from_RTCC
 This function is called by:
		_main
 This function uses a non-reentrant model


 *************** function _normal_mode_loop *****************
 Defined at:
		line 345 in file "tasks.h"
 Parameters:    Size  Location     Type
		None
 Auto vars:     Size  Location     Type
		None
 Return value:  Size  Location     Type
		None               void
 Registers used:
		wreg, fsr1l, fsr1h, fsr2l, fsr2h, status,2, status,0, tblptrl, tblptrh, tblptru, prodl, prodh, cstack
 Tracked objects:
		On entry : 
		On exit  : 
		Unchanged: 
 Data sizes:     COMRAM   BANK0   BANK1   BANK2   BANK3   BANK4   BANK5   BANK6   BANK7   BANK8   BANK9  BANK10  BANK11  BANK12  BANK13  BANK14
      Params:         0       0       0       0       0       0       0       0       0       0       0       0       0       0       0       0
      Locals:         0       0       0       0       0       0       0       0       0       0       0       0       0       0       0       0
      Temps:          0       0       0       0       0       0       0       0       0       0       0       0       0       0       0       0
      Totals:         0       0       0       0       0       0       0       0       0       0       0       0       0       0       0       0
Total ram usage:        0 bytes
 Hardware stack levels used:    1
 Hardware stack levels required when called:   10
 This function calls:
		_Auto_cut
		_RTCC_adjust_time_button
		_ctmu_loop
		_display_LCD
		_port_loop
 This function is called by:
		_main
 This function uses a non-reentrant model


 *************** function _port_loop *****************
 Defined at:
		line 284 in file "tasks.h"
 Parameters:    Size  Location     Type
		None
 Auto vars:     Size  Location     Type
  i               1    0[BANK0 ] unsigned char 
 Return value:  Size  Location     Type
		None               void
 Registers used:
		wreg, fsr2l, fsr2h, status,2, status,0, prodl, prodh, cstack
 Tracked objects:
		On entry : 
		On exit  : 
		Unchanged: 
 Data sizes:     COMRAM   BANK0   BANK1   BANK2   BANK3   BANK4   BANK5   BANK6   BANK7   BANK8   BANK9  BANK10  BANK11  BANK12  BANK13  BANK14
      Params:         0       0       0       0       0       0       0       0       0       0       0       0       0       0       0       0
      Locals:         0       1       0       0       0       0       0       0       0       0       0       0       0       0       0       0
      Temps:          0       0       0       0       0       0       0       0       0       0       0       0       0       0       0       0
      Totals:         0       1       0       0       0       0       0       0       0       0       0       0       0       0       0       0
Total ram usage:        1 bytes
 Hardware stack levels used:    1
 Hardware stack levels required when called:    5
 This function calls:
		_LED
		_OUT
		_delay_set
		_sw_flag_clear
		_sw_flag_read
 This function is called by:
		_normal_mode_loop
 This function uses a non-reentrant model


 *************** function _sw_flag_read *****************
 Defined at:
		line 90 in file "tasks.h"
 Parameters:    Size  Location     Type
  port            1    wreg     unsigned char 
  bit_and         2   30[COMRAM] unsigned int 
 Auto vars:     Size  Location     Type
  port            1   32[COMRAM] unsigned char 
 Return value:  Size  Location     Type
                  2   30[COMRAM] unsigned int 
 Registers used:
		wreg, status,2, status,0
 Tracked objects:
		On entry : 
		On exit  : 
		Unchanged: 
 Data sizes:     COMRAM   BANK0   BANK1   BANK2   BANK3   BANK4   BANK5   BANK6   BANK7   BANK8   BANK9  BANK10  BANK11  BANK12  BANK13  BANK14
[...]
 Auto vars:     Size  Location     Type
  __awdiv         2    6[COMRAM] int 
  __awdiv         1    5[COMRAM] unsigned char 
  __awdiv         1    4[COMRAM] unsigned char 
 Return value:  Size  Location     Type
                  2    0[COMRAM] int 
 Registers used:
		wreg, status,2, status,0
 Tracked objects:
		On entry : 
		On exit  : 
		Unchanged: 
 Data sizes:     COMRAM   BANK0   BANK1   BANK2   BANK3   BANK4   BANK5   BANK6   BANK7   BANK8   BANK9  BANK10  BANK11  BANK12  BANK13  BANK14
      Params:         4       0       0       0       0       0       0       0       0       0       0       0       0       0       0       0
      Locals:         4       0       0       0       0       0       0       0       0       0       0       0       0       0       0       0
      Temps:          0       0       0       0       0       0       0       0       0       0       0       0       0       0       0       0
      Totals:         8       0       0       0       0       0       0       0       0       0       0       0       0       0       0       0
Total ram usage:        8 bytes
 Hardware stack levels used:    1
 This function calls:
		Nothing
 This function is called by:
		_lchika
 This function uses a non-reentrant model


 *************** function i2_LED *****************
 Defined at:
		line 76 in file "tasks.h"
 Parameters:    Size  Location     Type
  b               1    wreg     unsigned char 
  value           1    0[COMRAM] unsigned char 
 Auto vars:     Size  Location     Type
  b               1    1[COMRAM] unsigned char 
 Return value:  Size  Location     Type
		None               void
 Registers used:
		wreg, status,2, status,0
 Tracked objects:
		On entry : 
		On exit  : 
		Unchanged: 
 Data sizes:     COMRAM   BANK0   BANK1   BANK2   BANK3   BANK4   BANK5   BANK6   BANK7   BANK8   BANK9  BANK10  BANK11  BANK12  BANK13  BANK14
      Params:         1       0       0       0       0       0       0       0       0       0       0       0       0       0       0       0
      Locals:         1       0       0       0       0       0       0       0       0       0       0       0       0       0       0       0
      Temps:          0       0       0       0       0       0       0       0       0       0       0       0       0       0       0       0
      Totals:         2       0       0       0       0       0       0       0       0       0       0       0       0       0       0       0
Total ram usage:        2 bytes
 Hardware stack levels used:    1
 This function calls:
		Nothing
 This function is called by:
		_lchika
 This function uses a non-reentrant model


 *************** function _integrating *****************
 Defined at:
		line 156 in file "tasks.h"
 Parameters:    Size  Location     Type
		None
 Auto vars:     Size  Location     Type
  port            1   15[COMRAM] unsigned char 
 Return value:  Size  Location     Type
		None               void
 Registers used:
		wreg, fsr2l, fsr2h, status,2, status,0, prodl, prodh, cstack
 Tracked objects:
		On entry : 
		On exit  : 
		Unchanged: 
 Data sizes:     COMRAM   BANK0   BANK1   BANK2   BANK3   BANK4   BANK5   BANK6   BANK7   BANK8   BANK9  BANK10  BANK11  BANK12  BANK13  BANK14
      Params:         0       0       0       0       0       0       0       0       0       0       0       0       0       0       0       0
      Locals:         1       0       0       0       0       0       0       0       0       0       0       0       0       0       0       0
      Temps:          2       0       0       0       0       0       0       0       0       0       0       0       0       0       0       0
      Totals:         3       0       0       0       0       0       0       0       0       0       0       0       0       0       0       0
Total ram usage:        3 bytes
 Hardware stack levels used:    1
 Hardware stack levels required when called:    1
 This function calls:
		i2___lldiv
 This function is called by:
		_ISR
 This function uses a non-reentrant model


 *************** function i2___lldiv *****************
 Defined at:
		line 8 in file "C:\Program Files (x86)\Microchip\xc8\v1.35\sources\common\lldiv.c"
 Parameters:    Size  Location     Type
  dividend        4    0[COMRAM] unsigned long 
  divisor         4    4[COMRAM] unsigned long 
 Auto vars:     Size  Location     Type
  __lldiv         4    8[COMRAM] unsigned long 
  __lldiv         1   12[COMRAM] unsigned char 
 Return value:  Size  Location     Type
                  4    0[COMRAM] unsigned long 
 Registers used:
		wreg, status,2, status,0
 Tracked objects:
		On entry : 
		On exit  : 
		Unchanged: 
 Data sizes:     COMRAM   BANK0   BANK1   BANK2   BANK3   BANK4   BANK5   BANK6   BANK7   BANK8   BANK9  BANK10  BANK11  BANK12  BANK13  BANK14
      Params:         8       0       0       0       0       0       0       0       0       0       0       0       0       0       0       0
      Locals:         5       0       0       0       0       0       0       0       0       0       0       0       0       0       0       0
      Temps:          0       0       0       0       0       0       0       0       0       0       0       0       0       0       0       0
      Totals:        13       0       0       0       0       0       0       0       0       0       0       0       0       0       0       0
Total ram usage:       13 bytes
 Hardware stack levels used:    1
 This function calls:
		Nothing
 This function is called by:
		_integrating
 This function uses a non-reentrant model


 *************** function _delay_timer_interrupt *****************
 Defined at:
		line 344 in file "../My_header\My_header.h"
 Parameters:    Size  Location     Type
  d               2    0[COMRAM] PTR struct Delay
		 -> delay_display(3), 
 Auto vars:     Size  Location     Type
		None
 Return value:  Size  Location     Type
		None               void
 Registers used:
		wreg, fsr2l, fsr2h, status,2, status,0
 Tracked objects:
		On entry : 
		On exit  : 
		Unchanged: 
 Data sizes:     COMRAM   BANK0   BANK1   BANK2   BANK3   BANK4   BANK5   BANK6   BANK7   BANK8   BANK9  BANK10  BANK11  BANK12  BANK13  BANK14
      Params:         2       0       0       0       0       0       0       0       0       0       0       0       0       0       0       0
      Locals:         0       0       0       0       0       0       0       0       0       0       0       0       0       0       0       0
      Temps:          2       0       0       0       0       0       0       0       0       0       0       0       0       0       0       0
      Totals:         4       0       0       0       0       0       0       0       0       0       0       0       0       0       0       0
Total ram usage:        4 bytes
 Hardware stack levels used:    1
 This function calls:
		Nothing
 This function is called by:
		_ISR
 This function uses a non-reentrant model


 *************** function _charge_time_count *****************
 Defined at:
		line 163 in file "tasks.h"
 Parameters:    Size  Location     Type
		None
 Auto vars:     Size  Location     Type
  i               1    2[COMRAM] unsigned char 
 Return value:  Size  Location     Type
		None               void
 Registers used:
		wreg, fsr2l, fsr2h, status,2, status,0, prodl, prodh
 Tracked objects:
		On entry : 
		On exit  : 
		Unchanged: 
 Data sizes:     COMRAM   BANK0   BANK1   BANK2   BANK3   BANK4   BANK5   BANK6   BANK7   BANK8   BANK9  BANK10  BANK11  BANK12  BANK13  BANK14
      Params:         0       0       0       0       0       0       0       0       0       0       0       0       0       0       0       0
      Locals:         1       0       0       0       0       0       0       0       0       0       0       0       0       0       0       0
      Temps:          2       0       0       0       0       0       0       0       0       0       0       0       0       0       0       0
      Totals:         3       0       0       0       0       0       0       0       0       0       0       0       0       0       0       0
Total ram usage:        3 bytes
 Hardware stack levels used:    1
 This function calls:
		Nothing
 This function is called by:
		_ISR
 This function uses a non-reentrant model


 *************** function _UART_ISR *****************
 Defined at:
		line 208 in file "../My_header\My_header.h"
 Parameters:    Size  Location     Type
		None
 Auto vars:     Size  Location     Type
  ascii           1   15[COMRAM] unsigned char 
 Return value:  Size  Location     Type
		None               void
 Registers used:
		wreg, fsr1l, fsr1h, fsr2l, fsr2h, status,2, status,0, cstack
 Tracked objects:
		On entry : 
		On exit  : 
		Unchanged: 
 Data sizes:     COMRAM   BANK0   BANK1   BANK2   BANK3   BANK4   BANK5   BANK6   BANK7   BANK8   BANK9  BANK10  BANK11  BANK12  BANK13  BANK14
      Params:         0       0       0       0       0       0       0       0       0       0       0       0       0       0       0       0
      Locals:         1       0       0       0       0       0       0       0       0       0       0       0       0       0       0       0
      Temps:          0       0       0       0       0       0       0       0       0       0       0       0       0       0       0       0
      Totals:         1       0       0       0       0       0       0       0       0       0       0       0       0       0       0       0
Total ram usage:        1 bytes
 Hardware stack levels used:    1
 Hardware stack levels required when called:    2
 This function calls:
		_ringbuf_num
		_ringbuf_pop
		_ringbuf_put
 This function is called by:
		_ISR
 This function uses a non-reentrant model


 *************** function _ringbuf_put *****************
 Defined at:
		line 39 in file "../My_header\My_ringbuf.h"
 Parameters:    Size  Location     Type
  rb              2    8[COMRAM] PTR struct ringbuf
		 -> rx_buf(8), tx_buf(8), 
  asciicode       1   10[COMRAM] unsigned char 
 Auto vars:     Size  Location     Type
		None
 Return value:  Size  Location     Type
		None               void
 Registers used:
		wreg, fsr1l, fsr1h, fsr2l, fsr2h, status,2, status,0, cstack
 Tracked objects:
		On entry : 
		On exit  : 
		Unchanged: 
 Data sizes:     COMRAM   BANK0   BANK1   BANK2   BANK3   BANK4   BANK5   BANK6   BANK7   BANK8   BANK9  BANK10  BANK11  BANK12  BANK13  BANK14
      Params:         3       0       0       0       0       0       0       0       0       0       0       0       0       0       0       0
      Locals:         0       0       0       0       0       0       0       0       0       0       0       0       0       0       0       0
      Temps:          4       0       0       0       0       0       0       0       0       0       0       0       0       0       0       0
      Totals:         7       0       0       0       0       0       0       0       0       0       0       0       0       0       0       0
Total ram usage:        7 bytes
 Hardware stack levels used:    1
 Hardware stack levels required when called:    1
 This function calls:
		_ringbuf_num
 This function is called by:
		_UART_ISR
		_ringbuf_put_num
		_ringbuf_put_str
		_tx_send
		_tx_sends
 This function uses a non-reentrant model


 *************** function _ringbuf_pop *****************
 Defined at:
		line 64 in file "../My_header\My_ringbuf.h"
 Parameters:    Size  Location     Type
  rb              2    8[COMRAM] PTR struct ringbuf
		 -> tx_buf(8), 
 Auto vars:     Size  Location     Type
  ret             1   14[COMRAM] unsigned char 
 Return value:  Size  Location     Type
                  1    wreg      unsigned char 
 Registers used:
		wreg, fsr1l, fsr1h, fsr2l, fsr2h, status,2, status,0, cstack
 Tracked objects:
		On entry : 
		On exit  : 
		Unchanged: 
 Data sizes:     COMRAM   BANK0   BANK1   BANK2   BANK3   BANK4   BANK5   BANK6   BANK7   BANK8   BANK9  BANK10  BANK11  BANK12  BANK13  BANK14
      Params:         2       0       0       0       0       0       0       0       0       0       0       0       0       0       0       0
      Locals:         1       0       0       0       0       0       0       0       0       0       0       0       0       0       0       0
      Temps:          4       0       0       0       0       0       0       0       0       0       0       0       0       0       0       0
      Totals:         7       0       0       0       0       0       0       0       0       0       0       0       0       0       0       0
Total ram usage:        7 bytes
 Hardware stack levels used:    1
 Hardware stack levels required when called:    1
 This function calls:
		_ringbuf_num
 This function is called by:
		_UART_ISR
 This function uses a non-reentrant model


 *************** function _ringbuf_num *****************
 Defined at:
		line 31 in file "../My_header\My_ringbuf.h"
 Parameters:    Size  Location     Type
  rb              2    0[COMRAM] PTR struct ringbuf
		 -> rx_buf(8), tx_buf(8), 
 Auto vars:     Size  Location     Type
		None
 Return value:  Size  Location     Type
                  2    0[COMRAM] unsigned int 
 Registers used:
		wreg, fsr1l, fsr1h, fsr2l, fsr2h, status,2, status,0
 Tracked objects:
		On entry : 
		On exit  : 
		Unchanged: 
 Data sizes:     COMRAM   BANK0   BANK1   BANK2   BANK3   BANK4   BANK5   BANK6   BANK7   BANK8   BANK9  BANK10  BANK11  BANK12  BANK13  BANK14
      Params:         2       0       0       0       0       0       0       0       0       0       0       0       0       0       0       0
      Locals:         0       0       0       0       0       0       0       0       0       0       0       0       0       0       0       0
      Temps:          6       0       0       0       0       0       0       0       0       0       0       0       0       0       0       0
      Totals:         8       0       0       0       0       0       0       0       0       0       0       0       0       0       0       0
Total ram usage:        8 bytes
 Hardware stack levels used:    1
 This function calls:
		Nothing
 This function is called by:
		_ringbuf_put
		_ringbuf_pop
		_UART_ISR
		_ringbuf_backspace
 This function uses a non-reentrant model



MODULE INFORMATION

Module		Function		Class		Link	Load	Size
C:\Program Files (x86)\Microchip\xc8\v1.35\sources\common\awdiv.c
		___awdiv       		CODE           	3306	0000	157

C:\Program Files (x86)\Microchip\xc8\v1.35\sources\common\awdiv.c estimated size: 157

../My_header\My_button.h
		_button_timer_interrupt		CODE           	145C	0000	713

../My_header\My_button.h estimated size: 713

C:\Program Files (x86)\Microchip\xc8\v1.35\sources\common\Umul32.c
		___lmul        		CODE           	385A	0000	119

C:\Program Files (x86)\Microchip\xc8\v1.35\sources\common\Umul32.c estimated size: 119

../My_header\My_I2C.h
		_I2C_LCD_Clear 		CODE           	40D6	0000	27
		_I2C_init      		CODE           	414A	0000	19
		_I2C_LCD_SetCursor		CODE           	3EFA	0000	45
		_I2C_IdleCheck 		CODE           	4134	0000	23
		_I2C_LCD_Command		CODE           	3E66	0000	55
		_I2C_Stop      		CODE           	415C	0000	11
		_I2C_Send      		CODE           	411E	0000	23
		_I2C_Start     		CODE           	3F26	0000	43
		_I2C_LCD_Putc  		CODE           	3DFA	0000	55
		_I2C_LCD_init  		CODE           	3A96	0000	85
		_I2C_LCD_Puts  		CODE           	34D0	0000	141

../My_header\My_I2C.h estimated size: 527

../My_header\My_RTCC.h
		_RTCC_adjust_time_dec		CODE           	1E7E	0000	613
		_display_dec   		CODE           	39EA	0000	89
		_RTCC_loop     		CODE           	3CB0	0000	71
		_caltime_to_RTCC		CODE           	2BAC	0000	209
		_month_length  		CODE           	2C7C	0000	207
		_display_time_0802		CODE           	24A6	0000	313
		_d_to_x        		CODE           	4056	0000	35
		_epoch_to_caltime		CODE           	20E2	0000	493
		_RTCC_adjust_time_cursor		CODE           	3934	0000	93
		_RTCC_from_RTCC		CODE           	4078	0000	35
		_RTCC_adjust_time_toggle		CODE           	4108	0000	23
		_RTCC_init     		CODE           	3ECC	0000	47
		_RTCC_adjust_time_inc		CODE           	1C1A	0000	613
		_RTCC_to_caltime		CODE           	325C	0000	171
		_get_quot_rem  		CODE           	2A06	0000	213
		_x_to_d        		CODE           	40F0	0000	25
		_RTCC_from_epoch		CODE           	4034	0000	35
		_RTCC_adjust_time_button		CODE           	25DE	0000	293
		_caltime_to_epoch		CODE           	1724	0000	649

../My_header\My_RTCC.h estimated size: 4227

../My_header\My_stdlib.h
		_my_utoa       		CODE           	355C	0000	135

../My_header\My_stdlib.h estimated size: 135

C:\Program Files (x86)\Microchip\xc8\v1.35\sources\common\lwmod.c
		___lwmod       		CODE           	3BD8	0000	73

C:\Program Files (x86)\Microchip\xc8\v1.35\sources\common\lwmod.c estimated size: 73

C:\Program Files (x86)\Microchip\xc8\v1.35\sources\common\llmod.c
		___llmod       		CODE           	343C	0000	149

C:\Program Files (x86)\Microchip\xc8\v1.35\sources\common\llmod.c estimated size: 149

tasks.h
		_display_LCD   		CODE           	0F88	0000	1237
		_ctmu_loop     		CODE           	2702	0000	259
		_display_port  		CODE           	2ADA	0000	211
		_normal_mode_loop		CODE           	30FC	0000	181
		_LED           		CODE           	3D7E	0000	63
		_OUT           		CODE           	3AEA	0000	83
		_port_loop     		CODE           	19AC	0000	623
		_main_init     		CODE           	3766	0000	125
		_IN            		CODE           	3F50	0000	41
		_sw_flag_read  		CODE           	3990	0000	91
		_charge_time_count		CODE           	3C68	0000	73
		_lchika        		CODE           	2906	0000	257
		_sw_flag_clear 		CODE           	3CF6	0000	69
		_Auto_cut      		CODE           	2804	0000	259
		_sleep_loop    		CODE           	2D4A	0000	199
		_integrating   		CODE           	33A2	0000	155

tasks.h estimated size: 3926

shared
		_weekday_3char 		SMALLCONST     	0F01	0000	29
		i2___lwdiv     		CODE           	3B3C	0000	83
		i2___awdiv     		CODE           	35E2	0000	133
		i2___lldiv     		CODE           	3666	0000	131
		__initialization		CODE           	38D0	0000	91
		i2_LED         		CODE           	3DBC	0000	63

shared estimated size: 530

C:\Program Files (x86)\Microchip\xc8\v1.35\sources\common\awmod.c
		___awmod       		CODE           	36E8	0000	127

C:\Program Files (x86)\Microchip\xc8\v1.35\sources\common\awmod.c estimated size: 127

../My_header\My_header.h
		_delay_timer_interrupt		CODE           	3C20	0000	73
		_ADC           		CODE           	3F78	0000	41
		_CTMU_read     		CODE           	2E10	0000	191
		_UART_init     		CODE           	409A	0000	33
		_CTMU_init     		CODE           	3FA0	0000	41
		_ADC_init      		CODE           	40BA	0000	29
		_Delay_ms      		CODE           	3FEE	0000	37
		_timer0_init   		CODE           	3E9C	0000	49
		_timer3_init   		CODE           	3FC8	0000	39
		_UART_ISR      		CODE           	3B8E	0000	75
		_timer1_init   		CODE           	3D3A	0000	69
		_delay_set     		CODE           	4012	0000	35

../My_header\My_header.h estimated size: 712

C:\Program Files (x86)\Microchip\xc8\v1.35\sources\common\lwdiv.c
		___lwdiv       		CODE           	37E2	0000	121

C:\Program Files (x86)\Microchip\xc8\v1.35\sources\common\lwdiv.c estimated size: 121

C:\Program Files (x86)\Microchip\xc8\v1.35\sources\common\Umul16.c
		___wmul        		CODE           	3E30	0000	55

C:\Program Files (x86)\Microchip\xc8\v1.35\sources\common\Umul16.c estimated size: 55

C:\Program Files (x86)\Microchip\xc8\v1.35\sources\common\lldiv.c
		___lldiv       		CODE           	2ECE	0000	189

C:\Program Files (x86)\Microchip\xc8\v1.35\sources\common\lldiv.c estimated size: 189

main.c
		_ISR           		CODE           	0008	0000	239
		_main          		CODE           	22CE	0000	473

main.c estimated size: 712

../My_header\My_ringbuf.h
		_ringbuf_num   		CODE           	2F8A	0000	189
		_ringbuf_pop   		CODE           	31B0	0000	173
		_ringbuf_put   		CODE           	3046	0000	183
		_ringbuf_init  		CODE           	3A42	0000	85

../My_header\My_ringbuf.h estimated size: 630

