Microchip MPLAB XC8 Compiler V1.33 ()

Linker command line:

--edf=C:\Program Files (x86)\Microchip\xc8\v1.33\dat\en_msgs.txt -cs \
  -h+dist/default/production\PIC16F1827-ChargeStation4-01.X.production.sym \
  --cmf=dist/default/production\PIC16F1827-ChargeStation4-01.X.production.cmf \
  -z -Q16F1827 -oC:\Users\KERIKU~1\AppData\Local\Temp\s17c.6 \
  -Mdist/default/production/PIC16F1827-ChargeStation4-01.X.production.map \
  -E1 -ver=XC8 -ASTACK=020E3h-0216fh -pstack=STACK -ACONST=00h-0FFhx16 \
  -ACODE=00h-07FFhx2 -ASTRCODE=00h-0FFFh -AENTRY=00h-0FFhx16 \
  -ASTRING=00h-0FFhx16 -ACOMMON=070h-07Fh -ABANK0=020h-06Fh \
  -ABANK1=0A0h-0EFh -ABANK2=0120h-016Fh -ABANK3=01A0h-01EFh \
  -ABANK4=0220h-024Fh -ABIGRAM=02000h-0216Fh \
  -ARAM=020h-06Fh,0A0h-0EFh,0120h-016Fh,01A0h-01EFh,0220h-024Fh \
  -AABS1=020h-07Fh,0A0h-0EFh,0120h-016Fh,01A0h-01EFh,0220h-024Fh \
  -ASFR0=00h-01Fh -ASFR1=080h-09Fh -ASFR2=0100h-011Fh -ASFR3=0180h-019Fh \
  -ASFR4=0200h-021Fh -ASFR5=0280h-02EFh -ASFR6=0300h-036Fh \
  -ASFR7=0380h-03EFh -ASFR8=0400h-046Fh -ASFR9=0480h-04EFh \
  -ASFR10=0500h-056Fh -ASFR11=0580h-05EFh -ASFR12=0600h-066Fh \
  -ASFR13=0680h-06EFh -ASFR14=0700h-076Fh -ASFR15=0780h-07EFh \
  -ASFR16=0800h-086Fh -ASFR17=0880h-08EFh -ASFR18=0900h-096Fh \
  -ASFR19=0980h-09EFh -ASFR20=0A00h-0A6Fh -ASFR21=0A80h-0AEFh \
  -ASFR22=0B00h-0B6Fh -ASFR23=0B80h-0BEFh -ASFR24=0C00h-0C6Fh \
  -ASFR25=0C80h-0CEFh -ASFR26=0D00h-0D6Fh -ASFR27=0D80h-0DEFh \
  -ASFR28=0E00h-0E6Fh -ASFR29=0E80h-0EEFh -ASFR30=0F00h-0F6Fh \
  -ASFR31=0F80h-0FEFh -preset_vec=00h,intentry=04h,init,end_init \
  -ppowerup=CODE -pcinit=CODE -pfunctab=CODE -ACONFIG=08007h-08008h \
  -pconfig=CONFIG -DCONFIG=2 -AIDLOC=08000h-08003h -pidloc=IDLOC -DIDLOC=2 \
  -AEEDATA=00h-0FFh/0F000h -peeprom_data=EEDATA -DEEDATA=2 -DCODE=2 \
  -DSTRCODE=2 -DSTRING=2 -DCONST=2 -DENTRY=2 -k \
  C:\Users\KERIKU~1\AppData\Local\Temp\s17c.obj \
  dist/default/production\PIC16F1827-ChargeStation4-01.X.production.obj 

Object code version is 3.11

Machine type is 16F1827



                Name                               Link     Load   Length Selector   Space Scale
C:\Users\KERIKU~1\AppData\Local\Temp\s17c.obj
                end_init                            20F      20F        2        8       0
                reset_vec                             0        0        2        0       0
                config                             8007     8007        2    1000E       0
dist/default/production\PIC16F1827-ChargeStation4-01.X.production.obj
                cinit                               211      211       24        8       0
                intentry                              4        4      20B        8       0
                text46                              AF4      AF4        B     15E8       0
                text45                              B36      B36       10     166C       0
                text44                              BAC      BAC       1A     1758       0
                text43                              AE2      AE2        6     15C4       0
                text42                              C87      C87       20     190E       0
                text41                              F5B      F5B       52     1EB6       0
                text40                              C6A      C6A       1D     18D4       0
                text39                              BE0      BE0       1B     17C0       0
                text38                              5E3      5E3       B9        8       0
                text37                              C16      C16       1C     182C       0
                text36                              E76      E76       2F     1CEC       0
                text35                              C32      C32       1C     1864       0
                text34                              B46      B46       12     168C       0
                text33                              69C      69C       82        8       0
                text32                              793      793       6D        8       0
                text31                              EA5      EA5       36     1D4A       0
                text30                              E48      E48       2E     1C90       0
                text29                              B0A      B0A        E     1614       0
                text28                              235      235      1F2        8       0
                text27                              FAD      FAD       53     1F5A       0
                text26                              D4E      D4E       26     1A9C       0
                text25                              71E      71E       75        8       0
                text24                              DC5      DC5       2B     1B8A       0
                text23                              E1B      E1B       2D     1C36       0
                text22                              D9C      D9C       29     1B38       0
                text20                              B18      B18        F     1630       0
                text19                              CA7      CA7       20     194E       0
                text18                              B58      B58       12     16B0       0
                text17                              C4E      C4E       1C     189C       0
                text16                              AE8      AE8        6     15D0       0
                text15                              BC6      BC6       1A     178C       0
                text14                              EDB      EDB       3D     1DB6       0
                text13                              D74      D74       28     1AE8       0
                text12                              DF0      DF0       2B     1BE0       0
                text11                              D2A      D2A       24     1A54       0
                text10                              CC7      CC7       20     198E       0
                text9                               AFF      AFF        B     15FE       0
                text8                               CE7      CE7       20     19CE       0
                text7                               B27      B27        F     164E       0
                text6                               F18      F18       43     1E30       0
                text5                               B6A      B6A       15     16D4       0
                text4                               B7F      B7F       15     16FE       0
                text3                               B94      B94       18     1728       0
                text2                               D07      D07       23     1A0E       0
                text1                               BFB      BFB       1B     17F6       0
                maintext                            427      427      1BC        8       0
                cstackBANK0                          3B       3B       1B       20       1
                cstackCOMMON                         70       70        E       70       1
                cstackBANK1                          A0       A0       1A       A0       1
                cstackBANK2                         120      120       37      120       1
                clrtext                             AEE      AEE        6     15DC       0
                bssBANK2                            157      157        C      120       1
                dataBANK1                            D0       D0        2       A0       1
                bssBANK1                             BA       BA       16       A0       1
                bssBANK0                             20       20       1B       20       1
                stringtext                          800      800       2D       10       0
                idataBANK1                            2        2        2        0       0

TOTAL           Name                               Link     Load   Length     Space
        CLASS   STACK          

        CLASS   CONST          

        CLASS   CODE           
                end_init                            20F      20F        2         0
                cinit                               211      211       24         0
                intentry                              4        4      20B         0
                reset_vec                             0        0        2         0
                text46                              AF4      AF4        B         0
                text45                              B36      B36       10         0
                text44                              BAC      BAC       1A         0
                text43                              AE2      AE2        6         0
                text42                              C87      C87       20         0
                text41                              F5B      F5B       52         0
                text40                              C6A      C6A       1D         0
                text39                              BE0      BE0       1B         0
                text38                              5E3      5E3       B9         0
                text37                              C16      C16       1C         0
                text36                              E76      E76       2F         0
                text35                              C32      C32       1C         0
                text34                              B46      B46       12         0
                text33                              69C      69C       82         0
                text32                              793      793       6D         0
                text31                              EA5      EA5       36         0
                text30                              E48      E48       2E         0
                text29                              B0A      B0A        E         0
                text28                              235      235      1F2         0
                text27                              FAD      FAD       53         0
                text26                              D4E      D4E       26         0
                text25                              71E      71E       75         0
                text24                              DC5      DC5       2B         0
                text23                              E1B      E1B       2D         0
                text22                              D9C      D9C       29         0
                text20                              B18      B18        F         0
                text19                              CA7      CA7       20         0
                text18                              B58      B58       12         0
                text17                              C4E      C4E       1C         0
                text16                              AE8      AE8        6         0
                text15                              BC6      BC6       1A         0
                text14                              EDB      EDB       3D         0
                text13                              D74      D74       28         0
                text12                              DF0      DF0       2B         0
                text11                              D2A      D2A       24         0
                text10                              CC7      CC7       20         0
                text9                               AFF      AFF        B         0
                text8                               CE7      CE7       20         0
                text7                               B27      B27        F         0
                text6                               F18      F18       43         0
                text5                               B6A      B6A       15         0
                text4                               B7F      B7F       15         0
                text3                               B94      B94       18         0
                text2                               D07      D07       23         0
                text1                               BFB      BFB       1B         0
                maintext                            427      427      1BC         0
                clrtext                             AEE      AEE        6         0
                idataBANK1                            2        2        2         0

        CLASS   STRCODE        
                stringtext                          800      800       2D         0

        CLASS   ENTRY          

        CLASS   STRING         

        CLASS   COMMON         
                cstackCOMMON                         70       70        E         1

        CLASS   BANK0          
                cstackBANK0                          3B       3B       1B         1
                bssBANK0                             20       20       1B         1

        CLASS   BANK1          
                cstackBANK1                          A0       A0       1A         1
                dataBANK1                            D0       D0        2         1
                bssBANK1                             BA       BA       16         1

        CLASS   BANK2          
                cstackBANK2                         120      120       37         1
                bssBANK2                            157      157        C         1

        CLASS   BANK3          

        CLASS   BANK4          

        CLASS   BIGRAM         

        CLASS   RAM            

        CLASS   ABS1           
                abs_s1                               7E       7E        2         1

        CLASS   SFR0           

        CLASS   SFR1           

        CLASS   SFR2           

        CLASS   SFR3           

        CLASS   SFR4           

        CLASS   SFR5           

        CLASS   SFR6           

        CLASS   SFR7           

        CLASS   SFR8           

        CLASS   SFR9           

        CLASS   SFR10          

        CLASS   SFR11          

        CLASS   SFR12          

        CLASS   SFR13          

        CLASS   SFR14          

        CLASS   SFR15          

        CLASS   SFR16          

        CLASS   SFR17          

        CLASS   SFR18          

        CLASS   SFR19          

        CLASS   SFR20          

        CLASS   SFR21          

        CLASS   SFR22          

        CLASS   SFR23          

        CLASS   SFR24          

        CLASS   SFR25          

        CLASS   SFR26          

        CLASS   SFR27          

        CLASS   SFR28          

        CLASS   SFR29          

        CLASS   SFR30          

        CLASS   SFR31          

        CLASS   CONFIG         
                config                             8007     8007        2         0

        CLASS   IDLOC          

        CLASS   EEDATA         

        CLASS   BANK31         

        CLASS   BANK30         

        CLASS   BANK29         

        CLASS   BANK28         

        CLASS   BANK27         

        CLASS   BANK26         

        CLASS   BANK25         

        CLASS   BANK24         

        CLASS   BANK23         

        CLASS   BANK22         

        CLASS   BANK21         

        CLASS   BANK20         

        CLASS   BANK19         

        CLASS   BANK18         

        CLASS   BANK17         

        CLASS   BANK16         

        CLASS   BANK15         

        CLASS   BANK14         

        CLASS   BANK13         

        CLASS   BANK12         

        CLASS   BANK11         

        CLASS   BANK10         

        CLASS   BANK9          

        CLASS   BANK8          

        CLASS   BANK7          

        CLASS   BANK6          

        CLASS   BANK5          



SEGMENTS        Name                           Load    Length   Top    Selector   Space  Class     Delta

                reset_vec                      000000  000004  000004         0       0  CODE        2
                intentry                       000004  0007FC  000800         8       0  CODE        2
                bssBANK0                       000020  000036  000056        20       1  BANK0       1
                cstackCOMMON                   000070  00000E  00007E        70       1  COMMON      1
                cstackBANK1                    0000A0  000032  0000D2        A0       1  BANK1       1
                cstackBANK2                    000120  000043  000163       120       1  BANK2       1
                stringtext                     000800  00002D  00082D        10       0  STRCODE     2
                text43                         000AE2  000006  000AE8      15C4       0  CODE        2
                text16                         000AE8  000006  000AEE      15D0       0  CODE        2
                clrtext                        000AEE  000006  000AF4      15DC       0  CODE        2
                text46                         000AF4  00000B  000AFF      15E8       0  CODE        2
                text9                          000AFF  00000B  000B0A      15FE       0  CODE        2
                text29                         000B0A  00000E  000B18      1614       0  CODE        2
                text20                         000B18  00000F  000B27      1630       0  CODE        2
                text7                          000B27  00000F  000B36      164E       0  CODE        2
                text45                         000B36  000010  000B46      166C       0  CODE        2
                text34                         000B46  000012  000B58      168C       0  CODE        2
                text18                         000B58  000012  000B6A      16B0       0  CODE        2
                text5                          000B6A  000015  000B7F      16D4       0  CODE        2
                text4                          000B7F  000015  000B94      16FE       0  CODE        2
                text3                          000B94  000018  000BAC      1728       0  CODE        2
                text44                         000BAC  00001A  000BC6      1758       0  CODE        2
                text15                         000BC6  00001A  000BE0      178C       0  CODE        2
                text39                         000BE0  00001B  000BFB      17C0       0  CODE        2
                text1                          000BFB  00001B  000C16      17F6       0  CODE        2
                text37                         000C16  00001C  000C32      182C       0  CODE        2
                text35                         000C32  00001C  000C4E      1864       0  CODE        2
                text17                         000C4E  00001C  000C6A      189C       0  CODE        2
                text40                         000C6A  00001D  000C87      18D4       0  CODE        2
                text42                         000C87  000020  000CA7      190E       0  CODE        2
                text19                         000CA7  000020  000CC7      194E       0  CODE        2
                text10                         000CC7  000020  000CE7      198E       0  CODE        2
                text8                          000CE7  000020  000D07      19CE       0  CODE        2
                text2                          000D07  000023  000D2A      1A0E       0  CODE        2
                text11                         000D2A  000024  000D4E      1A54       0  CODE        2
                text26                         000D4E  000026  000D74      1A9C       0  CODE        2
                text13                         000D74  000028  000D9C      1AE8       0  CODE        2
                text22                         000D9C  000029  000DC5      1B38       0  CODE        2
                text24                         000DC5  00002B  000DF0      1B8A       0  CODE        2
                text12                         000DF0  00002B  000E1B      1BE0       0  CODE        2
                text23                         000E1B  00002D  000E48      1C36       0  CODE        2
                text30                         000E48  00002E  000E76      1C90       0  CODE        2
                text36                         000E76  00002F  000EA5      1CEC       0  CODE        2
                text31                         000EA5  000036  000EDB      1D4A       0  CODE        2
                text14                         000EDB  00003D  000F18      1DB6       0  CODE        2
                text6                          000F18  000043  000F5B      1E30       0  CODE        2
                text41                         000F5B  000052  000FAD      1EB6       0  CODE        2
                text27                         000FAD  000053  001000      1F5A       0  CODE        2
                config                         008007  000002  008009     1000E       0  CONFIG      2


UNUSED ADDRESS RANGES

        Name                Unused          Largest block    Delta
        BANK0            00056-0006F              1A           1
        BANK1            000D2-000EF              1E           1
        BANK2            00163-0016F               D           1
        BANK3            001A0-001EF              50           1
        BANK4            00220-0024F              30           1
        BIGRAM           02000-0216F             170           1
        CODE             0082D-00AE1             2B5           2
        CONST            0082D-00AE1             100           2
        EEDATA           0F000-0F0FF             100           2
        ENTRY            0082D-00AE1             100           2
        IDLOC            08000-08003               4           2
        RAM              00056-0006F              1A           1
                         000D2-000EF              1E
                         00163-0016F               D
                         001A0-001EF              50
                         00220-0024F              30
        SFR0             00000-0001F              20           1
        SFR1             00080-0009F              20           1
        SFR10            00500-0056F              70           1
        SFR11            00580-005EF              70           1
        SFR12            00600-0066F              70           1
        SFR13            00680-006EF              70           1
        SFR14            00700-0076F              70           1
        SFR15            00780-007EF              70           1
        SFR16            00800-0086F              70           1
        SFR17            00880-008EF              70           1
        SFR18            00900-0096F              70           1
        SFR19            00980-009EF              70           1
        SFR2             00100-0011F              20           1
        SFR20            00A00-00A6F              70           1
        SFR21            00A80-00AEF              70           1
        SFR22            00B00-00B6F              70           1
        SFR23            00B80-00BEF              70           1
        SFR24            00C00-00C6F              70           1
        SFR25            00C80-00CEF              70           1
        SFR26            00D00-00D6F              70           1
        SFR27            00D80-00DEF              70           1
        SFR28            00E00-00E6F              70           1
        SFR29            00E80-00EEF              70           1
        SFR3             00180-0019F              20           1
        SFR30            00F00-00F6F              70           1
        SFR31            00F80-00FEF              70           1
        SFR4             00200-0021F              20           1
        SFR5             00280-002EF              70           1
        SFR6             00300-0036F              70           1
        SFR7             00380-003EF              70           1
        SFR8             00400-0046F              70           1
        SFR9             00480-004EF              70           1
        STACK            020E3-0216F              8D           1
        STRCODE          0082D-00AE1             2B5           2
        STRING           0082D-00AE1             100           2

                                  Symbol Table

?___aldiv                        cstackBANK0  0003B
?___almod                        cstackCOMMON 00070
?___awdiv                        cstackCOMMON 00070
?___lldiv                        cstackCOMMON 00070
?___lwdiv                        cstackCOMMON 00076
?___lwmod                        cstackCOMMON 00070
?___wmul                         cstackCOMMON 00074
?_adc                            cstackCOMMON 00070
EEP_Read@Reg_h                   cstackBANK1  000A8
EEP_Read@Reg_l                   cstackBANK1  000A6
EEP_Read@ans                     cstackBANK1  000AA
EEP_Read@data                    cstackBANK1  000A9
EEP_Write@Reg_h                  cstackCOMMON 00077
EEP_Write@Reg_l                  cstackCOMMON 00074
EEP_Write@ans                    cstackCOMMON 00078
EEP_Write@data                   cstackCOMMON 00075
I2C_IdleCheck@mask               cstackBANK1  000A1
I2C_Receive@ack                  cstackBANK1  000A3
I2C_Receive@data                 cstackBANK1  000A4
I2C_Send@data                    cstackBANK1  000A2
I2C_Start@adrs                   cstackBANK1  000A3
I2C_Start@rw                     cstackBANK1  000A2
I2C_rStart@adrs                  cstackBANK1  000A2
I2C_rStart@rw                    cstackBANK1  000A4
LCD_Command@ans                  cstackBANK1  000A6
LCD_Command@c                    cstackBANK1  000A5
LCD_Putc@ans                     cstackCOMMON 00076
LCD_Putc@c                       cstackCOMMON 00075
LCD_Puts@ans                     cstackCOMMON 00078
LCD_Puts@s                       cstackCOMMON 00074
LCD_SetCursor@F2883              dataBANK1    000D0
LCD_SetCursor@col                cstackCOMMON 0007A
LCD_SetCursor@row                cstackCOMMON 00077
LCD_SetCursor@row_offsets        cstackCOMMON 00078
LED@b                            cstackBANK1  000A1
LED@value                        cstackBANK1  000A0
OUT@b                            cstackBANK1  000A1
OUT@value                        cstackBANK1  000A0
_ADCON0bits                      (abs)        0009D
_ADCON1bits                      (abs)        0009E
_ADRES                           (abs)        0009B
_ANSELA                          (abs)        0018C
_ANSELB                          (abs)        0018D
_BCL1IF                          (abs)        00093
_BRG16                           (abs)        00CFB
_EEP_Read                        text14       00EDB
_EEP_Write                       text42       00C87
_FVRCON                          (abs)        00117
_I2C_IdleCheck                   text20       00B18
_I2C_Receive                     text19       00CA7
_I2C_Send                        text18       00B58
_I2C_Start                       text17       00C4E
_I2C_Stop                        text16       00AE8
_I2C_init                        text9        00AFF
_I2C_rStart                      text15       00BC6
_INTCONbits                      (abs)        0000B
_LATA6                           (abs)        00866
_LATA7                           (abs)        00867
_LATB0                           (abs)        00868
_LATB3                           (abs)        0086B
_LATB5                           (abs)        0086D
_LATB6                           (abs)        0086E
_LCD_Clear                       text7        00B27
_LCD_Command                     text8        00CE7
_LCD_Putc                        text37       00C16
_LCD_Puts                        text36       00E76
_LCD_SetCursor                   text34       00B46
_LCD_init                        text6        00F18
_LED                             text13       00D74
_OPTION_REGbits                  (abs)        00095
_OSCCON                          (abs)        00099
_OUT                             text12       00DF0
_PIE1bits                        (abs)        00091
_PIR1bits                        (abs)        00011
_RA3                             (abs)        00063
_RA4                             (abs)        00064
_RA5                             (abs)        00065
_RCSTA                           (abs)        0019D
_SPBRGH                          (abs)        0019C
_SPBRGL                          (abs)        0019B
_SPEN                            (abs)        00CEF
_SSP1ADD                         (abs)        00212
_SSP1BUF                         (abs)        00211
_SSP1CON1                        (abs)        00215
_SSP1CON2                        (abs)        00216
_SSP1CON2bits                    (abs)        00216
_SSP1IF                          (abs)        0008B
_SSP1STAT                        (abs)        00214
_T1CONbits                       (abs)        00018
_TMR1H                           (abs)        00017
_TMR1L                           (abs)        00016
_TRISA                           (abs)        0008C
_TRISB                           (abs)        0008D
_TXIE                            (abs)        0048C
_TXIF                            (abs)        0008C
_TXREG                           (abs)        0019A
_TXSTA                           (abs)        0019E
_WPUB                            (abs)        0020D
__CFG_BOREN$OFF                  (abs)        00000
__CFG_BORV$LO                    (abs)        00000
__CFG_CLKOUTEN$OFF               (abs)        00000
__CFG_CP$OFF                     (abs)        00000
__CFG_CPD$OFF                    (abs)        00000
__CFG_FCMEN$OFF                  (abs)        00000
__CFG_FOSC$INTOSC                (abs)        00000
__CFG_IESO$OFF                   (abs)        00000
__CFG_LVP$OFF                    (abs)        00000
__CFG_MCLRE$OFF                  (abs)        00000
__CFG_PLLEN$ON                   (abs)        00000
__CFG_PWRTE$OFF                  (abs)        00000
__CFG_STVREN$OFF                 (abs)        00000
__CFG_WDTE$OFF                   (abs)        00000
__CFG_WRT$OFF                    (abs)        00000
__Habs1                          abs1         00000
__Hbank0                         bank0        00000
__Hbank1                         bank1        00000
__Hbank10                        bank10       00000
__Hbank11                        bank11       00000
__Hbank12                        bank12       00000
__Hbank13                        bank13       00000
__Hbank14                        bank14       00000
__Hbank15                        bank15       00000
__Hbank16                        bank16       00000
__Hbank17                        bank17       00000
__Hbank18                        bank18       00000
__Hbank19                        bank19       00000
__Hbank2                         bank2        00000
__Hbank20                        bank20       00000
__Hbank21                        bank21       00000
__Hbank22                        bank22       00000
__Hbank23                        bank23       00000
__Hbank24                        bank24       00000
__Hbank25                        bank25       00000
__Hbank26                        bank26       00000
__Hbank27                        bank27       00000
__Hbank28                        bank28       00000
__Hbank29                        bank29       00000
__Hbank3                         bank3        00000
__Hbank30                        bank30       00000
__Hbank31                        bank31       00000
__Hbank4                         bank4        00000
__Hbank5                         bank5        00000
__Hbank6                         bank6        00000
__Hbank7                         bank7        00000
__Hbank8                         bank8        00000
__Hbank9                         bank9        00000
__Hbigram                        bigram       00000
__HbssBANK0                      bssBANK0     00000
__HbssBANK1                      bssBANK1     00000
__HbssBANK2                      bssBANK2     00000
__Hcinit                         cinit        00235
__Hclrtext                       clrtext      00000
__Hcode                          code         00000
__Hcommon                        common       00000
__Hconfig                        config       08009
__HcstackBANK0                   cstackBANK0  00000
__HcstackBANK1                   cstackBANK1  00000
__HcstackBANK2                   cstackBANK2  00000
__HcstackCOMMON                  cstackCOMMON 00000
__HdataBANK1                     dataBANK1    00000
__Heeprom_data                   eeprom_data  00000
__Hend_init                      end_init     00211
__Hfunctab                       functab      00000
__HidataBANK1                    idataBANK1   00000
__Hidloc                         idloc        00000
__Hinit                          init         0020F
__Hintentry                      intentry     0020F
__Hmaintext                      maintext     00000
__Hpowerup                       powerup      00000
__Hram                           ram          00000
__Hreset_vec                     reset_vec    00002
__Hsfr0                          sfr0         00000
__Hsfr1                          sfr1         00000
__Hsfr10                         sfr10        00000
__Hsfr11                         sfr11        00000
__Hsfr12                         sfr12        00000
__Hsfr13                         sfr13        00000
__Hsfr14                         sfr14        00000
__Hsfr15                         sfr15        00000
__Hsfr16                         sfr16        00000
__Hsfr17                         sfr17        00000
__Hsfr18                         sfr18        00000
__Hsfr19                         sfr19        00000
__Hsfr2                          sfr2         00000
__Hsfr20                         sfr20        00000
__Hsfr21                         sfr21        00000
__Hsfr22                         sfr22        00000
__Hsfr23                         sfr23        00000
__Hsfr24                         sfr24        00000
__Hsfr25                         sfr25        00000
__Hsfr26                         sfr26        00000
__Hsfr27                         sfr27        00000
__Hsfr28                         sfr28        00000
__Hsfr29                         sfr29        00000
__Hsfr3                          sfr3         00000
__Hsfr30                         sfr30        00000
__Hsfr31                         sfr31        00000
__Hsfr4                          sfr4         00000
__Hsfr5                          sfr5         00000
__Hsfr6                          sfr6         00000
__Hsfr7                          sfr7         00000
__Hsfr8                          sfr8         00000
__Hsfr9                          sfr9         00000
__Hspace_0                       (abs)        08009
__Hspace_1                       (abs)        00163
__Hspace_2                       (abs)        00000
__Hspace_3                       (abs)        00000
__Hstack                         stack        00000
__Hstrings                       strings      00000
__Hstringtext                    stringtext   00000
__Htext                          text         00000
__Labs1                          abs1         00000
__Lbank0                         bank0        00000
__Lbank1                         bank1        00000
__Lbank10                        bank10       00000
__Lbank11                        bank11       00000
__Lbank12                        bank12       00000
__Lbank13                        bank13       00000
__Lbank14                        bank14       00000
__Lbank15                        bank15       00000
__Lbank16                        bank16       00000
__Lbank17                        bank17       00000
__Lbank18                        bank18       00000
__Lbank19                        bank19       00000
__Lbank2                         bank2        00000
__Lbank20                        bank20       00000
__Lbank21                        bank21       00000
__Lbank22                        bank22       00000
__Lbank23                        bank23       00000
__Lbank24                        bank24       00000
__Lbank25                        bank25       00000
__Lbank26                        bank26       00000
__Lbank27                        bank27       00000
__Lbank28                        bank28       00000
__Lbank29                        bank29       00000
__Lbank3                         bank3        00000
__Lbank30                        bank30       00000
__Lbank31                        bank31       00000
__Lbank4                         bank4        00000
__Lbank5                         bank5        00000
__Lbank6                         bank6        00000
__Lbank7                         bank7        00000
__Lbank8                         bank8        00000
__Lbank9                         bank9        00000
__Lbigram                        bigram       00000
__LbssBANK0                      bssBANK0     00000
__LbssBANK1                      bssBANK1     00000
__LbssBANK2                      bssBANK2     00000
__Lcinit                         cinit        00211
__Lclrtext                       clrtext      00000
__Lcode                          code         00000
__Lcommon                        common       00000
__Lconfig                        config       08007
__LcstackBANK0                   cstackBANK0  00000
__LcstackBANK1                   cstackBANK1  00000
__LcstackBANK2                   cstackBANK2  00000
__LcstackCOMMON                  cstackCOMMON 00000
__LdataBANK1                     dataBANK1    00000
__Leeprom_data                   eeprom_data  00000
__Lend_init                      end_init     0020F
__Lfunctab                       functab      00000
__LidataBANK1                    idataBANK1   00000
__Lidloc                         idloc        00000
__Linit                          init         0020F
__Lintentry                      intentry     00004
__Lmaintext                      maintext     00000
__Lpowerup                       powerup      00000
__Lram                           ram          00000
__Lreset_vec                     reset_vec    00000
__Lsfr0                          sfr0         00000
__Lsfr1                          sfr1         00000
__Lsfr10                         sfr10        00000
__Lsfr11                         sfr11        00000
__Lsfr12                         sfr12        00000
__Lsfr13                         sfr13        00000
__Lsfr14                         sfr14        00000
__Lsfr15                         sfr15        00000
__Lsfr16                         sfr16        00000
__Lsfr17                         sfr17        00000
__Lsfr18                         sfr18        00000
__Lsfr19                         sfr19        00000
__Lsfr2                          sfr2         00000
__Lsfr20                         sfr20        00000
__Lsfr21                         sfr21        00000
__Lsfr22                         sfr22        00000
__Lsfr23                         sfr23        00000
__Lsfr24                         sfr24        00000
__Lsfr25                         sfr25        00000
__Lsfr26                         sfr26        00000
__Lsfr27                         sfr27        00000
__Lsfr28                         sfr28        00000
__Lsfr29                         sfr29        00000
__Lsfr3                          sfr3         00000
__Lsfr30                         sfr30        00000
__Lsfr31                         sfr31        00000
__Lsfr4                          sfr4         00000
__Lsfr5                          sfr5         00000
__Lsfr6                          sfr6         00000
__Lsfr7                          sfr7         00000
__Lsfr8                          sfr8         00000
__Lsfr9                          sfr9         00000
__Lspace_0                       (abs)        00000
__Lspace_1                       (abs)        00000
__Lspace_2                       (abs)        00000
__Lspace_3                       (abs)        00000
__Lstack                         stack        00000
__Lstrings                       strings      00000
__Lstringtext                    stringtext   00000
__Ltext                          text         00000
__S0                             (abs)        08009
__S1                             (abs)        00163
__S2                             (abs)        00000
__S3                             (abs)        00000
___aldiv                         text33       0069C
___aldiv@counter                 cstackBANK0  00043
___aldiv@dividend                cstackBANK0  0003F
___aldiv@divisor                 cstackBANK0  0003B
___aldiv@quotient                cstackBANK0  00045
___aldiv@sign                    cstackBANK0  00044
___almod                         text32       00793
___almod@counter                 cstackCOMMON 00079
___almod@dividend                cstackCOMMON 00074
___almod@divisor                 cstackCOMMON 00070
___almod@sign                    cstackCOMMON 0007A
___awdiv                         text27       00FAD
___awdiv@counter                 cstackCOMMON 00075
___awdiv@dividend                cstackCOMMON 00072
___awdiv@divisor                 cstackCOMMON 00070
___awdiv@quotient                cstackCOMMON 00077
___awdiv@sign                    cstackCOMMON 00076
___int_sp                        stack        00000
___latbits                       (abs)        00001
___lldiv                         text41       00F5B
___lldiv@counter                 cstackCOMMON 0007D
___lldiv@dividend                cstackCOMMON 00074
___lldiv@divisor                 cstackCOMMON 00070
___lldiv@quotient                cstackCOMMON 00079
___lwdiv                         text31       00EA5
___lwdiv@counter                 cstackCOMMON 0007D
___lwdiv@dividend                cstackCOMMON 00078
___lwdiv@divisor                 cstackCOMMON 00076
___lwdiv@quotient                cstackCOMMON 0007B
___lwmod                         text30       00E48
___lwmod@counter                 cstackCOMMON 00075
___lwmod@dividend                cstackCOMMON 00072
___lwmod@divisor                 cstackCOMMON 00070
___sp                            stack        00000
___wmul                          text40       00C6A
___wmul@multiplicand             cstackCOMMON 00076
___wmul@multiplier               cstackCOMMON 00074
___wmul@product                  cstackCOMMON 00078
__end_of_EEP_Read                text14       00F18
__end_of_EEP_Write               text42       00CA7
__end_of_I2C_IdleCheck           text20       00B27
__end_of_I2C_Receive             text19       00CC7
__end_of_I2C_Send                text18       00B6A
__end_of_I2C_Start               text17       00C6A
__end_of_I2C_Stop                text16       00AEE
__end_of_I2C_init                text9        00B0A
__end_of_I2C_rStart              text15       00BE0
__end_of_LCD_Clear               text7        00B36
__end_of_LCD_Command             text8        00D07
__end_of_LCD_Putc                text37       00C32
__end_of_LCD_Puts                text36       00EA5
__end_of_LCD_SetCursor           text34       00B58
__end_of_LCD_init                text6        00F5B
__end_of_LED                     text13       00D9C
__end_of_OUT                     text12       00E1B
__end_of___aldiv                 text33       0071E
__end_of___almod                 text32       00800
__end_of___awdiv                 text27       01000
__end_of___lldiv                 text41       00FAD
__end_of___lwdiv                 text31       00EDB
__end_of___lwmod                 text30       00E76
__end_of___wmul                  text40       00C87
__end_of__initialization         cinit        00231
__end_of__stringdata             stringtext   0082D
__end_of_adc                     text39       00BFB
__end_of_adc_init                text5        00B7F
__end_of_button_timer_interrupt  text38       0069C
__end_of_display                 text28       00427
__end_of_flag_clear              text11       00D4E
__end_of_flag_read               text10       00CE7
__end_of_isr                     intentry     0020F
__end_of_lchika                  text25       00793
__end_of_main                    maintext     005E3
__end_of_main_init               text2        00D2A
__end_of_ringbuf_init            text1        00C16
__end_of_ringbuf_num             text24       00DF0
__end_of_ringbuf_pop             text23       00E48
__end_of_timer0_init             text4        00B94
__end_of_timer1_init             text3        00BAC
__end_ofi1_I2C_IdleCheck         text46       00AFF
__end_ofi1_I2C_Send              text45       00B46
__end_ofi1_I2C_Start             text44       00BC6
__end_ofi1_I2C_Stop              text43       00AE8
__end_ofi1_LCD_Clear             text29       00B18
__end_ofi1_LCD_Command           text35       00C4E
__end_ofi1_LED                   text26       00D74
__end_ofi1_OUT                   text22       00DC5
__initialization                 cinit        00211
__pbssBANK0                      bssBANK0     00020
__pbssBANK1                      bssBANK1     000BA
__pbssBANK2                      bssBANK2     00157
__pcstackBANK0                   cstackBANK0  0003B
__pcstackBANK1                   cstackBANK1  000A0
__pcstackBANK2                   cstackBANK2  00120
__pcstackCOMMON                  cstackCOMMON 00070
__pdataBANK1                     dataBANK1    000D0
__pidataBANK1                    idataBANK1   00002
__pintentry                      intentry     00004
__pmaintext                      maintext     00427
__pstringtext                    stringtext   00800
__ptext1                         text1        00BFB
__ptext10                        text10       00CC7
__ptext11                        text11       00D2A
__ptext12                        text12       00DF0
__ptext13                        text13       00D74
__ptext14                        text14       00EDB
__ptext15                        text15       00BC6
__ptext16                        text16       00AE8
__ptext17                        text17       00C4E
__ptext18                        text18       00B58
__ptext19                        text19       00CA7
__ptext2                         text2        00D07
__ptext20                        text20       00B18
__ptext22                        text22       00D9C
__ptext23                        text23       00E1B
__ptext24                        text24       00DC5
__ptext25                        text25       0071E
__ptext26                        text26       00D4E
__ptext27                        text27       00FAD
__ptext28                        text28       00235
__ptext29                        text29       00B0A
__ptext3                         text3        00B94
__ptext30                        text30       00E48
__ptext31                        text31       00EA5
__ptext32                        text32       00793
__ptext33                        text33       0069C
__ptext34                        text34       00B46
__ptext35                        text35       00C32
__ptext36                        text36       00E76
__ptext37                        text37       00C16
__ptext38                        text38       005E3
__ptext39                        text39       00BE0
__ptext4                         text4        00B7F
__ptext40                        text40       00C6A
__ptext41                        text41       00F5B
__ptext42                        text42       00C87
__ptext43                        text43       00AE2
__ptext44                        text44       00BAC
__ptext45                        text45       00B36
__ptext46                        text46       00AF4
__ptext5                         text5        00B6A
__ptext6                         text6        00F18
__ptext7                         text7        00B27
__ptext8                         text8        00CE7
__ptext9                         text9        00AFF
__size_of_EEP_Read               (abs)        00000
__size_of_EEP_Write              (abs)        00000
__size_of_I2C_IdleCheck          (abs)        00000
__size_of_I2C_Receive            (abs)        00000
__size_of_I2C_Send               (abs)        00000
__size_of_I2C_Start              (abs)        00000
__size_of_I2C_Stop               (abs)        00000
__size_of_I2C_init               (abs)        00000
__size_of_I2C_rStart             (abs)        00000
__size_of_LCD_Clear              (abs)        00000
__size_of_LCD_Command            (abs)        00000
__size_of_LCD_Putc               (abs)        00000
__size_of_LCD_Puts               (abs)        00000
__size_of_LCD_SetCursor          (abs)        00000
__size_of_LCD_init               (abs)        00000
__size_of_LED                    (abs)        00000
__size_of_OUT                    (abs)        00000
__size_of___aldiv                (abs)        00000
__size_of___almod                (abs)        00000
__size_of___awdiv                (abs)        00000
__size_of___lldiv                (abs)        00000
__size_of___lwdiv                (abs)        00000
__size_of___lwmod                (abs)        00000
__size_of___wmul                 (abs)        00000
__size_of_adc                    (abs)        00000
__size_of_adc_init               (abs)        00000
__size_of_button_timer_interrupt (abs)        00000
__size_of_display                (abs)        00000
__size_of_flag_clear             (abs)        00000
__size_of_flag_read              (abs)        00000
__size_of_isr                    (abs)        00000
__size_of_lchika                 (abs)        00000
__size_of_main                   (abs)        00000
__size_of_main_init              (abs)        00000
__size_of_ringbuf_init           (abs)        00000
__size_of_ringbuf_num            (abs)        00000
__size_of_ringbuf_pop            (abs)        00000
__size_of_timer0_init            (abs)        00000
__size_of_timer1_init            (abs)        00000
__size_ofi1_I2C_IdleCheck        (abs)        00000
__size_ofi1_I2C_Send             (abs)        00000
__size_ofi1_I2C_Start            (abs)        00000
__size_ofi1_I2C_Stop             (abs)        00000
__size_ofi1_LCD_Clear            (abs)        00000
__size_ofi1_LCD_Command          (abs)        00000
__size_ofi1_LED                  (abs)        00000
__size_ofi1_OUT                  (abs)        00000
__stringdata                     stringtext   00800
_adc                             text39       00BE0
_adc_init                        text5        00B6A
_button_timer_interrupt          text38       005E3
_cnt                             bssBANK1     000C6
_cnt0                            bssBANK0     0002C
_cnt1s                           bssBANK0     0002E
_cntf                            bssBANK1     000C9
_cut                             bssBANK2     00157
_display                         text28       00235
_flag_clear                      text11       00D2A
_flag_read                       text10       00CC7
_isr                             intentry     00004
_lchika                          text25       0071E
_main                            maintext     00427
_main_init                       text2        00D07
_print_content                   bssBANK0     00030
_print_port                      bssBANK0     00031
_ringbuf_init                    text1        00BFB
_ringbuf_num                     text24       00DC5
_ringbuf_pop                     text23       00E1B
_s                               bssBANK0     00020
_sp                              bssBANK2     0015D
_ss                              bssBANK1     000BA
_sw_RA3                          bssBANK0     00032
_sw_RA4                          bssBANK0     00035
_sw_RA5                          bssBANK0     00038
_timer0_init                     text4        00B7F
_timer1_init                     text3        00B94
_tx_buf                          bssBANK1     000CC
_v                               bssBANK0     00026
adc@ch                           cstackCOMMON 00073
adc_init@p_ref                   cstackBANK1  000A0
btemp                            (abs)        0007E
button_timer_interrupt@bt        cstackCOMMON 00073
button_timer_interrupt@sw_value  cstackCOMMON 00070
clear_ram0                       clrtext      00AEE
display@co                       cstackBANK0  00049
display@i                        cstackBANK0  0004C
end_of_initialization            cinit        00231
flag_clear@bit_and               cstackBANK1  000A0
flag_clear@port                  cstackBANK1  000A2
flag_read@bit_and                cstackBANK1  000A0
flag_read@port                   cstackBANK1  000A1
i1I2C_IdleCheck@mask             cstackCOMMON 00071
i1I2C_Send@data                  cstackCOMMON 00072
i1I2C_Start@adrs                 cstackCOMMON 00073
i1I2C_Start@rw                   cstackCOMMON 00072
i1LCD_Command@ans                cstackCOMMON 00076
i1LCD_Command@c                  cstackCOMMON 00075
i1LED@b                          cstackCOMMON 00071
i1LED@value                      cstackCOMMON 00070
i1OUT@b                          cstackCOMMON 00071
i1OUT@value                      cstackCOMMON 00070
i1_I2C_IdleCheck                 text46       00AF4
i1_I2C_Send                      text45       00B36
i1_I2C_Start                     text44       00BAC
i1_I2C_Stop                      text43       00AE2
i1_LCD_Clear                     text29       00B0A
i1_LCD_Command                   text35       00C32
i1_LED                           text26       00D4E
i1_OUT                           text22       00D9C
intlevel0                        functab      00000
intlevel1                        functab      00000
intlevel2                        functab      00000
intlevel3                        functab      00000
intlevel4                        functab      00000
intlevel5                        functab      00000
isr@i                            cstackBANK0  00055
lchika@i                         cstackBANK0  0003F
ltemp                            (abs)        0007E
ltemp0                           (abs)        0007E
ltemp1                           (abs)        00082
ltemp2                           (abs)        00086
ltemp3                           (abs)        00080
main@data_0                      cstackBANK2  00152
main@data_1                      cstackBANK2  00153
main@data_2                      cstackBANK2  00154
main@data_3                      cstackBANK2  00155
main@i                           cstackBANK2  00156
main@ringbuf                     cstackBANK2  00120
pic14e$flags                     (abs)        0007E
reset_vec                        reset_vec    00000
ringbuf_init@bufsize             cstackBANK1  000A1
ringbuf_init@internal_buf        cstackBANK1  000A0
ringbuf_init@rb                  cstackBANK1  000A3
ringbuf_num@rb                   cstackCOMMON 00071
ringbuf_pop@rb                   cstackCOMMON 00073
ringbuf_pop@ret                  cstackCOMMON 00072
stackhi                          (abs)        0216F
stacklo                          (abs)        020E3
start                            init         0020F
start_initialization             cinit        00211
timer0_init@prescaler            cstackBANK1  000A1
timer1_init@prescaler            cstackBANK1  000A1
ttemp                            (abs)        0007E
ttemp0                           (abs)        0007E
ttemp1                           (abs)        00081
ttemp2                           (abs)        00084
ttemp3                           (abs)        00087
ttemp4                           (abs)        0007F
wtemp                            (abs)        0007E
wtemp0                           (abs)        0007E
wtemp1                           (abs)        00080
wtemp2                           (abs)        00082
wtemp3                           (abs)        00084
wtemp4                           (abs)        00086
wtemp5                           (abs)        00088
wtemp6                           (abs)        0007F


FUNCTION INFORMATION:

 *************** function _main *****************
 Defined at:
		line 307 in file "PIC16F1827-ChargeStation4-01.c"
 Parameters:    Size  Location     Type
		None
 Auto vars:     Size  Location     Type
  data_3          1   53[BANK2 ] unsigned char 
  data_2          1   52[BANK2 ] unsigned char 
  data_1          1   51[BANK2 ] unsigned char 
  data_0          1   50[BANK2 ] unsigned char 
  ringbuf        50    0[BANK2 ] unsigned char [50]
  i               1   54[BANK2 ] unsigned char 
 Return value:  Size  Location     Type
                  2  394[COMMON] int 
 Registers used:
		wreg, fsr0l, fsr0h, fsr1l, fsr1h, status,2, status,0, pclath, cstack
 Tracked objects:
		On entry : 
		On exit  : 
		Unchanged: 
 Data sizes:     COMMON   BANK0   BANK1   BANK2   BANK3   BANK4
      Params:         0       0       0       0       0       0
      Locals:         0       0       0      55       0       0
      Temps:          0       0      14       0       0       0
      Totals:         0       0      14      55       0       0
Total ram usage:       69 bytes
 Hardware stack levels required when called:   12
 This function calls:
		_EEP_Read
		_LED
		_OUT
		_flag_clear
		_flag_read
		_main_init
		_ringbuf_init
 This function is called by:
		Startup code after reset
 This function uses a non-reentrant model


 *************** function _ringbuf_init *****************
 Defined at:
		line 113 in file "C:\Program Files (x86)\Microchip\xc8\v1.33\include\My_header_16F.h"
 Parameters:    Size  Location     Type
  rb              1    wreg     PTR struct ringbuf
		 -> tx_buf(4), 
  internal_buf    1    0[BANK1 ] PTR unsigned char 
		 -> main@ringbuf(50), 
  bufsize         1    1[BANK1 ] unsigned char 
 Auto vars:     Size  Location     Type
  rb              1    3[BANK1 ] PTR struct ringbuf
		 -> tx_buf(4), 
 Return value:  Size  Location     Type
		None               void
 Registers used:
		wreg, fsr1l, fsr1h, status,2
 Tracked objects:
		On entry : 
		On exit  : 
		Unchanged: 
 Data sizes:     COMMON   BANK0   BANK1   BANK2   BANK3   BANK4
      Params:         0       0       2       0       0       0
      Locals:         0       0       1       0       0       0
      Temps:          0       0       1       0       0       0
      Totals:         0       0       4       0       0       0
Total ram usage:        4 bytes
 Hardware stack levels used:    1
 Hardware stack levels required when called:    6
 This function calls:
		Nothing
 This function is called by:
		_main
 This function uses a non-reentrant model


 *************** function _main_init *****************
 Defined at:
		line 288 in file "PIC16F1827-ChargeStation4-01.c"
 Parameters:    Size  Location     Type
		None
 Auto vars:     Size  Location     Type
		None
 Return value:  Size  Location     Type
		None               void
 Registers used:
		wreg, status,2, status,0, pclath, cstack
 Tracked objects:
		On entry : 
		On exit  : 
		Unchanged: 
 Data sizes:     COMMON   BANK0   BANK1   BANK2   BANK3   BANK4
      Params:         0       0       0       0       0       0
      Locals:         0       0       0       0       0       0
      Temps:          0       0       0       0       0       0
      Totals:         0       0       0       0       0       0
Total ram usage:        0 bytes
 Hardware stack levels used:    1
 Hardware stack levels required when called:   11
 This function calls:
		_I2C_init
		_LCD_init
		_adc_init
		_timer0_init
		_timer1_init
 This function is called by:
		_main
 This function uses a non-reentrant model


 *************** function _timer1_init *****************
 Defined at:
		line 29 in file "C:\Program Files (x86)\Microchip\xc8\v1.33\include\My_header_16F.h"
 Parameters:    Size  Location     Type
  prescaler       1    wreg     unsigned char 
 Auto vars:     Size  Location     Type
  prescaler       1    1[BANK1 ] unsigned char 
 Return value:  Size  Location     Type
		None               void
 Registers used:
		wreg, status,2, status,0
 Tracked objects:
		On entry : 
		On exit  : 
		Unchanged: 
 Data sizes:     COMMON   BANK0   BANK1   BANK2   BANK3   BANK4
      Params:         0       0       0       0       0       0
      Locals:         0       0       1       0       0       0
      Temps:          0       0       1       0       0       0
      Totals:         0       0       2       0       0       0
Total ram usage:        2 bytes
 Hardware stack levels used:    1
 Hardware stack levels required when called:    6
 This function calls:
		Nothing
 This function is called by:
		_main_init
 This function uses a non-reentrant model


 *************** function _timer0_init *****************
 Defined at:
		line 15 in file "C:\Program Files (x86)\Microchip\xc8\v1.33\include\My_header_16F.h"
 Parameters:    Size  Location     Type
  prescaler       1    wreg     unsigned char 
 Auto vars:     Size  Location     Type
  prescaler       1    1[BANK1 ] unsigned char 
 Return value:  Size  Location     Type
		None               void
 Registers used:
		wreg, status,2, status,0
 Tracked objects:
		On entry : 
		On exit  : 
		Unchanged: 
 Data sizes:     COMMON   BANK0   BANK1   BANK2   BANK3   BANK4
      Params:         0       0       0       0       0       0
      Locals:         0       0       1       0       0       0
      Temps:          0       0       1       0       0       0
      Totals:         0       0       2       0       0       0
Total ram usage:        2 bytes
 Hardware stack levels used:    1
 Hardware stack levels required when called:    6
 This function calls:
		Nothing
 This function is called by:
		_main_init
 This function uses a non-reentrant model


 *************** function _adc_init *****************
 Defined at:
		line 43 in file "C:\Program Files (x86)\Microchip\xc8\v1.33\include\My_header_16F.h"
 Parameters:    Size  Location     Type
  p_ref           1    wreg     unsigned char 
 Auto vars:     Size  Location     Type
  p_ref           1    0[BANK1 ] unsigned char 
 Return value:  Size  Location     Type
		None               void
 Registers used:
		wreg, status,2, status,0
 Tracked objects:
		On entry : 
		On exit  : 
		Unchanged: 
 Data sizes:     COMMON   BANK0   BANK1   BANK2   BANK3   BANK4
      Params:         0       0       0       0       0       0
      Locals:         0       0       1       0       0       0
      Temps:          0       0       0       0       0       0
      Totals:         0       0       1       0       0       0
Total ram usage:        1 bytes
 Hardware stack levels used:    1
 Hardware stack levels required when called:    6
 This function calls:
		Nothing
 This function is called by:
		_main_init
 This function uses a non-reentrant model


 *************** function _LCD_init *****************
 Defined at:
		line 337 in file "C:\Program Files (x86)\Microchip\xc8\v1.33\include\My_header_16F.h"
 Parameters:    Size  Location     Type
		None
 Auto vars:     Size  Location     Type
		None
 Return value:  Size  Location     Type
		None               void
 Registers used:
		wreg, status,2, status,0, pclath, cstack
 Tracked objects:
		On entry : 
		On exit  : 
		Unchanged: 
 Data sizes:     COMMON   BANK0   BANK1   BANK2   BANK3   BANK4
      Params:         0       0       0       0       0       0
      Locals:         0       0       0       0       0       0
      Temps:          0       0       3       0       0       0
      Totals:         0       0       3       0       0       0
Total ram usage:        3 bytes
 Hardware stack levels used:    1
 Hardware stack levels required when called:   10
 This function calls:
		_LCD_Clear
		_LCD_Command
 This function is called by:
		_main_init
 This function uses a non-reentrant model


 *************** function _LCD_Clear *****************
 Defined at:
		line 280 in file "C:\Program Files (x86)\Microchip\xc8\v1.33\include\My_header_16F.h"
 Parameters:    Size  Location     Type
		None
 Auto vars:     Size  Location     Type
		None
 Return value:  Size  Location     Type
		None               void
 Registers used:
		wreg, status,2, status,0, pclath, cstack
 Tracked objects:
		On entry : 
		On exit  : 
		Unchanged: 
 Data sizes:     COMMON   BANK0   BANK1   BANK2   BANK3   BANK4
      Params:         0       0       0       0       0       0
      Locals:         0       0       0       0       0       0
      Temps:          0       0       2       0       0       0
      Totals:         0       0       2       0       0       0
Total ram usage:        2 bytes
 Hardware stack levels used:    1
 Hardware stack levels required when called:    9
 This function calls:
		_LCD_Command
 This function is called by:
		_LCD_init
 This function uses a non-reentrant model


 *************** function _LCD_Command *****************
 Defined at:
		line 267 in file "C:\Program Files (x86)\Microchip\xc8\v1.33\include\My_header_16F.h"
 Parameters:    Size  Location     Type
  c               1    wreg     unsigned char 
 Auto vars:     Size  Location     Type
  c               1    5[BANK1 ] unsigned char 
  ans             1    6[BANK1 ] unsigned char 
 Return value:  Size  Location     Type
		None               void
 Registers used:
		wreg, status,2, status,0, pclath, cstack
 Tracked objects:
		On entry : 
		On exit  : 
		Unchanged: 
 Data sizes:     COMMON   BANK0   BANK1   BANK2   BANK3   BANK4
      Params:         0       0       0       0       0       0
      Locals:         0       0       2       0       0       0
      Temps:          0       0       1       0       0       0
      Totals:         0       0       3       0       0       0
Total ram usage:        3 bytes
 Hardware stack levels used:    1
 Hardware stack levels required when called:    8
 This function calls:
		_I2C_Send
		_I2C_Start
		_I2C_Stop
 This function is called by:
		_LCD_Clear
		_LCD_init
 This function uses a non-reentrant model


 *************** function _I2C_init *****************
 Defined at:
		line 203 in file "C:\Program Files (x86)\Microchip\xc8\v1.33\include\My_header_16F.h"
 Parameters:    Size  Location     Type
		None
 Auto vars:     Size  Location     Type
		None
 Return value:  Size  Location     Type
		None               void
 Registers used:
		wreg
 Tracked objects:
		On entry : 
		On exit  : 
		Unchanged: 
 Data sizes:     COMMON   BANK0   BANK1   BANK2   BANK3   BANK4
      Params:         0       0       0       0       0       0
      Locals:         0       0       0       0       0       0
      Temps:          0       0       0       0       0       0
      Totals:         0       0       0       0       0       0
Total ram usage:        0 bytes
 Hardware stack levels used:    1
 Hardware stack levels required when called:    6
 This function calls:
		Nothing
 This function is called by:
		_main_init
 This function uses a non-reentrant model


 *************** function _flag_read *****************
 Defined at:
		line 259 in file "PIC16F1827-ChargeStation4-01.c"
 Parameters:    Size  Location     Type
  port            1    wreg     unsigned char 
  bit_and         1    0[BANK1 ] unsigned char 
 Auto vars:     Size  Location     Type
  port            1    1[BANK1 ] unsigned char 
 Return value:  Size  Location     Type
                  1    wreg      unsigned char 
 Registers used:
		wreg, fsr0l, fsr0h, status,2, status,0
 Tracked objects:
		On entry : 
		On exit  : 
		Unchanged: 
 Data sizes:     COMMON   BANK0   BANK1   BANK2   BANK3   BANK4
      Params:         0       0       1       0       0       0
      Locals:         0       0       1       0       0       0
      Temps:          0       0       0       0       0       0
      Totals:         0       0       2       0       0       0
Total ram usage:        2 bytes
 Hardware stack levels used:    1
 Hardware stack levels required when called:    6
 This function calls:
		Nothing
 This function is called by:
		_main
 This function uses a non-reentrant model


 *************** function _flag_clear *****************
 Defined at:
		line 272 in file "PIC16F1827-ChargeStation4-01.c"
 Parameters:    Size  Location     Type
  port            1    wreg     unsigned char 
  bit_and         1    0[BANK1 ] unsigned char 
 Auto vars:     Size  Location     Type
  port            1    2[BANK1 ] unsigned char 
 Return value:  Size  Location     Type
		None               void
 Registers used:
		wreg, fsr0l, fsr0h, status,2, status,0
 Tracked objects:
		On entry : 
		On exit  : 
		Unchanged: 
 Data sizes:     COMMON   BANK0   BANK1   BANK2   BANK3   BANK4
      Params:         0       0       1       0       0       0
      Locals:         0       0       1       0       0       0
      Temps:          0       0       1       0       0       0
      Totals:         0       0       3       0       0       0
Total ram usage:        3 bytes
 Hardware stack levels used:    1
 Hardware stack levels required when called:    6
 This function calls:
		Nothing
 This function is called by:
		_main
 This function uses a non-reentrant model


 *************** function _OUT *****************
 Defined at:
		line 215 in file "PIC16F1827-ChargeStation4-01.c"
 Parameters:    Size  Location     Type
  b               1    wreg     unsigned char 
  value           1    0[BANK1 ] unsigned char 
 Auto vars:     Size  Location     Type
  b               1    1[BANK1 ] unsigned char 
 Return value:  Size  Location     Type
		None               void
 Registers used:
		wreg, fsr0l, fsr0h, status,2, status,0
 Tracked objects:
		On entry : 
		On exit  : 
		Unchanged: 
 Data sizes:     COMMON   BANK0   BANK1   BANK2   BANK3   BANK4
      Params:         0       0       1       0       0       0
      Locals:         0       0       1       0       0       0
      Temps:          0       0       0       0       0       0
      Totals:         0       0       2       0       0       0
Total ram usage:        2 bytes
 Hardware stack levels used:    1
 Hardware stack levels required when called:    6
 This function calls:
		Nothing
 This function is called by:
		_main
 This function uses a non-reentrant model


 *************** function _LED *****************
 Defined at:
		line 243 in file "PIC16F1827-ChargeStation4-01.c"
 Parameters:    Size  Location     Type
  b               1    wreg     unsigned char 
  value           1    0[BANK1 ] unsigned char 
 Auto vars:     Size  Location     Type
  b               1    1[BANK1 ] unsigned char 
 Return value:  Size  Location     Type
		None               void
 Registers used:
		wreg, fsr0l, fsr0h, status,2, status,0
 Tracked objects:
		On entry : 
		On exit  : 
		Unchanged: 
 Data sizes:     COMMON   BANK0   BANK1   BANK2   BANK3   BANK4
      Params:         0       0       1       0       0       0
      Locals:         0       0       1       0       0       0
      Temps:          0       0       0       0       0       0
      Totals:         0       0       2       0       0       0
Total ram usage:        2 bytes
 Hardware stack levels used:    1
 Hardware stack levels required when called:    6
 This function calls:
		Nothing
 This function is called by:
		_main
 This function uses a non-reentrant model


 *************** function _EEP_Read *****************
 Defined at:
		line 435 in file "C:\Program Files (x86)\Microchip\xc8\v1.33\include\My_header_16F.h"
 Parameters:    Size  Location     Type
  Reg_h           1    wreg     unsigned char 
  Reg_l           1    6[BANK1 ] unsigned char 
 Auto vars:     Size  Location     Type
  Reg_h           1    8[BANK1 ] unsigned char 
  ans             1   10[BANK1 ] unsigned char 
  data            1    9[BANK1 ] unsigned char 
 Return value:  Size  Location     Type
                  1    wreg      unsigned char 
 Registers used:
		wreg, status,2, status,0, pclath, cstack
 Tracked objects:
		On entry : 
		On exit  : 
		Unchanged: 
 Data sizes:     COMMON   BANK0   BANK1   BANK2   BANK3   BANK4
      Params:         0       0       1       0       0       0
      Locals:         0       0       3       0       0       0
      Temps:          0       0       1       0       0       0
      Totals:         0       0       5       0       0       0
Total ram usage:        5 bytes
 Hardware stack levels used:    1
 Hardware stack levels required when called:    8
 This function calls:
		_I2C_Receive
		_I2C_Send
		_I2C_Start
		_I2C_Stop
		_I2C_rStart
 This function is called by:
		_main
 This function uses a non-reentrant model


 *************** function _I2C_rStart *****************
 Defined at:
		line 225 in file "C:\Program Files (x86)\Microchip\xc8\v1.33\include\My_header_16F.h"
 Parameters:    Size  Location     Type
  adrs            2    2[BANK1 ] int 
  rw              2    4[BANK1 ] int 
 Auto vars:     Size  Location     Type
		None
 Return value:  Size  Location     Type
                  1    wreg      unsigned char 
 Registers used:
		wreg, status,2, status,0, pclath, cstack
 Tracked objects:
		On entry : 
		On exit  : 
		Unchanged: 
 Data sizes:     COMMON   BANK0   BANK1   BANK2   BANK3   BANK4
      Params:         0       0       4       0       0       0
      Locals:         0       0       0       0       0       0
      Temps:          0       0       0       0       0       0
      Totals:         0       0       4       0       0       0
Total ram usage:        4 bytes
 Hardware stack levels used:    1
 Hardware stack levels required when called:    7
 This function calls:
		_I2C_IdleCheck
 This function is called by:
		_EEP_Read
		_RTC_Read
		_TM_Read
 This function uses a non-reentrant model


 *************** function _I2C_Stop *****************
 Defined at:
		line 237 in file "C:\Program Files (x86)\Microchip\xc8\v1.33\include\My_header_16F.h"
 Parameters:    Size  Location     Type
		None
 Auto vars:     Size  Location     Type
		None
 Return value:  Size  Location     Type
		None               void
 Registers used:
		wreg, status,2, status,0, pclath, cstack
 Tracked objects:
		On entry : 
		On exit  : 
		Unchanged: 
 Data sizes:     COMMON   BANK0   BANK1   BANK2   BANK3   BANK4
      Params:         0       0       0       0       0       0
      Locals:         0       0       0       0       0       0
      Temps:          0       0       0       0       0       0
      Totals:         0       0       0       0       0       0
Total ram usage:        0 bytes
 Hardware stack levels used:    1
 Hardware stack levels required when called:    7
 This function calls:
		_I2C_IdleCheck
 This function is called by:
		_LCD_Command
		_EEP_Read
		_LCD_CreateChar
		_RTC_Write
		_RTC_Read
		_TM_init
		_TM_Read
 This function uses a non-reentrant model


 *************** function _I2C_Start *****************
 Defined at:
		line 213 in file "C:\Program Files (x86)\Microchip\xc8\v1.33\include\My_header_16F.h"
 Parameters:    Size  Location     Type
  adrs            1    wreg     unsigned char 
  rw              1    2[BANK1 ] unsigned char 
 Auto vars:     Size  Location     Type
  adrs            1    3[BANK1 ] unsigned char 
 Return value:  Size  Location     Type
                  1    wreg      unsigned char 
 Registers used:
		wreg, status,2, status,0, pclath, cstack
 Tracked objects:
		On entry : 
		On exit  : 
		Unchanged: 
 Data sizes:     COMMON   BANK0   BANK1   BANK2   BANK3   BANK4
      Params:         0       0       1       0       0       0
      Locals:         0       0       1       0       0       0
      Temps:          0       0       0       0       0       0
      Totals:         0       0       2       0       0       0
Total ram usage:        2 bytes
 Hardware stack levels used:    1
 Hardware stack levels required when called:    7
 This function calls:
		_I2C_IdleCheck
 This function is called by:
		_LCD_Command
		_EEP_Read
		_LCD_CreateChar
		_RTC_Write
		_RTC_Read
		_TM_init
		_TM_Read
 This function uses a non-reentrant model


 *************** function _I2C_Send *****************
 Defined at:
		line 243 in file "C:\Program Files (x86)\Microchip\xc8\v1.33\include\My_header_16F.h"
 Parameters:    Size  Location     Type
  data            1    wreg     unsigned char 
 Auto vars:     Size  Location     Type
  data            1    2[BANK1 ] unsigned char 
 Return value:  Size  Location     Type
                  1    wreg      unsigned char 
 Registers used:
		wreg, status,2, status,0, pclath, cstack
 Tracked objects:
		On entry : 
		On exit  : 
		Unchanged: 
 Data sizes:     COMMON   BANK0   BANK1   BANK2   BANK3   BANK4
      Params:         0       0       0       0       0       0
      Locals:         0       0       1       0       0       0
      Temps:          0       0       0       0       0       0
      Totals:         0       0       1       0       0       0
Total ram usage:        1 bytes
 Hardware stack levels used:    1
 Hardware stack levels required when called:    7
 This function calls:
		_I2C_IdleCheck
 This function is called by:
		_LCD_Command
		_EEP_Read
		_LCD_CreateChar
		_RTC_Write
		_RTC_Read
		_TM_init
		_TM_Read
 This function uses a non-reentrant model


 *************** function _I2C_Receive *****************
 Defined at:
		line 251 in file "C:\Program Files (x86)\Microchip\xc8\v1.33\include\My_header_16F.h"
 Parameters:    Size  Location     Type
  ack             1    wreg     unsigned char 
 Auto vars:     Size  Location     Type
  ack             1    3[BANK1 ] unsigned char 
  data            1    4[BANK1 ] unsigned char 
 Return value:  Size  Location     Type
                  1    wreg      unsigned char 
 Registers used:
		wreg, status,2, status,0, pclath, cstack
 Tracked objects:
		On entry : 
		On exit  : 
		Unchanged: 
 Data sizes:     COMMON   BANK0   BANK1   BANK2   BANK3   BANK4
      Params:         0       0       0       0       0       0
      Locals:         0       0       2       0       0       0
      Temps:          0       0       1       0       0       0
      Totals:         0       0       3       0       0       0
Total ram usage:        3 bytes
 Hardware stack levels used:    1
 Hardware stack levels required when called:    7
 This function calls:
		_I2C_IdleCheck
 This function is called by:
		_EEP_Read
		_RTC_Read
		_TM_Read
 This function uses a non-reentrant model


 *************** function _I2C_IdleCheck *****************
 Defined at:
		line 199 in file "C:\Program Files (x86)\Microchip\xc8\v1.33\include\My_header_16F.h"
 Parameters:    Size  Location     Type
  mask            1    wreg     unsigned char 
 Auto vars:     Size  Location     Type
  mask            1    1[BANK1 ] unsigned char 
 Return value:  Size  Location     Type
		None               void
 Registers used:
		wreg, status,2, status,0
 Tracked objects:
		On entry : 
		On exit  : 
		Unchanged: 
 Data sizes:     COMMON   BANK0   BANK1   BANK2   BANK3   BANK4
      Params:         0       0       0       0       0       0
      Locals:         0       0       1       0       0       0
      Temps:          0       0       1       0       0       0
      Totals:         0       0       2       0       0       0
Total ram usage:        2 bytes
 Hardware stack levels used:    1
 Hardware stack levels required when called:    6
 This function calls:
		Nothing
 This function is called by:
		_I2C_Start
		_I2C_rStart
		_I2C_Stop
		_I2C_Send
		_I2C_Receive
 This function uses a non-reentrant model


 *************** function _isr *****************
 Defined at:
		line 62 in file "PIC16F1827-ChargeStation4-01.c"
 Parameters:    Size  Location     Type
		None
 Auto vars:     Size  Location     Type
  i               1   26[BANK0 ] unsigned char 
 Return value:  Size  Location     Type
		None               void
 Registers used:
[...]
      Totals:        11       0       0       0       0       0
Total ram usage:       11 bytes
 Hardware stack levels used:    1
 This function calls:
		Nothing
 This function is called by:
		_display
 This function uses a non-reentrant model


 *************** function ___aldiv *****************
 Defined at:
		line 6 in file "C:\Program Files (x86)\Microchip\xc8\v1.33\sources\common\aldiv.c"
 Parameters:    Size  Location     Type
  divisor         4    0[BANK0 ] long 
  dividend        4    4[BANK0 ] long 
 Auto vars:     Size  Location     Type
  quotient        4   10[BANK0 ] long 
  sign            1    9[BANK0 ] unsigned char 
  counter         1    8[BANK0 ] unsigned char 
 Return value:  Size  Location     Type
                  4    0[BANK0 ] long 
 Registers used:
		wreg, status,2, status,0
 Tracked objects:
		On entry : 
		On exit  : 
		Unchanged: 
 Data sizes:     COMMON   BANK0   BANK1   BANK2   BANK3   BANK4
      Params:         0       8       0       0       0       0
      Locals:         0       6       0       0       0       0
      Temps:          1       0       0       0       0       0
      Totals:         1      14       0       0       0       0
Total ram usage:       15 bytes
 Hardware stack levels used:    1
 This function calls:
		Nothing
 This function is called by:
		_display
 This function uses a non-reentrant model


 *************** function _LCD_SetCursor *****************
 Defined at:
		line 285 in file "C:\Program Files (x86)\Microchip\xc8\v1.33\include\My_header_16F.h"
 Parameters:    Size  Location     Type
  col             1    wreg     unsigned char 
  row             1    7[COMMON] unsigned char 
 Auto vars:     Size  Location     Type
  col             1   10[COMMON] unsigned char 
  row_offsets     2    8[COMMON] unsigned char [2]
 Return value:  Size  Location     Type
		None               void
 Registers used:
		wreg, fsr1l, fsr1h, status,2, status,0, pclath, cstack
 Tracked objects:
		On entry : 
		On exit  : 
		Unchanged: 
 Data sizes:     COMMON   BANK0   BANK1   BANK2   BANK3   BANK4
      Params:         1       0       0       0       0       0
      Locals:         3       0       0       0       0       0
      Temps:          0       0       0       0       0       0
      Totals:         4       0       0       0       0       0
Total ram usage:        4 bytes
 Hardware stack levels used:    1
 Hardware stack levels required when called:    3
 This function calls:
		i1_LCD_Command
 This function is called by:
		_display
 This function uses a non-reentrant model


 *************** function i1_LCD_Command *****************
 Defined at:
		line 267 in file "C:\Program Files (x86)\Microchip\xc8\v1.33\include\My_header_16F.h"
 Parameters:    Size  Location     Type
  c               1    wreg     unsigned char 
 Auto vars:     Size  Location     Type
  c               1    5[COMMON] unsigned char 
  LCD_Command     1    6[COMMON] unsigned char 
 Return value:  Size  Location     Type
		None               void
 Registers used:
		wreg, status,2, status,0, pclath, cstack
 Tracked objects:
		On entry : 
		On exit  : 
		Unchanged: 
 Data sizes:     COMMON   BANK0   BANK1   BANK2   BANK3   BANK4
      Params:         0       0       0       0       0       0
      Locals:         2       0       0       0       0       0
      Temps:          1       0       0       0       0       0
      Totals:         3       0       0       0       0       0
Total ram usage:        3 bytes
 Hardware stack levels used:    1
 Hardware stack levels required when called:    2
 This function calls:
		i1_I2C_Send
		i1_I2C_Start
		i1_I2C_Stop
 This function is called by:
		_LCD_SetCursor
		i1_LCD_Clear
 This function uses a non-reentrant model


 *************** function _LCD_Puts *****************
 Defined at:
		line 304 in file "C:\Program Files (x86)\Microchip\xc8\v1.33\include\My_header_16F.h"
 Parameters:    Size  Location     Type
  s               2    4[COMMON] PTR const unsigned char 
		 -> STR_13(8), STR_12(5), STR_11(7), STR_10(6), 
		 -> STR_9(4), STR_8(5), STR_7(7), STR_6(6), 
		 -> STR_5(5), STR_4(7), STR_3(6), STR_2(8), 
		 -> STR_1(7), 
 Auto vars:     Size  Location     Type
  ans             2    8[COMMON] int 
 Return value:  Size  Location     Type
		None               void
 Registers used:
		wreg, fsr0l, fsr0h, status,2, status,0, pclath, cstack
 Tracked objects:
		On entry : 
		On exit  : 
		Unchanged: 
 Data sizes:     COMMON   BANK0   BANK1   BANK2   BANK3   BANK4
      Params:         2       0       0       0       0       0
      Locals:         2       0       0       0       0       0
      Temps:          2       0       0       0       0       0
      Totals:         6       0       0       0       0       0
Total ram usage:        6 bytes
 Hardware stack levels used:    1
 Hardware stack levels required when called:    2
 This function calls:
		i1_I2C_Send
		i1_I2C_Start
		i1_I2C_Stop
 This function is called by:
		_display
 This function uses a non-reentrant model


 *************** function _LCD_Putc *****************
 Defined at:
		line 291 in file "C:\Program Files (x86)\Microchip\xc8\v1.33\include\My_header_16F.h"
 Parameters:    Size  Location     Type
  c               1    wreg     unsigned char 
 Auto vars:     Size  Location     Type
  c               1    5[COMMON] unsigned char 
  ans             1    6[COMMON] unsigned char 
 Return value:  Size  Location     Type
		None               void
 Registers used:
		wreg, status,2, status,0, pclath, cstack
 Tracked objects:
		On entry : 
		On exit  : 
		Unchanged: 
 Data sizes:     COMMON   BANK0   BANK1   BANK2   BANK3   BANK4
      Params:         0       0       0       0       0       0
      Locals:         2       0       0       0       0       0
      Temps:          1       0       0       0       0       0
      Totals:         3       0       0       0       0       0
Total ram usage:        3 bytes
 Hardware stack levels used:    1
 Hardware stack levels required when called:    2
 This function calls:
		i1_I2C_Send
		i1_I2C_Start
		i1_I2C_Stop
 This function is called by:
		_display
 This function uses a non-reentrant model


 *************** function _button_timer_interrupt *****************
 Defined at:
		line 87 in file "C:\Program Files (x86)\Microchip\xc8\v1.33\include\My_header_16F.h"
 Parameters:    Size  Location     Type
  bt              1    wreg     PTR struct button
		 -> sw_RA5(3), sw_RA4(3), sw_RA3(3), 
  sw_value        1    0[COMMON] unsigned char 
 Auto vars:     Size  Location     Type
  bt              1    3[COMMON] PTR struct button
		 -> sw_RA5(3), sw_RA4(3), sw_RA3(3), 
 Return value:  Size  Location     Type
		None               void
 Registers used:
		wreg, fsr1l, fsr1h, status,2, status,0
 Tracked objects:
		On entry : 
		On exit  : 
		Unchanged: 
 Data sizes:     COMMON   BANK0   BANK1   BANK2   BANK3   BANK4
      Params:         1       0       0       0       0       0
      Locals:         1       0       0       0       0       0
      Temps:          2       0       0       0       0       0
      Totals:         4       0       0       0       0       0
Total ram usage:        4 bytes
 Hardware stack levels used:    1
 This function calls:
		Nothing
 This function is called by:
		_isr
 This function uses a non-reentrant model


 *************** function _adc *****************
 Defined at:
		line 51 in file "C:\Program Files (x86)\Microchip\xc8\v1.33\include\My_header_16F.h"
 Parameters:    Size  Location     Type
  ch              1    wreg     unsigned char 
 Auto vars:     Size  Location     Type
  ch              1    3[COMMON] unsigned char 
 Return value:  Size  Location     Type
                  2    0[COMMON] unsigned int 
 Registers used:
		wreg, status,2, status,0
 Tracked objects:
		On entry : 
		On exit  : 
		Unchanged: 
 Data sizes:     COMMON   BANK0   BANK1   BANK2   BANK3   BANK4
      Params:         2       0       0       0       0       0
      Locals:         1       0       0       0       0       0
      Temps:          1       0       0       0       0       0
      Totals:         4       0       0       0       0       0
Total ram usage:        4 bytes
 Hardware stack levels used:    1
 This function calls:
		Nothing
 This function is called by:
		_isr
 This function uses a non-reentrant model


 *************** function ___wmul *****************
 Defined at:
		line 15 in file "C:\Program Files (x86)\Microchip\xc8\v1.33\sources\common\Umul16.c"
 Parameters:    Size  Location     Type
  multiplier      2    4[COMMON] unsigned int 
  multiplicand    2    6[COMMON] unsigned int 
 Auto vars:     Size  Location     Type
  product         2    8[COMMON] unsigned int 
 Return value:  Size  Location     Type
                  2    4[COMMON] unsigned int 
 Registers used:
		wreg, status,2, status,0
 Tracked objects:
		On entry : 
		On exit  : 
		Unchanged: 
 Data sizes:     COMMON   BANK0   BANK1   BANK2   BANK3   BANK4
      Params:         4       0       0       0       0       0
      Locals:         2       0       0       0       0       0
      Temps:          0       0       0       0       0       0
      Totals:         6       0       0       0       0       0
Total ram usage:        6 bytes
 Hardware stack levels used:    1
 This function calls:
		Nothing
 This function is called by:
		_isr
 This function uses a non-reentrant model


 *************** function ___lldiv *****************
 Defined at:
		line 6 in file "C:\Program Files (x86)\Microchip\xc8\v1.33\sources\common\lldiv.c"
 Parameters:    Size  Location     Type
  divisor         4    0[COMMON] unsigned long 
  dividend        4    4[COMMON] unsigned long 
 Auto vars:     Size  Location     Type
  quotient        4    9[COMMON] unsigned long 
  counter         1   13[COMMON] unsigned char 
 Return value:  Size  Location     Type
                  4    0[COMMON] unsigned long 
 Registers used:
		wreg, status,2, status,0
 Tracked objects:
		On entry : 
		On exit  : 
		Unchanged: 
 Data sizes:     COMMON   BANK0   BANK1   BANK2   BANK3   BANK4
      Params:         8       0       0       0       0       0
      Locals:         5       0       0       0       0       0
      Temps:          1       0       0       0       0       0
      Totals:        14       0       0       0       0       0
Total ram usage:       14 bytes
 Hardware stack levels used:    1
 This function calls:
		Nothing
 This function is called by:
		_isr
 This function uses a non-reentrant model


 *************** function _EEP_Write *****************
 Defined at:
		line 422 in file "C:\Program Files (x86)\Microchip\xc8\v1.33\include\My_header_16F.h"
 Parameters:    Size  Location     Type
  Reg_h           1    wreg     unsigned char 
  Reg_l           1    4[COMMON] unsigned char 
  data            1    5[COMMON] unsigned char 
 Auto vars:     Size  Location     Type
  Reg_h           1    7[COMMON] unsigned char 
  ans             1    8[COMMON] unsigned char 
 Return value:  Size  Location     Type
		None               void
 Registers used:
		wreg, status,2, status,0, pclath, cstack
 Tracked objects:
		On entry : 
		On exit  : 
		Unchanged: 
 Data sizes:     COMMON   BANK0   BANK1   BANK2   BANK3   BANK4
      Params:         2       0       0       0       0       0
      Locals:         2       0       0       0       0       0
      Temps:          1       0       0       0       0       0
      Totals:         5       0       0       0       0       0
Total ram usage:        5 bytes
 Hardware stack levels used:    1
 Hardware stack levels required when called:    2
 This function calls:
		i1_I2C_Send
		i1_I2C_Start
		i1_I2C_Stop
 This function is called by:
		_isr
 This function uses a non-reentrant model


 *************** function i1_I2C_Stop *****************
 Defined at:
		line 237 in file "C:\Program Files (x86)\Microchip\xc8\v1.33\include\My_header_16F.h"
 Parameters:    Size  Location     Type
		None
 Auto vars:     Size  Location     Type
		None
 Return value:  Size  Location     Type
		None               void
 Registers used:
		wreg, status,2, status,0, pclath, cstack
 Tracked objects:
		On entry : 
		On exit  : 
		Unchanged: 
 Data sizes:     COMMON   BANK0   BANK1   BANK2   BANK3   BANK4
      Params:         0       0       0       0       0       0
      Locals:         0       0       0       0       0       0
      Temps:          0       0       0       0       0       0
      Totals:         0       0       0       0       0       0
Total ram usage:        0 bytes
 Hardware stack levels used:    1
 Hardware stack levels required when called:    1
 This function calls:
		i1_I2C_IdleCheck
 This function is called by:
		_LCD_Putc
		_LCD_Puts
		_EEP_Write
		i1_LCD_Command
 This function uses a non-reentrant model


 *************** function i1_I2C_Start *****************
 Defined at:
		line 213 in file "C:\Program Files (x86)\Microchip\xc8\v1.33\include\My_header_16F.h"
 Parameters:    Size  Location     Type
  adrs            1    wreg     unsigned char 
  rw              1    2[COMMON] unsigned char 
 Auto vars:     Size  Location     Type
  adrs            1    3[COMMON] unsigned char 
 Return value:  Size  Location     Type
                  1    wreg      unsigned char 
 Registers used:
		wreg, status,2, status,0, pclath, cstack
 Tracked objects:
		On entry : 
		On exit  : 
		Unchanged: 
 Data sizes:     COMMON   BANK0   BANK1   BANK2   BANK3   BANK4
      Params:         1       0       0       0       0       0
      Locals:         1       0       0       0       0       0
      Temps:          0       0       0       0       0       0
      Totals:         2       0       0       0       0       0
Total ram usage:        2 bytes
 Hardware stack levels used:    1
 Hardware stack levels required when called:    1
 This function calls:
		i1_I2C_IdleCheck
 This function is called by:
		_LCD_Putc
		_LCD_Puts
		_EEP_Write
		i1_LCD_Command
 This function uses a non-reentrant model


 *************** function i1_I2C_Send *****************
 Defined at:
		line 243 in file "C:\Program Files (x86)\Microchip\xc8\v1.33\include\My_header_16F.h"
 Parameters:    Size  Location     Type
  data            1    wreg     unsigned char 
 Auto vars:     Size  Location     Type
  data            1    2[COMMON] unsigned char 
 Return value:  Size  Location     Type
                  1    wreg      unsigned char 
 Registers used:
		wreg, status,2, status,0, pclath, cstack
 Tracked objects:
		On entry : 
		On exit  : 
		Unchanged: 
 Data sizes:     COMMON   BANK0   BANK1   BANK2   BANK3   BANK4
      Params:         0       0       0       0       0       0
      Locals:         1       0       0       0       0       0
      Temps:          0       0       0       0       0       0
      Totals:         1       0       0       0       0       0
Total ram usage:        1 bytes
 Hardware stack levels used:    1
 Hardware stack levels required when called:    1
 This function calls:
		i1_I2C_IdleCheck
 This function is called by:
		_LCD_Putc
		_LCD_Puts
		_EEP_Write
		i1_LCD_Command
 This function uses a non-reentrant model


 *************** function i1_I2C_IdleCheck *****************
 Defined at:
		line 199 in file "C:\Program Files (x86)\Microchip\xc8\v1.33\include\My_header_16F.h"
 Parameters:    Size  Location     Type
  mask            1    wreg     unsigned char 
 Auto vars:     Size  Location     Type
  mask            1    1[COMMON] unsigned char 
 Return value:  Size  Location     Type
		None               void
 Registers used:
		wreg, status,2, status,0
 Tracked objects:
		On entry : 
		On exit  : 
		Unchanged: 
 Data sizes:     COMMON   BANK0   BANK1   BANK2   BANK3   BANK4
      Params:         0       0       0       0       0       0
      Locals:         1       0       0       0       0       0
      Temps:          1       0       0       0       0       0
      Totals:         2       0       0       0       0       0
Total ram usage:        2 bytes
 Hardware stack levels used:    1
 This function calls:
		Nothing
 This function is called by:
		i1_I2C_Start
		i1_I2C_Stop
		i1_I2C_Send
 This function uses a non-reentrant model



MODULE INFORMATION

Module		Function		Class		Link	Load	Size
PIC16F1827-ChargeStation4-01.c
		_display       		CODE           	0235	0000	498
		_flag_clear    		CODE           	0D2A	0000	36
		_LED           		CODE           	0D74	0000	40
		_main          		CODE           	0427	0000	444
		_OUT           		CODE           	0DF0	0000	43
		_main_init     		CODE           	0D07	0000	35
		_flag_read     		CODE           	0CC7	0000	32
		_isr           		CODE           	0004	0000	523
		_lchika        		CODE           	071E	0000	117

PIC16F1827-ChargeStation4-01.c estimated size: 1768

C:\Program Files (x86)\Microchip\xc8\v1.33\sources\common\lwmod.c
		___lwmod       		CODE           	0E48	0000	46

C:\Program Files (x86)\Microchip\xc8\v1.33\sources\common\lwmod.c estimated size: 46

C:\Program Files (x86)\Microchip\xc8\v1.33\include\My_header_16F.h
		_I2C_init      		CODE           	0AFF	0000	11
		_LCD_Command   		CODE           	0CE7	0000	32
		_LCD_Putc      		CODE           	0C16	0000	28
		_LCD_Puts      		CODE           	0E76	0000	47
		_EEP_Write     		CODE           	0C87	0000	32
		_I2C_IdleCheck 		CODE           	0B18	0000	15
		_LCD_SetCursor 		CODE           	0B46	0000	18
		_ringbuf_num   		CODE           	0DC5	0000	43
		_ringbuf_pop   		CODE           	0E1B	0000	45
		_timer0_init   		CODE           	0B7F	0000	21
		_EEP_Read      		CODE           	0EDB	0000	61
		_ringbuf_init  		CODE           	0BFB	0000	27
		_adc           		CODE           	0BE0	0000	27
		_I2C_Stop      		CODE           	0AE8	0000	6
		_LCD_init      		CODE           	0F18	0000	67
		_LCD_Clear     		CODE           	0B27	0000	15
		_I2C_Send      		CODE           	0B58	0000	18
		_button_timer_i		CODE           	05E3	0000	185
		_timer1_init   		CODE           	0B94	0000	24
		_adc_init      		CODE           	0B6A	0000	21
		_I2C_Start     		CODE           	0C4E	0000	28
		_I2C_rStart    		CODE           	0BC6	0000	26
		_I2C_Receive   		CODE           	0CA7	0000	32

C:\Program Files (x86)\Microchip\xc8\v1.33\include\My_header_16F.h estimated size: 829

C:\Program Files (x86)\Microchip\xc8\v1.33\sources\common\Umul16.c
		___wmul        		CODE           	0C6A	0000	29

C:\Program Files (x86)\Microchip\xc8\v1.33\sources\common\Umul16.c estimated size: 29

C:\Program Files (x86)\Microchip\xc8\v1.33\sources\common\almod.c
		___almod       		CODE           	0793	0000	109

C:\Program Files (x86)\Microchip\xc8\v1.33\sources\common\almod.c estimated size: 109

C:\Program Files (x86)\Microchip\xc8\v1.33\sources\common\lwdiv.c
		___lwdiv       		CODE           	0EA5	0000	54

C:\Program Files (x86)\Microchip\xc8\v1.33\sources\common\lwdiv.c estimated size: 54

C:\Program Files (x86)\Microchip\xc8\v1.33\sources\common\awdiv.c
		___awdiv       		CODE           	0FAD	0000	83

C:\Program Files (x86)\Microchip\xc8\v1.33\sources\common\awdiv.c estimated size: 83

C:\Program Files (x86)\Microchip\xc8\v1.33\sources\common\lldiv.c
		___lldiv       		CODE           	0F5B	0000	82

C:\Program Files (x86)\Microchip\xc8\v1.33\sources\common\lldiv.c estimated size: 82

shared
		i1_I2C_IdleChec		CODE           	0AF4	0000	11
		__stringdata   		STRCODE        	0800	0000	45
		i1_LCD_Clear   		CODE           	0B0A	0000	14
		i1_LCD_Command 		CODE           	0C32	0000	28
		i1_I2C_Send    		CODE           	0B36	0000	16
		i1_I2C_Stop    		CODE           	0AE2	0000	6
		i1_I2C_Start   		CODE           	0BAC	0000	26
		__initializatio		CODE           	0211	0000	32
		i1_LED         		CODE           	0D4E	0000	38
		i1_OUT         		CODE           	0D9C	0000	41

shared estimated size: 257

C:\Program Files (x86)\Microchip\xc8\v1.33\sources\common\aldiv.c
		___aldiv       		CODE           	069C	0000	130

C:\Program Files (x86)\Microchip\xc8\v1.33\sources\common\aldiv.c estimated size: 130

