Microchip MPLAB XC8 Compiler V1.35 ()

Linker command line:

--edf=C:\Program Files (x86)\Microchip\xc8\v1.35\dat\en_msgs.txt -cs \
  -h+dist/default/production\PIC18F27J53-ChargeStation-2.2.10.X.production.sym \
  --cmf=dist/default/production\PIC18F27J53-ChargeStation-2.2.10.X.production.cmf \
  -z -Q18F27J53 -oC:\Users\KERIKU~1\AppData\Local\Temp\s4v8.2 \
  -Mdist/default/production/PIC18F27J53-ChargeStation-2.2.10.X.production.map \
  -E1 -ver=XC8 -ASTACK=0D40h-0eafh -pstack=STACK -ACODE=00h-01FFF7h \
  -ACONST=00h-01FFF7h -ASMALLCONST=0F00h-0FFFhx496,01FF00h-01FFF7h \
  -AMEDIUMCONST=0F00h-0FFFFh,010F00h-01FFF7h -ACOMRAM=01h-05Fh \
  -AABS1=00h-0EAFh -ABIGRAM=01h-0EAFh \
  -ARAM=060h-0FFh,0100h-01FFhx13,0E00h-0EAFh -ABANK0=060h-0FFh \
  -ABANK1=0100h-01FFh -ABANK2=0200h-02FFh -ABANK3=0300h-03FFh \
  -ABANK4=0400h-04FFh -ABANK5=0500h-05FFh -ABANK6=0600h-06FFh \
  -ABANK7=0700h-07FFh -ABANK8=0800h-08FFh -ABANK9=0900h-09FFh \
  -ABANK10=0A00h-0AFFh -ABANK11=0B00h-0BFFh -ABANK12=0C00h-0CFFh \
  -ABANK13=0D00h-0DFFh -ABANK14=0E00h-0EAFh \
  -ASFR=0EB0h-0EFFh,0F00h-0F5Fh,0F60h-0FFFh \
  -preset_vec=00h,intcode=08h,intcodelo,powerup,init,end_init \
  -pramtop=0F00h -psmallconst=SMALLCONST -pmediumconst=MEDIUMCONST \
  -pconst=CONST -AFARRAM=00h-00h -ACONFIG=01FFF8h-01FFFFh -pconfig=CONFIG \
  -pjflash_buffer=01F800h \
  -prdata=COMRAM,nvrram=COMRAM,nvbit=COMRAM,rbss=COMRAM,rbit=COMRAM \
  -pfarbss=FARRAM,fardata=FARRAM,nvFARRAM=FARRAM \
  -pintsave_regs=BIGRAM,bigbss=BIGRAM,bigdata=BIGRAM -pbss=RAM \
  -pidata=CODE,irdata=CODE,ibigdata=CODE,ifardata=CODE -prparam=COMRAM \
  C:\Users\KERIKU~1\AppData\Local\Temp\s4v8.obj \
  dist/default/production\PIC18F27J53-ChargeStation-2.2.10.X.production.obj 

Object code version is 3.11

Machine type is 18F27J53

Call graph: (short form)




                Name                               Link     Load   Length Selector   Space Scale
C:\Users\KERIKU~1\AppData\Local\Temp\s4v8.obj
                end_init                             BC       BC        4        4       0
                reset_vec                             0        0        4        0       0
                config                            1FFF8    1FFF8        8    1FFF8       0
dist/default/production\PIC18F27J53-ChargeStation-2.2.10.X.production.obj
                intcode                               8        8       B4        4       0
                temp                                 54       54        1        1       1
                mediumconst                        FA50     FA50      5B0     7D28       0
                text129                           13E1E    13E1E       4A     8000       0
                text128                           13DD4    13DD4       4A     8000       0
                text127                           123B4    123B4       AA     8000       0
                text126                           1230A    1230A       AA     8000       0
                text125                           13160    13160       88     8000       0
                text124                           133F8    133F8       80     8000       0
                text123                           12248    12248       C2     8000       0
                text122                           14476    14476       20     8000       0
                text121                           1356E    1356E       78     8000       0
                text120                           140A2    140A2       36     8000       0
                text119                           132F2    132F2       84     8000       0
                text118                           13A90    13A90       52     8000       0
                text117                           130D6    130D6       8A     8000       0
                text116                           143D4    143D4       22     8000       0
                text115                           10E3A    10E3A      192     8000       0
                text114                           11EF6    11EF6       EC     8000       0
                text113                           1365C    1365C       74     8000       0
                text112                           14288    14288       2A     8000       0
                text111                           128C6    128C6       9C     8000       0
                text110                           12C5A    12C5A       94     8000       0
                text109                           139E4    139E4       58     8000       0
                text108                           125A8    125A8       A2     8000       0
                text107                           13D8A    13D8A       4A     8000       0
                text106                           12BC4    12BC4       96     8000       0
                text105                           141D4    141D4       32     8000       0
                text104                           143B2    143B2       22     8000       0
                text103                           14456    14456       20     8000       0
                text102                           11FE2    11FE2       D2     8000       0
                text101                           117B6    117B6      11A     8000       0
                text100                           145A0    145A0        4     8000       0
                text99                            14574    14574       12     8000       0
                text97                            14530    14530       18     8000       0
                text96                            1304A    1304A       8C     8000       0
                text95                            13BCC    13BCC       4C     8000       0
                text94                            13738    13738       68     8000       0
                text93                            142DA    142DA       28     8000       0
                text92                            13478    13478       7C     8000       0
                text91                            1153C    1153C      13E     8000       0
                text90                            14518    14518       18     8000       0
                text89                            141A2    141A2       32     8000       0
                text88                            12FBC    12FBC       8E     8000       0
                text87                            12E9E    12E9E       90     8000       0
                text86                            11D08    11D08       FA     8000       0
                text85                            129FC    129FC       9A     8000       0
                text84                            11E02    11E02       F4     8000       0
                text83                            12E0E    12E0E       90     8000       0
                text82                            1455E    1455E       16     8000       0
                text81                            140D8    140D8       34     8000       0
                text80                            144B4    144B4       1C     8000       0
                text79                            14390    14390       22     8000       0
                text78                            1278A    1278A       A0     8000       0
                text77                            1398A    1398A       5A     8000       0
                text76                            135E6    135E6       76     8000       0
                text75                            12D7E    12D7E       90     8000       0
                text74                            13D40    13D40       4A     8000       0
                text73                            1114C    1114C      162     8000       0
                text72                            126EA    126EA       A0     8000       0
                text71                            14586    14586        E     8000       0
                text70                            14436    14436       20     8000       0
                text69                            1436E    1436E       22     8000       0
                text68                            1406C    1406C       36     8000       0
                text67                            14548    14548       16     8000       0
                text66                            12CEE    12CEE       90     8000       0
                text65                            12F2E    12F2E       8E     8000       0
                text64                            11B00    11B00      10C     8000       0
                text63                            14500    14500       18     8000       0
                text62                            13B32    13B32       4E     8000       0
                text61                            13EF2    13EF2       42     8000       0
                text60                            14594    14594        C     8000       0
                text59                            14030    14030       3C     8000       0
                text58                            1245E    1245E       A6     8000       0
                text57                            14170    14170       32     8000       0
                text56                            1425E    1425E       2A     8000       0
                text55                            12A96    12A96       98     8000       0
                text54                            144E8    144E8       18     8000       0
                text53                            14206    14206       2E     8000       0
                text52                            13EAE    13EAE       44     8000       0
                text51                            142B2    142B2       28     8000       0
                text50                            13376    13376       82     8000       0
                text49                            14234    14234       2A     8000       0
                text48                            144D0    144D0       18     8000       0
                text47                            13CF6    13CF6       4A     8000       0
                text46                            14302    14302       26     8000       0
                text45                            12504    12504       A4     8000       0
                text44                            13FF2    13FF2       3E     8000       0
                text43                            13B80    13B80       4C     8000       0
                text42                            13868    13868       62     8000       0
                text41                            14496    14496       1E     8000       0
                text40                            10000    10000      348     8000       0
                text39                            11C0C    11C0C       FC     8000       0
                text38                            14416    14416       20     8000       0
                text37                            13FB4    13FB4       3E     8000       0
                text36                            13F74    13F74       40     8000       0
                text35                            13AE2    13AE2       50     8000       0
                text34                            13CAC    13CAC       4A     8000       0
                text33                            1413E    1413E       32     8000       0
                text32                            10C8E    10C8E      1AC     8000       0
                text31                            10348    10348      304     8000       0
                text30                            1326E    1326E       84     8000       0
                text29                            13F34    13F34       40     8000       0
                text28                            13C62    13C62       4A     8000       0
                text27                            120B4    120B4       CC     8000       0
                text26                            12180    12180       C8     8000       0
                text25                            136D0    136D0       68     8000       0
                text24                            10FCC    10FCC      180     8000       0
                text23                            113F8    113F8      144     8000       0
                text22                            143F6    143F6       20     8000       0
                text21                            12B2E    12B2E       96     8000       0
                text20                            119E8    119E8      118     8000       0
                text19                            1167A    1167A      13C     8000       0
                text18                            118D0    118D0      118     8000       0
                text17                            112AE    112AE      14A     8000       0
                text16                            131E8    131E8       86     8000       0
                text15                            1282A    1282A       9C     8000       0
                text14                            1264A    1264A       A0     8000       0
                text13                            1392A    1392A       60     8000       0
                text12                            138CA    138CA       60     8000       0
                text11                            1434C    1434C       22     8000       0
                text10                            13804    13804       64     8000       0
                text9                             1410C    1410C       32     8000       0
                text8                             12962    12962       9A     8000       0
                text7                             13E68    13E68       46     8000       0
                text6                             14328    14328       24     8000       0
                text5                             13A3C    13A3C       54     8000       0
                text4                             13C18    13C18       4A     8000       0
                text3                             10894    10894      248     8000       0
                text2                             10ADC    10ADC      1B2     8000       0
                text1                             1064C    1064C      248     8000       0
                text0                             137A0    137A0       64     8000       0
                cstackCOMRAM                         2B       2B       29        1       1
                cstackBANK0                          60       60       8B       60       1
                cstackBANK1                         194      194       69      100       1
                bssBIGRAMl                          4C8      4C8      7D0      4C8       1
                bssBANK4                            400      400       C8      400       1
                bssBANK3                            300      300       E4      300       1
                bssBANK2                            200      200       CC      200       1
                dataBANK1                           1FD      1FD        2      100       1
                bssBANK1                            100      100       94      100       1
                bssBANK0                             EB       EB        3       60       1
                bssCOMRAM                             1        1       2A        1       1
                cinit                             134F4    134F4       7A     8000       0
                idataBANK1                        145A4    145A4        2     8000       0

TOTAL           Name                               Link     Load   Length     Space
        CLASS   STACK          

        CLASS   CODE           
                end_init                             BC       BC        4         0
                intcode                               8        8       B4         0
                reset_vec                             0        0        4         0
                text129                           13E1E    13E1E       4A         0
                text128                           13DD4    13DD4       4A         0
                text127                           123B4    123B4       AA         0
                text126                           1230A    1230A       AA         0
                text125                           13160    13160       88         0
                text124                           133F8    133F8       80         0
                text123                           12248    12248       C2         0
                text122                           14476    14476       20         0
                text121                           1356E    1356E       78         0
                text120                           140A2    140A2       36         0
                text119                           132F2    132F2       84         0
                text118                           13A90    13A90       52         0
                text117                           130D6    130D6       8A         0
                text116                           143D4    143D4       22         0
                text115                           10E3A    10E3A      192         0
                text114                           11EF6    11EF6       EC         0
                text113                           1365C    1365C       74         0
                text112                           14288    14288       2A         0
                text111                           128C6    128C6       9C         0
                text110                           12C5A    12C5A       94         0
                text109                           139E4    139E4       58         0
                text108                           125A8    125A8       A2         0
                text107                           13D8A    13D8A       4A         0
                text106                           12BC4    12BC4       96         0
                text105                           141D4    141D4       32         0
                text104                           143B2    143B2       22         0
                text103                           14456    14456       20         0
                text102                           11FE2    11FE2       D2         0
                text101                           117B6    117B6      11A         0
                text100                           145A0    145A0        4         0
                text99                            14574    14574       12         0
                text97                            14530    14530       18         0
                text96                            1304A    1304A       8C         0
                text95                            13BCC    13BCC       4C         0
                text94                            13738    13738       68         0
                text93                            142DA    142DA       28         0
                text92                            13478    13478       7C         0
                text91                            1153C    1153C      13E         0
                text90                            14518    14518       18         0
                text89                            141A2    141A2       32         0
                text88                            12FBC    12FBC       8E         0
                text87                            12E9E    12E9E       90         0
                text86                            11D08    11D08       FA         0
                text85                            129FC    129FC       9A         0
                text84                            11E02    11E02       F4         0
                text83                            12E0E    12E0E       90         0
                text82                            1455E    1455E       16         0
                text81                            140D8    140D8       34         0
                text80                            144B4    144B4       1C         0
                text79                            14390    14390       22         0
                text78                            1278A    1278A       A0         0
                text77                            1398A    1398A       5A         0
                text76                            135E6    135E6       76         0
                text75                            12D7E    12D7E       90         0
                text74                            13D40    13D40       4A         0
                text73                            1114C    1114C      162         0
                text72                            126EA    126EA       A0         0
                text71                            14586    14586        E         0
                text70                            14436    14436       20         0
                text69                            1436E    1436E       22         0
                text68                            1406C    1406C       36         0
                text67                            14548    14548       16         0
                text66                            12CEE    12CEE       90         0
                text65                            12F2E    12F2E       8E         0
                text64                            11B00    11B00      10C         0
                text63                            14500    14500       18         0
                text62                            13B32    13B32       4E         0
                text61                            13EF2    13EF2       42         0
                text60                            14594    14594        C         0
                text59                            14030    14030       3C         0
                text58                            1245E    1245E       A6         0
                text57                            14170    14170       32         0
                text56                            1425E    1425E       2A         0
                text55                            12A96    12A96       98         0
                text54                            144E8    144E8       18         0
                text53                            14206    14206       2E         0
                text52                            13EAE    13EAE       44         0
                text51                            142B2    142B2       28         0
                text50                            13376    13376       82         0
                text49                            14234    14234       2A         0
                text48                            144D0    144D0       18         0
                text47                            13CF6    13CF6       4A         0
                text46                            14302    14302       26         0
                text45                            12504    12504       A4         0
                text44                            13FF2    13FF2       3E         0
                text43                            13B80    13B80       4C         0
                text42                            13868    13868       62         0
                text41                            14496    14496       1E         0
                text40                            10000    10000      348         0
                text39                            11C0C    11C0C       FC         0
                text38                            14416    14416       20         0
                text37                            13FB4    13FB4       3E         0
                text36                            13F74    13F74       40         0
                text35                            13AE2    13AE2       50         0
                text34                            13CAC    13CAC       4A         0
                text33                            1413E    1413E       32         0
                text32                            10C8E    10C8E      1AC         0
                text31                            10348    10348      304         0
                text30                            1326E    1326E       84         0
                text29                            13F34    13F34       40         0
                text28                            13C62    13C62       4A         0
                text27                            120B4    120B4       CC         0
                text26                            12180    12180       C8         0
                text25                            136D0    136D0       68         0
                text24                            10FCC    10FCC      180         0
                text23                            113F8    113F8      144         0
                text22                            143F6    143F6       20         0
                text21                            12B2E    12B2E       96         0
                text20                            119E8    119E8      118         0
                text19                            1167A    1167A      13C         0
                text18                            118D0    118D0      118         0
                text17                            112AE    112AE      14A         0
                text16                            131E8    131E8       86         0
                text15                            1282A    1282A       9C         0
                text14                            1264A    1264A       A0         0
                text13                            1392A    1392A       60         0
                text12                            138CA    138CA       60         0
                text11                            1434C    1434C       22         0
                text10                            13804    13804       64         0
                text9                             1410C    1410C       32         0
                text8                             12962    12962       9A         0
                text7                             13E68    13E68       46         0
                text6                             14328    14328       24         0
                text5                             13A3C    13A3C       54         0
                text4                             13C18    13C18       4A         0
                text3                             10894    10894      248         0
                text2                             10ADC    10ADC      1B2         0
                text1                             1064C    1064C      248         0
                text0                             137A0    137A0       64         0
                cinit                             134F4    134F4       7A         0
                idataBANK1                        145A4    145A4        2         0

        CLASS   CONST          

        CLASS   SMALLCONST     

        CLASS   MEDIUMCONST    
                mediumconst                        FA50     FA50      5B0         0

        CLASS   COMRAM         
                temp                                 54       54        1         1
                cstackCOMRAM                         2B       2B       29         1
                bssCOMRAM                             1        1       2A         1

        CLASS   ABS1           
                abs_s1                              D00      D00       40         1

        CLASS   BIGRAM         
                bssBIGRAMl                          4C8      4C8      7D0         1

        CLASS   RAM            

        CLASS   BANK0          
                cstackBANK0                          60       60       8B         1
                bssBANK0                             EB       EB        3         1

        CLASS   BANK1          
                cstackBANK1                         194      194       69         1
                dataBANK1                           1FD      1FD        2         1
                bssBANK1                            100      100       94         1

        CLASS   BANK2          
                bssBANK2                            200      200       CC         1

        CLASS   BANK3          
                bssBANK3                            300      300       E4         1

        CLASS   BANK4          
                bssBANK4                            400      400       C8         1

        CLASS   BANK5          

        CLASS   BANK6          

        CLASS   BANK7          

        CLASS   BANK8          

        CLASS   BANK9          

        CLASS   BANK10         

        CLASS   BANK11         

        CLASS   BANK12         

        CLASS   BANK13         

        CLASS   BANK14         

        CLASS   SFR            

        CLASS   FARRAM         

        CLASS   CONFIG         
                config                            1FFF8    1FFF8        8         0

        CLASS   IDLOC          



SEGMENTS        Name                           Load    Length   Top    Selector   Space  Class

                reset_vec                      000000  000004  000004         0       0  CODE    
                bssCOMRAM                      000001  000054  000055         1       1  COMRAM  
                intcode                        000008  0000B8  0000C0         4       0  CODE    
                cstackBANK0                    000060  00008E  0000EE        60       1  BANK0   
                bssBANK1                       000100  0000FF  0001FF       100       1  BANK1   
                bssBANK2                       000200  0000CC  0002CC       200       1  BANK2   
                bssBANK3                       000300  0000E4  0003E4       300       1  BANK3   
                bssBANK4                       000400  0000C8  0004C8       400       1  BANK4   
                bssBIGRAMl                     0004C8  0007D0  000C98       4C8       1  BIGRAM  
                mediumconst                    00FA50  0005B0  010000      7D28       0  MEDIUMCO
                text40                         010000  0045A6  0145A6      8000       0  CODE    
                config                         01FFF8  000008  020000     1FFF8       0  CONFIG  


UNUSED ADDRESS RANGES

        Name                Unused          Largest block    Delta
        BANK0            000EE-000FF              12
        BANK1            001FF-001FF               1
        BANK12           00C98-00CFF              68
        BANK13           00D40-00DFF              C0
        BANK14           00E00-00EAF              B0
        BANK2            002CC-002FF              34
        BANK3            003E4-003FF              1C
        BIGRAM           00055-0005F               B
                         000EE-000FF              12
                         001FF-001FF               1
                         002CC-002FF              34
                         003E4-003FF              1C
                         00C98-00CFF              68
                         00D40-00EAF             170
        CODE             00004-00007               4
                         000C0-0FA4F            F990
                         145A6-1FFF7            BA52
        COMRAM           00055-0005F               B
        CONST            00004-00007               4
                         000C0-0FA4F            F990
                         145A6-1FFF7            BA52
        MEDIUMCONST      00F00-0FA4F            EB50
                         145A6-1FFF7            BA52
        RAM              000EE-000FF              12
                         001FF-001FF               1
                         002CC-002FF              34
                         003E4-003FF              1C
                         00C98-00CFF              68
                         00D40-00EAF              C0
        SFR              00EB0-00FFF              60
        SMALLCONST       00F00-0FA4F             100
                         145A6-1FFF7             100
        STACK            00D40-00EAF             170

                                  Symbol Table

?_ADC                                     cstackBANK0   00060
?_CTMU_read                               cstackBANK0   0006D
?_USBTransferOnePacket                    cstackBANK0   00060
?___awmod                                 cstackBANK0   00060
?___lldiv                                 cstackBANK0   00060
?___llmod                                 cstackBANK0   0006D
?___lmul                                  cstackBANK0   0006D
?___lwdiv                                 cstackBANK0   0007C
?___lwmod                                 cstackBANK0   00060
?___wmul                                  cstackBANK0   00076
?_atoi                                    cstackBANK0   0007C
?_get_quot_rem                            cstackBANK0   00079
?_get_string_usb                          cstackBANK0   0006C
?_ringbuf_num                             cstackBANK0   00060
?_sprintf                                 cstackBANK0   00083
?_strcmp                                  cstackBANK0   00060
?i2_USBTransferOnePacket                  cstackCOMRAM  0002B
?i2___lwdiv                               cstackCOMRAM  0002B
ADC@ch                                    cstackBANK0   00063
ADC_init@p_ref                            cstackBANK0   00060
ANALOG_IN@b                               cstackBANK0   00060
Auto_cut@i                                cstackBANK0   0007E
CDCTxService@byte_to_send                 cstackBANK0   0006A
CDCTxService@i                            cstackBANK0   00069
CTMU_read@ch                              cstackBANK0   00070
CTMU_read@i                               cstackBANK0   00075
CTMU_read@sum                             cstackBANK0   00071
ISR@cnt                                   bssBANK1      00121
ISR@cnt_t1                                bssBANK1      00122
LED_indicator@cnt                         bssBANK1      00106
LED_indicator@cntf                        bssBANK2      00200
LED_indicator@i                           cstackCOMRAM  00035
LED_output@b                              cstackBANK0   00061
LED_output@value                          cstackBANK0   00060
OUT@b                                     cstackBANK0   00061
OUT@value                                 cstackBANK0   00060
PL10                                      text123       122DC
PL100                                     text2         10C70
PL102                                     text106       12C4E
PL104                                     text96        130B0
PL106                                     text3         10AB6
PL108                                     text114       11FB0
PL110                                     text64        11BD6
PL112                                     text105       141FC
PL114                                     text115       10F9C
PL116                                     text30        132E6
PL118                                     text102       12074
PL12                                      text32        10DD8
PL120                                     text39        11CBC
PL122                                     text104       143C8
PL124                                     text27        12140
PL126                                     text125       131CC
PL128                                     text96        130BE
PL130                                     text40        1030A
PL132                                     text3         10AC2
PL134                                     text124       13470
PL136                                     text1         10832
PL138                                     text115       10FAC
PL14                                      text32        10DF2
PL140                                     text8         129F2
PL142                                     text114       11FCA
PL144                                     text17        113E4
PL146                                     text88        1302C
PL148                                     text87        12F20
PL150                                     text78        12804
PL152                                     text127       12444
PL154                                     text12        1391C
PL156                                     text22        14408
PL158                                     text27        1214A
PL16                                      text31        105D4
PL160                                     text27        12158
PL162                                     text111       12942
PL164                                     text102       1207E
PL166                                     text126       12386
PL168                                     text111       12950
PL170                                     text31        1061C
PL172                                     text91        11654
PL174                                     text32        10DFC
PL176                                     text78        12812
PL178                                     text19        1177A
PL18                                      text21        12BB0
PL180                                     text39        11CD2
PL182                                     text1         1083E
PL184                                     text64        11BE0
PL186                                     text39        11CE4
PL188                                     text24        1111E
PL190                                     text3         10ACC
PL192                                     text115       10FC2
PL194                                     text102       1208C
PL196                                     text127       12452
PL198                                     text32        10E06
PL2                                       text108       1261C
PL20                                      text25        1372A
PL200                                     text57        14196
PL202                                     text1         10850
PL204                                     text31        10624
PL206                                     text62        13B74
PL208                                     text65        12FA4
PL210                                     text102       12098
PL212                                     text2         10C7A
PL214                                     text27        12162
PL216                                     text31        1062C
PL218                                     text14        126E0
PL22                                      text85        12A66
PL220                                     text83        12E8E
PL222                                     text72        12780
PL224                                     text1         1085C
PL226                                     text3         10AD2
PL228                                     text126       1239A
PL230                                     text2         10C84
PL232                                     text1         10866
PL234                                     text43        13BBC
PL236                                     text36        13FA4
PL238                                     text123       12300
PL24                                      text114       11FA4
PL240                                     text126       123A4
PL242                                     text1         10870
PL244                                     text125       131E2
PL246                                     text27        12172
PL248                                     text91        1165E
PL250                                     text65        12FAE
PL252                                     text121       135CE
PL254                                     text32        10E12
PL256                                     text40        10320
PL258                                     text85        12A82
PL26                                      text19        1175A
PL260                                     text119       13362
PL262                                     text39        11CF6
PL264                                     text32        10E1C
PL266                                     text19        11784
PL268                                     text101       118C6
PL270                                     text59        14062
PL272                                     text29        13F68
PL274                                     text110       12CE4
PL276                                     text19        1178E
PL278                                     text111       12956
PL28                                      text31        105E4
PL280                                     text32        10E26
PL282                                     text7         13EA2
PL284                                     text96        130CA
PL286                                     text40        1032A
PL288                                     text19        11794
PL290                                     text114       11FD6
PL292                                     text102       120A8
PL294                                     text19        117A0
PL296                                     text17        113EE
PL298                                     text31        10636
PL30                                      text73        11288
PL300                                     text40        10336
PL302                                     text24        11130
PL304                                     text24        11138
PL306                                     text117       13156
PL308                                     text24        11142
PL310                                     text84        11EE2
PL312                                     text113       136C6
PL314                                     text19        117AC
PL316                                     text88        13036
PL318                                     text70        1444C
PL32                                      text73        11296
PL320                                     text91        11666
PL322                                     text35        13B28
PL324                                     text34        13CEC
PL326                                     text119       1336C
PL328                                     text78        1281C
PL330                                     text84        11EEC
PL332                                     text88        13040
PL334                                     text91        11670
PL336                                     text107       13DCA
PL338                                     text121       135DC
PL34                                      text123       122E6
PL340                                     text85        12A8C
PL342                                     text1         1087A
PL344                                     text64        11BF2
PL346                                     text31        10642
PL348                                     text1         10884
PL350                                     text1         1088C
PL352                                     text32        10E32
PL354                                     text86        11DFA
PL356                                     text40        10340
PL358                                     text58        124FE
PL36                                      text124       13464
PL360                                     text64        11BFC
PL362                                     text78        12824
PL364                                     text64        11C04
PL366                                     text39        11D00
PL38                                      text73        112A0
PL4                                       text18        119D8
PL40                                      text123       122F6
PL42                                      text19        1176A
PL44                                      text29        13F58
PL46                                      text85        12A76
PL48                                      text125       131C2
PL50                                      text91        11642
PL52                                      text45        12598
PL54                                      text24        110E4
PL56                                      text23        11502
PL58                                      text102       1204E
PL6                                       text123       122D2
PL60                                      text40        102EE
PL62                                      text24        110F2
PL64                                      text3         10AAC
PL66                                      text23        11510
PL68                                      text23        1151C
PL70                                      text24        110FE
PL72                                      text66        12D72
PL74                                      text37        13FE8
PL76                                      text55        12B20
PL78                                      text115       10F80
PL8                                       text24        110CC
PL80                                      text14        126D0
PL82                                      text84        11EC2
PL84                                      text23        11532
PL86                                      text24        11114
PL88                                      text40        10300
PL90                                      text31        1060A
PL92                                      text115       10F8A
PL94                                      text20        11AE4
PL96                                      text20        11AF2
PL98                                      text72        12772
RTCC_adjust_time_cursor@tm                cstackBANK0   00060
RTCC_adjust_time_dec@i                    cstackBANK0   00098
RTCC_adjust_time_dec@i_3710               cstackBANK0   00097
RTCC_adjust_time_dec@tm                   cstackBANK0   00091
RTCC_adjust_time_inc@i                    cstackBANK0   00098
RTCC_adjust_time_inc@i_3680               cstackBANK0   00097
RTCC_adjust_time_inc@tm                   cstackBANK0   00091
RTCC_adjust_time_toggle@tm                cstackBANK0   00060
RTCC_from_RTCC@tm                         cstackBANK0   00086
RTCC_from_caltime@tm                      cstackBANK0   0008F
RTCC_from_epoch@tm                        cstackBANK0   0008F
RTCC_task@prev_halfsec                    bssBANK1      00123
RTCC_to_caltime@tm                        cstackBANK0   00062
ST7032_command@command                    cstackBANK0   00070
ST7032_command@wait                       cstackBANK0   0006F
ST7032_cursor@F8592                       dataBANK1     001FD
ST7032_cursor@col                         cstackBANK0   00074
ST7032_cursor@row                         cstackBANK0   00071
ST7032_cursor@row_offsets                 cstackBANK0   00072
ST7032_init@buf                           bssBANK4      00400
ST7032_put@c                              cstackBANK0   0006F
ST7032_puts@s                             cstackBANK0   00070
ST7032_task@data                          cstackBANK0   00071
ST7032_task@st7032_state                  bssBANK1      00124
ST7032_task@wait                          bssBANK1      00115
USBConfigureEndpoint@EPNum                cstackCOMRAM  00030
USBConfigureEndpoint@direction            cstackCOMRAM  0002B
USBConfigureEndpoint@handle               cstackCOMRAM  00031
USBCtrlEPService@setup_cnt                cstackCOMRAM  00048
USBCtrlTrfInHandler@lastDTS               cstackCOMRAM  0002C
USBCtrlTrfRxService@byteToRead            cstackCOMRAM  0002C
USBCtrlTrfRxService@i                     cstackCOMRAM  0002B
USBCtrlTrfTxService@byteToSend            cstackCOMRAM  0002B
USBDeviceInit@i                           cstackBANK0   00068
USBDeviceTasks@i                          cstackCOMRAM  00049
USBEnableEndpoint@ep                      cstackCOMRAM  00036
USBEnableEndpoint@options                 cstackCOMRAM  00033
USBEnableEndpoint@p                       cstackCOMRAM  00034
USBStdFeatureReqHandler@current_ep_data   cstackCOMRAM  00043
USBStdFeatureReqHandler@p                 cstackCOMRAM  00044
USBStdFeatureReqHandler@pUEP              cstackCOMRAM  00041
USBStdGetStatusHandler@p                  cstackCOMRAM  0002B
USBStdSetCfgHandler@i                     cstackCOMRAM  0003F
USBTransferOnePacket@data                 cstackBANK0   00061
USBTransferOnePacket@dir                  cstackBANK0   00060
USBTransferOnePacket@ep                   cstackBANK0   00064
USBTransferOnePacket@handle               cstackBANK0   00065
USBTransferOnePacket@len                  cstackBANK0   00063
USB_task@data                             cstackBANK0   00073
USB_task@rx_len                           cstackBANK0   00071
USER_USB_CALLBACK_EVENT_HANDLER@event     cstackCOMRAM  00037
USER_USB_CALLBACK_EVENT_HANDLER@pdata     cstackCOMRAM  00039
USER_USB_CALLBACK_EVENT_HANDLER@size      cstackCOMRAM  0003B
_ADC                                      text49        14234
_ADCON0bits                               (abs)         00FC2
_ADCON1bits                               (abs)         00FC1
_ADC_init                                 text70        14436
_ADRES                                    (abs)         00FC3
_ANALOG_IN                                text48        144D0
_ANCON0                                   (abs)         00F48
_ANCON1                                   (abs)         00F49
_Auto_cut                                 text45        12504
_BDT                                      (abs)         00D00
_BothEP0OutUOWNsSet                       bssBANK1      00125
_CDCDataInHandle                          bssBANK1      00117
_CDCDataOutHandle                         bssBANK1      00119
_CDCInitEP                                text118       13A90
_CDCTxService                             text84        11E02
_CDCTxService$2005                        cstackBANK0   00067
_CTMUCONH                                 (abs)         00FB3
_CTMUCONHbits                             (abs)         00FB3
_CTMUCONL                                 (abs)         00FB2
_CTMUCONLbits                             (abs)         00FB2
_CTMUICON                                 (abs)         00FB1
_CTMU_init                                text69        1436E
_CTMU_read                                text75        12D7E
_CtrlTrfData                              (abs)         00D38
_EECON2                                   (abs)         00FA7
_INTCON2bits                              (abs)         00FF1
_INTCONbits                               (abs)         00FF2
_IPR1bits                                 (abs)         00F9F
_IPR2bits                                 (abs)         00FA2
_ISR                                      intcode       00008
_LATA5                                    (abs)         07C4D
_LATA6                                    (abs)         07C4E
_LATA7                                    (abs)         07C4F
_LATB2                                    (abs)         07C52
_LATB6                                    (abs)         07C56
_LATB7                                    (abs)         07C57
_LATC2                                    (abs)         07C5A
_LED_indicator                            text127       123B4
_LED_output                               text28        13C62
_OSCCONbits                               (abs)         00FD3
_OSCTUNEbits                              (abs)         00F9B
_OUT                                      text47        13CF6
_PADCFG1bits                              (abs)         00F3C
_PIE1bits                                 (abs)         00F9D
_PIE2bits                                 (abs)         00FA0
_PIR1bits                                 (abs)         00F9E
_PIR2bits                                 (abs)         00FA1
_RCONbits                                 (abs)         00FD0
_RTCCAL                                   (abs)         00F3E
_RTCCFGbits                               (abs)         00F3F
_RTCC_adjust_time_cursor                  text25        136D0
_RTCC_adjust_time_dec                     text24        10FCC
_RTCC_adjust_time_inc                     text23        113F8
_RTCC_adjust_time_toggle                  text22        143F6
_RTCC_from_RTCC                           text90        14518
_RTCC_from_caltime                        text6         14328
_RTCC_from_epoch                          text63        14500
_RTCC_init                                text62        13B32
_RTCC_task                                text89        141A2
_RTCC_to_caltime                          text96        1304A
_RTCVALH                                  (abs)         00F3B
_RTCVALL                                  (abs)         00F3A
_RemoteWakeup                             bssCOMRAM     0001A
_SSP1ADD                                  (abs)         00FC8
_SSP1BUF                                  (abs)         00FC9
_SSP1CON1                                 (abs)         00FC6
_SSP1CON2                                 (abs)         00FC5
_SSP1CON2bits                             (abs)         00FC5
_SSP1STAT                                 (abs)         00FC7
_ST7032_clear                             text60        14594
_ST7032_command                           text61        13EF2
_ST7032_cursor                            text38        14416
_ST7032_init                              text58        1245E
_ST7032_put                               text37        13FB4
_ST7032_puts                              text36        13F74
_ST7032_task                              text86        11D08
_SetupPkt                                 (abs)         00D30
_T0CONbits                                (abs)         00FD5
_T1CONbits                                (abs)         00FCD
_T3CONbits                                (abs)         00F79
_TMR1H                                    (abs)         00FCF
_TRISA                                    (abs)         00F92
_TRISB                                    (abs)         00F93
_TRISC                                    (abs)         00F94
_UADDR                                    (abs)         00F38
_UCFG                                     (abs)         00F39
_UCON                                     (abs)         00F65
_UCONbits                                 (abs)         00F65
_UEIE                                     (abs)         00F37
_UEIR                                     (abs)         00F63
_UEP0                                     (abs)         00F26
_UEP0bits                                 (abs)         00F26
_UEP1                                     (abs)         00F27
_UIE                                      (abs)         00F36
_UIEbits                                  (abs)         00F36
_UIR                                      (abs)         00F62
_UIRbits                                  (abs)         00F62
_USBActiveConfiguration                   bssCOMRAM     00029
_USBAlternateInterface                    bssBANK1      00192
_USBBusIsSuspended                        bssBANK1      00126
_USBCheckCDCRequest                       text117       130D6
_USBCheckStdRequest                       text110       12C5A
_USBConfigureEndpoint                     text121       1356E
_USBCtrlEPAllowDataStage                  text109       139E4
_USBCtrlEPAllowStatusStage                text124       133F8
_USBCtrlEPService                         text106       12BC4
_USBCtrlEPServiceComplete                 text108       125A8
_USBCtrlTrfInHandler                      text125       13160
_USBCtrlTrfOutHandler                     text122       14476
_USBCtrlTrfRxService                      text123       12248
_USBCtrlTrfSetupHandler                   text107       13D8A
_USBCtrlTrfTxService                      text126       1230A
_USBDeferINDataStagePackets               bssBANK1      00127
_USBDeferOUTDataStagePackets              bssBANK1      00128
_USBDeferStatusStagePacket                bssCOMRAM     0001B
_USBDeviceAttach                          text57        14170
_USBDeviceInit                            text55        12A96
_USBDeviceState                           bssCOMRAM     0001C
_USBDeviceTasks                           text101       117B6
_USBEnableEndpoint                        text120       140A2
_USBStallHandler                          text105       141D4
_USBStatusStageEnabledFlag1               bssBANK1      00129
_USBStatusStageEnabledFlag2               bssBANK1      0012A
_USBStatusStageTimeoutCounter             bssCOMRAM     0001D
_USBStdFeatureReqHandler                  text115       10E3A
_USBStdGetDscHandler                      text114       11EF6
_USBStdGetStatusHandler                   text113       1365C
_USBStdSetCfgHandler                      text111       128C6
_USBSuspend                               text104       143B2
_USBTransferOnePacket                     text85        129FC
_USBWakeFromSuspend                       text103       14456
_USB_CD_Ptr                               mediumconst   0FA7F
_USB_ISR                                  text100       145A0
_USB_SD_Ptr                               mediumconst   0FA79
_USB_init                                 text54        144E8
_USB_task                                 text77        1398A
_USER_USB_CALLBACK_EVENT_HANDLER          text116       143D4
_USTAT                                    (abs)         00F64
_USTATcopy                                bssCOMRAM     0002A
__CFG_ADCSEL$BIT12                        (abs)         00000
__CFG_CFGPLLEN$ON                         (abs)         00000
__CFG_CLKOEC$OFF                          (abs)         00000
__CFG_CP0$OFF                             (abs)         00000
__CFG_CPUDIV$OSC1                         (abs)         00000
__CFG_DSBOREN$OFF                         (abs)         00000
__CFG_DSWDTEN$OFF                         (abs)         00000
__CFG_DSWDTOSC$T1OSCREF                   (abs)         00000
__CFG_DSWDTPS$G2                          (abs)         00000
__CFG_FCMEN$OFF                           (abs)         00000
__CFG_IESO$OFF                            (abs)         00000
__CFG_IOL1WAY$OFF                         (abs)         00000
__CFG_LS48MHZ$SYS48X8                     (abs)         00000
__CFG_MSSP7B_EN$MSK7                      (abs)         00000
__CFG_OSC$INTOSCPLL                       (abs)         00000
__CFG_PLLDIV$2                            (abs)         00000
__CFG_RTCOSC$T1OSCREF                     (abs)         00000
__CFG_SOSCSEL$LOW                         (abs)         00000
__CFG_STVREN$OFF                          (abs)         00000
__CFG_WDTEN$ON                            (abs)         00000
__CFG_WDTPS$8                             (abs)         00000
__CFG_WPCFG$OFF                           (abs)         00000
__CFG_WPDIS$OFF                           (abs)         00000
__CFG_WPEND$PAGE_WPFP                     (abs)         00000
__CFG_WPFP$PAGE_127                       (abs)         00000
__CFG_XINST$OFF                           (abs)         00000
__HRAM                                    (abs)         00000
__Habs1                                   abs1          00000
__Hbank0                                  bank0         00000
__Hbank1                                  bank1         00000
__Hbank10                                 bank10        00000
__Hbank11                                 bank11        00000
__Hbank12                                 bank12        00000
__Hbank13                                 bank13        00000
__Hbank14                                 bank14        00000
__Hbank2                                  bank2         00000
__Hbank3                                  bank3         00000
__Hbank4                                  bank4         00000
__Hbank5                                  bank5         00000
__Hbank6                                  bank6         00000
__Hbank7                                  bank7         00000
__Hbank8                                  bank8         00000
__Hbank9                                  bank9         00000
__Hbigbss                                 bigbss        00000
__Hbigdata                                bigdata       00000
__Hbigram                                 bigram        00000
__Hbss                                    bss           00000
__HbssBANK0                               bssBANK0      00000
__HbssBANK1                               bssBANK1      00000
__HbssBANK2                               bssBANK2      00000
__HbssBANK3                               bssBANK3      00000
__HbssBANK4                               bssBANK4      00000
__HbssBIGRAMl                             bssBIGRAMl    00000
__HbssCOMRAM                              bssCOMRAM     00000
__Hcinit                                  cinit         00000
__Hclrtext                                clrtext       00000
__Hcomram                                 comram        00000
__Hconfig                                 config        20000
__Hconst                                  const         00000
__HcstackBANK0                            cstackBANK0   00000
__HcstackBANK1                            cstackBANK1   00000
__HcstackCOMRAM                           cstackCOMRAM  00000
__Hdata                                   data          00000
__HdataBANK1                              dataBANK1     00000
__Hend_init                               end_init      000C0
__Hfarbss                                 farbss        00000
__Hfardata                                fardata       00000
__Hibigdata                               ibigdata      00000
__Hidata                                  idata         00000
__HidataBANK1                             idataBANK1    00000
__Hidloc                                  idloc         00000
__Hifardata                               ifardata      00000
__Hinit                                   init          000BC
__Hintcode                                intcode       000BC
__Hintcode_body                           intcode_body  00000
__Hintcodelo                              intcodelo     000BC
__Hintentry                               intentry      00000
__Hintret                                 intret        00000
__Hintsave_regs                           intsave_regs  00000
__Hirdata                                 irdata        00000
__Hjflash_buffer                          jflash_buffer 1F800
__Hmediumconst                            mediumconst   10000
__HnvFARRAM                               nvFARRAM      00000
__Hnvbit                                  nvbit         00000
__Hnvrram                                 nvrram        00000
__Hpa_nodes                               pa_nodes      00000
__Hparam                                  rparam        00000
__Hpowerup                                powerup       000BC
__Hram                                    ram           00000
__Hramtop                                 ramtop        00F00
__Hrbit                                   rbit          00000
__Hrbss                                   rbss          00000
__Hrdata                                  rdata         00000
__Hreset_vec                              reset_vec     00004
__Hrparam                                 rparam        00000
__Hsfr                                    sfr           00000
__Hsmallconst                             smallconst    00000
__Hspace_0                                (abs)         20000
__Hspace_1                                (abs)         00C98
__Hspace_2                                (abs)         00000
__Hstack                                  stack         00000
__Hstruct                                 struct        00000
__Htemp                                   temp          00055
__Htext                                   text          00000
__Htext0                                  text0         00000
__Htext1                                  text1         00000
__Htext10                                 text10        00000
__Htext100                                text100       00000
__Htext101                                text101       00000
__Htext102                                text102       00000
__Htext103                                text103       00000
__Htext104                                text104       00000
__Htext105                                text105       00000
__Htext106                                text106       00000
__Htext107                                text107       00000
__Htext108                                text108       00000
__Htext109                                text109       00000
__Htext11                                 text11        00000
__Htext110                                text110       00000
__Htext111                                text111       00000
__Htext112                                text112       00000
__Htext113                                text113       00000
__Htext114                                text114       00000
__Htext115                                text115       00000
__Htext116                                text116       00000
__Htext117                                text117       00000
__Htext118                                text118       00000
__Htext119                                text119       00000
__Htext12                                 text12        00000
__Htext120                                text120       00000
__Htext121                                text121       00000
__Htext122                                text122       00000
__Htext123                                text123       00000
__Htext124                                text124       00000
__Htext125                                text125       00000
__Htext126                                text126       00000
__Htext127                                text127       00000
__Htext128                                text128       00000
__Htext129                                text129       00000
__Htext13                                 text13        00000
__Htext14                                 text14        00000
__Htext15                                 text15        00000
__Htext16                                 text16        00000
__Htext17                                 text17        00000
__Htext18                                 text18        00000
__Htext19                                 text19        00000
__Htext2                                  text2         00000
__Htext20                                 text20        00000
__Htext21                                 text21        00000
__Htext22                                 text22        00000
__Htext23                                 text23        00000
__Htext24                                 text24        00000
__Htext25                                 text25        00000
__Htext26                                 text26        00000
__Htext27                                 text27        00000
__Htext28                                 text28        00000
__Htext29                                 text29        00000
__Htext3                                  text3         00000
__Htext30                                 text30        00000
__Htext31                                 text31        00000
__Htext32                                 text32        00000
__Htext33                                 text33        00000
__Htext34                                 text34        00000
__Htext35                                 text35        00000
__Htext36                                 text36        00000
__Htext37                                 text37        00000
__Htext38                                 text38        00000
__Htext39                                 text39        00000
__Htext4                                  text4         00000
__Htext40                                 text40        00000
__Htext41                                 text41        00000
__Htext42                                 text42        00000
__Htext43                                 text43        00000
__Htext44                                 text44        00000
__Htext45                                 text45        00000
__Htext46                                 text46        00000
__Htext47                                 text47        00000
__Htext48                                 text48        00000
__Htext49                                 text49        00000
__Htext5                                  text5         00000
__Htext50                                 text50        00000
__Htext51                                 text51        00000
__Htext52                                 text52        00000
__Htext53                                 text53        00000
__Htext54                                 text54        00000
__Htext55                                 text55        00000
__Htext56                                 text56        00000
__Htext57                                 text57        00000
__Htext58                                 text58        00000
__Htext59                                 text59        00000
__Htext6                                  text6         00000
__Htext60                                 text60        00000
__Htext61                                 text61        00000
__Htext62                                 text62        00000
__Htext63                                 text63        00000
__Htext64                                 text64        00000
__Htext65                                 text65        00000
__Htext66                                 text66        00000
__Htext67                                 text67        00000
__Htext68                                 text68        00000
__Htext69                                 text69        00000
__Htext7                                  text7         00000
__Htext70                                 text70        00000
__Htext71                                 text71        00000
__Htext72                                 text72        00000
__Htext73                                 text73        00000
__Htext74                                 text74        00000
__Htext75                                 text75        00000
__Htext76                                 text76        00000
__Htext77                                 text77        00000
__Htext78                                 text78        00000
__Htext79                                 text79        00000
__Htext8                                  text8         00000
__Htext80                                 text80        00000
__Htext81                                 text81        00000
__Htext82                                 text82        00000
__Htext83                                 text83        00000
__Htext84                                 text84        00000
__Htext85                                 text85        00000
__Htext86                                 text86        00000
__Htext87                                 text87        00000
__Htext88                                 text88        00000
__Htext89                                 text89        00000
__Htext9                                  text9         00000
__Htext90                                 text90        00000
__Htext91                                 text91        00000
__Htext92                                 text92        00000
__Htext93                                 text93        00000
__Htext94                                 text94        00000
__Htext95                                 text95        00000
__Htext96                                 text96        00000
__Htext97                                 text97        00000
__Htext99                                 text99        00000
__LRAM                                    (abs)         00001
__Labs1                                   abs1          00000
__Lbank0                                  bank0         00000
__Lbank1                                  bank1         00000
__Lbank10                                 bank10        00000
__Lbank11                                 bank11        00000
__Lbank12                                 bank12        00000
__Lbank13                                 bank13        00000
__Lbank14                                 bank14        00000
__Lbank2                                  bank2         00000
__Lbank3                                  bank3         00000
__Lbank4                                  bank4         00000
__Lbank5                                  bank5         00000
__Lbank6                                  bank6         00000
__Lbank7                                  bank7         00000
__Lbank8                                  bank8         00000
__Lbank9                                  bank9         00000
__Lbigbss                                 bigbss        00000
__Lbigdata                                bigdata       00000
__Lbigram                                 bigram        00000
__Lbss                                    bss           00000
__LbssBANK0                               bssBANK0      00000
__LbssBANK1                               bssBANK1      00000
__LbssBANK2                               bssBANK2      00000
__LbssBANK3                               bssBANK3      00000
__LbssBANK4                               bssBANK4      00000
__LbssBIGRAMl                             bssBIGRAMl    00000
__LbssCOMRAM                              bssCOMRAM     00000
__Lcinit                                  cinit         00000
__Lclrtext                                clrtext       00000
__Lcomram                                 comram        00000
__Lconfig                                 config        1FFF8
__Lconst                                  const         00000
__LcstackBANK0                            cstackBANK0   00000
__LcstackBANK1                            cstackBANK1   00000
__LcstackCOMRAM                           cstackCOMRAM  00000
__Ldata                                   data          00000
__LdataBANK1                              dataBANK1     00000
__Lend_init                               end_init      000BC
__Lfarbss                                 farbss        00000
__Lfardata                                fardata       00000
__Libigdata                               ibigdata      00000
__Lidata                                  idata         00000
__LidataBANK1                             idataBANK1    00000
__Lidloc                                  idloc         00000
__Lifardata                               ifardata      00000
__Linit                                   init          000BC
__Lintcode                                intcode       00008
__Lintcode_body                           intcode_body  00000
__Lintcodelo                              intcodelo     000BC
__Lintentry                               intentry      00000
__Lintret                                 intret        00000
__Lintsave_regs                           intsave_regs  00000
__Lirdata                                 irdata        00000
__Ljflash_buffer                          jflash_buffer 1F800
__Lmediumconst                            mediumconst   0FA50
__LnvFARRAM                               nvFARRAM      00000
__Lnvbit                                  nvbit         00000
__Lnvrram                                 nvrram        00000
__Lpa_nodes                               pa_nodes      00000
__Lparam                                  rparam        00000
__Lpowerup                                powerup       000BC
__Lram                                    ram           00000
__Lramtop                                 ramtop        00F00
__Lrbit                                   rbit          00000
__Lrbss                                   rbss          00000
__Lrdata                                  rdata         00000
__Lreset_vec                              reset_vec     00000
__Lrparam                                 rparam        00000
__Lsfr                                    sfr           00000
__Lsmallconst                             smallconst    00000
__Lspace_0                                (abs)         00000
__Lspace_1                                (abs)         00000
__Lspace_2                                (abs)         00000
__Lstack                                  stack         00000
__Lstruct                                 struct        00000
__Ltemp                                   temp          00054
__Ltext                                   text          00000
__Ltext0                                  text0         00000
__Ltext1                                  text1         00000
__Ltext10                                 text10        00000
__Ltext100                                text100       00000
__Ltext101                                text101       00000
__Ltext102                                text102       00000
__Ltext103                                text103       00000
__Ltext104                                text104       00000
__Ltext105                                text105       00000
__Ltext106                                text106       00000
__Ltext107                                text107       00000
__Ltext108                                text108       00000
__Ltext109                                text109       00000
__Ltext11                                 text11        00000
__Ltext110                                text110       00000
__Ltext111                                text111       00000
__Ltext112                                text112       00000
__Ltext113                                text113       00000
__Ltext114                                text114       00000
__Ltext115                                text115       00000
__Ltext116                                text116       00000
__Ltext117                                text117       00000
__Ltext118                                text118       00000
__Ltext119                                text119       00000
__Ltext12                                 text12        00000
__Ltext120                                text120       00000
__Ltext121                                text121       00000
__Ltext122                                text122       00000
__Ltext123                                text123       00000
__Ltext124                                text124       00000
__Ltext125                                text125       00000
__Ltext126                                text126       00000
__Ltext127                                text127       00000
__Ltext128                                text128       00000
__Ltext129                                text129       00000
__Ltext13                                 text13        00000
__Ltext14                                 text14        00000
__Ltext15                                 text15        00000
__Ltext16                                 text16        00000
__Ltext17                                 text17        00000
__Ltext18                                 text18        00000
__Ltext19                                 text19        00000
__Ltext2                                  text2         00000
__Ltext20                                 text20        00000
__Ltext21                                 text21        00000
__Ltext22                                 text22        00000
__Ltext23                                 text23        00000
__Ltext24                                 text24        00000
__Ltext25                                 text25        00000
[...]
Total ram usage:        2 bytes
 Hardware stack levels used:    1
 This function calls:
		Nothing
 This function is called by:
		_LED_indicator
 This function uses a non-reentrant model



MODULE INFORMATION

Module		Function		Class		Link	Load	Size
../My_library/My_terminal.c
		_print_time    		CODE           	13A3C	0000	85
		_terminal_at_hand		CODE           	13C18	0000	75
		_terminal_time 		CODE           	10894	0000	537
		_terminal_task 		CODE           	1064C	0000	487

../My_library/My_terminal.c estimated size: 1184

../My_library/My_ringbuf.c
		_ringbuf_put_num		CODE           	13804	0000	101
		_ringbuf_put_str		CODE           	13B80	0000	61
		_ringbuf_num   		CODE           	12FBC	0000	113
		_ringbuf_pop   		CODE           	12E9E	0000	131
		_ringbuf_put   		CODE           	1278A	0000	123
		_ringbuf_init  		CODE           	14030	0000	51
		_ringbuf_backspace		CODE           	138CA	0000	83
		_ringbuf_delete		CODE           	1434C	0000	35

../My_library/My_ringbuf.c estimated size: 698

../My_library/My_usb_cdc.c
		_USB_task      		CODE           	1398A	0000	91
		_USB_ISR       		CODE           	145A0	0000	5
		_USER_USB_CALLBACK_EVENT_HANDLER		CODE           	143D4	0000	35
		_put_string_usb		CODE           	14390	0000	35
		_is_usb_available		CODE           	1455E	0000	23
		_get_string_usb		CODE           	140D8	0000	53
		_USB_init      		CODE           	144E8	0000	25

../My_library/My_usb_cdc.c estimated size: 267

C:\Program Files (x86)\Microchip\xc8\v1.35\sources\common\Umul32.c
		___lmul        		CODE           	13BCC	0000	77

C:\Program Files (x86)\Microchip\xc8\v1.35\sources\common\Umul32.c estimated size: 77

settings.c
		_settings_auto_stop		CODE           	119E8	0000	253
		_settings_led_indicator		CODE           	118D0	0000	265
		_settings_adjust_time		CODE           	12B2E	0000	131
		_settings_task 		CODE           	112AE	0000	311
		_settings_integrating_reset		CODE           	1167A	0000	225

settings.c estimated size: 1185

C:\Program Files (x86)\Microchip\xc8\v1.35\sources\common\isdigit.c
		_isdigit       		CODE           	14496	0000	31

C:\Program Files (x86)\Microchip\xc8\v1.35\sources\common\isdigit.c estimated size: 31

C:\Program Files (x86)\Microchip\xc8\v1.35\sources\common\strcat.c
		_strcat        		CODE           	13AE2	0000	71

C:\Program Files (x86)\Microchip\xc8\v1.35\sources\common\strcat.c estimated size: 71

../My_library/My_PIC.c
		_ADC           		CODE           	14234	0000	43
		_CTMU_read     		CODE           	12D7E	0000	145
		_CTMU_init     		CODE           	1436E	0000	35
		_ADC_init      		CODE           	14436	0000	23
		_timer0_init   		CODE           	14206	0000	47
		_millis_timer  		CODE           	14574	0000	19
		_timer3_init   		CODE           	142B2	0000	41
		_timer1_init   		CODE           	13EAE	0000	69

../My_library/My_PIC.c estimated size: 422

../My_library/usb/usb_device_cdc.c
		_CDCTxService  		CODE           	11E02	0000	193
		_CDCInitEP     		CODE           	13A90	0000	83
		_putUSBUSART   		CODE           	144B4	0000	29
		_getsUSBUSART  		CODE           	12E0E	0000	129
		_USBCheckCDCRequest		CODE           	130D6	0000	129

../My_library/usb/usb_device_cdc.c estimated size: 563

C:\Program Files (x86)\Microchip\xc8\v1.35\sources\common\lbdiv.c
		___lbdiv       		CODE           	1406C	0000	55

C:\Program Files (x86)\Microchip\xc8\v1.35\sources\common\lbdiv.c estimated size: 55

io.c
		_ANALOG_IN     		CODE           	144D0	0000	25
		_OUT           		CODE           	13CF6	0000	75
		_LED_output    		CODE           	13C62	0000	75

io.c estimated size: 175

../My_library/My_RTCC.c
		_RTCC_adjust_time_dec		CODE           	10FCC	0000	257
		_display_dec   		CODE           	13CAC	0000	65
		_caltime_to_RTCC		CODE           	12CEE	0000	133
		_month_length  		CODE           	13478	0000	125
		_display_time_1602		CODE           	10C8E	0000	331
		_d_to_x        		CODE           	14548	0000	23
		_epoch_to_caltime		CODE           	11B00	0000	215
		_RTCC_task     		CODE           	141A2	0000	51
		_RTCC_adjust_time_cursor		CODE           	136D0	0000	91
		_RTCC_from_RTCC		CODE           	14518	0000	25
		_RTCC_from_caltime		CODE           	14328	0000	37
		_RTCC_adjust_time_toggle		CODE           	143F6	0000	19
		_RTCC_init     		CODE           	13B32	0000	67
		_RTCC_adjust_time_inc		CODE           	113F8	0000	267
		_RTCC_to_caltime		CODE           	1304A	0000	103
		_get_quot_rem  		CODE           	12F2E	0000	119
		_x_to_d        		CODE           	14530	0000	25
		_RTCC_from_epoch		CODE           	14500	0000	25
		_caltime_to_epoch		CODE           	1153C	0000	263

../My_library/My_RTCC.c estimated size: 2241

C:\Program Files (x86)\Microchip\xc8\v1.35\sources\common\strcmp.c
		_strcmp        		CODE           	13E68	0000	59

C:\Program Files (x86)\Microchip\xc8\v1.35\sources\common\strcmp.c estimated size: 59

C:\Program Files (x86)\Microchip\xc8\v1.35\sources\common\strcpy.c
		_strcpy        		CODE           	1413E	0000	51

C:\Program Files (x86)\Microchip\xc8\v1.35\sources\common\strcpy.c estimated size: 51

C:\Program Files (x86)\Microchip\xc8\v1.35\sources\common\memset.c
		_memset        		CODE           	1425E	0000	43

C:\Program Files (x86)\Microchip\xc8\v1.35\sources\common\memset.c estimated size: 43

C:\Program Files (x86)\Microchip\xc8\v1.35\sources\common\atoi.c
		_atoi          		CODE           	12962	0000	145

C:\Program Files (x86)\Microchip\xc8\v1.35\sources\common\atoi.c estimated size: 145

C:\Program Files (x86)\Microchip\xc8\v1.35\sources\common\lwmod.c
		___lwmod       		CODE           	13FF2	0000	63

C:\Program Files (x86)\Microchip\xc8\v1.35\sources\common\lwmod.c estimated size: 63

../My_library/usb/usb_device.c
		_USBCtrlTrfInHandler		CODE           	13160	0000	99
		_USBTransferOnePacket		CODE           	129FC	0000	107
		_USBDeviceAttach		CODE           	14170	0000	39
		_USBStdGetDscHandler		CODE           	11EF6	0000	175
		_USBCtrlEPAllowDataStage		CODE           	139E4	0000	89
		_USBStdFeatureReqHandler		CODE           	10E3A	0000	327
		_USBCtrlEPAllowStatusStage		CODE           	133F8	0000	109
		_USBCtrlTrfSetupHandler		CODE           	13D8A	0000	65
		_USBCtrlTrfOutHandler		CODE           	14476	0000	33
		_USBCtrlEPServiceComplete		CODE           	125A8	0000	117
		_USBSuspend    		CODE           	143B2	0000	23
		_USBStdSetCfgHandler		CODE           	128C6	0000	125
		_USBStdGetStatusHandler		CODE           	1365C	0000	107
		_USBWakeFromSuspend		CODE           	14456	0000	33
		_USBCtrlTrfRxService		CODE           	12248	0000	139
		_USBCtrlTrfTxService		CODE           	1230A	0000	125
		_USBEnableEndpoint		CODE           	140A2	0000	55
		_USBConfigureEndpoint		CODE           	1356E	0000	97
		_USBDeviceInit 		CODE           	12A96	0000	139
		_USBCtrlEPService		CODE           	12BC4	0000	139
		_USBStallHandler		CODE           	141D4	0000	41
		_USBDeviceTasks		CODE           	117B6	0000	273
		_USBCheckStdRequest		CODE           	12C5A	0000	139

../My_library/usb/usb_device.c estimated size: 2595

C:\Program Files (x86)\Microchip\xc8\v1.35\sources\common\doprnt.c
		_sprintf       		CODE           	10000	0000	751

C:\Program Files (x86)\Microchip\xc8\v1.35\sources\common\doprnt.c estimated size: 751

C:\Program Files (x86)\Microchip\xc8\v1.35\sources\common\llmod.c
		___llmod       		CODE           	13868	0000	99

C:\Program Files (x86)\Microchip\xc8\v1.35\sources\common\llmod.c estimated size: 99

shared
		PL12           		CODE           	10DD8	0000	27
		PL50           		CODE           	11642	0000	19
		PL8            		CODE           	110CC	0000	25
		_weekday_3char 		MEDIUMCONST    	FBA4	0000	29
		PL268          		CODE           	118C6	0000	11
		PL22           		CODE           	12A66	0000	17
		PL60           		CODE           	102EE	0000	19
		_configDescriptor1		MEDIUMCONST    	FAF9	0000	68
		PL178          		CODE           	1177A	0000	11
		PL100          		CODE           	10C70	0000	11
		PL32           		CODE           	11296	0000	11
		PL70           		CODE           	110FE	0000	23
		PL278          		CODE           	12956	0000	13
		_USB_CD_Ptr    		MEDIUMCONST    	FA7F	0000	3
		PL200          		CODE           	14196	0000	13
		PL42           		CODE           	1176A	0000	17
		PL80           		CODE           	126D0	0000	17
		_sd001         		MEDIUMCONST    	FB3C	0000	53
		PL188          		CODE           	1111E	0000	19
		PL110          		CODE           	11BD6	0000	11
		PL300          		CODE           	10336	0000	11
		PL14           		CODE           	10DF2	0000	11
		PL52           		CODE           	12598	0000	17
		PL90           		CODE           	1060A	0000	19
		PL288          		CODE           	11794	0000	13
		PL210          		CODE           	12098	0000	17
		PL24           		CODE           	11FA4	0000	13
		PL62           		CODE           	110F2	0000	13
		data_out@p     		MEDIUMCONST    	FBDC	0000	7
		PL198          		CODE           	10E06	0000	13
		PL120          		CODE           	11CBC	0000	23
		PL310          		CODE           	11EE2	0000	11
		PL34           		CODE           	122E6	0000	17
		PL72           		CODE           	12D72	0000	13
		PL298          		CODE           	10636	0000	13
		PL220          		CODE           	12E8E	0000	17
		PL44           		CODE           	13F58	0000	17
		PL82           		CODE           	11EC2	0000	33
		PL130          		CODE           	1030A	0000	23
		PL320          		CODE           	11666	0000	11
		PL16           		CODE           	105D4	0000	17
		PL54           		CODE           	110E4	0000	15
		PL92           		CODE           	10F8A	0000	19
		PL230          		CODE           	10C84	0000	11
		PL26           		CODE           	1175A	0000	17
		PL64           		CODE           	10AAC	0000	11
		PL102          		CODE           	12C4E	0000	13
		PL140          		CODE           	129F2	0000	11
		PL330          		CODE           	11EEC	0000	11
		PL36           		CODE           	13464	0000	13
		PL74           		CODE           	13FE8	0000	11
		PL202          		CODE           	10850	0000	13
		PL240          		CODE           	123A4	0000	17
		PL46           		CODE           	12A76	0000	13
		PL84           		CODE           	11532	0000	11
		_sd002         		MEDIUMCONST    	FB70	0000	53
		_dpowers       		MEDIUMCONST    	FA51	0000	41
		PL112          		CODE           	141FC	0000	11
		PL302          		CODE           	11130	0000	9
		PL150          		CODE           	12804	0000	15
		PL340          		CODE           	12A8C	0000	11
		PL18           		CODE           	12BB0	0000	21
		PL56           		CODE           	11502	0000	15
		PL94           		CODE           	11AE4	0000	15
		i2___lwdiv     		CODE           	13DD4	0000	75
		PL212          		CODE           	10C7A	0000	11
		PL250          		CODE           	12FAE	0000	15
		PL28           		CODE           	105E4	0000	39
		PL66           		CODE           	11510	0000	13
		i2_USBDeviceInit		CODE           	11FE2	0000	109
		PL122          		CODE           	143C8	0000	13
		PL312          		CODE           	136C6	0000	11
		PL160          		CODE           	12158	0000	11
		PL350          		CODE           	1088C	0000	9
		PL38           		CODE           	112A0	0000	15
		PL76           		CODE           	12B20	0000	15
		PL222          		CODE           	12780	0000	11
		PL260          		CODE           	13362	0000	11
		PL48           		CODE           	131C2	0000	11
		PL86           		CODE           	11114	0000	11
		PL132          		CODE           	10AC2	0000	11
		PL322          		CODE           	13B28	0000	11
		PL170          		CODE           	1061C	0000	9
		PL360          		CODE           	11BFC	0000	9
		PL58           		CODE           	1204E	0000	39
		PL96           		CODE           	11AF2	0000	15
		PL232          		CODE           	10866	0000	11
		PL270          		CODE           	14062	0000	11
		PL68           		CODE           	1151C	0000	23
		PL104          		CODE           	130B0	0000	15
		PL142          		CODE           	11FCA	0000	13
		PL332          		CODE           	13040	0000	11
		PL180          		CODE           	11CD2	0000	19
		PL78           		CODE           	10F80	0000	11
		PL204          		CODE           	10624	0000	9
		PL242          		CODE           	10870	0000	11
		PL280          		CODE           	10E26	0000	13
		PL88           		CODE           	10300	0000	11
		PL114          		CODE           	10F9C	0000	17
		PL304          		CODE           	11138	0000	11
		PL152          		CODE           	12444	0000	15
		PL342          		CODE           	1087A	0000	11
		PL190          		CODE           	10ACC	0000	7
		PL98           		CODE           	12772	0000	15
		PL214          		CODE           	12162	0000	17
		PL252          		CODE           	135CE	0000	15
		PL290          		CODE           	11FD6	0000	13
		PL124          		CODE           	12140	0000	11
		PL314          		CODE           	117AC	0000	11
		PL162          		CODE           	12942	0000	15
		PL352          		CODE           	10E32	0000	9
		__initialization		CODE           	134F4	0000	113
		PL224          		CODE           	1085C	0000	11
		PL262          		CODE           	11CF6	0000	11
		PL134          		CODE           	13470	0000	9
		PL324          		CODE           	13CEC	0000	11
		PL172          		CODE           	11654	0000	11
		PL362          		CODE           	12824	0000	7
		PL234          		CODE           	13BBC	0000	17
		PL272          		CODE           	13F68	0000	13
		_device_dsc    		MEDIUMCONST    	FBC0	0000	19
		PL106          		CODE           	10AB6	0000	13
		PL144          		CODE           	113E4	0000	11
		PL334          		CODE           	11670	0000	11
		PL182          		CODE           	1083E	0000	19
		display_LCD@onoff		MEDIUMCONST    	FBD2	0000	11
		PL206          		CODE           	13B74	0000	13
		PL244          		CODE           	131E2	0000	7
		PL282          		CODE           	13EA2	0000	13
		PL116          		CODE           	132E6	0000	13
		PL306          		CODE           	13156	0000	11
		PL154          		CODE           	1391C	0000	15
		PL344          		CODE           	11BF2	0000	11
		PL192          		CODE           	10FC2	0000	11
		PL216          		CODE           	1062C	0000	11
		PL254          		CODE           	10E12	0000	11
		PL292          		CODE           	120A8	0000	13
		PL126          		CODE           	131CC	0000	23
		PL316          		CODE           	13036	0000	11
		PL164          		CODE           	1207E	0000	15
		PL354          		CODE           	11DFA	0000	9
		PL226          		CODE           	10AD2	0000	11
		PL264          		CODE           	10E1C	0000	11
		PL136          		CODE           	10832	0000	13
		PL326          		CODE           	1336C	0000	11
		PL174          		CODE           	10DFC	0000	11
		PL364          		CODE           	11C04	0000	9
		PL236          		CODE           	13FA4	0000	17
		PL274          		CODE           	12CE4	0000	11
		i2_LED_output  		CODE           	13E1E	0000	75
		PL108          		CODE           	11FB0	0000	27
		PL146          		CODE           	1302C	0000	11
		PL336          		CODE           	13DCA	0000	11
		PL184          		CODE           	11BE0	0000	19
		PL208          		CODE           	12FA4	0000	11
		PL246          		CODE           	12172	0000	15
		PL284          		CODE           	130CA	0000	13
		PL118          		CODE           	12074	0000	11
		PL308          		CODE           	11142	0000	11
		PL156          		CODE           	14408	0000	15
		PL346          		CODE           	10642	0000	11
		PL194          		CODE           	1208C	0000	13
		PL218          		CODE           	126E0	0000	11
		PL256          		CODE           	10320	0000	11
		PL294          		CODE           	117A0	0000	13
		_USB_SD_Ptr    		MEDIUMCONST    	FA79	0000	7
		PL128          		CODE           	130BE	0000	13
		PL318          		CODE           	1444C	0000	11
		PL166          		CODE           	12386	0000	21
		PL356          		CODE           	10340	0000	9
		PL228          		CODE           	1239A	0000	11
		PL266          		CODE           	11784	0000	11
		display_LCD@port_char		MEDIUMCONST    	FA81	0000	121
		PL138          		CODE           	10FAC	0000	23
		PL328          		CODE           	1281C	0000	9
		PL176          		CODE           	12812	0000	11
		PL366          		CODE           	11D00	0000	9
		i2_memset      		CODE           	14288	0000	43
		PL2            		CODE           	1261C	0000	47
		PL238          		CODE           	12300	0000	11
		PL276          		CODE           	1178E	0000	7
		_sd000         		MEDIUMCONST    	FBE2	0000	5
		PL148          		CODE           	12F20	0000	15
		PL338          		CODE           	135DC	0000	11
		PL186          		CODE           	11CE4	0000	19
		PL10           		CODE           	122DC	0000	11
		PL4            		CODE           	119D8	0000	17
		PL248          		CODE           	1165E	0000	9
		PL286          		CODE           	1032A	0000	13
		i2_USBTransferOnePacket		CODE           	132F2	0000	113
		PL20           		CODE           	1372A	0000	15
		PL158          		CODE           	1214A	0000	15
		PL348          		CODE           	10884	0000	9
		PL196          		CODE           	12452	0000	13
		PL30           		CODE           	11288	0000	15
		PL6            		CODE           	122D2	0000	11
		PL258          		CODE           	12A82	0000	11
		PL296          		CODE           	113EE	0000	11
		PL40           		CODE           	122F6	0000	11
		PL168          		CODE           	12950	0000	7
		PL358          		CODE           	124FE	0000	7

shared estimated size: 3470

C:\Program Files (x86)\Microchip\xc8\v1.35\sources\common\awmod.c
		___awmod       		CODE           	13738	0000	105

C:\Program Files (x86)\Microchip\xc8\v1.35\sources\common\awmod.c estimated size: 105

ctmu.c
		_ctmu_set_ratio		CODE           	1264A	0000	135
		_ctmu_sampling 		CODE           	126EA	0000	137
		_ctmu_task     		CODE           	14586	0000	15

ctmu.c estimated size: 287

../My_library/My_ST7032.c
		_ST7032_put    		CODE           	13FB4	0000	53
		_ST7032_task   		CODE           	11D08	0000	243
		_ST7032_init   		CODE           	1245E	0000	161
		_ST7032_puts   		CODE           	13F74	0000	49
		_ST7032_clear  		CODE           	14594	0000	13
		_ST7032_cursor 		CODE           	14416	0000	33
		_ST7032_command		CODE           	13EF2	0000	67

../My_library/My_ST7032.c estimated size: 619

LCD_print.c
		_display       		CODE           	120B4	0000	141
		_display_LCD   		CODE           	10348	0000	653

LCD_print.c estimated size: 794

../My_library/My_button.c
		_button_timer_interrupt		CODE           	1114C	0000	317

../My_library/My_button.c estimated size: 317

ChargeStation_task.c
		_terminal_operation		CODE           	10ADC	0000	405
		_normal_task   		CODE           	131E8	0000	135
		_integrate_time		CODE           	13F34	0000	37
		_port_button_task		CODE           	12180	0000	201
		_LED_indicator 		CODE           	123B4	0000	145
		_integrate_current		CODE           	1326E	0000	121
		_sleep_task    		CODE           	1282A	0000	157
		_data_out      		CODE           	11C0C	0000	177
		_Auto_cut      		CODE           	12504	0000	149
		_bootload      		CODE           	1410C	0000	51

ChargeStation_task.c estimated size: 1578

C:\Program Files (x86)\Microchip\xc8\v1.35\sources\common\lwdiv.c
		___lwdiv       		CODE           	13D40	0000	75

C:\Program Files (x86)\Microchip\xc8\v1.35\sources\common\lwdiv.c estimated size: 75

C:\Program Files (x86)\Microchip\xc8\v1.35\sources\common\Umul16.c
		___wmul        		CODE           	14302	0000	39

C:\Program Files (x86)\Microchip\xc8\v1.35\sources\common\Umul16.c estimated size: 39

C:\Program Files (x86)\Microchip\xc8\v1.35\sources\common\lbmod.c
		___lbmod       		CODE           	142DA	0000	41

C:\Program Files (x86)\Microchip\xc8\v1.35\sources\common\lbmod.c estimated size: 41

C:\Program Files (x86)\Microchip\xc8\v1.35\sources\common\lldiv.c
		___lldiv       		CODE           	135E6	0000	119

C:\Program Files (x86)\Microchip\xc8\v1.35\sources\common\lldiv.c estimated size: 119

main.c
		_ISR           		CODE           	0008	0000	181
		_hardware_init 		CODE           	13376	0000	131
		_main          		CODE           	137A0	0000	101
		_software_init 		CODE           	1392A	0000	97

main.c estimated size: 510

