Microchip MPLAB XC8 Compiler V1.35 ()

Linker command line:

--edf=C:\Program Files (x86)\Microchip\xc8\v1.35\dat\en_msgs.txt -cs \
  -h+dist/default/production\PIC18F27J53-ChargeStation-2.2.10.X.production.sym \
  --cmf=dist/default/production\PIC18F27J53-ChargeStation-2.2.10.X.production.cmf \
  -z -Q18F27J53 -oC:\Users\KERIKU~1\AppData\Local\Temp\s5r0.2 \
  -Mdist/default/production/PIC18F27J53-ChargeStation-2.2.10.X.production.map \
  -E1 -ver=XC8 -ASTACK=0D40h-0eafh -pstack=STACK -ACODE=00h-01FFF7h \
  -ACONST=00h-01FFF7h -ASMALLCONST=0F00h-0FFFhx496,01FF00h-01FFF7h \
  -AMEDIUMCONST=0F00h-0FFFFh,010F00h-01FFF7h -ACOMRAM=01h-05Fh \
  -AABS1=00h-0EAFh -ABIGRAM=01h-0EAFh \
  -ARAM=060h-0FFh,0100h-01FFhx13,0E00h-0EAFh -ABANK0=060h-0FFh \
  -ABANK1=0100h-01FFh -ABANK2=0200h-02FFh -ABANK3=0300h-03FFh \
  -ABANK4=0400h-04FFh -ABANK5=0500h-05FFh -ABANK6=0600h-06FFh \
  -ABANK7=0700h-07FFh -ABANK8=0800h-08FFh -ABANK9=0900h-09FFh \
  -ABANK10=0A00h-0AFFh -ABANK11=0B00h-0BFFh -ABANK12=0C00h-0CFFh \
  -ABANK13=0D00h-0DFFh -ABANK14=0E00h-0EAFh \
  -ASFR=0EB0h-0EFFh,0F00h-0F5Fh,0F60h-0FFFh \
  -preset_vec=00h,intcode=08h,intcodelo,powerup,init,end_init \
  -pramtop=0F00h -psmallconst=SMALLCONST -pmediumconst=MEDIUMCONST \
  -pconst=CONST -AFARRAM=00h-00h -ACONFIG=01FFF8h-01FFFFh -pconfig=CONFIG \
  -pjflash_buffer=01F800h \
  -prdata=COMRAM,nvrram=COMRAM,nvbit=COMRAM,rbss=COMRAM,rbit=COMRAM \
  -pfarbss=FARRAM,fardata=FARRAM,nvFARRAM=FARRAM \
  -pintsave_regs=BIGRAM,bigbss=BIGRAM,bigdata=BIGRAM -pbss=RAM \
  -pidata=CODE,irdata=CODE,ibigdata=CODE,ifardata=CODE -prparam=COMRAM \
  C:\Users\KERIKU~1\AppData\Local\Temp\s5r0.obj \
  dist/default/production\PIC18F27J53-ChargeStation-2.2.10.X.production.obj 

Object code version is 3.11

Machine type is 18F27J53

Call graph: (short form)




                Name                               Link     Load   Length Selector   Space Scale
C:\Users\KERIKU~1\AppData\Local\Temp\s5r0.obj
                end_init                             BC       BC        4        4       0
                reset_vec                             0        0        4        0       0
                config                            1FFF8    1FFF8        8    1FFF8       0
dist/default/production\PIC18F27J53-ChargeStation-2.2.10.X.production.obj
                intcode                               8        8       B4        4       0
                temp                                 54       54        1        1       1
                mediumconst                        FA50     FA50      5B0     7D28       0
                text129                           13E2A    13E2A       4A     8000       0
                text128                           13DE0    13DE0       4A     8000       0
                text127                           123B4    123B4       AA     8000       0
                text126                           1230A    1230A       AA     8000       0
                text125                           130D6    130D6       8C     8000       0
                text124                           133FC    133FC       80     8000       0
                text123                           12248    12248       C2     8000       0
                text122                           14482    14482       20     8000       0
                text121                           135EA    135EA       78     8000       0
                text120                           140AE    140AE       36     8000       0
                text119                           132F6    132F6       84     8000       0
                text118                           13A9C    13A9C       52     8000       0
                text117                           13162    13162       8A     8000       0
                text116                           143E0    143E0       22     8000       0
                text115                           10E38    10E38      198     8000       0
                text114                           11EFA    11EFA       EC     8000       0
                text113                           13572    13572       78     8000       0
                text112                           14294    14294       2A     8000       0
                text111                           128C6    128C6       9C     8000       0
                text110                           12C5A    12C5A       94     8000       0
                text109                           13992    13992       5C     8000       0
                text108                           125A8    125A8       A2     8000       0
                text107                           13D96    13D96       4A     8000       0
                text106                           12BC4    12BC4       96     8000       0
                text105                           141E0    141E0       32     8000       0
                text104                           143BE    143BE       22     8000       0
                text103                           14462    14462       20     8000       0
                text102                           11FE6    11FE6       D2     8000       0
                text101                           117BA    117BA      11A     8000       0
                text100                           145AC    145AC        4     8000       0
                text99                            14580    14580       12     8000       0
                text97                            1453C    1453C       18     8000       0
                text96                            1304A    1304A       8C     8000       0
                text95                            13BD8    13BD8       4C     8000       0
                text94                            13740    13740       68     8000       0
                text93                            142E6    142E6       28     8000       0
                text92                            1347C    1347C       7C     8000       0
                text91                            11540    11540      13E     8000       0
                text90                            14524    14524       18     8000       0
                text89                            141AE    141AE       32     8000       0
                text88                            12FBC    12FBC       8E     8000       0
                text87                            12E9E    12E9E       90     8000       0
                text86                            11D0C    11D0C       FA     8000       0
                text85                            129FC    129FC       9A     8000       0
                text84                            11E06    11E06       F4     8000       0
                text83                            12E0E    12E0E       90     8000       0
                text82                            1456A    1456A       16     8000       0
                text81                            140E4    140E4       34     8000       0
                text80                            144C0    144C0       1C     8000       0
                text79                            1439C    1439C       22     8000       0
                text78                            1278A    1278A       A0     8000       0
                text77                            139EE    139EE       5A     8000       0
                text76                            13662    13662       76     8000       0
                text75                            12D7E    12D7E       90     8000       0
                text74                            13D4C    13D4C       4A     8000       0
                text73                            11150    11150      162     8000       0
                text72                            126EA    126EA       A0     8000       0
                text71                            14592    14592        E     8000       0
                text70                            14442    14442       20     8000       0
                text69                            1437A    1437A       22     8000       0
                text68                            14078    14078       36     8000       0
                text67                            14554    14554       16     8000       0
                text66                            12CEE    12CEE       90     8000       0
                text65                            12F2E    12F2E       8E     8000       0
                text64                            11B04    11B04      10C     8000       0
                text63                            1450C    1450C       18     8000       0
                text62                            13B3E    13B3E       4E     8000       0
                text61                            13EFE    13EFE       42     8000       0
                text60                            145A0    145A0        C     8000       0
                text59                            1403C    1403C       3C     8000       0
                text58                            1245E    1245E       A6     8000       0
                text57                            1417C    1417C       32     8000       0
                text56                            1426A    1426A       2A     8000       0
                text55                            12A96    12A96       98     8000       0
                text54                            144F4    144F4       18     8000       0
                text53                            14212    14212       2E     8000       0
                text52                            13EBA    13EBA       44     8000       0
                text51                            142BE    142BE       28     8000       0
                text50                            1337A    1337A       82     8000       0
                text49                            14240    14240       2A     8000       0
                text48                            144DC    144DC       18     8000       0
                text47                            13D02    13D02       4A     8000       0
                text46                            1430E    1430E       26     8000       0
                text45                            12504    12504       A4     8000       0
                text44                            13FFE    13FFE       3E     8000       0
                text43                            13B8C    13B8C       4C     8000       0
                text42                            13870    13870       62     8000       0
                text41                            144A2    144A2       1E     8000       0
                text40                            10000    10000      348     8000       0
                text39                            11C10    11C10       FC     8000       0
                text38                            14422    14422       20     8000       0
                text37                            13FC0    13FC0       3E     8000       0
                text36                            13F80    13F80       40     8000       0
                text35                            13AEE    13AEE       50     8000       0
                text34                            13CB8    13CB8       4A     8000       0
                text33                            1414A    1414A       32     8000       0
                text32                            10C8C    10C8C      1AC     8000       0
                text31                            10348    10348      302     8000       0
                text30                            13272    13272       84     8000       0
                text29                            13F40    13F40       40     8000       0
                text28                            13C6E    13C6E       4A     8000       0
                text27                            120B8    120B8       CC     8000       0
                text26                            12184    12184       C4     8000       0
                text25                            136D8    136D8       68     8000       0
                text24                            10FD0    10FD0      180     8000       0
                text23                            113FC    113FC      144     8000       0
                text22                            14402    14402       20     8000       0
                text21                            12B2E    12B2E       96     8000       0
                text20                            119EC    119EC      118     8000       0
                text19                            1167E    1167E      13C     8000       0
                text18                            118D4    118D4      118     8000       0
                text17                            112B2    112B2      14A     8000       0
                text16                            131EC    131EC       86     8000       0
                text15                            1282A    1282A       9C     8000       0
                text14                            1264A    1264A       A0     8000       0
                text13                            13932    13932       60     8000       0
                text12                            138D2    138D2       60     8000       0
                text11                            14358    14358       22     8000       0
                text10                            1380C    1380C       64     8000       0
                text9                             14118    14118       32     8000       0
                text8                             12962    12962       9A     8000       0
                text7                             13E74    13E74       46     8000       0
                text6                             14334    14334       24     8000       0
                text5                             13A48    13A48       54     8000       0
                text4                             13C24    13C24       4A     8000       0
                text3                             10892    10892      248     8000       0
                text2                             10ADA    10ADA      1B2     8000       0
                text1                             1064A    1064A      248     8000       0
                text0                             137A8    137A8       64     8000       0
                cstackCOMRAM                         2B       2B       29        1       1
                cstackBANK0                          60       60       8B       60       1
                cstackBANK1                         194      194       69      100       1
                bssBIGRAMl                          4C8      4C8      7D0      4C8       1
                bssBANK4                            400      400       C8      400       1
                bssBANK3                            300      300       E4      300       1
                bssBANK2                            200      200       CC      200       1
                dataBANK1                           1FD      1FD        2      100       1
                bssBANK1                            100      100       94      100       1
                bssBANK0                             EB       EB        3       60       1
                bssCOMRAM                             1        1       2A        1       1
                cinit                             134F8    134F8       7A     8000       0
                idataBANK1                        145B0    145B0        2     8000       0

TOTAL           Name                               Link     Load   Length     Space
        CLASS   STACK          

        CLASS   CODE           
                end_init                             BC       BC        4         0
                intcode                               8        8       B4         0
                reset_vec                             0        0        4         0
                text129                           13E2A    13E2A       4A         0
                text128                           13DE0    13DE0       4A         0
                text127                           123B4    123B4       AA         0
                text126                           1230A    1230A       AA         0
                text125                           130D6    130D6       8C         0
                text124                           133FC    133FC       80         0
                text123                           12248    12248       C2         0
                text122                           14482    14482       20         0
                text121                           135EA    135EA       78         0
                text120                           140AE    140AE       36         0
                text119                           132F6    132F6       84         0
                text118                           13A9C    13A9C       52         0
                text117                           13162    13162       8A         0
                text116                           143E0    143E0       22         0
                text115                           10E38    10E38      198         0
                text114                           11EFA    11EFA       EC         0
                text113                           13572    13572       78         0
                text112                           14294    14294       2A         0
                text111                           128C6    128C6       9C         0
                text110                           12C5A    12C5A       94         0
                text109                           13992    13992       5C         0
                text108                           125A8    125A8       A2         0
                text107                           13D96    13D96       4A         0
                text106                           12BC4    12BC4       96         0
                text105                           141E0    141E0       32         0
                text104                           143BE    143BE       22         0
                text103                           14462    14462       20         0
                text102                           11FE6    11FE6       D2         0
                text101                           117BA    117BA      11A         0
                text100                           145AC    145AC        4         0
                text99                            14580    14580       12         0
                text97                            1453C    1453C       18         0
                text96                            1304A    1304A       8C         0
                text95                            13BD8    13BD8       4C         0
                text94                            13740    13740       68         0
                text93                            142E6    142E6       28         0
                text92                            1347C    1347C       7C         0
                text91                            11540    11540      13E         0
                text90                            14524    14524       18         0
                text89                            141AE    141AE       32         0
                text88                            12FBC    12FBC       8E         0
                text87                            12E9E    12E9E       90         0
                text86                            11D0C    11D0C       FA         0
                text85                            129FC    129FC       9A         0
                text84                            11E06    11E06       F4         0
                text83                            12E0E    12E0E       90         0
                text82                            1456A    1456A       16         0
                text81                            140E4    140E4       34         0
                text80                            144C0    144C0       1C         0
                text79                            1439C    1439C       22         0
                text78                            1278A    1278A       A0         0
                text77                            139EE    139EE       5A         0
                text76                            13662    13662       76         0
                text75                            12D7E    12D7E       90         0
                text74                            13D4C    13D4C       4A         0
                text73                            11150    11150      162         0
                text72                            126EA    126EA       A0         0
                text71                            14592    14592        E         0
                text70                            14442    14442       20         0
                text69                            1437A    1437A       22         0
                text68                            14078    14078       36         0
                text67                            14554    14554       16         0
                text66                            12CEE    12CEE       90         0
                text65                            12F2E    12F2E       8E         0
                text64                            11B04    11B04      10C         0
                text63                            1450C    1450C       18         0
                text62                            13B3E    13B3E       4E         0
                text61                            13EFE    13EFE       42         0
                text60                            145A0    145A0        C         0
                text59                            1403C    1403C       3C         0
                text58                            1245E    1245E       A6         0
                text57                            1417C    1417C       32         0
                text56                            1426A    1426A       2A         0
                text55                            12A96    12A96       98         0
                text54                            144F4    144F4       18         0
                text53                            14212    14212       2E         0
                text52                            13EBA    13EBA       44         0
                text51                            142BE    142BE       28         0
                text50                            1337A    1337A       82         0
                text49                            14240    14240       2A         0
                text48                            144DC    144DC       18         0
                text47                            13D02    13D02       4A         0
                text46                            1430E    1430E       26         0
                text45                            12504    12504       A4         0
                text44                            13FFE    13FFE       3E         0
                text43                            13B8C    13B8C       4C         0
                text42                            13870    13870       62         0
                text41                            144A2    144A2       1E         0
                text40                            10000    10000      348         0
                text39                            11C10    11C10       FC         0
                text38                            14422    14422       20         0
                text37                            13FC0    13FC0       3E         0
                text36                            13F80    13F80       40         0
                text35                            13AEE    13AEE       50         0
                text34                            13CB8    13CB8       4A         0
                text33                            1414A    1414A       32         0
                text32                            10C8C    10C8C      1AC         0
                text31                            10348    10348      302         0
                text30                            13272    13272       84         0
                text29                            13F40    13F40       40         0
                text28                            13C6E    13C6E       4A         0
                text27                            120B8    120B8       CC         0
                text26                            12184    12184       C4         0
                text25                            136D8    136D8       68         0
                text24                            10FD0    10FD0      180         0
                text23                            113FC    113FC      144         0
                text22                            14402    14402       20         0
                text21                            12B2E    12B2E       96         0
                text20                            119EC    119EC      118         0
                text19                            1167E    1167E      13C         0
                text18                            118D4    118D4      118         0
                text17                            112B2    112B2      14A         0
                text16                            131EC    131EC       86         0
                text15                            1282A    1282A       9C         0
                text14                            1264A    1264A       A0         0
                text13                            13932    13932       60         0
                text12                            138D2    138D2       60         0
                text11                            14358    14358       22         0
                text10                            1380C    1380C       64         0
                text9                             14118    14118       32         0
                text8                             12962    12962       9A         0
                text7                             13E74    13E74       46         0
                text6                             14334    14334       24         0
                text5                             13A48    13A48       54         0
                text4                             13C24    13C24       4A         0
                text3                             10892    10892      248         0
                text2                             10ADA    10ADA      1B2         0
                text1                             1064A    1064A      248         0
                text0                             137A8    137A8       64         0
                cinit                             134F8    134F8       7A         0
                idataBANK1                        145B0    145B0        2         0

        CLASS   CONST          

        CLASS   SMALLCONST     

        CLASS   MEDIUMCONST    
                mediumconst                        FA50     FA50      5B0         0

        CLASS   COMRAM         
                temp                                 54       54        1         1
                cstackCOMRAM                         2B       2B       29         1
                bssCOMRAM                             1        1       2A         1

        CLASS   ABS1           
                abs_s1                              D00      D00       40         1

        CLASS   BIGRAM         
                bssBIGRAMl                          4C8      4C8      7D0         1

        CLASS   RAM            

        CLASS   BANK0          
                cstackBANK0                          60       60       8B         1
                bssBANK0                             EB       EB        3         1

        CLASS   BANK1          
                cstackBANK1                         194      194       69         1
                dataBANK1                           1FD      1FD        2         1
                bssBANK1                            100      100       94         1

        CLASS   BANK2          
                bssBANK2                            200      200       CC         1

        CLASS   BANK3          
                bssBANK3                            300      300       E4         1

        CLASS   BANK4          
                bssBANK4                            400      400       C8         1

        CLASS   BANK5          

        CLASS   BANK6          

        CLASS   BANK7          

        CLASS   BANK8          

        CLASS   BANK9          

        CLASS   BANK10         

        CLASS   BANK11         

        CLASS   BANK12         

        CLASS   BANK13         

        CLASS   BANK14         

        CLASS   SFR            

        CLASS   FARRAM         

        CLASS   CONFIG         
                config                            1FFF8    1FFF8        8         0

        CLASS   IDLOC          



SEGMENTS        Name                           Load    Length   Top    Selector   Space  Class

                reset_vec                      000000  000004  000004         0       0  CODE    
                bssCOMRAM                      000001  000054  000055         1       1  COMRAM  
                intcode                        000008  0000B8  0000C0         4       0  CODE    
                cstackBANK0                    000060  00008E  0000EE        60       1  BANK0   
                bssBANK1                       000100  0000FF  0001FF       100       1  BANK1   
                bssBANK2                       000200  0000CC  0002CC       200       1  BANK2   
                bssBANK3                       000300  0000E4  0003E4       300       1  BANK3   
                bssBANK4                       000400  0000C8  0004C8       400       1  BANK4   
                bssBIGRAMl                     0004C8  0007D0  000C98       4C8       1  BIGRAM  
                mediumconst                    00FA50  0005B0  010000      7D28       0  MEDIUMCO
                text40                         010000  0045B2  0145B2      8000       0  CODE    
                config                         01FFF8  000008  020000     1FFF8       0  CONFIG  


UNUSED ADDRESS RANGES

        Name                Unused          Largest block    Delta
        BANK0            000EE-000FF              12
        BANK1            001FF-001FF               1
        BANK12           00C98-00CFF              68
        BANK13           00D40-00DFF              C0
        BANK14           00E00-00EAF              B0
        BANK2            002CC-002FF              34
        BANK3            003E4-003FF              1C
        BIGRAM           00055-0005F               B
                         000EE-000FF              12
                         001FF-001FF               1
                         002CC-002FF              34
                         003E4-003FF              1C
                         00C98-00CFF              68
                         00D40-00EAF             170
        CODE             00004-00007               4
                         000C0-0FA4F            F990
                         145B2-1FFF7            BA46
        COMRAM           00055-0005F               B
        CONST            00004-00007               4
                         000C0-0FA4F            F990
                         145B2-1FFF7            BA46
        MEDIUMCONST      00F00-0FA4F            EB50
                         145B2-1FFF7            BA46
        RAM              000EE-000FF              12
                         001FF-001FF               1
                         002CC-002FF              34
                         003E4-003FF              1C
                         00C98-00CFF              68
                         00D40-00EAF              C0
        SFR              00EB0-00FFF              60
        SMALLCONST       00F00-0FA4F             100
                         145B2-1FFF7             100
        STACK            00D40-00EAF             170

                                  Symbol Table

?_ADC                                     cstackBANK0   00060
?_CTMU_read                               cstackBANK0   0006D
?_USBTransferOnePacket                    cstackBANK0   00060
?___awmod                                 cstackBANK0   00060
?___lldiv                                 cstackBANK0   00060
?___llmod                                 cstackBANK0   0006D
?___lmul                                  cstackBANK0   0006D
?___lwdiv                                 cstackBANK0   0007C
?___lwmod                                 cstackBANK0   00060
?___wmul                                  cstackBANK0   00076
?_atoi                                    cstackBANK0   0007C
?_get_quot_rem                            cstackBANK0   00079
?_get_string_usb                          cstackBANK0   0006C
?_ringbuf_num                             cstackBANK0   00060
?_sprintf                                 cstackBANK0   00083
?_strcmp                                  cstackBANK0   00060
?i2_USBTransferOnePacket                  cstackCOMRAM  0002B
?i2___lwdiv                               cstackCOMRAM  0002B
ADC@ch                                    cstackBANK0   00063
ADC_init@p_ref                            cstackBANK0   00060
ANALOG_IN@b                               cstackBANK0   00060
Auto_cut@i                                cstackBANK0   0007E
CDCTxService@byte_to_send                 cstackBANK0   0006A
CDCTxService@i                            cstackBANK0   00069
CTMU_read@ch                              cstackBANK0   00070
CTMU_read@i                               cstackBANK0   00075
CTMU_read@sum                             cstackBANK0   00071
ISR@cnt                                   bssBANK1      00121
ISR@cnt_t1                                bssBANK1      00122
LED_indicator@cnt                         bssBANK1      00106
LED_indicator@cntf                        bssBANK2      00200
LED_indicator@i                           cstackCOMRAM  00035
LED_output@b                              cstackBANK0   00061
LED_output@value                          cstackBANK0   00060
OUT@b                                     cstackBANK0   00061
OUT@value                                 cstackBANK0   00060
PL10                                      text123       122DC
PL100                                     text20        11AE8
PL102                                     text20        11AF6
PL104                                     text72        12772
PL106                                     text3         10AB4
PL108                                     text114       11FB4
PL110                                     text105       14208
PL112                                     text115       10FA0
PL114                                     text30        132EA
PL116                                     text64        11BDA
PL118                                     text102       12078
PL12                                      text32        10DD6
PL120                                     text124       13474
PL122                                     text1         10830
PL124                                     text27        12144
PL126                                     text115       10FB0
PL128                                     text8         129F2
PL130                                     text114       11FCE
PL132                                     text88        1302C
PL134                                     text125       13144
PL136                                     text17        113E8
PL138                                     text39        11CC0
PL14                                      text32        10DF0
PL140                                     text104       143D4
PL142                                     text125       13150
PL144                                     text96        130BE
PL146                                     text40        1030A
PL148                                     text3         10AC0
PL150                                     text22        14414
PL152                                     text27        1214E
PL154                                     text27        1215C
PL156                                     text111       12942
PL158                                     text102       12082
PL16                                      text21        12BB0
PL160                                     text87        12F20
PL162                                     text78        12804
PL164                                     text127       12444
PL166                                     text12        13924
PL168                                     text111       12950
PL170                                     text126       12386
PL172                                     text78        12812
PL174                                     text19        1177E
PL176                                     text31        1061A
PL178                                     text91        11658
PL18                                      text31        105D2
PL180                                     text32        10DFA
PL182                                     text24        11122
PL184                                     text3         10ACA
PL186                                     text115       10FC6
PL188                                     text39        11CD6
PL190                                     text1         1083C
PL192                                     text64        11BE4
PL194                                     text39        11CE8
PL196                                     text102       12090
PL198                                     text127       12452
PL2                                       text108       1261C
PL20                                      text25        13732
PL200                                     text32        10E04
PL202                                     text57        141A2
PL204                                     text1         1084E
PL206                                     text31        10622
PL208                                     text62        13B80
PL210                                     text31        1062A
PL212                                     text14        126E0
PL214                                     text83        12E8E
PL216                                     text72        12780
PL218                                     text1         1085A
PL22                                      text85        12A66
PL220                                     text3         10AD0
PL222                                     text126       1239A
PL224                                     text2         10C78
PL226                                     text1         10864
PL228                                     text43        13BC8
PL230                                     text36        13FB0
PL232                                     text123       12300
PL234                                     text126       123A4
PL236                                     text1         1086E
PL238                                     text65        12FA4
PL24                                      text114       11FA8
PL240                                     text102       1209C
PL242                                     text2         10C82
PL244                                     text27        12166
PL246                                     text125       1315C
PL248                                     text27        12176
PL250                                     text91        11662
PL252                                     text65        12FAE
PL254                                     text121       1364A
PL256                                     text119       13366
PL258                                     text39        11CFA
PL26                                      text19        1175E
PL260                                     text32        10E10
PL262                                     text19        11788
PL264                                     text101       118CA
PL266                                     text59        1406E
PL268                                     text32        10E1A
PL270                                     text40        10320
PL272                                     text85        12A82
PL274                                     text17        113F2
PL276                                     text111       12956
PL278                                     text7         13EAE
PL28                                      text31        105E2
PL280                                     text96        130CA
PL282                                     text40        1032A
PL284                                     text19        11792
PL286                                     text114       11FDA
PL288                                     text102       120AC
PL290                                     text19        1179E
PL292                                     text32        10E24
PL294                                     text31        10634
PL296                                     text29        13F74
PL298                                     text110       12CE4
PL30                                      text73        1128C
PL300                                     text19        117AA
PL302                                     text113       135E0
PL304                                     text19        117B0
PL306                                     text88        13036
PL308                                     text70        14458
PL310                                     text91        1166A
PL312                                     text35        13B34
PL314                                     text34        13CF8
PL316                                     text119       13370
PL318                                     text78        1281C
PL32                                      text73        1129A
PL320                                     text84        11EE6
PL322                                     text88        13040
PL324                                     text91        11674
PL326                                     text107       13DD6
PL328                                     text121       13658
PL330                                     text85        12A8C
PL332                                     text1         10878
PL334                                     text64        11BF6
PL336                                     text31        10640
PL338                                     text40        10336
PL34                                      text123       122E6
PL340                                     text24        11134
PL342                                     text24        1113C
PL344                                     text117       131E2
PL346                                     text24        11146
PL348                                     text84        11EF0
PL350                                     text1         10882
PL352                                     text40        10340
PL354                                     text58        124FE
PL356                                     text64        11C00
PL358                                     text78        12824
PL36                                      text124       13468
PL360                                     text64        11C08
PL362                                     text39        11D04
PL364                                     text1         1088A
PL366                                     text32        10E30
PL368                                     text86        11DFE
PL38                                      text73        112A4
PL4                                       text18        119DC
PL40                                      text123       122F6
PL42                                      text19        1176E
PL44                                      text29        13F64
PL46                                      text85        12A76
PL48                                      text125       1313A
PL50                                      text91        11646
PL52                                      text45        12598
PL54                                      text24        110E8
PL56                                      text23        11506
PL58                                      text40        102EE
PL6                                       text123       122D2
PL60                                      text24        110F6
PL62                                      text3         10AAA
PL64                                      text23        11514
PL66                                      text102       12052
PL68                                      text24        11102
PL70                                      text66        12D72
PL72                                      text37        13FF4
PL74                                      text23        11520
PL76                                      text55        12B20
PL78                                      text115       10F84
PL8                                       text24        110D0
PL80                                      text14        126D0
PL82                                      text84        11EC6
PL84                                      text23        11536
PL86                                      text24        11118
PL88                                      text40        10300
PL90                                      text31        10608
PL92                                      text115       10F8E
PL94                                      text2         10C6E
PL96                                      text106       12C4E
PL98                                      text96        130B0
RTCC_adjust_time_cursor@tm                cstackBANK0   00060
RTCC_adjust_time_dec@i                    cstackBANK0   00098
RTCC_adjust_time_dec@i_2973               cstackBANK0   00097
RTCC_adjust_time_dec@tm                   cstackBANK0   00091
RTCC_adjust_time_inc@i                    cstackBANK0   00098
RTCC_adjust_time_inc@i_2943               cstackBANK0   00097
RTCC_adjust_time_inc@tm                   cstackBANK0   00091
RTCC_adjust_time_toggle@tm                cstackBANK0   00060
RTCC_from_RTCC@tm                         cstackBANK0   00086
RTCC_from_caltime@tm                      cstackBANK0   0008F
RTCC_from_epoch@tm                        cstackBANK0   0008F
RTCC_task@prev_halfsec                    bssBANK1      00123
RTCC_to_caltime@tm                        cstackBANK0   00062
ST7032_command@command                    cstackBANK0   00070
ST7032_command@wait                       cstackBANK0   0006F
ST7032_cursor@F8592                       dataBANK1     001FD
ST7032_cursor@col                         cstackBANK0   00074
ST7032_cursor@row                         cstackBANK0   00071
ST7032_cursor@row_offsets                 cstackBANK0   00072
ST7032_init@buf                           bssBANK4      00400
ST7032_put@c                              cstackBANK0   0006F
ST7032_puts@s                             cstackBANK0   00070
ST7032_task@data                          cstackBANK0   00071
ST7032_task@st7032_state                  bssBANK1      00124
ST7032_task@wait                          bssBANK1      00115
USBConfigureEndpoint@EPNum                cstackCOMRAM  00030
USBConfigureEndpoint@direction            cstackCOMRAM  0002B
USBConfigureEndpoint@handle               cstackCOMRAM  00031
USBCtrlEPService@setup_cnt                cstackCOMRAM  00048
USBCtrlTrfInHandler@lastDTS               cstackCOMRAM  0002C
USBCtrlTrfRxService@byteToRead            cstackCOMRAM  0002C
USBCtrlTrfRxService@i                     cstackCOMRAM  0002B
USBCtrlTrfTxService@byteToSend            cstackCOMRAM  0002B
USBDeviceInit@i                           cstackBANK0   00068
USBDeviceTasks@i                          cstackCOMRAM  00049
USBEnableEndpoint@ep                      cstackCOMRAM  00036
USBEnableEndpoint@options                 cstackCOMRAM  00033
USBEnableEndpoint@p                       cstackCOMRAM  00034
USBStdFeatureReqHandler@current_ep_data   cstackCOMRAM  00043
USBStdFeatureReqHandler@p                 cstackCOMRAM  00044
USBStdFeatureReqHandler@pUEP              cstackCOMRAM  00041
USBStdGetStatusHandler@p                  cstackCOMRAM  0002B
USBStdSetCfgHandler@i                     cstackCOMRAM  0003F
USBTransferOnePacket@data                 cstackBANK0   00061
USBTransferOnePacket@dir                  cstackBANK0   00060
USBTransferOnePacket@ep                   cstackBANK0   00064
USBTransferOnePacket@handle               cstackBANK0   00065
USBTransferOnePacket@len                  cstackBANK0   00063
USB_task@data                             cstackBANK0   00073
USB_task@rx_len                           cstackBANK0   00071
USER_USB_CALLBACK_EVENT_HANDLER@event     cstackCOMRAM  00037
USER_USB_CALLBACK_EVENT_HANDLER@pdata     cstackCOMRAM  00039
USER_USB_CALLBACK_EVENT_HANDLER@size      cstackCOMRAM  0003B
_ADC                                      text49        14240
_ADCON0bits                               (abs)         00FC2
_ADCON1bits                               (abs)         00FC1
_ADC_init                                 text70        14442
_ADRES                                    (abs)         00FC3
_ANALOG_IN                                text48        144DC
_ANCON0                                   (abs)         00F48
_ANCON1                                   (abs)         00F49
_Auto_cut                                 text45        12504
_BDT                                      (abs)         00D00
_BothEP0OutUOWNsSet                       bssBANK1      00125
_CDCDataInHandle                          bssBANK1      00117
_CDCDataOutHandle                         bssBANK1      00119
_CDCInitEP                                text118       13A9C
_CDCTxService                             text84        11E06
_CDCTxService$6314                        cstackBANK0   00067
_CTMUCONH                                 (abs)         00FB3
_CTMUCONHbits                             (abs)         00FB3
_CTMUCONL                                 (abs)         00FB2
_CTMUCONLbits                             (abs)         00FB2
_CTMUICON                                 (abs)         00FB1
_CTMU_init                                text69        1437A
_CTMU_read                                text75        12D7E
_CtrlTrfData                              (abs)         00D38
_EECON2                                   (abs)         00FA7
_INTCON2bits                              (abs)         00FF1
_INTCONbits                               (abs)         00FF2
_IPR1bits                                 (abs)         00F9F
_IPR2bits                                 (abs)         00FA2
_ISR                                      intcode       00008
_LATA5                                    (abs)         07C4D
_LATA6                                    (abs)         07C4E
_LATA7                                    (abs)         07C4F
_LATB2                                    (abs)         07C52
_LATB6                                    (abs)         07C56
_LATB7                                    (abs)         07C57
_LATC2                                    (abs)         07C5A
_LED_indicator                            text127       123B4
_LED_output                               text28        13C6E
_OSCCONbits                               (abs)         00FD3
_OSCTUNEbits                              (abs)         00F9B
_OUT                                      text47        13D02
_PADCFG1bits                              (abs)         00F3C
_PIE1bits                                 (abs)         00F9D
_PIE2bits                                 (abs)         00FA0
_PIR1bits                                 (abs)         00F9E
_PIR2bits                                 (abs)         00FA1
_RCONbits                                 (abs)         00FD0
_RTCCAL                                   (abs)         00F3E
_RTCCFGbits                               (abs)         00F3F
_RTCC_adjust_time_cursor                  text25        136D8
_RTCC_adjust_time_dec                     text24        10FD0
_RTCC_adjust_time_inc                     text23        113FC
_RTCC_adjust_time_toggle                  text22        14402
_RTCC_from_RTCC                           text90        14524
_RTCC_from_caltime                        text6         14334
_RTCC_from_epoch                          text63        1450C
_RTCC_init                                text62        13B3E
_RTCC_task                                text89        141AE
_RTCC_to_caltime                          text96        1304A
_RTCVALH                                  (abs)         00F3B
_RTCVALL                                  (abs)         00F3A
_RemoteWakeup                             bssBANK1      00126
_SSP1ADD                                  (abs)         00FC8
_SSP1BUF                                  (abs)         00FC9
_SSP1CON1                                 (abs)         00FC6
_SSP1CON2                                 (abs)         00FC5
_SSP1CON2bits                             (abs)         00FC5
_SSP1STAT                                 (abs)         00FC7
_ST7032_clear                             text60        145A0
_ST7032_command                           text61        13EFE
_ST7032_cursor                            text38        14422
_ST7032_init                              text58        1245E
_ST7032_put                               text37        13FC0
_ST7032_puts                              text36        13F80
_ST7032_task                              text86        11D0C
_SetupPkt                                 (abs)         00D30
_T0CONbits                                (abs)         00FD5
_T1CONbits                                (abs)         00FCD
_T3CONbits                                (abs)         00F79
_TMR1H                                    (abs)         00FCF
_TRISA                                    (abs)         00F92
_TRISB                                    (abs)         00F93
_TRISC                                    (abs)         00F94
_UADDR                                    (abs)         00F38
_UCFG                                     (abs)         00F39
_UCON                                     (abs)         00F65
_UCONbits                                 (abs)         00F65
_UEIE                                     (abs)         00F37
_UEIR                                     (abs)         00F63
_UEP0                                     (abs)         00F26
_UEP0bits                                 (abs)         00F26
_UEP1                                     (abs)         00F27
_UIE                                      (abs)         00F36
_UIEbits                                  (abs)         00F36
_UIR                                      (abs)         00F62
_UIRbits                                  (abs)         00F62
_USBActiveConfiguration                   bssCOMRAM     00029
_USBAlternateInterface                    bssBANK1      00192
_USBBusIsSuspended                        bssBANK1      00127
_USBCheckCDCRequest                       text117       13162
_USBCheckStdRequest                       text110       12C5A
_USBConfigureEndpoint                     text121       135EA
_USBCtrlEPAllowDataStage                  text109       13992
_USBCtrlEPAllowStatusStage                text124       133FC
_USBCtrlEPService                         text106       12BC4
_USBCtrlEPServiceComplete                 text108       125A8
_USBCtrlTrfInHandler                      text125       130D6
_USBCtrlTrfOutHandler                     text122       14482
_USBCtrlTrfRxService                      text123       12248
_USBCtrlTrfSetupHandler                   text107       13D96
_USBCtrlTrfTxService                      text126       1230A
_USBDeferINDataStagePackets               bssBANK1      00128
_USBDeferOUTDataStagePackets              bssBANK1      00129
_USBDeferStatusStagePacket                bssCOMRAM     0001A
_USBDeviceAttach                          text57        1417C
_USBDeviceInit                            text55        12A96
_USBDeviceState                           bssCOMRAM     0001B
_USBDeviceTasks                           text101       117BA
_USBEnableEndpoint                        text120       140AE
_USBStallHandler                          text105       141E0
_USBStatusStageEnabledFlag1               bssBANK1      0012A
_USBStatusStageEnabledFlag2               bssBANK1      0012B
_USBStatusStageTimeoutCounter             bssCOMRAM     0001C
_USBStdFeatureReqHandler                  text115       10E38
_USBStdGetDscHandler                      text114       11EFA
_USBStdGetStatusHandler                   text113       13572
_USBStdSetCfgHandler                      text111       128C6
_USBSuspend                               text104       143BE
_USBTransferOnePacket                     text85        129FC
_USBWakeFromSuspend                       text103       14462
_USB_CD_Ptr                               mediumconst   0FA7F
_USB_ISR                                  text100       145AC
_USB_SD_Ptr                               mediumconst   0FA79
_USB_init                                 text54        144F4
_USB_task                                 text77        139EE
_USER_USB_CALLBACK_EVENT_HANDLER          text116       143E0
_USTAT                                    (abs)         00F64
_USTATcopy                                bssCOMRAM     0002A
__CFG_ADCSEL$BIT12                        (abs)         00000
__CFG_CFGPLLEN$ON                         (abs)         00000
__CFG_CLKOEC$OFF                          (abs)         00000
__CFG_CP0$OFF                             (abs)         00000
__CFG_CPUDIV$OSC1                         (abs)         00000
__CFG_DSBOREN$OFF                         (abs)         00000
__CFG_DSWDTEN$OFF                         (abs)         00000
__CFG_DSWDTOSC$T1OSCREF                   (abs)         00000
__CFG_DSWDTPS$G2                          (abs)         00000
__CFG_FCMEN$OFF                           (abs)         00000
__CFG_IESO$OFF                            (abs)         00000
__CFG_IOL1WAY$OFF                         (abs)         00000
__CFG_LS48MHZ$SYS48X8                     (abs)         00000
__CFG_MSSP7B_EN$MSK7                      (abs)         00000
__CFG_OSC$INTOSCPLL                       (abs)         00000
__CFG_PLLDIV$2                            (abs)         00000
__CFG_RTCOSC$T1OSCREF                     (abs)         00000
__CFG_SOSCSEL$LOW                         (abs)         00000
__CFG_STVREN$OFF                          (abs)         00000
__CFG_WDTEN$ON                            (abs)         00000
__CFG_WDTPS$8                             (abs)         00000
__CFG_WPCFG$OFF                           (abs)         00000
__CFG_WPDIS$OFF                           (abs)         00000
__CFG_WPEND$PAGE_WPFP                     (abs)         00000
__CFG_WPFP$PAGE_127                       (abs)         00000
__CFG_XINST$OFF                           (abs)         00000
__HRAM                                    (abs)         00000
__Habs1                                   abs1          00000
__Hbank0                                  bank0         00000
__Hbank1                                  bank1         00000
__Hbank10                                 bank10        00000
__Hbank11                                 bank11        00000
__Hbank12                                 bank12        00000
__Hbank13                                 bank13        00000
__Hbank14                                 bank14        00000
__Hbank2                                  bank2         00000
__Hbank3                                  bank3         00000
__Hbank4                                  bank4         00000
__Hbank5                                  bank5         00000
__Hbank6                                  bank6         00000
__Hbank7                                  bank7         00000
__Hbank8                                  bank8         00000
__Hbank9                                  bank9         00000
__Hbigbss                                 bigbss        00000
__Hbigdata                                bigdata       00000
__Hbigram                                 bigram        00000
__Hbss                                    bss           00000
__HbssBANK0                               bssBANK0      00000
__HbssBANK1                               bssBANK1      00000
__HbssBANK2                               bssBANK2      00000
__HbssBANK3                               bssBANK3      00000
__HbssBANK4                               bssBANK4      00000
__HbssBIGRAMl                             bssBIGRAMl    00000
__HbssCOMRAM                              bssCOMRAM     00000
__Hcinit                                  cinit         00000
__Hclrtext                                clrtext       00000
__Hcomram                                 comram        00000
__Hconfig                                 config        20000
__Hconst                                  const         00000
__HcstackBANK0                            cstackBANK0   00000
__HcstackBANK1                            cstackBANK1   00000
__HcstackCOMRAM                           cstackCOMRAM  00000
__Hdata                                   data          00000
__HdataBANK1                              dataBANK1     00000
__Hend_init                               end_init      000C0
__Hfarbss                                 farbss        00000
__Hfardata                                fardata       00000
__Hibigdata                               ibigdata      00000
__Hidata                                  idata         00000
__HidataBANK1                             idataBANK1    00000
__Hidloc                                  idloc         00000
__Hifardata                               ifardata      00000
__Hinit                                   init          000BC
__Hintcode                                intcode       000BC
__Hintcode_body                           intcode_body  00000
__Hintcodelo                              intcodelo     000BC
__Hintentry                               intentry      00000
__Hintret                                 intret        00000
__Hintsave_regs                           intsave_regs  00000
__Hirdata                                 irdata        00000
__Hjflash_buffer                          jflash_buffer 1F800
__Hmediumconst                            mediumconst   10000
__HnvFARRAM                               nvFARRAM      00000
__Hnvbit                                  nvbit         00000
__Hnvrram                                 nvrram        00000
__Hpa_nodes                               pa_nodes      00000
__Hparam                                  rparam        00000
__Hpowerup                                powerup       000BC
__Hram                                    ram           00000
__Hramtop                                 ramtop        00F00
__Hrbit                                   rbit          00000
__Hrbss                                   rbss          00000
__Hrdata                                  rdata         00000
__Hreset_vec                              reset_vec     00004
__Hrparam                                 rparam        00000
__Hsfr                                    sfr           00000
__Hsmallconst                             smallconst    00000
__Hspace_0                                (abs)         20000
__Hspace_1                                (abs)         00C98
__Hspace_2                                (abs)         00000
__Hstack                                  stack         00000
__Hstruct                                 struct        00000
__Htemp                                   temp          00055
__Htext                                   text          00000
__Htext0                                  text0         00000
__Htext1                                  text1         00000
__Htext10                                 text10        00000
__Htext100                                text100       00000
__Htext101                                text101       00000
__Htext102                                text102       00000
__Htext103                                text103       00000
__Htext104                                text104       00000
__Htext105                                text105       00000
__Htext106                                text106       00000
__Htext107                                text107       00000
__Htext108                                text108       00000
__Htext109                                text109       00000
__Htext11                                 text11        00000
__Htext110                                text110       00000
__Htext111                                text111       00000
__Htext112                                text112       00000
__Htext113                                text113       00000
__Htext114                                text114       00000
__Htext115                                text115       00000
__Htext116                                text116       00000
__Htext117                                text117       00000
__Htext118                                text118       00000
__Htext119                                text119       00000
__Htext12                                 text12        00000
__Htext120                                text120       00000
__Htext121                                text121       00000
__Htext122                                text122       00000
__Htext123                                text123       00000
__Htext124                                text124       00000
__Htext125                                text125       00000
__Htext126                                text126       00000
__Htext127                                text127       00000
__Htext128                                text128       00000
__Htext129                                text129       00000
__Htext13                                 text13        00000
__Htext14                                 text14        00000
__Htext15                                 text15        00000
__Htext16                                 text16        00000
__Htext17                                 text17        00000
__Htext18                                 text18        00000
__Htext19                                 text19        00000
__Htext2                                  text2         00000
__Htext20                                 text20        00000
__Htext21                                 text21        00000
__Htext22                                 text22        00000
__Htext23                                 text23        00000
__Htext24                                 text24        00000
__Htext25                                 text25        00000
__Htext26                                 text26        00000
__Htext27                                 text27        00000
__Htext28                                 text28        00000
__Htext29                                 text29        00000
__Htext3                                  text3         00000
__Htext30                                 text30        00000
__Htext31                                 text31        00000
__Htext32                                 text32        00000
__Htext33                                 text33        00000
__Htext34                                 text34        00000
__Htext35                                 text35        00000
__Htext36                                 text36        00000
__Htext37                                 text37        00000
__Htext38                                 text38        00000
__Htext39                                 text39        00000
__Htext4                                  text4         00000
__Htext40                                 text40        00000
__Htext41                                 text41        00000
__Htext42                                 text42        00000
__Htext43                                 text43        00000
__Htext44                                 text44        00000
__Htext45                                 text45        00000
__Htext46                                 text46        00000
__Htext47                                 text47        00000
__Htext48                                 text48        00000
__Htext49                                 text49        00000
__Htext5                                  text5         00000
__Htext50                                 text50        00000
__Htext51                                 text51        00000
__Htext52                                 text52        00000
__Htext53                                 text53        00000
__Htext54                                 text54        00000
__Htext55                                 text55        00000
__Htext56                                 text56        00000
__Htext57                                 text57        00000
__Htext58                                 text58        00000
__Htext59                                 text59        00000
__Htext6                                  text6         00000
__Htext60                                 text60        00000
__Htext61                                 text61        00000
__Htext62                                 text62        00000
__Htext63                                 text63        00000
__Htext64                                 text64        00000
__Htext65                                 text65        00000
__Htext66                                 text66        00000
__Htext67                                 text67        00000
__Htext68                                 text68        00000
__Htext69                                 text69        00000
__Htext7                                  text7         00000
__Htext70                                 text70        00000
__Htext71                                 text71        00000
__Htext72                                 text72        00000
__Htext73                                 text73        00000
__Htext74                                 text74        00000
__Htext75                                 text75        00000
__Htext76                                 text76        00000
__Htext77                                 text77        00000
__Htext78                                 text78        00000
__Htext79                                 text79        00000
__Htext8                                  text8         00000
__Htext80                                 text80        00000
__Htext81                                 text81        00000
__Htext82                                 text82        00000
__Htext83                                 text83        00000
__Htext84                                 text84        00000
__Htext85                                 text85        00000
__Htext86                                 text86        00000
__Htext87                                 text87        00000
__Htext88                                 text88        00000
__Htext89                                 text89        00000
__Htext9                                  text9         00000
__Htext90                                 text90        00000
__Htext91                                 text91        00000
__Htext92                                 text92        00000
__Htext93                                 text93        00000
__Htext94                                 text94        00000
__Htext95                                 text95        00000
__Htext96                                 text96        00000
__Htext97                                 text97        00000
__Htext99                                 text99        00000
__LRAM                                    (abs)         00001
__Labs1                                   abs1          00000
__Lbank0                                  bank0         00000
__Lbank1                                  bank1         00000
__Lbank10                                 bank10        00000
__Lbank11                                 bank11        00000
__Lbank12                                 bank12        00000
__Lbank13                                 bank13        00000
__Lbank14                                 bank14        00000
__Lbank2                                  bank2         00000
__Lbank3                                  bank3         00000
__Lbank4                                  bank4         00000
__Lbank5                                  bank5         00000
__Lbank6                                  bank6         00000
__Lbank7                                  bank7         00000
__Lbank8                                  bank8         00000
__Lbank9                                  bank9         00000
__Lbigbss                                 bigbss        00000
__Lbigdata                                bigdata       00000
__Lbigram                                 bigram        00000
__Lbss                                    bss           00000
__LbssBANK0                               bssBANK0      00000
__LbssBANK1                               bssBANK1      00000
__LbssBANK2                               bssBANK2      00000
__LbssBANK3                               bssBANK3      00000
__LbssBANK4                               bssBANK4      00000
__LbssBIGRAMl                             bssBIGRAMl    00000
__LbssCOMRAM                              bssCOMRAM     00000
__Lcinit                                  cinit         00000
__Lclrtext                                clrtext       00000
__Lcomram                                 comram        00000
__Lconfig                                 config        1FFF8
__Lconst                                  const         00000
__LcstackBANK0                            cstackBANK0   00000
__LcstackBANK1                            cstackBANK1   00000
__LcstackCOMRAM                           cstackCOMRAM  00000
__Ldata                                   data          00000
__LdataBANK1                              dataBANK1     00000
__Lend_init                               end_init      000BC
__Lfarbss                                 farbss        00000
__Lfardata                                fardata       00000
__Libigdata                               ibigdata      00000
__Lidata                                  idata         00000
__LidataBANK1                             idataBANK1    00000
__Lidloc                                  idloc         00000
__Lifardata                               ifardata      00000
__Linit                                   init          000BC
__Lintcode                                intcode       00008
__Lintcode_body                           intcode_body  00000
__Lintcodelo                              intcodelo     000BC
__Lintentry                               intentry      00000
__Lintret                                 intret        00000
__Lintsave_regs                           intsave_regs  00000
__Lirdata                                 irdata        00000
__Ljflash_buffer                          jflash_buffer 1F800
__Lmediumconst                            mediumconst   0FA50
__LnvFARRAM                               nvFARRAM      00000
__Lnvbit                                  nvbit         00000
__Lnvrram                                 nvrram        00000
__Lpa_nodes                               pa_nodes      00000
__Lparam                                  rparam        00000
__Lpowerup                                powerup       000BC
__Lram                                    ram           00000
__Lramtop                                 ramtop        00F00
__Lrbit                                   rbit          00000
__Lrbss                                   rbss          00000
__Lrdata                                  rdata         00000
__Lreset_vec                              reset_vec     00000
__Lrparam                                 rparam        00000
__Lsfr                                    sfr           00000
__Lsmallconst                             smallconst    00000
__Lspace_0                                (abs)         00000
__Lspace_1                                (abs)         00000
__Lspace_2                                (abs)         00000
__Lstack                                  stack         00000
__Lstruct                                 struct        00000
__Ltemp                                   temp          00054
__Ltext                                   text          00000
__Ltext0                                  text0         00000
__Ltext1                                  text1         00000
__Ltext10                                 text10        00000
__Ltext100                                text100       00000
__Ltext101                                text101       00000
__Ltext102                                text102       00000
__Ltext103                                text103       00000
__Ltext104                                text104       00000
__Ltext105                                text105       00000
__Ltext106                                text106       00000
__Ltext107                                text107       00000
__Ltext108                                text108       00000
__Ltext109                                text109       00000
__Ltext11                                 text11        00000
__Ltext110                                text110       00000
__Ltext111                                text111       00000
__Ltext112                                text112       00000
__Ltext113                                text113       00000
__Ltext114                                text114       00000
__Ltext115                                text115       00000
__Ltext116                                text116       00000
__Ltext117                                text117       00000
__Ltext118                                text118       00000
__Ltext119                                text119       00000
__Ltext12                                 text12        00000
__Ltext120                                text120       00000
__Ltext121                                text121       00000
__Ltext122                                text122       00000
__Ltext123                                text123       00000
__Ltext124                                text124       00000
__Ltext125                                text125       00000
__Ltext126                                text126       00000
__Ltext127                                text127       00000
__Ltext128                                text128       00000
__Ltext129                                text129       00000
__Ltext13                                 text13        00000
__Ltext14                                 text14        00000
__Ltext15                                 text15        00000
__Ltext16                                 text16        00000
__Ltext17                                 text17        00000
__Ltext18                                 text18        00000
__Ltext19                                 text19        00000
__Ltext2                                  text2         00000
__Ltext20                                 text20        00000
__Ltext21                                 text21        00000
__Ltext22                                 text22        00000
__Ltext23                                 text23        00000
__Ltext24                                 text24        00000
[...]
 Hardware stack levels used:    1
 This function calls:
		Nothing
 This function is called by:
		_LED_indicator
 This function uses a non-reentrant model



MODULE INFORMATION

Module		Function		Class		Link	Load	Size
../My_library/My_terminal.c
		_print_time    		CODE           	13A48	0000	85
		_terminal_at_hand		CODE           	13C24	0000	75
		_terminal_time 		CODE           	10892	0000	537
		_terminal_task 		CODE           	1064A	0000	487

../My_library/My_terminal.c estimated size: 1184

../My_library/My_ringbuf.c
		_ringbuf_put_num		CODE           	1380C	0000	101
		_ringbuf_put_str		CODE           	13B8C	0000	61
		_ringbuf_num   		CODE           	12FBC	0000	113
		_ringbuf_pop   		CODE           	12E9E	0000	131
		_ringbuf_put   		CODE           	1278A	0000	123
		_ringbuf_init  		CODE           	1403C	0000	51
		_ringbuf_backspace		CODE           	138D2	0000	83
		_ringbuf_delete		CODE           	14358	0000	35

../My_library/My_ringbuf.c estimated size: 698

../My_library/My_usb_cdc.c
		_USB_task      		CODE           	139EE	0000	91
		_USB_ISR       		CODE           	145AC	0000	5
		_USER_USB_CALLBACK_EVENT_HANDLER		CODE           	143E0	0000	35
		_put_string_usb		CODE           	1439C	0000	35
		_is_usb_available		CODE           	1456A	0000	23
		_get_string_usb		CODE           	140E4	0000	53
		_USB_init      		CODE           	144F4	0000	25

../My_library/My_usb_cdc.c estimated size: 267

C:\Program Files (x86)\Microchip\xc8\v1.35\sources\common\Umul32.c
		___lmul        		CODE           	13BD8	0000	77

C:\Program Files (x86)\Microchip\xc8\v1.35\sources\common\Umul32.c estimated size: 77

settings.c
		_settings_auto_stop		CODE           	119EC	0000	253
		_settings_led_indicator		CODE           	118D4	0000	265
		_settings_adjust_time		CODE           	12B2E	0000	131
		_settings_task 		CODE           	112B2	0000	311
		_settings_integrating_reset		CODE           	1167E	0000	225

settings.c estimated size: 1185

C:\Program Files (x86)\Microchip\xc8\v1.35\sources\common\isdigit.c
		_isdigit       		CODE           	144A2	0000	31

C:\Program Files (x86)\Microchip\xc8\v1.35\sources\common\isdigit.c estimated size: 31

C:\Program Files (x86)\Microchip\xc8\v1.35\sources\common\strcat.c
		_strcat        		CODE           	13AEE	0000	71

C:\Program Files (x86)\Microchip\xc8\v1.35\sources\common\strcat.c estimated size: 71

../My_library/My_PIC.c
		_ADC           		CODE           	14240	0000	43
		_CTMU_read     		CODE           	12D7E	0000	145
		_CTMU_init     		CODE           	1437A	0000	35
		_ADC_init      		CODE           	14442	0000	23
		_timer0_init   		CODE           	14212	0000	47
		_millis_timer  		CODE           	14580	0000	19
		_timer3_init   		CODE           	142BE	0000	41
		_timer1_init   		CODE           	13EBA	0000	69

../My_library/My_PIC.c estimated size: 422

../My_library/usb/usb_device_cdc.c
		_CDCTxService  		CODE           	11E06	0000	193
		_CDCInitEP     		CODE           	13A9C	0000	83
		_putUSBUSART   		CODE           	144C0	0000	29
		_getsUSBUSART  		CODE           	12E0E	0000	129
		_USBCheckCDCRequest		CODE           	13162	0000	129

../My_library/usb/usb_device_cdc.c estimated size: 563

C:\Program Files (x86)\Microchip\xc8\v1.35\sources\common\lbdiv.c
		___lbdiv       		CODE           	14078	0000	55

C:\Program Files (x86)\Microchip\xc8\v1.35\sources\common\lbdiv.c estimated size: 55

io.c
		_ANALOG_IN     		CODE           	144DC	0000	25
		_OUT           		CODE           	13D02	0000	75
		_LED_output    		CODE           	13C6E	0000	75

io.c estimated size: 175

../My_library/My_RTCC.c
		_RTCC_adjust_time_dec		CODE           	10FD0	0000	257
		_display_dec   		CODE           	13CB8	0000	65
		_caltime_to_RTCC		CODE           	12CEE	0000	133
		_month_length  		CODE           	1347C	0000	125
		_display_time_1602		CODE           	10C8C	0000	331
		_d_to_x        		CODE           	14554	0000	23
		_epoch_to_caltime		CODE           	11B04	0000	215
		_RTCC_task     		CODE           	141AE	0000	51
		_RTCC_adjust_time_cursor		CODE           	136D8	0000	91
		_RTCC_from_RTCC		CODE           	14524	0000	25
		_RTCC_from_caltime		CODE           	14334	0000	37
		_RTCC_adjust_time_toggle		CODE           	14402	0000	19
		_RTCC_init     		CODE           	13B3E	0000	67
		_RTCC_adjust_time_inc		CODE           	113FC	0000	267
		_RTCC_to_caltime		CODE           	1304A	0000	103
		_get_quot_rem  		CODE           	12F2E	0000	119
		_x_to_d        		CODE           	1453C	0000	25
		_RTCC_from_epoch		CODE           	1450C	0000	25
		_caltime_to_epoch		CODE           	11540	0000	263

../My_library/My_RTCC.c estimated size: 2241

C:\Program Files (x86)\Microchip\xc8\v1.35\sources\common\strcmp.c
		_strcmp        		CODE           	13E74	0000	59

C:\Program Files (x86)\Microchip\xc8\v1.35\sources\common\strcmp.c estimated size: 59

C:\Program Files (x86)\Microchip\xc8\v1.35\sources\common\strcpy.c
		_strcpy        		CODE           	1414A	0000	51

C:\Program Files (x86)\Microchip\xc8\v1.35\sources\common\strcpy.c estimated size: 51

C:\Program Files (x86)\Microchip\xc8\v1.35\sources\common\memset.c
		_memset        		CODE           	1426A	0000	43

C:\Program Files (x86)\Microchip\xc8\v1.35\sources\common\memset.c estimated size: 43

C:\Program Files (x86)\Microchip\xc8\v1.35\sources\common\atoi.c
		_atoi          		CODE           	12962	0000	145

C:\Program Files (x86)\Microchip\xc8\v1.35\sources\common\atoi.c estimated size: 145

C:\Program Files (x86)\Microchip\xc8\v1.35\sources\common\lwmod.c
		___lwmod       		CODE           	13FFE	0000	63

C:\Program Files (x86)\Microchip\xc8\v1.35\sources\common\lwmod.c estimated size: 63

../My_library/usb/usb_device.c
		_USBCtrlTrfInHandler		CODE           	130D6	0000	101
		_USBTransferOnePacket		CODE           	129FC	0000	107
		_USBDeviceAttach		CODE           	1417C	0000	39
		_USBStdGetDscHandler		CODE           	11EFA	0000	175
		_USBCtrlEPAllowDataStage		CODE           	13992	0000	93
		_USBStdFeatureReqHandler		CODE           	10E38	0000	333
		_USBCtrlEPAllowStatusStage		CODE           	133FC	0000	109
		_USBCtrlTrfSetupHandler		CODE           	13D96	0000	65
		_USBCtrlTrfOutHandler		CODE           	14482	0000	33
		_USBCtrlEPServiceComplete		CODE           	125A8	0000	117
		_USBSuspend    		CODE           	143BE	0000	23
		_USBStdSetCfgHandler		CODE           	128C6	0000	125
		_USBStdGetStatusHandler		CODE           	13572	0000	111
		_USBWakeFromSuspend		CODE           	14462	0000	33
		_USBCtrlTrfRxService		CODE           	12248	0000	139
		_USBCtrlTrfTxService		CODE           	1230A	0000	125
		_USBEnableEndpoint		CODE           	140AE	0000	55
		_USBConfigureEndpoint		CODE           	135EA	0000	97
		_USBDeviceInit 		CODE           	12A96	0000	139
		_USBCtrlEPService		CODE           	12BC4	0000	139
		_USBStallHandler		CODE           	141E0	0000	41
		_USBDeviceTasks		CODE           	117BA	0000	273
		_USBCheckStdRequest		CODE           	12C5A	0000	139

../My_library/usb/usb_device.c estimated size: 2611

C:\Program Files (x86)\Microchip\xc8\v1.35\sources\common\doprnt.c
		_sprintf       		CODE           	10000	0000	751

C:\Program Files (x86)\Microchip\xc8\v1.35\sources\common\doprnt.c estimated size: 751

C:\Program Files (x86)\Microchip\xc8\v1.35\sources\common\llmod.c
		___llmod       		CODE           	13870	0000	99

C:\Program Files (x86)\Microchip\xc8\v1.35\sources\common\llmod.c estimated size: 99

shared
		PL12           		CODE           	10DD6	0000	27
		PL50           		CODE           	11646	0000	19
		PL8            		CODE           	110D0	0000	25
		_weekday_3char 		MEDIUMCONST    	FBA4	0000	29
		PL268          		CODE           	10E1A	0000	11
		PL22           		CODE           	12A66	0000	17
		PL60           		CODE           	110F6	0000	13
		_configDescriptor1		MEDIUMCONST    	FAF9	0000	68
		PL178          		CODE           	11658	0000	11
		PL368          		CODE           	11DFE	0000	9
		PL100          		CODE           	11AE8	0000	15
		PL32           		CODE           	1129A	0000	11
		PL70           		CODE           	12D72	0000	13
		PL278          		CODE           	13EAE	0000	13
		_USB_CD_Ptr    		MEDIUMCONST    	FA7F	0000	3
		PL200          		CODE           	10E04	0000	13
		PL42           		CODE           	1176E	0000	17
		PL80           		CODE           	126D0	0000	17
		_sd001         		MEDIUMCONST    	FB3C	0000	53
		PL188          		CODE           	11CD6	0000	19
		PL110          		CODE           	14208	0000	11
		PL300          		CODE           	117AA	0000	7
		PL14           		CODE           	10DF0	0000	11
		PL52           		CODE           	12598	0000	17
		PL90           		CODE           	10608	0000	19
		PL288          		CODE           	120AC	0000	13
		PL210          		CODE           	1062A	0000	11
		PL24           		CODE           	11FA8	0000	13
		PL62           		CODE           	10AAA	0000	11
		data_out@p     		MEDIUMCONST    	FBDC	0000	7
		PL198          		CODE           	12452	0000	13
		PL120          		CODE           	13474	0000	9
		PL310          		CODE           	1166A	0000	11
		PL34           		CODE           	122E6	0000	17
		PL72           		CODE           	13FF4	0000	11
		PL298          		CODE           	12CE4	0000	11
		PL220          		CODE           	10AD0	0000	11
		PL44           		CODE           	13F64	0000	17
		PL82           		CODE           	11EC6	0000	33
		PL130          		CODE           	11FCE	0000	13
		PL320          		CODE           	11EE6	0000	11
		PL16           		CODE           	12BB0	0000	21
		PL54           		CODE           	110E8	0000	15
		PL92           		CODE           	10F8E	0000	19
		PL230          		CODE           	13FB0	0000	17
		PL26           		CODE           	1175E	0000	17
		PL64           		CODE           	11514	0000	13
		PL102          		CODE           	11AF6	0000	15
		PL140          		CODE           	143D4	0000	13
		PL330          		CODE           	12A8C	0000	11
		PL36           		CODE           	13468	0000	13
		PL74           		CODE           	11520	0000	23
		PL202          		CODE           	141A2	0000	13
		PL240          		CODE           	1209C	0000	17
		PL46           		CODE           	12A76	0000	13
		PL84           		CODE           	11536	0000	11
		_sd002         		MEDIUMCONST    	FB70	0000	53
		_dpowers       		MEDIUMCONST    	FA51	0000	41
		PL112          		CODE           	10FA0	0000	17
		PL302          		CODE           	135E0	0000	11
		PL150          		CODE           	14414	0000	15
		PL340          		CODE           	11134	0000	9
		PL18           		CODE           	105D2	0000	17
		PL56           		CODE           	11506	0000	15
		PL94           		CODE           	10C6E	0000	11
		i2___lwdiv     		CODE           	13DE0	0000	75
		PL212          		CODE           	126E0	0000	11
		PL250          		CODE           	11662	0000	9
		PL28           		CODE           	105E2	0000	39
		PL66           		CODE           	12052	0000	39
		i2_USBDeviceInit		CODE           	11FE6	0000	109
		PL122          		CODE           	10830	0000	13
		PL312          		CODE           	13B34	0000	11
		PL160          		CODE           	12F20	0000	15
		PL350          		CODE           	10882	0000	9
		PL38           		CODE           	112A4	0000	15
		PL76           		CODE           	12B20	0000	15
		PL222          		CODE           	1239A	0000	11
		PL260          		CODE           	10E10	0000	11
		PL48           		CODE           	1313A	0000	11
		PL86           		CODE           	11118	0000	11
		PL132          		CODE           	1302C	0000	11
		PL322          		CODE           	13040	0000	11
		PL170          		CODE           	12386	0000	21
		PL360          		CODE           	11C08	0000	9
		PL58           		CODE           	102EE	0000	19
		PL96           		CODE           	12C4E	0000	13
		PL232          		CODE           	12300	0000	11
		PL270          		CODE           	10320	0000	11
		PL68           		CODE           	11102	0000	23
		PL104          		CODE           	12772	0000	15
		PL142          		CODE           	13150	0000	13
		PL332          		CODE           	10878	0000	11
		PL180          		CODE           	10DFA	0000	11
		PL78           		CODE           	10F84	0000	11
		PL204          		CODE           	1084E	0000	13
		PL242          		CODE           	10C82	0000	11
		PL280          		CODE           	130CA	0000	13
		PL88           		CODE           	10300	0000	11
		PL114          		CODE           	132EA	0000	13
		PL304          		CODE           	117B0	0000	11
		PL152          		CODE           	1214E	0000	15
		PL342          		CODE           	1113C	0000	11
		PL190          		CODE           	1083C	0000	19
		PL98           		CODE           	130B0	0000	15
		PL214          		CODE           	12E8E	0000	17
		PL252          		CODE           	12FAE	0000	15
		PL290          		CODE           	1179E	0000	13
		PL124          		CODE           	12144	0000	11
		PL314          		CODE           	13CF8	0000	11
		PL162          		CODE           	12804	0000	15
		PL352          		CODE           	10340	0000	9
		__initialization		CODE           	134F8	0000	113
		PL224          		CODE           	10C78	0000	11
		PL262          		CODE           	11788	0000	11
		PL134          		CODE           	13144	0000	13
		PL324          		CODE           	11674	0000	11
		PL172          		CODE           	12812	0000	11
		PL362          		CODE           	11D04	0000	9
		PL234          		CODE           	123A4	0000	17
		PL272          		CODE           	12A82	0000	11
		_device_dsc    		MEDIUMCONST    	FBC0	0000	19
		PL106          		CODE           	10AB4	0000	13
		PL144          		CODE           	130BE	0000	13
		PL334          		CODE           	11BF6	0000	11
		PL182          		CODE           	11122	0000	19
		display_LCD@onoff		MEDIUMCONST    	FBD2	0000	11
		PL206          		CODE           	10622	0000	9
		PL244          		CODE           	12166	0000	17
		PL282          		CODE           	1032A	0000	13
		PL116          		CODE           	11BDA	0000	11
		PL306          		CODE           	13036	0000	11
		PL154          		CODE           	1215C	0000	11
		PL344          		CODE           	131E2	0000	11
		PL192          		CODE           	11BE4	0000	19
		PL216          		CODE           	12780	0000	11
		PL254          		CODE           	1364A	0000	15
		PL292          		CODE           	10E24	0000	13
		PL126          		CODE           	10FB0	0000	23
		PL316          		CODE           	13370	0000	11
		PL164          		CODE           	12444	0000	15
		PL354          		CODE           	124FE	0000	7
		PL226          		CODE           	10864	0000	11
		PL264          		CODE           	118CA	0000	11
		PL136          		CODE           	113E8	0000	11
		PL326          		CODE           	13DD6	0000	11
		PL174          		CODE           	1177E	0000	11
		PL364          		CODE           	1088A	0000	9
		PL236          		CODE           	1086E	0000	11
		PL274          		CODE           	113F2	0000	11
		i2_LED_output  		CODE           	13E2A	0000	75
		PL108          		CODE           	11FB4	0000	27
		PL146          		CODE           	1030A	0000	23
		PL336          		CODE           	10640	0000	11
		PL184          		CODE           	10ACA	0000	7
		PL208          		CODE           	13B80	0000	13
		PL246          		CODE           	1315C	0000	7
		PL284          		CODE           	11792	0000	13
		PL118          		CODE           	12078	0000	11
		PL308          		CODE           	14458	0000	11
		PL156          		CODE           	12942	0000	15
		PL346          		CODE           	11146	0000	11
		PL194          		CODE           	11CE8	0000	19
		PL218          		CODE           	1085A	0000	11
		PL256          		CODE           	13366	0000	11
		PL294          		CODE           	10634	0000	13
		_USB_SD_Ptr    		MEDIUMCONST    	FA79	0000	7
		PL128          		CODE           	129F2	0000	11
		PL318          		CODE           	1281C	0000	9
		PL166          		CODE           	13924	0000	15
		PL356          		CODE           	11C00	0000	9
		PL228          		CODE           	13BC8	0000	17
		PL266          		CODE           	1406E	0000	11
		display_LCD@port_char		MEDIUMCONST    	FA81	0000	121
		PL138          		CODE           	11CC0	0000	23
		PL328          		CODE           	13658	0000	11
		PL176          		CODE           	1061A	0000	9
		PL366          		CODE           	10E30	0000	9
		i2_memset      		CODE           	14294	0000	43
		PL2            		CODE           	1261C	0000	47
		PL238          		CODE           	12FA4	0000	11
		PL276          		CODE           	12956	0000	13
		_sd000         		MEDIUMCONST    	FBE2	0000	5
		PL148          		CODE           	10AC0	0000	11
		PL338          		CODE           	10336	0000	11
		PL186          		CODE           	10FC6	0000	11
		PL10           		CODE           	122DC	0000	11
		PL4            		CODE           	119DC	0000	17
		PL248          		CODE           	12176	0000	15
		PL286          		CODE           	11FDA	0000	13
		i2_USBTransferOnePacket		CODE           	132F6	0000	113
		PL20           		CODE           	13732	0000	15
		PL158          		CODE           	12082	0000	15
		PL348          		CODE           	11EF0	0000	11
		PL196          		CODE           	12090	0000	13
		PL30           		CODE           	1128C	0000	15
		PL6            		CODE           	122D2	0000	11
		PL258          		CODE           	11CFA	0000	11
		PL296          		CODE           	13F74	0000	13
		PL40           		CODE           	122F6	0000	11
		PL168          		CODE           	12950	0000	7
		PL358          		CODE           	12824	0000	7

shared estimated size: 3473

C:\Program Files (x86)\Microchip\xc8\v1.35\sources\common\awmod.c
		___awmod       		CODE           	13740	0000	105

C:\Program Files (x86)\Microchip\xc8\v1.35\sources\common\awmod.c estimated size: 105

ctmu.c
		_ctmu_set_ratio		CODE           	1264A	0000	135
		_ctmu_sampling 		CODE           	126EA	0000	137
		_ctmu_task     		CODE           	14592	0000	15

ctmu.c estimated size: 287

../My_library/My_ST7032.c
		_ST7032_put    		CODE           	13FC0	0000	53
		_ST7032_task   		CODE           	11D0C	0000	243
		_ST7032_init   		CODE           	1245E	0000	161
		_ST7032_puts   		CODE           	13F80	0000	49
		_ST7032_clear  		CODE           	145A0	0000	13
		_ST7032_cursor 		CODE           	14422	0000	33
		_ST7032_command		CODE           	13EFE	0000	67

../My_library/My_ST7032.c estimated size: 619

LCD_print.c
		_display       		CODE           	120B8	0000	141
		_display_LCD   		CODE           	10348	0000	651

LCD_print.c estimated size: 792

../My_library/My_button.c
		_button_timer_interrupt		CODE           	11150	0000	317

../My_library/My_button.c estimated size: 317

ChargeStation_task.c
		_terminal_operation		CODE           	10ADA	0000	405
		_normal_task   		CODE           	131EC	0000	135
		_integrate_time		CODE           	13F40	0000	37
		_port_button_task		CODE           	12184	0000	197
		_LED_indicator 		CODE           	123B4	0000	145
		_integrate_current		CODE           	13272	0000	121
		_sleep_task    		CODE           	1282A	0000	157
		_data_out      		CODE           	11C10	0000	177
		_Auto_cut      		CODE           	12504	0000	149
		_bootload      		CODE           	14118	0000	51

ChargeStation_task.c estimated size: 1574

C:\Program Files (x86)\Microchip\xc8\v1.35\sources\common\lwdiv.c
		___lwdiv       		CODE           	13D4C	0000	75

C:\Program Files (x86)\Microchip\xc8\v1.35\sources\common\lwdiv.c estimated size: 75

C:\Program Files (x86)\Microchip\xc8\v1.35\sources\common\Umul16.c
		___wmul        		CODE           	1430E	0000	39

C:\Program Files (x86)\Microchip\xc8\v1.35\sources\common\Umul16.c estimated size: 39

C:\Program Files (x86)\Microchip\xc8\v1.35\sources\common\lbmod.c
		___lbmod       		CODE           	142E6	0000	41

C:\Program Files (x86)\Microchip\xc8\v1.35\sources\common\lbmod.c estimated size: 41

C:\Program Files (x86)\Microchip\xc8\v1.35\sources\common\lldiv.c
		___lldiv       		CODE           	13662	0000	119

C:\Program Files (x86)\Microchip\xc8\v1.35\sources\common\lldiv.c estimated size: 119

main.c
		_ISR           		CODE           	0008	0000	181
		_hardware_init 		CODE           	1337A	0000	131
		_main          		CODE           	137A8	0000	101
		_software_init 		CODE           	13932	0000	97

main.c estimated size: 510

