Microchip MPLAB XC8 Compiler V1.35 ()

Linker command line:

--edf=C:\Program Files (x86)\Microchip\xc8\v1.35\dat\en_msgs.txt -cs \
  -h+dist/default/production\PIC18F27J53-USB-test01.X.production.sym \
  --cmf=dist/default/production\PIC18F27J53-USB-test01.X.production.cmf -z \
  -Q18F27J53 -oC:\Users\KERIKU~1\AppData\Local\Temp\s7i4.2 \
  -Mdist/default/production/PIC18F27J53-USB-test01.X.production.map -E1 \
  -ver=XC8 -ASTACK=05FAh-0cffh -pstack=STACK \
  -ACODE=01000h-01005h,01008h-01015h,01018h-01FFF7h \
  -ACONST=01000h-01005h,01008h-01015h,01018h-01FFF7h \
  -ASMALLCONST=01000h-01005h,01008h-01015h,01018h-010FFh,01100h-011FFhx494,01FF00h-01FFF7h \
  -AMEDIUMCONST=01000h-01005h,01008h-01015h,01018h-0FFFFh,010F00h-01FFF7h \
  -ACOMRAM=01h-05Fh -AABS1=00h-0EAFh -ABIGRAM=01h-0EAFh \
  -ARAM=060h-0FFh,0100h-01FFhx13,0E00h-0EAFh -ABANK0=060h-0FFh \
  -ABANK1=0100h-01FFh -ABANK2=0200h-02FFh -ABANK3=0300h-03FFh \
  -ABANK4=0400h-04FFh -ABANK5=0500h-05FFh -ABANK6=0600h-06FFh \
  -ABANK7=0700h-07FFh -ABANK8=0800h-08FFh -ABANK9=0900h-09FFh \
  -ABANK10=0A00h-0AFFh -ABANK11=0B00h-0BFFh -ABANK12=0C00h-0CFFh \
  -ABANK13=0D00h-0DFFh -ABANK14=0E00h-0EAFh \
  -ASFR=0EB0h-0EFFh,0F00h-0F5Fh,0F60h-0FFFh \
  -preset_vec=01000h,intcode=01008h,intcodelo,powerup,init,end_init \
  -pramtop=0F00h -psmallconst=SMALLCONST -pmediumconst=MEDIUMCONST \
  -pconst=CONST -AFARRAM=00h-00h -ACONFIG=01FFF8h-01FFFFh -pconfig=CONFIG \
  -pjflash_buffer=01F800h \
  -prdata=COMRAM,nvrram=COMRAM,nvbit=COMRAM,rbss=COMRAM,rbit=COMRAM \
  -pfarbss=FARRAM,fardata=FARRAM,nvFARRAM=FARRAM \
  -pintsave_regs=BIGRAM,bigbss=BIGRAM,bigdata=BIGRAM -pbss=RAM \
  -pidata=CODE,irdata=CODE,ibigdata=CODE,ifardata=CODE -prparam=COMRAM \
  C:\Users\KERIKU~1\AppData\Local\Temp\s7i4.obj \
  dist/default/production\PIC18F27J53-USB-test01.X.production.obj 

Object code version is 3.11

Machine type is 18F27J53

Call graph: (short form)




                Name                               Link     Load   Length Selector   Space Scale
C:\Users\KERIKU~1\AppData\Local\Temp\s7i4.obj
                end_init                           1082     1082        4      804       0
                reset_vec                          1000     1000        4      800       0
                config                            1FFF8    1FFF8        8    1FFF8       0
dist/default/production\PIC18F27J53-USB-test01.X.production.obj
                intcode                            1008     1008       7A      804       0
                temp                                 59       59        1        1       1
                mediumconst                        FE7E     FE7E      182     7F3F       0
                text45                            110DE    110DE       D8     8000       0
                text44                            114FA    114FA       C8     8000       0
                text43                            115C2    115C2       C4     8000       0
                text42                            10950    10950      118     8000       0
                text41                            11B88    11B88       5C     8000       0
                text40                            11898    11898       94     8000       0
                text39                            11D08    11D08       3C     8000       0
                text38                            11740    11740       BA     8000       0
                text37                            11ABC    11ABC       70     8000       0
                text36                            11E2A    11E2A       2A     8000       0
                text35                            111B6    111B6       D6     8000       0
                text34                            11B2C    11B2C       5C     8000       0
                text33                            10000    10000      286     8000       0
                text32                            106BE    106BE      14E     8000       0
                text31                            11686    11686       BA     8000       0
                text30                            11DD4    11DD4       2C     8000       0
                text29                            10F20    10F20       E6     8000       0
                text28                            10C54    10C54       F4     8000       0
                text27                            117FA    117FA       9E     8000       0
                text26                            10B60    10B60       F4     8000       0
                text25                            119BC    119BC       8E     8000       0
                text24                            11360    11360       CE     8000       0
                text23                            11C86    11C86       46     8000       0
                text22                            11E00    11E00       2A     8000       0
                text21                            11D78    11D78       30     8000       0
                text20                            1080C    1080C      144     8000       0
                text19                            10570    10570      14E     8000       0
                text18                            11EAA    11EAA        6     8000       0
                text16                            11CCC    11CCC       3C     8000       0
                text15                            11D44    11D44       34     8000       0
                text14                            1040E    1040E      162     8000       0
                text13                            11BE4    11BE4       54     8000       0
                text12                            11C38    11C38       4E     8000       0
                text11                            11E9C    11E9C        E     8000       0
                text10                            11006    11006       D8     8000       0
                text9                             10286    10286      188     8000       0
                text8                             10E36    10E36       EA     8000       0
                text7                             11DA8    11DA8       2C     8000       0
                text6                             11E54    11E54       26     8000       0
                text5                             11E7A    11E7A       22     8000       0
                text4                             10D48    10D48       EE     8000       0
                text3                             1142E    1142E       CC     8000       0
                text2                             1128C    1128C       D4     8000       0
                text1                             10A68    10A68       F8     8000       0
                text0                             11A4A    11A4A       72     8000       0
                cstackCOMRAM                          1        1       2C        1       1
                cstackBANK0                          EA       EA       11       60       1
                cstackBANK1                         1E4      1E4        4      100       1
                bssBANK5                            500      500       FA      500       1
                bssBANK4                            400      400       FA      400       1
                bssBANK3                            300      300       C8      300       1
                bssBANK2                            200      200       80      200       1
                bssBANK1                            100      100       E4      100       1
                dataBANK0                            FB       FB        4       60       1
                bssBANK0                             60       60       8A       60       1
                dataCOMRAM                           58       58        1        1       1
                bssCOMRAM                            2D       2D       2B        1       1
                cinit                             1192C    1192C       90     8000       0
                idataBANK0                        11EB0    11EB0        4     8000       0
                idataCOMRAM                        1004     1004        1      800       0

TOTAL           Name                               Link     Load   Length     Space
        CLASS   STACK          

        CLASS   CODE           
                end_init                           1082     1082        4         0
                intcode                            1008     1008       7A         0
                reset_vec                          1000     1000        4         0
                text45                            110DE    110DE       D8         0
                text44                            114FA    114FA       C8         0
                text43                            115C2    115C2       C4         0
                text42                            10950    10950      118         0
                text41                            11B88    11B88       5C         0
                text40                            11898    11898       94         0
                text39                            11D08    11D08       3C         0
                text38                            11740    11740       BA         0
                text37                            11ABC    11ABC       70         0
                text36                            11E2A    11E2A       2A         0
                text35                            111B6    111B6       D6         0
                text34                            11B2C    11B2C       5C         0
                text33                            10000    10000      286         0
                text32                            106BE    106BE      14E         0
                text31                            11686    11686       BA         0
                text30                            11DD4    11DD4       2C         0
                text29                            10F20    10F20       E6         0
                text28                            10C54    10C54       F4         0
                text27                            117FA    117FA       9E         0
                text26                            10B60    10B60       F4         0
                text25                            119BC    119BC       8E         0
                text24                            11360    11360       CE         0
                text23                            11C86    11C86       46         0
                text22                            11E00    11E00       2A         0
                text21                            11D78    11D78       30         0
                text20                            1080C    1080C      144         0
                text19                            10570    10570      14E         0
                text18                            11EAA    11EAA        6         0
                text16                            11CCC    11CCC       3C         0
                text15                            11D44    11D44       34         0
                text14                            1040E    1040E      162         0
                text13                            11BE4    11BE4       54         0
                text12                            11C38    11C38       4E         0
                text11                            11E9C    11E9C        E         0
                text10                            11006    11006       D8         0
                text9                             10286    10286      188         0
                text8                             10E36    10E36       EA         0
                text7                             11DA8    11DA8       2C         0
                text6                             11E54    11E54       26         0
                text5                             11E7A    11E7A       22         0
                text4                             10D48    10D48       EE         0
                text3                             1142E    1142E       CC         0
                text2                             1128C    1128C       D4         0
                text1                             10A68    10A68       F8         0
                text0                             11A4A    11A4A       72         0
                cinit                             1192C    1192C       90         0
                idataBANK0                        11EB0    11EB0        4         0
                idataCOMRAM                        1004     1004        1         0

        CLASS   CONST          

        CLASS   SMALLCONST     

        CLASS   MEDIUMCONST    
                mediumconst                        FE7E     FE7E      182         0

        CLASS   COMRAM         
                temp                                 59       59        1         1
                cstackCOMRAM                          1        1       2C         1
                dataCOMRAM                           58       58        1         1
                bssCOMRAM                            2D       2D       2B         1

        CLASS   ABS1           
                abs_s1                              D00      D00       40         1

        CLASS   BIGRAM         

        CLASS   RAM            

        CLASS   BANK0          
                cstackBANK0                          EA       EA       11         1
                dataBANK0                            FB       FB        4         1
                bssBANK0                             60       60       8A         1

        CLASS   BANK1          
                cstackBANK1                         1E4      1E4        4         1
                bssBANK1                            100      100       E4         1

        CLASS   BANK2          
                bssBANK2                            200      200       80         1

        CLASS   BANK3          
                bssBANK3                            300      300       C8         1

        CLASS   BANK4          
                bssBANK4                            400      400       FA         1

        CLASS   BANK5          
                bssBANK5                            500      500       FA         1

        CLASS   BANK6          

        CLASS   BANK7          

        CLASS   BANK8          

        CLASS   BANK9          

        CLASS   BANK10         

        CLASS   BANK11         

        CLASS   BANK12         

        CLASS   BANK13         

        CLASS   BANK14         

        CLASS   SFR            

        CLASS   FARRAM         

        CLASS   CONFIG         
                config                            1FFF8    1FFF8        8         0

        CLASS   IDLOC          



SEGMENTS        Name                           Load    Length   Top    Selector   Space  Class

                cstackCOMRAM                   000001  000059  00005A         1       1  COMRAM  
                bssBANK0                       000060  00009F  0000FF        60       1  BANK0   
                bssBANK1                       000100  0000E8  0001E8       100       1  BANK1   
                bssBANK2                       000200  000080  000280       200       1  BANK2   
                bssBANK3                       000300  0000C8  0003C8       300       1  BANK3   
                bssBANK4                       000400  0000FA  0004FA       400       1  BANK4   
                bssBANK5                       000500  0000FA  0005FA       500       1  BANK5   
                reset_vec                      001000  000005  001005       800       0  CODE    
                intcode                        001008  00007E  001086       804       0  CODE    
                mediumconst                    00FE7E  000182  010000      7F3F       0  MEDIUMCO
                text33                         010000  001EB4  011EB4      8000       0  CODE    
                config                         01FFF8  000008  020000     1FFF8       0  CONFIG  


UNUSED ADDRESS RANGES

        Name                Unused          Largest block    Delta
        BANK0            000FF-000FF               1
        BANK1            001E8-001FF              18
        BANK10           00A00-00AFF             100
        BANK11           00B00-00BFF             100
        BANK12           00C00-00CFF             100
        BANK13           00D40-00DFF              C0
        BANK14           00E00-00EAF              B0
        BANK2            00280-002FF              80
        BANK3            003C8-003FF              38
        BANK4            004FA-004FF               6
        BANK5            005FA-005FF               6
        BANK6            00600-006FF             100
        BANK7            00700-007FF             100
        BANK8            00800-008FF             100
        BANK9            00900-009FF             100
        BIGRAM           0005A-0005F               6
                         000FF-000FF               1
                         001E8-001FF              18
                         00280-002FF              80
                         003C8-003FF              38
                         004FA-004FF               6
                         005FA-00CFF             706
                         00D40-00EAF             170
        CODE             01005-01005               1
                         01086-0FE7D            EDF8
                         11EB4-1FFF7            E144
        COMRAM           0005A-0005F               6
        CONST            01005-01005               1
                         01086-0FE7D            EDF8
                         11EB4-1FFF7            E144
        FARRAM           00000-00000               1
        MEDIUMCONST      01005-01005               1
                         01086-0FE7D            EDF8
                         11EB4-1FFF7            E144
        RAM              000FF-000FF               1
                         001E8-001FF              18
                         00280-002FF              80
                         003C8-003FF              38
                         004FA-004FF               6
                         005FA-00CFF             100
                         00D40-00EAF              C0
        SFR              00EB0-00FFF              60
        SMALLCONST       01005-01005               1
                         01086-0FE7D             100
                         11EB4-1FFF7             100
        STACK            005FA-00CFF             706

                                  Symbol Table

?_USBTransferOnePacket                     cstackBANK0   000EA
?_ringbuf_num                              cstackBANK0   000EA
?i2_USBTransferOnePacket                   cstackCOMRAM  00001
CDCTxService@byte_to_send                  cstackBANK0   000F5
CDCTxService@i                             cstackBANK0   000F4
I2C_LCD_SetCursor@F8685                    dataBANK0     000FB
RTCC_task@prev_halfsec                     bssCOMRAM     00037
ST7032_cursor@F8640                        dataBANK0     000FD
ST7032_init@buf                            bssBANK3      00300
ST7032_task@st7032_state                   bssCOMRAM     00038
ST7032_task@wait                           bssCOMRAM     0002D
USBConfigureEndpoint@EPNum                 cstackCOMRAM  00006
USBConfigureEndpoint@direction             cstackCOMRAM  00001
USBConfigureEndpoint@handle                cstackCOMRAM  00007
USBCtrlEPService@setup_cnt                 cstackCOMRAM  0001D
USBCtrlTrfInHandler@lastDTS                cstackCOMRAM  00002
USBCtrlTrfRxService@byteToRead             cstackCOMRAM  00002
USBCtrlTrfRxService@i                      cstackCOMRAM  00001
USBCtrlTrfTxService@byteToSend             cstackCOMRAM  00001
USBDeviceInit@i                            cstackBANK0   000F2
USBDeviceTasks@i                           cstackCOMRAM  0001E
USBEnableEndpoint@ep                       cstackCOMRAM  0000C
USBEnableEndpoint@options                  cstackCOMRAM  00009
USBEnableEndpoint@p                        cstackCOMRAM  0000A
USBStdFeatureReqHandler@current_ep_data    cstackCOMRAM  00018
USBStdFeatureReqHandler@p                  cstackCOMRAM  00019
USBStdFeatureReqHandler@pUEP               cstackCOMRAM  00016
USBStdGetStatusHandler@p                   cstackCOMRAM  00002
USBStdSetCfgHandler@i                      cstackCOMRAM  00015
USBTransferOnePacket@data                  cstackBANK0   000EB
USBTransferOnePacket@dir                   cstackBANK0   000EA
USBTransferOnePacket@ep                    cstackBANK0   000EE
USBTransferOnePacket@handle                cstackBANK0   000EF
USBTransferOnePacket@len                   cstackBANK0   000ED
USB_CDC_buffer_init@rxbuf                  bssBANK4      00400
USB_CDC_buffer_init@txbuf                  bssBANK5      00500
USB_CDC_get@numBytesRead                   cstackBANK0   000F7
USB_CDC_send@length                        cstackBANK0   000F6
USB_CDC_task@i                             cstackBANK1   001E4
USB_CDC_task@length                        cstackBANK1   001E6
USER_USB_CALLBACK_EVENT_HANDLER@event      cstackCOMRAM  0000D
USER_USB_CALLBACK_EVENT_HANDLER@pdata      cstackCOMRAM  0000F
USER_USB_CALLBACK_EVENT_HANDLER@size       cstackCOMRAM  00011
_ADCON0bits                                (abs)         00FC2
_ADCON1bits                                (abs)         00FC1
_ADRES                                     (abs)         00FC3
_ANCON0                                    (abs)         00F48
_ANCON1                                    (abs)         00F49
_APP_DeviceCDCBasicDemoInitialize          text36        11E2A
_BAUDCON1bits                              (abs)         00F7E
_BCL1IF                                    (abs)         07D0B
_BDT                                       (abs)         00D00
_BaudRateGen                               bssBANK0      00085
_BothEP0OutUOWNsSet                        bssCOMRAM     00039
_CDCDataInHandle                           bssBANK0      00099
_CDCDataOutHandle                          bssBANK0      0009B
_CDCInitEP                                 text37        11ABC
_CDCTxService                              text9         10286
_CDCTxService$5276                         cstackBANK0   000F2
_CTMUCONH                                  (abs)         00FB3
_CTMUCONHbits                              (abs)         00FB3
_CTMUCONL                                  (abs)         00FB2
_CTMUCONLbits                              (abs)         00FB2
_CTMUICON                                  (abs)         00FB1
_CtrlTrfData                               (abs)         00D38
_EECON2                                    (abs)         00FA7
_I2C_busy                                  bssCOMRAM     0003A
_I2C_cfct_flag                             bssCOMRAM     0003B
_I2C_sent_flag                             bssCOMRAM     0003C
_INTCON2bits                               (abs)         00FF1
_INTCONbits                                (abs)         00FF2
_IPR1bits                                  (abs)         00F9F
_IPR2bits                                  (abs)         00FA2
_IPR5bits                                  (abs)         00F99
_ISR                                       intcode       01008
_LATB2                                     (abs)         07C52
_OSCCONbits                                (abs)         00FD3
_OSCTUNEbits                               (abs)         00F9B
_PADCFG1bits                               (abs)         00F3C
_PIE1bits                                  (abs)         00F9D
_PIE2bits                                  (abs)         00FA0
_PIE5bits                                  (abs)         00F91
_PIR1bits                                  (abs)         00F9E
_PIR2bits                                  (abs)         00FA1
_PIR5bits                                  (abs)         00F98
_RCONbits                                  (abs)         00FD0
_RCREG1                                    (abs)         00FAF
_RCSTA1bits                                (abs)         00FAC
_RTCCAL                                    (abs)         00F3E
_RTCCFGbits                                (abs)         00F3F
_RTCVALH                                   (abs)         00F3B
_RTCVALL                                   (abs)         00F3A
_RemoteWakeup                              bssCOMRAM     0003D
_SPBRG1                                    (abs)         00FB0
_SPBRGH1                                   (abs)         00F7F
_SSP1ADD                                   (abs)         00FC8
_SSP1BUF                                   (abs)         00FC9
_SSP1CON1                                  (abs)         00FC6
_SSP1CON1bits                              (abs)         00FC6
_SSP1CON2                                  (abs)         00FC5
_SSP1CON2bits                              (abs)         00FC5
_SSP1IF                                    (abs)         07CF3
_SSP1STAT                                  (abs)         00FC7
_SSP1STATbits                              (abs)         00FC7
_SSPBUF                                    (abs)         00FC9
_SetupPkt                                  (abs)         00D30
_T0CONbits                                 (abs)         00FD5
_T1CONbits                                 (abs)         00FCD
_T3CONbits                                 (abs)         00F79
_T5CONbits                                 (abs)         00F22
_TRISA                                     (abs)         00F92
_TRISB                                     (abs)         00F93
_TRISC                                     (abs)         00F94
_TXREG1                                    (abs)         00FAE
_TXSTA1bits                                (abs)         00FAD
_UADDR                                     (abs)         00F38
_UCFG                                      (abs)         00F39
_UCON                                      (abs)         00F65
_UCONbits                                  (abs)         00F65
_UEIE                                      (abs)         00F37
_UEIR                                      (abs)         00F63
_UEP0                                      (abs)         00F26
_UEP0bits                                  (abs)         00F26
_UEP1                                      (abs)         00F27
_UIE                                       (abs)         00F36
_UIEbits                                   (abs)         00F36
_UIR                                       (abs)         00F62
_UIRbits                                   (abs)         00F62
_USBActiveConfiguration                    bssCOMRAM     00056
_USBAlternateInterface                     bssCOMRAM     00054
_USBBusIsSuspended                         bssCOMRAM     0003E
_USBCheckCDCRequest                        text35        111B6
_USBCheckStdRequest                        text28        10C54
_USBConfigureEndpoint                      text40        11898
_USBCtrlEPAllowDataStage                   text27        117FA
_USBCtrlEPAllowStatusStage                 text43        115C2
_USBCtrlEPService                          text24        11360
_USBCtrlEPServiceComplete                  text26        10B60
_USBCtrlTrfInHandler                       text44        114FA
_USBCtrlTrfOutHandler                      text41        11B88
_USBCtrlTrfRxService                       text42        10950
_USBCtrlTrfSetupHandler                    text25        119BC
_USBCtrlTrfTxService                       text45        110DE
_USBDeferINDataStagePackets                bssCOMRAM     0003F
_USBDeferOUTDataStagePackets               bssCOMRAM     00040
_USBDeferStatusStagePacket                 bssCOMRAM     00041
_USBDeviceAttach                           text16        11CCC
_USBDeviceInit                             text14        1040E
_USBDeviceState                            bssBANK0      0009F
_USBDeviceTasks                            text19        10570
_USBEnableEndpoint                         text39        11D08
_USBStallHandler                           text23        11C86
_USBStatusStageEnabledFlag1                bssCOMRAM     00042
_USBStatusStageEnabledFlag2                bssCOMRAM     00043
_USBStatusStageTimeoutCounter              bssCOMRAM     00044
_USBStdFeatureReqHandler                   text33        10000
_USBStdGetDscHandler                       text32        106BE
_USBStdGetStatusHandler                    text31        11686
_USBStdSetCfgHandler                       text29        10F20
_USBSuspend                                text22        11E00
_USBTransferOnePacket                      text10        11006
_USBWakeFromSuspend                        text21        11D78
_USB_CDC_ISR                               text18        11EAA
_USB_CDC_buffer_init                       text12        11C38
_USB_CDC_get                               text7         11DA8
_USB_CDC_init                              text11        11E9C
_USB_CDC_send                              text5         11E7A
_USB_CDC_task                              text1         10A68
_USB_CD_Ptr                                mediumconst   0FE8F
_USB_SD_Ptr                                mediumconst   0FE89
_USER_USB_CALLBACK_EVENT_HANDLER           text34        11B2C
_USTAT                                     (abs)         00F64
_USTATcopy                                 bssCOMRAM     00057
__CFG_ADCSEL$BIT12                         (abs)         00000
__CFG_CFGPLLEN$ON                          (abs)         00000
__CFG_CLKOEC$OFF                           (abs)         00000
__CFG_CP0$OFF                              (abs)         00000
__CFG_CPUDIV$OSC1                          (abs)         00000
__CFG_DSBOREN$OFF                          (abs)         00000
__CFG_DSWDTEN$OFF                          (abs)         00000
__CFG_DSWDTOSC$T1OSCREF                    (abs)         00000
__CFG_DSWDTPS$G2                           (abs)         00000
__CFG_FCMEN$OFF                            (abs)         00000
__CFG_IESO$OFF                             (abs)         00000
__CFG_IOL1WAY$OFF                          (abs)         00000
__CFG_LS48MHZ$SYS48X8                      (abs)         00000
__CFG_MSSP7B_EN$MSK7                       (abs)         00000
__CFG_OSC$INTOSCPLL                        (abs)         00000
__CFG_PLLDIV$2                             (abs)         00000
__CFG_RTCOSC$T1OSCREF                      (abs)         00000
__CFG_SOSCSEL$LOW                          (abs)         00000
__CFG_STVREN$OFF                           (abs)         00000
__CFG_WDTEN$OFF                            (abs)         00000
__CFG_WDTPS$1024                           (abs)         00000
__CFG_WPCFG$OFF                            (abs)         00000
__CFG_WPDIS$OFF                            (abs)         00000
__CFG_WPEND$PAGE_WPFP                      (abs)         00000
__CFG_WPFP$PAGE_127                        (abs)         00000
__CFG_XINST$OFF                            (abs)         00000
__HRAM                                     (abs)         00000
__Habs1                                    abs1          00000
__Hbank0                                   bank0         00000
__Hbank1                                   bank1         00000
__Hbank10                                  bank10        00000
__Hbank11                                  bank11        00000
__Hbank12                                  bank12        00000
__Hbank13                                  bank13        00000
__Hbank14                                  bank14        00000
__Hbank2                                   bank2         00000
__Hbank3                                   bank3         00000
__Hbank4                                   bank4         00000
__Hbank5                                   bank5         00000
__Hbank6                                   bank6         00000
__Hbank7                                   bank7         00000
__Hbank8                                   bank8         00000
__Hbank9                                   bank9         00000
__Hbigbss                                  bigbss        00000
__Hbigdata                                 bigdata       00000
__Hbigram                                  bigram        00000
__Hbss                                     bss           00000
__HbssBANK0                                bssBANK0      00000
__HbssBANK1                                bssBANK1      00000
__HbssBANK2                                bssBANK2      00000
__HbssBANK3                                bssBANK3      00000
__HbssBANK4                                bssBANK4      00000
__HbssBANK5                                bssBANK5      00000
__HbssCOMRAM                               bssCOMRAM     00000
__Hcinit                                   cinit         00000
__Hclrtext                                 clrtext       00000
__Hcomram                                  comram        00000
__Hconfig                                  config        20000
__Hconst                                   const         00000
__HcstackBANK0                             cstackBANK0   00000
__HcstackBANK1                             cstackBANK1   00000
__HcstackCOMRAM                            cstackCOMRAM  00000
__Hdata                                    data          00000
__HdataBANK0                               dataBANK0     00000
__HdataCOMRAM                              dataCOMRAM    00000
__Hend_init                                end_init      01086
__Hfarbss                                  farbss        00000
__Hfardata                                 fardata       00000
__Hibigdata                                ibigdata      00000
__Hidata                                   idata         00000
__HidataBANK0                              idataBANK0    00000
__HidataCOMRAM                             idataCOMRAM   00000
__Hidloc                                   idloc         00000
__Hifardata                                ifardata      00000
__Hinit                                    init          01082
__Hintcode                                 intcode       01082
__Hintcode_body                            intcode_body  00000
__Hintcodelo                               intcodelo     01082
__Hintentry                                intentry      00000
__Hintret                                  intret        00000
__Hintsave_regs                            intsave_regs  00000
__Hirdata                                  irdata        00000
__Hjflash_buffer                           jflash_buffer 1F800
__Hmediumconst                             mediumconst   10000
__HnvFARRAM                                nvFARRAM      00000
__Hnvbit                                   nvbit         00000
__Hnvrram                                  nvrram        00000
__Hparam                                   rparam        00000
__Hpowerup                                 powerup       01082
__Hram                                     ram           00000
__Hramtop                                  ramtop        00F00
__Hrbit                                    rbit          00000
__Hrbss                                    rbss          00000
__Hrdata                                   rdata         00000
__Hreset_vec                               reset_vec     01004
__Hrparam                                  rparam        00000
__Hsfr                                     sfr           00000
__Hsmallconst                              smallconst    00000
__Hspace_0                                 (abs)         20000
__Hspace_1                                 (abs)         005FA
__Hspace_2                                 (abs)         00000
__Hstack                                   stack         00000
__Hstruct                                  struct        00000
__Htemp                                    temp          0005A
__Htext                                    text          00000
__Htext0                                   text0         00000
__Htext1                                   text1         00000
__Htext10                                  text10        00000
__Htext11                                  text11        00000
__Htext12                                  text12        00000
__Htext13                                  text13        00000
__Htext14                                  text14        00000
__Htext15                                  text15        00000
__Htext16                                  text16        00000
__Htext18                                  text18        00000
__Htext19                                  text19        00000
__Htext2                                   text2         00000
__Htext20                                  text20        00000
__Htext21                                  text21        00000
__Htext22                                  text22        00000
__Htext23                                  text23        00000
__Htext24                                  text24        00000
__Htext25                                  text25        00000
__Htext26                                  text26        00000
__Htext27                                  text27        00000
__Htext28                                  text28        00000
__Htext29                                  text29        00000
__Htext3                                   text3         00000
__Htext30                                  text30        00000
__Htext31                                  text31        00000
__Htext32                                  text32        00000
__Htext33                                  text33        00000
__Htext34                                  text34        00000
__Htext35                                  text35        00000
__Htext36                                  text36        00000
__Htext37                                  text37        00000
__Htext38                                  text38        00000
__Htext39                                  text39        00000
__Htext4                                   text4         00000
__Htext40                                  text40        00000
__Htext41                                  text41        00000
__Htext42                                  text42        00000
__Htext43                                  text43        00000
__Htext44                                  text44        00000
__Htext45                                  text45        00000
__Htext5                                   text5         00000
__Htext6                                   text6         00000
__Htext7                                   text7         00000
__Htext8                                   text8         00000
__Htext9                                   text9         00000
__LRAM                                     (abs)         00001
__Labs1                                    abs1          00000
__Lbank0                                   bank0         00000
__Lbank1                                   bank1         00000
__Lbank10                                  bank10        00000
__Lbank11                                  bank11        00000
__Lbank12                                  bank12        00000
__Lbank13                                  bank13        00000
__Lbank14                                  bank14        00000
__Lbank2                                   bank2         00000
__Lbank3                                   bank3         00000
__Lbank4                                   bank4         00000
__Lbank5                                   bank5         00000
__Lbank6                                   bank6         00000
__Lbank7                                   bank7         00000
__Lbank8                                   bank8         00000
__Lbank9                                   bank9         00000
__Lbigbss                                  bigbss        00000
__Lbigdata                                 bigdata       00000
__Lbigram                                  bigram        00000
__Lbss                                     bss           00000
__LbssBANK0                                bssBANK0      00000
__LbssBANK1                                bssBANK1      00000
__LbssBANK2                                bssBANK2      00000
__LbssBANK3                                bssBANK3      00000
__LbssBANK4                                bssBANK4      00000
__LbssBANK5                                bssBANK5      00000
__LbssCOMRAM                               bssCOMRAM     00000
__Lcinit                                   cinit         00000
__Lclrtext                                 clrtext       00000
__Lcomram                                  comram        00000
__Lconfig                                  config        1FFF8
__Lconst                                   const         00000
__LcstackBANK0                             cstackBANK0   00000
__LcstackBANK1                             cstackBANK1   00000
__LcstackCOMRAM                            cstackCOMRAM  00000
__Ldata                                    data          00000
__LdataBANK0                               dataBANK0     00000
__LdataCOMRAM                              dataCOMRAM    00000
__Lend_init                                end_init      01082
__Lfarbss                                  farbss        00000
__Lfardata                                 fardata       00000
__Libigdata                                ibigdata      00000
__Lidata                                   idata         00000
__LidataBANK0                              idataBANK0    00000
__LidataCOMRAM                             idataCOMRAM   00000
__Lidloc                                   idloc         00000
__Lifardata                                ifardata      00000
__Linit                                    init          01082
__Lintcode                                 intcode       01008
__Lintcode_body                            intcode_body  00000
__Lintcodelo                               intcodelo     01082
__Lintentry                                intentry      00000
__Lintret                                  intret        00000
__Lintsave_regs                            intsave_regs  00000
__Lirdata                                  irdata        00000
__Ljflash_buffer                           jflash_buffer 1F800
__Lmediumconst                             mediumconst   0FE7E
__LnvFARRAM                                nvFARRAM      00000
__Lnvbit                                   nvbit         00000
__Lnvrram                                  nvrram        00000
__Lparam                                   rparam        00000
__Lpowerup                                 powerup       01082
__Lram                                     ram           00000
__Lramtop                                  ramtop        00F00
__Lrbit                                    rbit          00000
__Lrbss                                    rbss          00000
__Lrdata                                   rdata         00000
__Lreset_vec                               reset_vec     01000
__Lrparam                                  rparam        00000
__Lsfr                                     sfr           00000
__Lsmallconst                              smallconst    00000
__Lspace_0                                 (abs)         00000
__Lspace_1                                 (abs)         00000
__Lspace_2                                 (abs)         00000
__Lstack                                   stack         00000
__Lstruct                                  struct        00000
__Ltemp                                    temp          00059
__Ltext                                    text          00000
__Ltext0                                   text0         00000
__Ltext1                                   text1         00000
__Ltext10                                  text10        00000
__Ltext11                                  text11        00000
__Ltext12                                  text12        00000
__Ltext13                                  text13        00000
__Ltext14                                  text14        00000
__Ltext15                                  text15        00000
__Ltext16                                  text16        00000
__Ltext18                                  text18        00000
__Ltext19                                  text19        00000
__Ltext2                                   text2         00000
__Ltext20                                  text20        00000
__Ltext21                                  text21        00000
__Ltext22                                  text22        00000
__Ltext23                                  text23        00000
__Ltext24                                  text24        00000
__Ltext25                                  text25        00000
__Ltext26                                  text26        00000
__Ltext27                                  text27        00000
__Ltext28                                  text28        00000
__Ltext29                                  text29        00000
__Ltext3                                   text3         00000
__Ltext30                                  text30        00000
__Ltext31                                  text31        00000
__Ltext32                                  text32        00000
__Ltext33                                  text33        00000
__Ltext34                                  text34        00000
__Ltext35                                  text35        00000
__Ltext36                                  text36        00000
__Ltext37                                  text37        00000
__Ltext38                                  text38        00000
__Ltext39                                  text39        00000
__Ltext4                                   text4         00000
__Ltext40                                  text40        00000
__Ltext41                                  text41        00000
__Ltext42                                  text42        00000
__Ltext43                                  text43        00000
__Ltext44                                  text44        00000
__Ltext45                                  text45        00000
__Ltext5                                   text5         00000
__Ltext6                                   text6         00000
__Ltext7                                   text7         00000
__Ltext8                                   text8         00000
__Ltext9                                   text9         00000
__S0                                       (abs)         20000
__S1                                       (abs)         005FA
__S2                                       (abs)         00000
___inthi_sp                                stack         00000
___intlo_sp                                stack         00000
___param_bank                              (abs)         00010
___rparam_used                             (abs)         00001
___sp                                      stack         00000
__accesstop                                (abs)         00060
__activetblptr                             (abs)         00003
__end_of_APP_DeviceCDCBasicDemoInitialize  text36        11E54
__end_of_CDCInitEP                         text37        11B2C
__end_of_CDCTxService                      text9         1040E
__end_of_ISR                               intcode       01082
__end_of_USBCheckCDCRequest                text35        1128C
__end_of_USBCheckStdRequest                text28        10D48
__end_of_USBConfigureEndpoint              text40        1192C
__end_of_USBCtrlEPAllowDataStage           text27        11898
__end_of_USBCtrlEPAllowStatusStage         text43        11686
__end_of_USBCtrlEPService                  text24        1142E
__end_of_USBCtrlEPServiceComplete          text26        10C54
__end_of_USBCtrlTrfInHandler               text44        115C2
__end_of_USBCtrlTrfOutHandler              text41        11BE4
__end_of_USBCtrlTrfRxService               text42        10A68
__end_of_USBCtrlTrfSetupHandler            text25        11A4A
__end_of_USBCtrlTrfTxService               text45        111B6
__end_of_USBDeviceAttach                   text16        11D08
__end_of_USBDeviceInit                     text14        10570
__end_of_USBDeviceTasks                    text19        106BE
__end_of_USBEnableEndpoint                 text39        11D44
__end_of_USBStallHandler                   text23        11CCC
__end_of_USBStdFeatureReqHandler           text33        10286
__end_of_USBStdGetDscHandler               text32        1080C
__end_of_USBStdGetStatusHandler            text31        11740
__end_of_USBStdSetCfgHandler               text29        11006
__end_of_USBSuspend                        text22        11E2A
__end_of_USBTransferOnePacket              text10        110DE
__end_of_USBWakeFromSuspend                text21        11DA8
__end_of_USB_CDC_ISR                       text18        11EB0
__end_of_USB_CDC_buffer_init               text12        11C86
__end_of_USB_CDC_get                       text7         11DD4
__end_of_USB_CDC_init                      text11        11EAA
__end_of_USB_CDC_send                      text5         11E9C
__end_of_USB_CDC_task                      text1         10B60
__end_of_USB_CD_Ptr                        mediumconst   0FE91
__end_of_USB_SD_Ptr                        mediumconst   0FE8F
__end_of_USER_USB_CALLBACK_EVENT_HANDLER   text34        11B88
__end_of__initialization                   cinit         119B2
__end_of_configDescriptor1                 mediumconst   0FED4
__end_of_device_dsc                        mediumconst   0FF6A
__end_of_dpowers                           mediumconst   0FE89
__end_of_getsUSBUSART                      text8         10F20
__end_of_main                              text0         11ABC
__end_of_memset                            text15        11D78
__end_of_putUSBUSART                       text6         11E7A
__end_of_ringbuf_init                      text13        11C38
__end_of_ringbuf_num                       text4         10E36
__end_of_ringbuf_pop                       text3         114FA
__end_of_ringbuf_put                       text2         11360
__end_of_sd000                             mediumconst   0FF6E
__end_of_sd001                             mediumconst   0FF08
__end_of_sd002                             mediumconst   0FF3C
__end_of_weekday_3char                     mediumconst   0FF58
__end_ofi2_USBDeviceInit                   text20        10950
__end_ofi2_USBTransferOnePacket            text38        117FA
__end_ofi2_memset                          text30        11E00
__initialization                           cinit         1192C
__mediumconst                              mediumconst   0FE7E
__pbssBANK0                                bssBANK0      00060
__pbssBANK1                                bssBANK1      00100
__pbssBANK2                                bssBANK2      00200
__pbssBANK3                                bssBANK3      00300
__pbssBANK4                                bssBANK4      00400
__pbssBANK5                                bssBANK5      00500
__pbssCOMRAM                               bssCOMRAM     0002D
__pcinit                                   cinit         1192C
__pcstackBANK0                             cstackBANK0   000EA
__pcstackBANK1                             cstackBANK1   001E4
__pcstackCOMRAM                            cstackCOMRAM  00001
__pdataBANK0                               dataBANK0     000FB
__pdataCOMRAM                              dataCOMRAM    00058
__pidataBANK0                              idataBANK0    11EB0
__pidataCOMRAM                             idataCOMRAM   01004
__pintcode                                 intcode       01008
__pmediumconst                             mediumconst   0FE7E
__ptext0                                   text0         11A4A
__ptext1                                   text1         10A68
__ptext10                                  text10        11006
__ptext11                                  text11        11E9C
__ptext12                                  text12        11C38
__ptext13                                  text13        11BE4
__ptext14                                  text14        1040E
__ptext15                                  text15        11D44
__ptext16                                  text16        11CCC
__ptext18                                  text18        11EAA
__ptext19                                  text19        10570
__ptext2                                   text2         1128C
__ptext20                                  text20        1080C
__ptext21                                  text21        11D78
__ptext22                                  text22        11E00
__ptext23                                  text23        11C86
__ptext24                                  text24        11360
__ptext25                                  text25        119BC
__ptext26                                  text26        10B60
__ptext27                                  text27        117FA
__ptext28                                  text28        10C54
__ptext29                                  text29        10F20
__ptext3                                   text3         1142E
__ptext30                                  text30        11DD4
__ptext31                                  text31        11686
__ptext32                                  text32        106BE
__ptext33                                  text33        10000
__ptext34                                  text34        11B2C
__ptext35                                  text35        111B6
__ptext36                                  text36        11E2A
__ptext37                                  text37        11ABC
__ptext38                                  text38        11740
__ptext39                                  text39        11D08
__ptext4                                   text4         10D48
__ptext40                                  text40        11898
__ptext41                                  text41        11B88
__ptext42                                  text42        10950
__ptext43                                  text43        115C2
__ptext44                                  text44        114FA
__ptext45                                  text45        110DE
__ptext5                                   text5         11E7A
__ptext6                                   text6         11E54
__ptext7                                   text7         11DA8
__ptext8                                   text8         10E36
__ptext9                                   text9         10286
__ramtop                                   ramtop        00F00
__size_of_APP_DeviceCDCBasicDemoInitialize (abs)         00000
__size_of_CDCInitEP                        (abs)         00000
__size_of_CDCTxService                     (abs)         00000
__size_of_ISR                              (abs)         00000
__size_of_USBCheckCDCRequest               (abs)         00000
__size_of_USBCheckStdRequest               (abs)         00000
__size_of_USBConfigureEndpoint             (abs)         00000
__size_of_USBCtrlEPAllowDataStage          (abs)         00000
__size_of_USBCtrlEPAllowStatusStage        (abs)         00000
__size_of_USBCtrlEPService                 (abs)         00000
__size_of_USBCtrlEPServiceComplete         (abs)         00000
__size_of_USBCtrlTrfInHandler              (abs)         00000
__size_of_USBCtrlTrfOutHandler             (abs)         00000
__size_of_USBCtrlTrfRxService              (abs)         00000
__size_of_USBCtrlTrfSetupHandler           (abs)         00000
__size_of_USBCtrlTrfTxService              (abs)         00000
__size_of_USBDeviceAttach                  (abs)         00000
__size_of_USBDeviceInit                    (abs)         00000
__size_of_USBDeviceTasks                   (abs)         00000
__size_of_USBEnableEndpoint                (abs)         00000
__size_of_USBStallHandler                  (abs)         00000
__size_of_USBStdFeatureReqHandler          (abs)         00000
__size_of_USBStdGetDscHandler              (abs)         00000
__size_of_USBStdGetStatusHandler           (abs)         00000
__size_of_USBStdSetCfgHandler              (abs)         00000
__size_of_USBSuspend                       (abs)         00000
__size_of_USBTransferOnePacket             (abs)         00000
__size_of_USBWakeFromSuspend               (abs)         00000
__size_of_USB_CDC_ISR                      (abs)         00000
__size_of_USB_CDC_buffer_init              (abs)         00000
__size_of_USB_CDC_get                      (abs)         00000
__size_of_USB_CDC_init                     (abs)         00000
__size_of_USB_CDC_send                     (abs)         00000
__size_of_USB_CDC_task                     (abs)         00000
__size_of_USER_USB_CALLBACK_EVENT_HANDLER  (abs)         00000
__size_of_getsUSBUSART                     (abs)         00000
__size_of_main                             (abs)         00000
__size_of_memset                           (abs)         00000
__size_of_putUSBUSART                      (abs)         00000
__size_of_ringbuf_init                     (abs)         00000
__size_of_ringbuf_num                      (abs)         00000
__size_of_ringbuf_pop                      (abs)         00000
__size_of_ringbuf_put                      (abs)         00000
__size_ofi2_USBDeviceInit                  (abs)         00000
__size_ofi2_USBTransferOnePacket           (abs)         00000
__size_ofi2_memset                         (abs)         00000
__smallconst                               smallconst    00000
_cdc_data_rx                               bssBANK1      00100
_cdc_data_tx                               bssBANK1      00140
_cdc_mem_type                              bssBANK0      000A0
_cdc_notice                                bssBANK0      00060
_cdc_rx_len                                bssBANK0      000A1
_cdc_trf_state                             bssBANK0      000A2
_cdc_tx_len                                bssBANK0      000A3
_configDescriptor1                         mediumconst   0FE91
_controlTransferState                      bssCOMRAM     00045
_control_signal_bitmap                     bssCOMRAM     00046
_device_dsc                                mediumconst   0FF58
_dpowers                                   mediumconst   0FE7F
_dummy_encapsulated_cmd_response           bssBANK0      000B3
_endpoint_number                           bssCOMRAM     00047
_ep_data_in                                bssBANK0      0008D
_ep_data_out                               bssBANK0      00090
_getsUSBUSART                              text8         10E36
_getsUSBUSART$5228                         cstackBANK0   000F5
_inPipes                                   bssBANK0      00073
_lcd_tx                                    bssCOMRAM     0004C
_line_coding                               bssBANK0      000E3
_main                                      text0         11A4A
_memset                                    text15        11D44
_ms                                        bssBANK0      00089
_now                                       bssBANK0      000A5
_outPipes                                  bssBANK0      0006A
_pBDTEntryEP0OutCurrent                    bssCOMRAM     0002F
_pBDTEntryEP0OutNext                       bssCOMRAM     00031
_pBDTEntryIn                               bssBANK0      00079
_pBDTEntryOut                              bssBANK0      0007F
_pCDCDst                                   bssBANK0      00093
_pCDCSrc                                   bssBANK0      00096
_pDst                                      bssCOMRAM     00033
_putUSBUSART                               text6         11E54
_readBuffer                                bssBANK2      00200
_ringbuf_init                              text13        11BE4
_ringbuf_num                               text4         10D48
_ringbuf_pop                               text3         1142E
_ringbuf_put                               text2         1128C
_sd000                                     mediumconst   0FF6A
_sd001                                     mediumconst   0FED4
_sd002                                     mediumconst   0FF08
_shortPacketStatus                         bssCOMRAM     00048
_st7032_state                              bssCOMRAM     00049
_time_change_flag                          bssCOMRAM     0004A
_uart_rx                                   bssBANK0      000BB
_uart_tx                                   bssBANK0      000C3
_usb_rx                                    bssBANK0      000CB
_usb_tx                                    bssBANK0      000D3
_weekday_3char                             mediumconst   0FF3C
_writeBuffer                               bssBANK2      00240
btemp                                      temp          00059
end_of_initialization                      cinit         119B2
epoch_to_caltime@day_cache                 bssBANK0      0009D
epoch_to_caltime@month_cache               dataCOMRAM    00058
epoch_to_caltime@year_cache                bssCOMRAM     0004B
getsUSBUSART@buffer                        cstackBANK0   000F1
getsUSBUSART@len                           cstackBANK0   000F3
i2USBDeviceInit@i                          cstackCOMRAM  00009
i2USBTransferOnePacket@data                cstackCOMRAM  00002
i2USBTransferOnePacket@dir                 cstackCOMRAM  00001
i2USBTransferOnePacket@ep                  cstackCOMRAM  00005
i2USBTransferOnePacket@handle              cstackCOMRAM  00006
i2USBTransferOnePacket@len                 cstackCOMRAM  00004
i2_USBDeviceInit                           text20        1080C
i2_USBTransferOnePacket                    text38        11740
i2_memset                                  text30        11DD4
i2memset@c                                 cstackCOMRAM  00003
i2memset@n                                 cstackCOMRAM  00005
i2memset@p                                 cstackCOMRAM  00007
i2memset@p1                                cstackCOMRAM  00001
int$flags                                  temp          00059
intlevel0                                  text          00000
intlevel1                                  text          00000
intlevel2                                  text          00000
intlevel3                                  text          00000
main@data                                  cstackBANK0   000FA
memset@c                                   cstackBANK0   000EC
memset@n                                   cstackBANK0   000EE
memset@p                                   cstackBANK0   000F0
memset@p1                                  cstackBANK0   000EA
millis_timer@cnt                           bssCOMRAM     00035
putUSBUSART@data                           cstackBANK0   000EA
putUSBUSART@length                         cstackBANK0   000EC
ringbuf_init@bufsize                       cstackBANK0   000EE
ringbuf_init@internal_buf                  cstackBANK0   000EC
ringbuf_init@rb                            cstackBANK0   000EA
ringbuf_num@rb                             cstackBANK0   000EA
ringbuf_pop@rb                             cstackBANK0   000F2
ringbuf_pop@ret                            cstackBANK0   000F8
ringbuf_put@data                           cstackBANK0   000F4
ringbuf_put@rb                             cstackBANK0   000F2
stackhi                                    (abs)         00CFF
stacklo                                    (abs)         005FA
start                                      init          01082
start_initialization                       cinit         1192C
terminal_task@command                      bssBANK0      000DB
terminal_task@command_init                 bssBANK0      000A4
terminal_task@op0                          bssBANK1      00180
terminal_task@op1                          bssBANK1      00199
terminal_task@op2                          bssBANK1      001B2
terminal_task@op3                          bssBANK1      001CB


FUNCTION INFORMATION:

 *************** function _main *****************
 Defined at:
		line 31 in file "main.c"
 Parameters:    Size  Location     Type
		None
 Auto vars:     Size  Location     Type
  data            1   16[BANK0 ] unsigned char 
 Return value:  Size  Location     Type
		None               void
 Registers used:
		wreg, fsr1l, fsr1h, fsr2l, fsr2h, status,2, status,0, prodl, prodh, cstack
 Tracked objects:
		On entry : 
		On exit  : 
		Unchanged: 
 Data sizes:     COMRAM   BANK0   BANK1   BANK2   BANK3   BANK4   BANK5   BANK6   BANK7   BANK8   BANK9  BANK10  BANK11  BANK12  BANK13  BANK14
      Params:         0       0       0       0       0       0       0       0       0       0       0       0       0       0       0       0
      Locals:         0       1       0       0       0       0       0       0       0       0       0       0       0       0       0       0
      Temps:          0       0       0       0       0       0       0       0       0       0       0       0       0       0       0       0
      Totals:         0       1       0       0       0       0       0       0       0       0       0       0       0       0       0       0
Total ram usage:        1 bytes
 Hardware stack levels required when called:   16
 This function calls:
		_USB_CDC_init
		_USB_CDC_task
		_ringbuf_num
		_ringbuf_pop
		_ringbuf_put
 This function is called by:
		Startup code after reset
 This function uses a non-reentrant model


 *************** function _USB_CDC_task *****************
 Defined at:
		line 39 in file "../My_library/USB_CDC/My_USB_CDC.c"
 Parameters:    Size  Location     Type
		None
 Auto vars:     Size  Location     Type
  i               2    0[BANK1 ] unsigned int 
  length          2    2[BANK1 ] unsigned int 
 Return value:  Size  Location     Type
		None               void
 Registers used:
		wreg, fsr1l, fsr1h, fsr2l, fsr2h, status,2, status,0, prodl, prodh, cstack
 Tracked objects:
		On entry : 
		On exit  : 
		Unchanged: 
 Data sizes:     COMRAM   BANK0   BANK1   BANK2   BANK3   BANK4   BANK5   BANK6   BANK7   BANK8   BANK9  BANK10  BANK11  BANK12  BANK13  BANK14
      Params:         0       0       0       0       0       0       0       0       0       0       0       0       0       0       0       0
      Locals:         0       0       4       0       0       0       0       0       0       0       0       0       0       0       0       0
      Temps:          0       1       0       0       0       0       0       0       0       0       0       0       0       0       0       0
      Totals:         0       1       4       0       0       0       0       0       0       0       0       0       0       0       0       0
Total ram usage:        5 bytes
 Hardware stack levels used:    1
 Hardware stack levels required when called:   15
 This function calls:
		_USB_CDC_get
		_USB_CDC_send
		_ringbuf_num
		_ringbuf_pop
		_ringbuf_put
 This function is called by:
		_main
 This function uses a non-reentrant model


 *************** function _ringbuf_put *****************
 Defined at:
		line 20 in file "../My_library/My_ringbuf.c"
 Parameters:    Size  Location     Type
  rb              2    8[BANK0 ] PTR struct ringbuf
		 -> uart_rx(8), terminal_task@command(8), lcd_tx(8), usb_tx(8), 
		 -> usb_rx(8), 
  data            1   10[BANK0 ] unsigned char 
 Auto vars:     Size  Location     Type
		None
 Return value:  Size  Location     Type
		None               void
 Registers used:
		wreg, fsr1l, fsr1h, fsr2l, fsr2h, status,2, status,0, cstack
 Tracked objects:
		On entry : 
		On exit  : 
		Unchanged: 
 Data sizes:     COMRAM   BANK0   BANK1   BANK2   BANK3   BANK4   BANK5   BANK6   BANK7   BANK8   BANK9  BANK10  BANK11  BANK12  BANK13  BANK14
      Params:         0       3       0       0       0       0       0       0       0       0       0       0       0       0       0       0
      Locals:         0       0       0       0       0       0       0       0       0       0       0       0       0       0       0       0
      Temps:          0       4       0       0       0       0       0       0       0       0       0       0       0       0       0       0
      Totals:         0       7       0       0       0       0       0       0       0       0       0       0       0       0       0       0
Total ram usage:        7 bytes
 Hardware stack levels used:    1
 Hardware stack levels required when called:   13
 This function calls:
		_ringbuf_num
 This function is called by:
		_main
		_USB_CDC_task
		_ringbuf_put_num
		_ringbuf_put_str
		_ST7032_command
		_ST7032_put
		_ST7032_create_char
		_ST7032_init
		_terminal_task
		_UART_ISR
 This function uses a non-reentrant model


 *************** function _ringbuf_pop *****************
 Defined at:
		line 45 in file "../My_library/My_ringbuf.c"
 Parameters:    Size  Location     Type
  rb              2    8[BANK0 ] PTR struct ringbuf
		 -> uart_tx(8), terminal_task@command(8), lcd_tx(8), usb_tx(8), 
		 -> usb_rx(8), 
 Auto vars:     Size  Location     Type
  ret             1   14[BANK0 ] unsigned char 
 Return value:  Size  Location     Type
                  1    wreg      unsigned char 
 Registers used:
		wreg, fsr1l, fsr1h, fsr2l, fsr2h, status,2, status,0, cstack
 Tracked objects:
		On entry : 
		On exit  : 
		Unchanged: 
 Data sizes:     COMRAM   BANK0   BANK1   BANK2   BANK3   BANK4   BANK5   BANK6   BANK7   BANK8   BANK9  BANK10  BANK11  BANK12  BANK13  BANK14
      Params:         0       2       0       0       0       0       0       0       0       0       0       0       0       0       0       0
      Locals:         0       1       0       0       0       0       0       0       0       0       0       0       0       0       0       0
      Temps:          0       4       0       0       0       0       0       0       0       0       0       0       0       0       0       0
      Totals:         0       7       0       0       0       0       0       0       0       0       0       0       0       0       0       0
Total ram usage:        7 bytes
 Hardware stack levels used:    1
 Hardware stack levels required when called:   13
 This function calls:
		_ringbuf_num
 This function is called by:
		_main
		_USB_CDC_task
		_ST7032_task
		_terminal_task
		_UART_ISR
 This function uses a non-reentrant model


 *************** function _ringbuf_num *****************
 Defined at:
		line 12 in file "../My_library/My_ringbuf.c"
 Parameters:    Size  Location     Type
  rb              2    0[BANK0 ] PTR struct ringbuf
		 -> uart_rx(8), uart_tx(8), terminal_task@command(8), lcd_tx(8), 
		 -> usb_tx(8), usb_rx(8), 
 Auto vars:     Size  Location     Type
		None
 Return value:  Size  Location     Type
                  2    0[BANK0 ] unsigned int 
 Registers used:
		wreg, fsr1l, fsr1h, fsr2l, fsr2h, status,2, status,0
 Tracked objects:
		On entry : 
		On exit  : 
		Unchanged: 
 Data sizes:     COMRAM   BANK0   BANK1   BANK2   BANK3   BANK4   BANK5   BANK6   BANK7   BANK8   BANK9  BANK10  BANK11  BANK12  BANK13  BANK14
      Params:         0       2       0       0       0       0       0       0       0       0       0       0       0       0       0       0
      Locals:         0       0       0       0       0       0       0       0       0       0       0       0       0       0       0       0
      Temps:          0       6       0       0       0       0       0       0       0       0       0       0       0       0       0       0
      Totals:         0       8       0       0       0       0       0       0       0       0       0       0       0       0       0       0
Total ram usage:        8 bytes
 Hardware stack levels used:    1
 Hardware stack levels required when called:   12
 This function calls:
		Nothing
 This function is called by:
		_main
		_ringbuf_put
		_ringbuf_pop
		_USB_CDC_task
		_ringbuf_backspace
		_ST7032_task
		_terminal_task
		_UART_ISR
		_UART_task
 This function uses a non-reentrant model


 *************** function _USB_CDC_send *****************
 Defined at:
		line 94 in file "../My_library/USB_CDC/My_USB_CDC.c"
 Parameters:    Size  Location     Type
  length          2   12[BANK0 ] unsigned int 
 Auto vars:     Size  Location     Type
		None
 Return value:  Size  Location     Type
		None               void
 Registers used:
		wreg, fsr1l, fsr1h, fsr2l, fsr2h, status,2, status,0, prodl, prodh, cstack
 Tracked objects:
		On entry : 
		On exit  : 
		Unchanged: 
 Data sizes:     COMRAM   BANK0   BANK1   BANK2   BANK3   BANK4   BANK5   BANK6   BANK7   BANK8   BANK9  BANK10  BANK11  BANK12  BANK13  BANK14
      Params:         0       2       0       0       0       0       0       0       0       0       0       0       0       0       0       0
      Locals:         0       0       0       0       0       0       0       0       0       0       0       0       0       0       0       0
      Temps:          0       0       0       0       0       0       0       0       0       0       0       0       0       0       0       0
      Totals:         0       2       0       0       0       0       0       0       0       0       0       0       0       0       0       0
Total ram usage:        2 bytes
 Hardware stack levels used:    1
 Hardware stack levels required when called:   14
 This function calls:
		_CDCTxService
		_putUSBUSART
 This function is called by:
		_USB_CDC_task
 This function uses a non-reentrant model


 *************** function _putUSBUSART *****************
 Defined at:
		line 613 in file "../My_library/USB_CDC/usb/usb_device_cdc.c"
 Parameters:    Size  Location     Type
  data            2    0[BANK0 ] PTR unsigned char 
		 -> writeBuffer(64), 
  length          1    2[BANK0 ] unsigned char 
 Auto vars:     Size  Location     Type
		None
 Return value:  Size  Location     Type
		None               void
 Registers used:
		wreg, status,2, status,0
 Tracked objects:
		On entry : 
		On exit  : 
		Unchanged: 
 Data sizes:     COMRAM   BANK0   BANK1   BANK2   BANK3   BANK4   BANK5   BANK6   BANK7   BANK8   BANK9  BANK10  BANK11  BANK12  BANK13  BANK14
      Params:         0       3       0       0       0       0       0       0       0       0       0       0       0       0       0       0
      Locals:         0       0       0       0       0       0       0       0       0       0       0       0       0       0       0       0
      Temps:          0       0       0       0       0       0       0       0       0       0       0       0       0       0       0       0
      Totals:         0       3       0       0       0       0       0       0       0       0       0       0       0       0       0       0
Total ram usage:        3 bytes
 Hardware stack levels used:    1
 Hardware stack levels required when called:   12
 This function calls:
		Nothing
 This function is called by:
		_USB_CDC_send
 This function uses a non-reentrant model


 *************** function _USB_CDC_get *****************
 Defined at:
		line 101 in file "../My_library/USB_CDC/My_USB_CDC.c"
 Parameters:    Size  Location     Type
		None
 Auto vars:     Size  Location     Type
  numBytesRead    1   13[BANK0 ] unsigned char 
 Return value:  Size  Location     Type
                  1    wreg      unsigned char 
 Registers used:
		wreg, fsr1l, fsr1h, fsr2l, fsr2h, status,2, status,0, prodl, prodh, cstack
 Tracked objects:
		On entry : 
		On exit  : 
		Unchanged: 
 Data sizes:     COMRAM   BANK0   BANK1   BANK2   BANK3   BANK4   BANK5   BANK6   BANK7   BANK8   BANK9  BANK10  BANK11  BANK12  BANK13  BANK14
      Params:         0       0       0       0       0       0       0       0       0       0       0       0       0       0       0       0
      Locals:         0       1       0       0       0       0       0       0       0       0       0       0       0       0       0       0
      Temps:          0       0       0       0       0       0       0       0       0       0       0       0       0       0       0       0
      Totals:         0       1       0       0       0       0       0       0       0       0       0       0       0       0       0       0
Total ram usage:        1 bytes
 Hardware stack levels used:    1
 Hardware stack levels required when called:   14
 This function calls:
		_CDCTxService
		_getsUSBUSART
 This function is called by:
		_USB_CDC_task
 This function uses a non-reentrant model


 *************** function _getsUSBUSART *****************
 Defined at:
		line 542 in file "../My_library/USB_CDC/usb/usb_device_cdc.c"
 Parameters:    Size  Location     Type
  buffer          2    7[BANK0 ] PTR unsigned char 
		 -> readBuffer(64), 
  len             1    9[BANK0 ] unsigned char 
 Auto vars:     Size  Location     Type
		None
 Return value:  Size  Location     Type
                  1    wreg      unsigned char 
 Registers used:
		wreg, fsr1l, fsr1h, fsr2l, fsr2h, status,2, status,0, prodl, prodh, cstack
 Tracked objects:
		On entry : 
		On exit  : 
		Unchanged: 
 Data sizes:     COMRAM   BANK0   BANK1   BANK2   BANK3   BANK4   BANK5   BANK6   BANK7   BANK8   BANK9  BANK10  BANK11  BANK12  BANK13  BANK14
      Params:         0       3       0       0       0       0       0       0       0       0       0       0       0       0       0       0
      Locals:         0       2       0       0       0       0       0       0       0       0       0       0       0       0       0       0
      Temps:          0       1       0       0       0       0       0       0       0       0       0       0       0       0       0       0
      Totals:         0       6       0       0       0       0       0       0       0       0       0       0       0       0       0       0
Total ram usage:        6 bytes
 Hardware stack levels used:    1
 Hardware stack levels required when called:   13
 This function calls:
		_USBTransferOnePacket
 This function is called by:
		_USB_CDC_get
 This function uses a non-reentrant model


 *************** function _CDCTxService *****************
 Defined at:
		line 893 in file "../My_library/USB_CDC/usb/usb_device_cdc.c"
 Parameters:    Size  Location     Type
		None
 Auto vars:     Size  Location     Type
  byte_to_send    1   11[BANK0 ] unsigned char 
  i               1   10[BANK0 ] unsigned char 
 Return value:  Size  Location     Type
		None               void
 Registers used:
		wreg, fsr1l, fsr1h, fsr2l, fsr2h, status,2, status,0, prodl, prodh, cstack
 Tracked objects:
		On entry : 
		On exit  : 
		Unchanged: 
 Data sizes:     COMRAM   BANK0   BANK1   BANK2   BANK3   BANK4   BANK5   BANK6   BANK7   BANK8   BANK9  BANK10  BANK11  BANK12  BANK13  BANK14
      Params:         0       0       0       0       0       0       0       0       0       0       0       0       0       0       0       0
      Locals:         0       4       0       0       0       0       0       0       0       0       0       0       0       0       0       0
      Temps:          0       1       0       0       0       0       0       0       0       0       0       0       0       0       0       0
      Totals:         0       5       0       0       0       0       0       0       0       0       0       0       0       0       0       0
Total ram usage:        5 bytes
 Hardware stack levels used:    1
 Hardware stack levels required when called:   13
 This function calls:
		_USBTransferOnePacket
 This function is called by:
		_USB_CDC_send
		_USB_CDC_get
 This function uses a non-reentrant model


 *************** function _USBTransferOnePacket *****************
 Defined at:
[...]
		_USBStdFeatureReqHandler
 This function uses a non-reentrant model


 *************** function _USBCheckCDCRequest *****************
 Defined at:
		line 204 in file "../My_library/USB_CDC/usb/usb_device_cdc.c"
 Parameters:    Size  Location     Type
		None
 Auto vars:     Size  Location     Type
		None
 Return value:  Size  Location     Type
		None               void
 Registers used:
		wreg, status,2, status,0
 Tracked objects:
		On entry : 
		On exit  : 
		Unchanged: 
 Data sizes:     COMRAM   BANK0   BANK1   BANK2   BANK3   BANK4   BANK5   BANK6   BANK7   BANK8   BANK9  BANK10  BANK11  BANK12  BANK13  BANK14
      Params:         0       0       0       0       0       0       0       0       0       0       0       0       0       0       0       0
      Locals:         0       0       0       0       0       0       0       0       0       0       0       0       0       0       0       0
      Temps:          0       0       0       0       0       0       0       0       0       0       0       0       0       0       0       0
      Totals:         0       0       0       0       0       0       0       0       0       0       0       0       0       0       0       0
Total ram usage:        0 bytes
 Hardware stack levels used:    1
 This function calls:
		Nothing
 This function is called by:
		_USER_USB_CALLBACK_EVENT_HANDLER
 This function uses a non-reentrant model


 *************** function _APP_DeviceCDCBasicDemoInitialize *****************
 Defined at:
		line 110 in file "../My_library/USB_CDC/My_USB_CDC.c"
 Parameters:    Size  Location     Type
		None
 Auto vars:     Size  Location     Type
		None
 Return value:  Size  Location     Type
		None               void
 Registers used:
		wreg, fsr2l, fsr2h, status,2, status,0, prodl, prodh, cstack
 Tracked objects:
		On entry : 
		On exit  : 
		Unchanged: 
 Data sizes:     COMRAM   BANK0   BANK1   BANK2   BANK3   BANK4   BANK5   BANK6   BANK7   BANK8   BANK9  BANK10  BANK11  BANK12  BANK13  BANK14
      Params:         0       0       0       0       0       0       0       0       0       0       0       0       0       0       0       0
      Locals:         0       0       0       0       0       0       0       0       0       0       0       0       0       0       0       0
      Temps:          0       0       0       0       0       0       0       0       0       0       0       0       0       0       0       0
      Totals:         0       0       0       0       0       0       0       0       0       0       0       0       0       0       0       0
Total ram usage:        0 bytes
 Hardware stack levels used:    1
 Hardware stack levels required when called:    3
 This function calls:
		_CDCInitEP
 This function is called by:
		_USER_USB_CALLBACK_EVENT_HANDLER
 This function uses a non-reentrant model


 *************** function _CDCInitEP *****************
 Defined at:
		line 351 in file "../My_library/USB_CDC/usb/usb_device_cdc.c"
 Parameters:    Size  Location     Type
		None
 Auto vars:     Size  Location     Type
		None
 Return value:  Size  Location     Type
		None               void
 Registers used:
		wreg, fsr2l, fsr2h, status,2, status,0, prodl, prodh, cstack
 Tracked objects:
		On entry : 
		On exit  : 
		Unchanged: 
 Data sizes:     COMRAM   BANK0   BANK1   BANK2   BANK3   BANK4   BANK5   BANK6   BANK7   BANK8   BANK9  BANK10  BANK11  BANK12  BANK13  BANK14
      Params:         0       0       0       0       0       0       0       0       0       0       0       0       0       0       0       0
      Locals:         0       0       0       0       0       0       0       0       0       0       0       0       0       0       0       0
      Temps:          0       0       0       0       0       0       0       0       0       0       0       0       0       0       0       0
      Totals:         0       0       0       0       0       0       0       0       0       0       0       0       0       0       0       0
Total ram usage:        0 bytes
 Hardware stack levels used:    1
 Hardware stack levels required when called:    2
 This function calls:
		_USBEnableEndpoint
		i2_USBTransferOnePacket
 This function is called by:
		_APP_DeviceCDCBasicDemoInitialize
 This function uses a non-reentrant model


 *************** function i2_USBTransferOnePacket *****************
 Defined at:
		line 996 in file "../My_library/USB_CDC/usb/usb_device.c"
 Parameters:    Size  Location     Type
  ep              1    wreg     unsigned char 
  dir             1    0[COMRAM] unsigned char 
  data            2    1[COMRAM] PTR unsigned char 
		 -> cdc_data_tx(64), cdc_data_rx(64), NULL(0), 
  len             1    3[COMRAM] unsigned char 
 Auto vars:     Size  Location     Type
  ep              1    4[COMRAM] unsigned char 
  USBTransferO    2    5[COMRAM] PTR volatile struct __BD
		 -> NULL(0), BDT(48), 
 Return value:  Size  Location     Type
                  2    0[COMRAM] PTR void 
 Registers used:
		wreg, fsr2l, fsr2h, status,2, status,0, prodl, prodh
 Tracked objects:
		On entry : 
		On exit  : 
		Unchanged: 
 Data sizes:     COMRAM   BANK0   BANK1   BANK2   BANK3   BANK4   BANK5   BANK6   BANK7   BANK8   BANK9  BANK10  BANK11  BANK12  BANK13  BANK14
      Params:         4       0       0       0       0       0       0       0       0       0       0       0       0       0       0       0
      Locals:         3       0       0       0       0       0       0       0       0       0       0       0       0       0       0       0
      Temps:          0       0       0       0       0       0       0       0       0       0       0       0       0       0       0       0
      Totals:         7       0       0       0       0       0       0       0       0       0       0       0       0       0       0       0
Total ram usage:        7 bytes
 Hardware stack levels used:    1
 This function calls:
		Nothing
 This function is called by:
		_CDCInitEP
 This function uses a non-reentrant model


 *************** function _USBEnableEndpoint *****************
 Defined at:
		line 879 in file "../My_library/USB_CDC/usb/usb_device.c"
 Parameters:    Size  Location     Type
  ep              1    wreg     unsigned char 
  options         1    8[COMRAM] unsigned char 
 Auto vars:     Size  Location     Type
  ep              1   11[COMRAM] unsigned char 
  p               2    9[COMRAM] PTR unsigned char 
		 -> UEP0(1), 
 Return value:  Size  Location     Type
		None               void
 Registers used:
		wreg, fsr2l, fsr2h, status,2, status,0, prodl, prodh, cstack
 Tracked objects:
		On entry : 
		On exit  : 
		Unchanged: 
 Data sizes:     COMRAM   BANK0   BANK1   BANK2   BANK3   BANK4   BANK5   BANK6   BANK7   BANK8   BANK9  BANK10  BANK11  BANK12  BANK13  BANK14
      Params:         1       0       0       0       0       0       0       0       0       0       0       0       0       0       0       0
      Locals:         3       0       0       0       0       0       0       0       0       0       0       0       0       0       0       0
      Temps:          0       0       0       0       0       0       0       0       0       0       0       0       0       0       0       0
      Totals:         4       0       0       0       0       0       0       0       0       0       0       0       0       0       0       0
Total ram usage:        4 bytes
 Hardware stack levels used:    1
 Hardware stack levels required when called:    1
 This function calls:
		_USBConfigureEndpoint
 This function is called by:
		_CDCInitEP
 This function uses a non-reentrant model


 *************** function _USBConfigureEndpoint *****************
 Defined at:
		line 1544 in file "../My_library/USB_CDC/usb/usb_device.c"
 Parameters:    Size  Location     Type
  EPNum           1    wreg     unsigned char 
  direction       1    0[COMRAM] unsigned char 
 Auto vars:     Size  Location     Type
  EPNum           1    5[COMRAM] unsigned char 
  handle          2    6[COMRAM] PTR volatile struct __BD
		 -> BDT(48), 
 Return value:  Size  Location     Type
		None               void
 Registers used:
		wreg, fsr2l, fsr2h, status,2, status,0, prodl, prodh
 Tracked objects:
		On entry : 
		On exit  : 
		Unchanged: 
 Data sizes:     COMRAM   BANK0   BANK1   BANK2   BANK3   BANK4   BANK5   BANK6   BANK7   BANK8   BANK9  BANK10  BANK11  BANK12  BANK13  BANK14
      Params:         1       0       0       0       0       0       0       0       0       0       0       0       0       0       0       0
      Locals:         3       0       0       0       0       0       0       0       0       0       0       0       0       0       0       0
      Temps:          4       0       0       0       0       0       0       0       0       0       0       0       0       0       0       0
      Totals:         8       0       0       0       0       0       0       0       0       0       0       0       0       0       0       0
Total ram usage:        8 bytes
 Hardware stack levels used:    1
 This function calls:
		Nothing
 This function is called by:
		_USBEnableEndpoint
 This function uses a non-reentrant model


 *************** function _USBCtrlTrfOutHandler *****************
 Defined at:
		line 2542 in file "../My_library/USB_CDC/usb/usb_device.c"
 Parameters:    Size  Location     Type
		None
 Auto vars:     Size  Location     Type
		None
 Return value:  Size  Location     Type
		None               void
 Registers used:
		wreg, fsr1l, fsr1h, fsr2l, fsr2h, status,2, status,0, prodl, prodh, cstack
 Tracked objects:
		On entry : 
		On exit  : 
		Unchanged: 
 Data sizes:     COMRAM   BANK0   BANK1   BANK2   BANK3   BANK4   BANK5   BANK6   BANK7   BANK8   BANK9  BANK10  BANK11  BANK12  BANK13  BANK14
      Params:         0       0       0       0       0       0       0       0       0       0       0       0       0       0       0       0
      Locals:         0       0       0       0       0       0       0       0       0       0       0       0       0       0       0       0
      Temps:          0       0       0       0       0       0       0       0       0       0       0       0       0       0       0       0
      Totals:         0       0       0       0       0       0       0       0       0       0       0       0       0       0       0       0
Total ram usage:        0 bytes
 Hardware stack levels used:    1
 Hardware stack levels required when called:    2
 This function calls:
		_USBCtrlTrfRxService
 This function is called by:
		_USBCtrlEPService
 This function uses a non-reentrant model


 *************** function _USBCtrlTrfRxService *****************
 Defined at:
		line 1853 in file "../My_library/USB_CDC/usb/usb_device.c"
 Parameters:    Size  Location     Type
		None
 Auto vars:     Size  Location     Type
  byteToRead      1    1[COMRAM] unsigned char 
  i               1    0[COMRAM] unsigned char 
 Return value:  Size  Location     Type
		None               void
 Registers used:
		wreg, fsr1l, fsr1h, fsr2l, fsr2h, status,2, status,0, prodl, prodh, cstack
 Tracked objects:
		On entry : 
		On exit  : 
		Unchanged: 
 Data sizes:     COMRAM   BANK0   BANK1   BANK2   BANK3   BANK4   BANK5   BANK6   BANK7   BANK8   BANK9  BANK10  BANK11  BANK12  BANK13  BANK14
      Params:         0       0       0       0       0       0       0       0       0       0       0       0       0       0       0       0
      Locals:         2       0       0       0       0       0       0       0       0       0       0       0       0       0       0       0
      Temps:          0       0       0       0       0       0       0       0       0       0       0       0       0       0       0       0
      Totals:         2       0       0       0       0       0       0       0       0       0       0       0       0       0       0       0
Total ram usage:        2 bytes
 Hardware stack levels used:    1
 Hardware stack levels required when called:    1
 This function calls:
		_USBCtrlEPAllowStatusStage
 This function is called by:
		_USBCtrlTrfOutHandler
 This function uses a non-reentrant model


 *************** function _USBCtrlEPAllowStatusStage *****************
 Defined at:
		line 1417 in file "../My_library/USB_CDC/usb/usb_device.c"
 Parameters:    Size  Location     Type
		None
 Auto vars:     Size  Location     Type
		None
 Return value:  Size  Location     Type
		None               void
 Registers used:
		wreg, fsr2l, fsr2h, status,2, status,0
 Tracked objects:
		On entry : 
		On exit  : 
		Unchanged: 
 Data sizes:     COMRAM   BANK0   BANK1   BANK2   BANK3   BANK4   BANK5   BANK6   BANK7   BANK8   BANK9  BANK10  BANK11  BANK12  BANK13  BANK14
      Params:         0       0       0       0       0       0       0       0       0       0       0       0       0       0       0       0
      Locals:         0       0       0       0       0       0       0       0       0       0       0       0       0       0       0       0
      Temps:          0       0       0       0       0       0       0       0       0       0       0       0       0       0       0       0
      Totals:         0       0       0       0       0       0       0       0       0       0       0       0       0       0       0       0
Total ram usage:        0 bytes
 Hardware stack levels used:    1
 This function calls:
		Nothing
 This function is called by:
		_USBDeviceTasks
		_USBCtrlEPServiceComplete
		_USBCtrlTrfRxService
 This function uses a non-reentrant model


 *************** function _USBCtrlTrfInHandler *****************
 Defined at:
		line 2596 in file "../My_library/USB_CDC/usb/usb_device.c"
 Parameters:    Size  Location     Type
		None
 Auto vars:     Size  Location     Type
  lastDTS         1    1[COMRAM] unsigned char 
 Return value:  Size  Location     Type
		None               void
 Registers used:
		wreg, fsr0l, fsr0h, fsr2l, fsr2h, status,2, status,0, tblptrl, tblptrh, tblptru, cstack
 Tracked objects:
		On entry : 
		On exit  : 
		Unchanged: 
 Data sizes:     COMRAM   BANK0   BANK1   BANK2   BANK3   BANK4   BANK5   BANK6   BANK7   BANK8   BANK9  BANK10  BANK11  BANK12  BANK13  BANK14
      Params:         0       0       0       0       0       0       0       0       0       0       0       0       0       0       0       0
      Locals:         1       0       0       0       0       0       0       0       0       0       0       0       0       0       0       0
      Temps:          0       0       0       0       0       0       0       0       0       0       0       0       0       0       0       0
      Totals:         1       0       0       0       0       0       0       0       0       0       0       0       0       0       0       0
Total ram usage:        1 bytes
 Hardware stack levels used:    1
 Hardware stack levels required when called:    1
 This function calls:
		_USBCtrlTrfTxService
 This function is called by:
		_USBCtrlEPService
 This function uses a non-reentrant model


 *************** function _USBCtrlTrfTxService *****************
 Defined at:
		line 1772 in file "../My_library/USB_CDC/usb/usb_device.c"
 Parameters:    Size  Location     Type
		None
 Auto vars:     Size  Location     Type
  byteToSend      1    0[COMRAM] unsigned char 
 Return value:  Size  Location     Type
		None               void
 Registers used:
		wreg, fsr0l, fsr0h, fsr2l, fsr2h, status,2, status,0, tblptrl, tblptrh, tblptru
 Tracked objects:
		On entry : 
		On exit  : 
		Unchanged: 
 Data sizes:     COMRAM   BANK0   BANK1   BANK2   BANK3   BANK4   BANK5   BANK6   BANK7   BANK8   BANK9  BANK10  BANK11  BANK12  BANK13  BANK14
      Params:         0       0       0       0       0       0       0       0       0       0       0       0       0       0       0       0
      Locals:         1       0       0       0       0       0       0       0       0       0       0       0       0       0       0       0
      Temps:          0       0       0       0       0       0       0       0       0       0       0       0       0       0       0       0
      Totals:         1       0       0       0       0       0       0       0       0       0       0       0       0       0       0       0
Total ram usage:        1 bytes
 Hardware stack levels used:    1
 This function calls:
		Nothing
 This function is called by:
		_USBCtrlEPAllowDataStage
		_USBCtrlTrfInHandler
 This function uses a non-reentrant model



MODULE INFORMATION

Module		Function		Class		Link	Load	Size
../My_library/My_ringbuf.c
		_ringbuf_num   		CODE           	10D48	0000	239
		_ringbuf_pop   		CODE           	1142E	0000	205
		_ringbuf_put   		CODE           	1128C	0000	213
		_ringbuf_init  		CODE           	11BE4	0000	85

../My_library/My_ringbuf.c estimated size: 742

../My_library/USB_CDC/usb/usb_device_cdc.c
		_CDCTxService  		CODE           	10286	0000	393
		_CDCInitEP     		CODE           	11ABC	0000	113
		_putUSBUSART   		CODE           	11E54	0000	39
		_getsUSBUSART  		CODE           	10E36	0000	235
		_USBCheckCDCRequest		CODE           	111B6	0000	215

../My_library/USB_CDC/usb/usb_device_cdc.c estimated size: 995

C:\Program Files (x86)\Microchip\xc8\v1.35\sources\common\memset.c
		_memset        		CODE           	11D44	0000	53

C:\Program Files (x86)\Microchip\xc8\v1.35\sources\common\memset.c estimated size: 53

../My_library/USB_CDC/usb/usb_device.c
		_USBCtrlTrfInHandler		CODE           	114FA	0000	201
		_USBTransferOnePacket		CODE           	11006	0000	217
		_USBDeviceAttach		CODE           	11CCC	0000	61
		_USBStdGetDscHandler		CODE           	106BE	0000	335
		_USBCtrlEPAllowDataStage		CODE           	117FA	0000	159
		_USBStdFeatureReqHandler		CODE           	10000	0000	647
		_USBCtrlEPAllowStatusStage		CODE           	115C2	0000	197
		_USBCtrlTrfSetupHandler		CODE           	119BC	0000	143
		_USBCtrlTrfOutHandler		CODE           	11B88	0000	93
		_USBCtrlEPServiceComplete		CODE           	10B60	0000	245
		_USBSuspend    		CODE           	11E00	0000	43
		_USBStdSetCfgHandler		CODE           	10F20	0000	231
		_USBStdGetStatusHandler		CODE           	11686	0000	187
		_USBWakeFromSuspend		CODE           	11D78	0000	49
		_USBCtrlTrfRxService		CODE           	10950	0000	281
		_USBCtrlTrfTxService		CODE           	110DE	0000	217
		_USBEnableEndpoint		CODE           	11D08	0000	61
		_USBConfigureEndpoint		CODE           	11898	0000	149
		_USBDeviceInit 		CODE           	1040E	0000	355
		_USBCtrlEPService		CODE           	11360	0000	207
		_USBStallHandler		CODE           	11C86	0000	71
		_USBDeviceTasks		CODE           	10570	0000	335
		_USBCheckStdRequest		CODE           	10C54	0000	245

../My_library/USB_CDC/usb/usb_device.c estimated size: 4729

shared
		_weekday_3char 		MEDIUMCONST    	FF3C	0000	29
		_configDescriptor1		MEDIUMCONST    	FE91	0000	68
		_USB_CD_Ptr    		MEDIUMCONST    	FE8F	0000	3
		_sd001         		MEDIUMCONST    	FED4	0000	53
		_sd002         		MEDIUMCONST    	FF08	0000	53
		_dpowers       		MEDIUMCONST    	FE7F	0000	11
		i2_USBDeviceInit		CODE           	1080C	0000	325
		__initialization		CODE           	1192C	0000	135
		_device_dsc    		MEDIUMCONST    	FF58	0000	19
		_USB_SD_Ptr    		MEDIUMCONST    	FE89	0000	7
		i2_memset      		CODE           	11DD4	0000	45
		_sd000         		MEDIUMCONST    	FF6A	0000	5
		i2_USBTransferOnePacket		CODE           	11740	0000	187

shared estimated size: 940

../My_library/USB_CDC/My_USB_CDC.c
		_USER_USB_CALLBACK_EVENT_HANDLER		CODE           	11B2C	0000	93
		_USB_CDC_buffer_init		CODE           	11C38	0000	79
		_USB_CDC_ISR   		CODE           	11EAA	0000	7
		_USB_CDC_get   		CODE           	11DA8	0000	45
		_USB_CDC_send  		CODE           	11E7A	0000	35
		_USB_CDC_task  		CODE           	10A68	0000	249
		_USB_CDC_init  		CODE           	11E9C	0000	15
		_APP_DeviceCDCBasicDemoInitialize		CODE           	11E2A	0000	43

../My_library/USB_CDC/My_USB_CDC.c estimated size: 566

main.c
		_ISR           		CODE           	1008	0000	123
		_main          		CODE           	11A4A	0000	115

main.c estimated size: 238

