Microchip MPLAB XC8 Compiler V1.35 ()

Linker command line:

--edf=C:\Program Files (x86)\Microchip\xc8\v1.35\dat\en_msgs.txt -cs \
  -h+dist/PIC18F27J53_PIM/production\MPLAB.X.production.sym \
  --cmf=dist/PIC18F27J53_PIM/production\MPLAB.X.production.cmf -z \
  -Q18F47J53 -oC:\Users\KERIKU~1\AppData\Local\Temp\s6kc.2 \
  -Mdist/PIC18F27J53_PIM/production/MPLAB.X.production.map -E1 -ver=XC8 \
  -ASTACK=01C0h-0cffh -pstack=STACK \
  -ACODE=01000h-01005h,01008h-01015h,01018h-01FFF7h \
  -ACONST=01000h-01005h,01008h-01015h,01018h-01FFF7h \
  -ASMALLCONST=01000h-01005h,01008h-01015h,01018h-010FFh,01100h-011FFhx494,01FF00h-01FFF7h \
  -AMEDIUMCONST=01000h-01005h,01008h-01015h,01018h-0FFFFh,010F00h-01FFF7h \
  -ACOMRAM=01h-05Fh -AABS1=00h-0EAFh -ABIGRAM=01h-0EAFh \
  -ARAM=060h-0FFh,0100h-01FFhx13,0E00h-0EAFh -ABANK0=060h-0FFh \
  -ABANK1=0100h-01FFh -ABANK2=0200h-02FFh -ABANK3=0300h-03FFh \
  -ABANK4=0400h-04FFh -ABANK5=0500h-05FFh -ABANK6=0600h-06FFh \
  -ABANK7=0700h-07FFh -ABANK8=0800h-08FFh -ABANK9=0900h-09FFh \
  -ABANK10=0A00h-0AFFh -ABANK11=0B00h-0BFFh -ABANK12=0C00h-0CFFh \
  -ABANK13=0D00h-0DFFh -ABANK14=0E00h-0EAFh \
  -ASFR=0EB0h-0EFFh,0F00h-0F5Fh,0F60h-0FFFh \
  -preset_vec=01000h,intcode=01008h,intcodelo,powerup,init,end_init \
  -pramtop=0F00h -psmallconst=SMALLCONST -pmediumconst=MEDIUMCONST \
  -pconst=CONST -AFARRAM=00h-00h -ACONFIG=01FFF8h-01FFFFh -pconfig=CONFIG \
  -pjflash_buffer=01F800h \
  -prdata=COMRAM,nvrram=COMRAM,nvbit=COMRAM,rbss=COMRAM,rbit=COMRAM \
  -pfarbss=FARRAM,fardata=FARRAM,nvFARRAM=FARRAM \
  -pintsave_regs=BIGRAM,bigbss=BIGRAM,bigdata=BIGRAM -pbss=RAM \
  -pidata=CODE,irdata=CODE,ibigdata=CODE,ifardata=CODE -prparam=COMRAM \
  C:\Users\KERIKU~1\AppData\Local\Temp\s6kc.obj \
  dist/PIC18F27J53_PIM/production\MPLAB.X.production.obj 

Object code version is 3.11

Machine type is 18F47J53

Call graph: (short form)




                Name                               Link     Load   Length Selector   Space Scale
C:\Users\KERIKU~1\AppData\Local\Temp\s6kc.obj
                end_init                           1062     1062        4      804       0
                reset_vec                          1000     1000        4      800       0
                config                            1FFF8    1FFF8        8    1FFF8       0
dist/PIC18F27J53_PIM/production\MPLAB.X.production.obj
                intcode                            1008     1008       5A      804       0
                temp                                 55       55        1        1       1
                smallconst                         1100     1100       C8      880       0
                text44                             1A6C     1A6C       C6      8E4       0
                text43                             1D5A     1D5A       AA      8E4       0
                text42                             1B32     1B32       BC      8E4       0
                text41                             16D4     16D4       FC      8E4       0
                text40                             249A     249A       52      8E4       0
                text39                             2198     2198       88      8E4       0
                text38                             2600     2600       36      8E4       0
                text37                             1F48     1F48       9E      8E4       0
                text36                             253A     253A       4E      8E4       0
                text35                             2738     2738       1E      8E4       0
                text34                             27AA     27AA       1C      8E4       0
                text33                             278E     278E       1C      8E4       0
                text32                             2320     2320       6E      8E4       0
                text31                             2220     2220       82      8E4       0
                text30                             2444     2444       56      8E4       0
                text29                             11C8     11C8      1F0      8E4       0
                text28                             14CA     14CA      10C      8E4       0
                text27                             22A2     22A2       7E      8E4       0
                text26                             268E     268E       2A      8E4       0
                text25                             1E04     1E04       A4      8E4       0
                text24                             1FE6     1FE6       9C      8E4       0
                text23                             2082     2082       8E      8E4       0
                text22                             18B2     18B2       E0      8E4       0
                text21                             238E     238E       5E      8E4       0
                text20                             1CA8     1CA8       B2      8E4       0
                text19                             2588     2588       3E      8E4       0
                text18                             271A     271A       1E      8E4       0
                text17                             26B8     26B8       26      8E4       0
                text16                             1992     1992       DA      8E4       0
                text15                             13B8     13B8      112      8E4       0
                text13                             2772     2772       1C      8E4       0
                text12                             1EA8     1EA8       A0      8E4       0
                text11                             15D6     15D6       FE      8E4       0
                text10                             2110     2110       88      8E4       0
                text9                              2756     2756       1C      8E4       0
                text8                              25C6     25C6       3A      8E4       0
                text7                              1BEE     1BEE       BA      8E4       0
                text6                              27C6     27C6       1A      8E4       0
                text5                              26FC     26FC       1E      8E4       0
                text4                              23EC     23EC       58      8E4       0
                text3                              2636     2636       2E      8E4       0
                text2                              2664     2664       2A      8E4       0
                text1                              17D0     17D0       E2      8E4       0
                text0                              26DE     26DE       1E      8E4       0
                cstackCOMRAM                         2B       2B       2A        1       1
                cstackBANK0                          E0       E0       10       60       1
                bssBANK1                            100      100       C0      100       1
                dataBANK0                            CE       CE       12       60       1
                bssBANK0                             60       60       6E       60       1
                bssCOMRAM                             1        1       2A        1       1
                cinit                              24EC     24EC       4E      8E4       0
                idataBANK0                         27E0     27E0       12      8E4       0

TOTAL           Name                               Link     Load   Length     Space
        CLASS   STACK          

        CLASS   CODE           
                end_init                           1062     1062        4         0
                intcode                            1008     1008       5A         0
                reset_vec                          1000     1000        4         0
                text44                             1A6C     1A6C       C6         0
                text43                             1D5A     1D5A       AA         0
                text42                             1B32     1B32       BC         0
                text41                             16D4     16D4       FC         0
                text40                             249A     249A       52         0
                text39                             2198     2198       88         0
                text38                             2600     2600       36         0
                text37                             1F48     1F48       9E         0
                text36                             253A     253A       4E         0
                text35                             2738     2738       1E         0
                text34                             27AA     27AA       1C         0
                text33                             278E     278E       1C         0
                text32                             2320     2320       6E         0
                text31                             2220     2220       82         0
                text30                             2444     2444       56         0
                text29                             11C8     11C8      1F0         0
                text28                             14CA     14CA      10C         0
                text27                             22A2     22A2       7E         0
                text26                             268E     268E       2A         0
                text25                             1E04     1E04       A4         0
                text24                             1FE6     1FE6       9C         0
                text23                             2082     2082       8E         0
                text22                             18B2     18B2       E0         0
                text21                             238E     238E       5E         0
                text20                             1CA8     1CA8       B2         0
                text19                             2588     2588       3E         0
                text18                             271A     271A       1E         0
                text17                             26B8     26B8       26         0
                text16                             1992     1992       DA         0
                text15                             13B8     13B8      112         0
                text13                             2772     2772       1C         0
                text12                             1EA8     1EA8       A0         0
                text11                             15D6     15D6       FE         0
                text10                             2110     2110       88         0
                text9                              2756     2756       1C         0
                text8                              25C6     25C6       3A         0
                text7                              1BEE     1BEE       BA         0
                text6                              27C6     27C6       1A         0
                text5                              26FC     26FC       1E         0
                text4                              23EC     23EC       58         0
                text3                              2636     2636       2E         0
                text2                              2664     2664       2A         0
                text1                              17D0     17D0       E2         0
                text0                              26DE     26DE       1E         0
                cinit                              24EC     24EC       4E         0
                idataBANK0                         27E0     27E0       12         0

        CLASS   CONST          

        CLASS   SMALLCONST     
                smallconst                         1100     1100       C8         0

        CLASS   MEDIUMCONST    

        CLASS   COMRAM         
                temp                                 55       55        1         1
                cstackCOMRAM                         2B       2B       2A         1
                bssCOMRAM                             1        1       2A         1

        CLASS   ABS1           
                abs_s1                              D00      D00       40         1

        CLASS   BIGRAM         

        CLASS   RAM            

        CLASS   BANK0          
                cstackBANK0                          E0       E0       10         1
                dataBANK0                            CE       CE       12         1
                bssBANK0                             60       60       6E         1

        CLASS   BANK1          
                bssBANK1                            100      100       C0         1

        CLASS   BANK2          

        CLASS   BANK3          

        CLASS   BANK4          

        CLASS   BANK5          

        CLASS   BANK6          

        CLASS   BANK7          

        CLASS   BANK8          

        CLASS   BANK9          

        CLASS   BANK10         

        CLASS   BANK11         

        CLASS   BANK12         

        CLASS   BANK13         

        CLASS   BANK14         

        CLASS   SFR            

        CLASS   FARRAM         

        CLASS   CONFIG         
                config                            1FFF8    1FFF8        8         0

        CLASS   IDLOC          



SEGMENTS        Name                           Load    Length   Top    Selector   Space  Class

                bssCOMRAM                      000001  000055  000056         1       1  COMRAM  
                bssBANK0                       000060  000090  0000F0        60       1  BANK0   
                bssBANK1                       000100  0000C0  0001C0       100       1  BANK1   
                reset_vec                      001000  000004  001004       800       0  CODE    
                intcode                        001008  00005E  001066       804       0  CODE    
                smallconst                     001100  0000C8  0011C8       880       0  SMALLCON
                text29                         0011C8  00162A  0027F2       8E4       0  CODE    
                config                         01FFF8  000008  020000     1FFF8       0  CONFIG  


UNUSED ADDRESS RANGES

        Name                Unused          Largest block    Delta
        BANK0            000F0-000FF              10
        BANK1            001C0-001FF              40
        BANK10           00A00-00AFF             100
        BANK11           00B00-00BFF             100
        BANK12           00C00-00CFF             100
        BANK13           00D40-00DFF              C0
        BANK14           00E00-00EAF              B0
        BANK2            00200-002FF             100
        BANK3            00300-003FF             100
        BANK4            00400-004FF             100
        BANK5            00500-005FF             100
        BANK6            00600-006FF             100
        BANK7            00700-007FF             100
        BANK8            00800-008FF             100
        BANK9            00900-009FF             100
        BIGRAM           00056-0005F               A
                         000F0-000FF              10
                         001C0-00CFF             B40
                         00D40-00EAF             170
        CODE             01004-01005               2
                         01066-010FF              9A
                         027F2-1FFF7           1D806
        COMRAM           00056-0005F               A
        CONST            01004-01005               2
                         01066-010FF              9A
                         027F2-1FFF7           1D806
        FARRAM           00000-00000               1
        MEDIUMCONST      01004-01005               2
                         01066-010FF              9A
                         027F2-0FFFF            D80E
                         10F00-1FFF7            F0F8
        RAM              000F0-000FF              10
                         001C0-00CFF             100
                         00D40-00EAF              C0
        SFR              00EB0-00FFF              60
        SMALLCONST       01004-01005               2
                         01066-010FF              9A
                         027F2-1FFF7             100
        STACK            001C0-00CFF             B40

                                  Symbol Table

?_USBTransferOnePacket                     cstackBANK0   000E0
?i2_USBTransferOnePacket                   cstackCOMRAM  0002B
APP_DeviceCDCBasicDemoTasks@i              cstackBANK0   000EF
APP_DeviceCDCBasicDemoTasks@numBytesRead   cstackBANK0   000EE
APP_LEDUpdateUSBStatus@ledCount            bssCOMRAM     00016
BUTTON_Enable@button                       cstackBANK0   000E0
BUTTON_IsPressed@button                    cstackBANK0   000E0
CDCTxService@byte_to_send                  cstackBANK0   000EA
CDCTxService@i                             cstackBANK0   000E9
LED_Enable@led                             cstackBANK0   000E0
LED_Off@led                                cstackCOMRAM  0002B
LED_On@led                                 cstackCOMRAM  0002B
SYSTEM_Initialize@pll_startup_counter      cstackBANK0   000E1
SYSTEM_Initialize@pll_startup_counter_79   cstackBANK0   000E3
SYSTEM_Initialize@state                    cstackBANK0   000E5
USBConfigureEndpoint@EPNum                 cstackCOMRAM  00030
USBConfigureEndpoint@direction             cstackCOMRAM  0002B
USBConfigureEndpoint@handle                cstackCOMRAM  00031
USBCtrlEPService@setup_cnt                 cstackCOMRAM  00049
USBCtrlTrfInHandler@lastDTS                cstackCOMRAM  0002C
USBCtrlTrfRxService@byteToRead             cstackCOMRAM  0002C
USBCtrlTrfRxService@i                      cstackCOMRAM  0002B
USBCtrlTrfTxService@byteToSend             cstackCOMRAM  0002B
USBDeviceInit@i                            cstackBANK0   000E8
USBDeviceTasks@i                           cstackCOMRAM  0004A
USBEnableEndpoint@ep                       cstackCOMRAM  00036
USBEnableEndpoint@options                  cstackCOMRAM  00033
USBEnableEndpoint@p                        cstackCOMRAM  00034
USBStdFeatureReqHandler@current_ep_data    cstackCOMRAM  00043
USBStdFeatureReqHandler@p                  cstackCOMRAM  00044
USBStdFeatureReqHandler@pUEP               cstackCOMRAM  00041
USBStdGetStatusHandler@p                   cstackCOMRAM  0002B
USBStdSetCfgHandler@i                      cstackCOMRAM  0003F
USBTransferOnePacket@data                  cstackBANK0   000E1
USBTransferOnePacket@dir                   cstackBANK0   000E0
USBTransferOnePacket@ep                    cstackBANK0   000E4
USBTransferOnePacket@handle                cstackBANK0   000E5
USBTransferOnePacket@len                   cstackBANK0   000E3
USER_USB_CALLBACK_EVENT_HANDLER@event      cstackCOMRAM  00037
USER_USB_CALLBACK_EVENT_HANDLER@pdata      cstackCOMRAM  00039
USER_USB_CALLBACK_EVENT_HANDLER@size       cstackCOMRAM  0003B
_ANCON1bits                                (abs)         00F49
_APP_DeviceCDCBasicDemoInitialize          text35        02738
_APP_DeviceCDCBasicDemoTasks               text7         01BEE
_APP_LEDUpdateUSBStatus                    text32        02320
_BDT                                       (abs)         00D00
_BUTTON_Enable                             text6         027C6
_BUTTON_IsPressed                          text13        02772
_BothEP0OutUOWNsSet                        bssCOMRAM     0001C
_CDCDataInHandle                           bssBANK0      00072
_CDCDataOutHandle                          bssBANK0      00074
_CDCInitEP                                 text36        0253A
_CDCTxService                              text11        015D6
_CDCTxService$2736                         cstackBANK0   000E7
_CtrlTrfData                               (abs)         00D38
_INTCONbits                                (abs)         00FF2
_IPR2bits                                  (abs)         00FA2
_LATAbits                                  (abs)         00F89
_LED_Enable                                text5         026FC
_LED_Off                                   text34        027AA
_LED_On                                    text33        0278E
_OSCCON                                    (abs)         00FD3
_OSCTUNEbits                               (abs)         00F9B
_PIE2bits                                  (abs)         00FA0
_PIR2bits                                  (abs)         00FA1
_PORTBbits                                 (abs)         00F81
_RCONbits                                  (abs)         00FD0
_RemoteWakeup                              bssCOMRAM     0001D
_SYSTEM_Initialize                         text4         023EC
_SYS_InterruptHigh                         intcode       01008
_SetupPkt                                  (abs)         00D30
_TRISAbits                                 (abs)         00F92
_TRISBbits                                 (abs)         00F93
_UADDR                                     (abs)         00F38
_UCFG                                      (abs)         00F39
_UCON                                      (abs)         00F65
_UCONbits                                  (abs)         00F65
_UEIE                                      (abs)         00F37
_UEIR                                      (abs)         00F63
_UEP0                                      (abs)         00F26
_UEP0bits                                  (abs)         00F26
_UEP1                                      (abs)         00F27
_UIE                                       (abs)         00F36
_UIEbits                                   (abs)         00F36
_UIR                                       (abs)         00F62
_UIRbits                                   (abs)         00F62
_USBActiveConfiguration                    bssCOMRAM     00029
_USBAlternateInterface                     bssBANK0      000CC
_USBBusIsSuspended                         bssBANK0      00078
_USBCheckCDCRequest                        text31        02220
_USBCheckStdRequest                        text24        01FE6
_USBConfigureEndpoint                      text39        02198
_USBCtrlEPAllowDataStage                   text23        02082
_USBCtrlEPAllowStatusStage                 text42        01B32
_USBCtrlEPService                          text20        01CA8
_USBCtrlEPServiceComplete                  text22        018B2
_USBCtrlTrfInHandler                       text43        01D5A
_USBCtrlTrfOutHandler                      text40        0249A
_USBCtrlTrfRxService                       text41        016D4
_USBCtrlTrfSetupHandler                    text21        0238E
_USBCtrlTrfTxService                       text44        01A6C
_USBDeferINDataStagePackets                bssCOMRAM     0001E
_USBDeferOUTDataStagePackets               bssCOMRAM     0001F
_USBDeferStatusStagePacket                 bssCOMRAM     00020
_USBDeviceAttach                           text3         02636
_USBDeviceInit                             text1         017D0
_USBDeviceState                            bssCOMRAM     00021
_USBDeviceTasks                            text15        013B8
_USBEnableEndpoint                         text38        02600
_USBStallHandler                           text19        02588
_USBStatusStageEnabledFlag1                bssCOMRAM     00022
_USBStatusStageEnabledFlag2                bssCOMRAM     00023
_USBStatusStageTimeoutCounter              bssCOMRAM     00024
_USBStdFeatureReqHandler                   text29        011C8
_USBStdGetDscHandler                       text28        014CA
_USBStdGetStatusHandler                    text27        022A2
_USBStdSetCfgHandler                       text25        01E04
_USBSuspend                                text18        0271A
_USBTransferOnePacket                      text12        01EA8
_USBWakeFromSuspend                        text17        026B8
_USB_CD_Ptr                                smallconst    01104
_USB_SD_Ptr                                smallconst    01101
_USER_USB_CALLBACK_EVENT_HANDLER           text30        02444
_USTAT                                     (abs)         00F64
_USTATcopy                                 bssCOMRAM     0002A
__CFG_ADCSEL$BIT12                         (abs)         00000
__CFG_CFGPLLEN$ON                          (abs)         00000
__CFG_CLKOEC$OFF                           (abs)         00000
__CFG_CP0$OFF                              (abs)         00000
__CFG_CPUDIV$OSC1                          (abs)         00000
__CFG_DSBOREN$OFF                          (abs)         00000
__CFG_DSWDTEN$OFF                          (abs)         00000
__CFG_DSWDTOSC$T1OSCREF                    (abs)         00000
__CFG_DSWDTPS$G2                           (abs)         00000
__CFG_FCMEN$OFF                            (abs)         00000
__CFG_IESO$OFF                             (abs)         00000
__CFG_IOL1WAY$OFF                          (abs)         00000
__CFG_LS48MHZ$SYS48X8                      (abs)         00000
__CFG_MSSP7B_EN$MSK7                       (abs)         00000
__CFG_OSC$INTOSCPLL                        (abs)         00000
__CFG_PLLDIV$2                             (abs)         00000
__CFG_RTCOSC$T1OSCREF                      (abs)         00000
__CFG_SOSCSEL$LOW                          (abs)         00000
__CFG_STVREN$OFF                           (abs)         00000
__CFG_WDTEN$OFF                            (abs)         00000
__CFG_WDTPS$1024                           (abs)         00000
__CFG_WPCFG$OFF                            (abs)         00000
__CFG_WPDIS$OFF                            (abs)         00000
__CFG_WPEND$PAGE_WPFP                      (abs)         00000
__CFG_WPFP$PAGE_127                        (abs)         00000
__CFG_XINST$OFF                            (abs)         00000
__HRAM                                     (abs)         00000
__Habs1                                    abs1          00000
__Hbank0                                   bank0         00000
__Hbank1                                   bank1         00000
__Hbank10                                  bank10        00000
__Hbank11                                  bank11        00000
__Hbank12                                  bank12        00000
__Hbank13                                  bank13        00000
__Hbank14                                  bank14        00000
__Hbank2                                   bank2         00000
__Hbank3                                   bank3         00000
__Hbank4                                   bank4         00000
__Hbank5                                   bank5         00000
__Hbank6                                   bank6         00000
__Hbank7                                   bank7         00000
__Hbank8                                   bank8         00000
__Hbank9                                   bank9         00000
__Hbigbss                                  bigbss        00000
__Hbigdata                                 bigdata       00000
__Hbigram                                  bigram        00000
__Hbss                                     bss           00000
__HbssBANK0                                bssBANK0      00000
__HbssBANK1                                bssBANK1      00000
__HbssCOMRAM                               bssCOMRAM     00000
__Hcinit                                   cinit         00000
__Hclrtext                                 clrtext       00000
__Hcomram                                  comram        00000
__Hconfig                                  config        20000
__Hconst                                   const         00000
__HcstackBANK0                             cstackBANK0   00000
__HcstackCOMRAM                            cstackCOMRAM  00000
__Hdata                                    data          00000
__HdataBANK0                               dataBANK0     00000
__Hend_init                                end_init      01066
__Hfarbss                                  farbss        00000
__Hfardata                                 fardata       00000
__Hibigdata                                ibigdata      00000
__Hidata                                   idata         00000
__HidataBANK0                              idataBANK0    00000
__Hidloc                                   idloc         00000
__Hifardata                                ifardata      00000
__Hinit                                    init          01062
__Hintcode                                 intcode       01062
__Hintcode_body                            intcode_body  00000
__Hintcodelo                               intcodelo     01062
__Hintentry                                intentry      00000
__Hintret                                  intret        00000
__Hintsave_regs                            intsave_regs  00000
__Hirdata                                  irdata        00000
__Hjflash_buffer                           jflash_buffer 1F800
__Hmediumconst                             mediumconst   00000
__HnvFARRAM                                nvFARRAM      00000
__Hnvbit                                   nvbit         00000
__Hnvrram                                  nvrram        00000
__Hparam                                   rparam        00000
__Hpowerup                                 powerup       01062
__Hram                                     ram           00000
__Hramtop                                  ramtop        00F00
__Hrbit                                    rbit          00000
__Hrbss                                    rbss          00000
__Hrdata                                   rdata         00000
__Hreset_vec                               reset_vec     01004
__Hrparam                                  rparam        00000
__Hsfr                                     sfr           00000
__Hsmallconst                              smallconst    011C8
__Hspace_0                                 (abs)         20000
__Hspace_1                                 (abs)         001C0
__Hspace_2                                 (abs)         00000
__Hstack                                   stack         00000
__Hstruct                                  struct        00000
__Htemp                                    temp          00056
__Htext                                    text          00000
__Htext0                                   text0         00000
__Htext1                                   text1         00000
__Htext10                                  text10        00000
__Htext11                                  text11        00000
__Htext12                                  text12        00000
__Htext13                                  text13        00000
__Htext15                                  text15        00000
__Htext16                                  text16        00000
__Htext17                                  text17        00000
__Htext18                                  text18        00000
__Htext19                                  text19        00000
__Htext2                                   text2         00000
__Htext20                                  text20        00000
__Htext21                                  text21        00000
__Htext22                                  text22        00000
__Htext23                                  text23        00000
__Htext24                                  text24        00000
__Htext25                                  text25        00000
__Htext26                                  text26        00000
__Htext27                                  text27        00000
__Htext28                                  text28        00000
__Htext29                                  text29        00000
__Htext3                                   text3         00000
__Htext30                                  text30        00000
__Htext31                                  text31        00000
__Htext32                                  text32        00000
__Htext33                                  text33        00000
__Htext34                                  text34        00000
__Htext35                                  text35        00000
__Htext36                                  text36        00000
__Htext37                                  text37        00000
__Htext38                                  text38        00000
__Htext39                                  text39        00000
__Htext4                                   text4         00000
__Htext40                                  text40        00000
__Htext41                                  text41        00000
__Htext42                                  text42        00000
__Htext43                                  text43        00000
__Htext44                                  text44        00000
__Htext5                                   text5         00000
__Htext6                                   text6         00000
__Htext7                                   text7         00000
__Htext8                                   text8         00000
__Htext9                                   text9         00000
__LRAM                                     (abs)         00001
__Labs1                                    abs1          00000
__Lbank0                                   bank0         00000
__Lbank1                                   bank1         00000
__Lbank10                                  bank10        00000
__Lbank11                                  bank11        00000
__Lbank12                                  bank12        00000
__Lbank13                                  bank13        00000
__Lbank14                                  bank14        00000
__Lbank2                                   bank2         00000
__Lbank3                                   bank3         00000
__Lbank4                                   bank4         00000
__Lbank5                                   bank5         00000
__Lbank6                                   bank6         00000
__Lbank7                                   bank7         00000
__Lbank8                                   bank8         00000
__Lbank9                                   bank9         00000
__Lbigbss                                  bigbss        00000
__Lbigdata                                 bigdata       00000
__Lbigram                                  bigram        00000
__Lbss                                     bss           00000
__LbssBANK0                                bssBANK0      00000
__LbssBANK1                                bssBANK1      00000
__LbssCOMRAM                               bssCOMRAM     00000
__Lcinit                                   cinit         00000
__Lclrtext                                 clrtext       00000
__Lcomram                                  comram        00000
__Lconfig                                  config        1FFF8
__Lconst                                   const         00000
__LcstackBANK0                             cstackBANK0   00000
__LcstackCOMRAM                            cstackCOMRAM  00000
__Ldata                                    data          00000
__LdataBANK0                               dataBANK0     00000
__Lend_init                                end_init      01062
__Lfarbss                                  farbss        00000
__Lfardata                                 fardata       00000
__Libigdata                                ibigdata      00000
__Lidata                                   idata         00000
__LidataBANK0                              idataBANK0    00000
__Lidloc                                   idloc         00000
__Lifardata                                ifardata      00000
__Linit                                    init          01062
__Lintcode                                 intcode       01008
__Lintcode_body                            intcode_body  00000
__Lintcodelo                               intcodelo     01062
__Lintentry                                intentry      00000
__Lintret                                  intret        00000
__Lintsave_regs                            intsave_regs  00000
__Lirdata                                  irdata        00000
__Ljflash_buffer                           jflash_buffer 1F800
__Lmediumconst                             mediumconst   00000
__LnvFARRAM                                nvFARRAM      00000
__Lnvbit                                   nvbit         00000
__Lnvrram                                  nvrram        00000
__Lparam                                   rparam        00000
__Lpowerup                                 powerup       01062
__Lram                                     ram           00000
__Lramtop                                  ramtop        00F00
__Lrbit                                    rbit          00000
__Lrbss                                    rbss          00000
__Lrdata                                   rdata         00000
__Lreset_vec                               reset_vec     01000
__Lrparam                                  rparam        00000
__Lsfr                                     sfr           00000
__Lsmallconst                              smallconst    01100
__Lspace_0                                 (abs)         00000
__Lspace_1                                 (abs)         00000
__Lspace_2                                 (abs)         00000
__Lstack                                   stack         00000
__Lstruct                                  struct        00000
__Ltemp                                    temp          00055
__Ltext                                    text          00000
__Ltext0                                   text0         00000
__Ltext1                                   text1         00000
__Ltext10                                  text10        00000
__Ltext11                                  text11        00000
__Ltext12                                  text12        00000
__Ltext13                                  text13        00000
__Ltext15                                  text15        00000
__Ltext16                                  text16        00000
__Ltext17                                  text17        00000
__Ltext18                                  text18        00000
__Ltext19                                  text19        00000
__Ltext2                                   text2         00000
__Ltext20                                  text20        00000
__Ltext21                                  text21        00000
__Ltext22                                  text22        00000
__Ltext23                                  text23        00000
__Ltext24                                  text24        00000
__Ltext25                                  text25        00000
__Ltext26                                  text26        00000
__Ltext27                                  text27        00000
__Ltext28                                  text28        00000
__Ltext29                                  text29        00000
__Ltext3                                   text3         00000
__Ltext30                                  text30        00000
__Ltext31                                  text31        00000
__Ltext32                                  text32        00000
__Ltext33                                  text33        00000
__Ltext34                                  text34        00000
__Ltext35                                  text35        00000
__Ltext36                                  text36        00000
__Ltext37                                  text37        00000
__Ltext38                                  text38        00000
__Ltext39                                  text39        00000
__Ltext4                                   text4         00000
__Ltext40                                  text40        00000
__Ltext41                                  text41        00000
__Ltext42                                  text42        00000
__Ltext43                                  text43        00000
__Ltext44                                  text44        00000
__Ltext5                                   text5         00000
__Ltext6                                   text6         00000
__Ltext7                                   text7         00000
__Ltext8                                   text8         00000
__Ltext9                                   text9         00000
__S0                                       (abs)         20000
__S1                                       (abs)         001C0
__S2                                       (abs)         00000
___inthi_sp                                stack         00000
___intlo_sp                                stack         00000
___param_bank                              (abs)         00010
___rparam_used                             (abs)         00001
___sp                                      stack         00000
__accesstop                                (abs)         00060
__activetblptr                             (abs)         00003
__end_of_APP_DeviceCDCBasicDemoInitialize  text35        02756
__end_of_APP_DeviceCDCBasicDemoTasks       text7         01CA8
__end_of_APP_LEDUpdateUSBStatus            text32        0238E
__end_of_BUTTON_Enable                     text6         027E0
__end_of_BUTTON_IsPressed                  text13        0278E
__end_of_CDCInitEP                         text36        02588
__end_of_CDCTxService                      text11        016D4
__end_of_LED_Enable                        text5         0271A
__end_of_LED_Off                           text34        027C6
__end_of_LED_On                            text33        027AA
__end_of_SYSTEM_Initialize                 text4         02444
__end_of_SYS_InterruptHigh                 intcode       01062
__end_of_USBCheckCDCRequest                text31        022A2
__end_of_USBCheckStdRequest                text24        02082
__end_of_USBConfigureEndpoint              text39        02220
__end_of_USBCtrlEPAllowDataStage           text23        02110
__end_of_USBCtrlEPAllowStatusStage         text42        01BEE
__end_of_USBCtrlEPService                  text20        01D5A
__end_of_USBCtrlEPServiceComplete          text22        01992
__end_of_USBCtrlTrfInHandler               text43        01E04
__end_of_USBCtrlTrfOutHandler              text40        024EC
__end_of_USBCtrlTrfRxService               text41        017D0
__end_of_USBCtrlTrfSetupHandler            text21        023EC
__end_of_USBCtrlTrfTxService               text44        01B32
__end_of_USBDeviceAttach                   text3         02664
__end_of_USBDeviceInit                     text1         018B2
__end_of_USBDeviceTasks                    text15        014CA
__end_of_USBEnableEndpoint                 text38        02636
__end_of_USBStallHandler                   text19        025C6
__end_of_USBStdFeatureReqHandler           text29        013B8
__end_of_USBStdGetDscHandler               text28        015D6
__end_of_USBStdGetStatusHandler            text27        02320
__end_of_USBStdSetCfgHandler               text25        01EA8
__end_of_USBSuspend                        text18        02738
__end_of_USBTransferOnePacket              text12        01F48
__end_of_USBWakeFromSuspend                text17        026DE
__end_of_USB_CD_Ptr                        smallconst    01105
__end_of_USB_SD_Ptr                        smallconst    01104
__end_of_USER_USB_CALLBACK_EVENT_HANDLER   text30        0249A
__end_of__initialization                   cinit         02530
__end_of_configDescriptor1                 smallconst    01148
__end_of_device_dsc                        smallconst    011C2
__end_of_getsUSBUSART                      text10        02198
__end_of_main                              text0         026FC
__end_of_memset                            text2         0268E
__end_of_putUSBUSART                       text9         02772
__end_of_putrsUSBUSART                     text8         02600
__end_of_sd000                             smallconst    011C6
__end_of_sd001                             smallconst    0117C
__end_of_sd002                             smallconst    011B0
__end_ofi2_USBDeviceInit                   text16        01A6C
__end_ofi2_USBTransferOnePacket            text37        01FE6
__end_ofi2_memset                          text26        026B8
__initialization                           cinit         024EC
__mediumconst                              mediumconst   00000
__pbssBANK0                                bssBANK0      00060
__pbssBANK1                                bssBANK1      00100
__pbssCOMRAM                               bssCOMRAM     00001
__pcinit                                   cinit         024EC
__pcstackBANK0                             cstackBANK0   000E0
__pcstackCOMRAM                            cstackCOMRAM  0002B
__pdataBANK0                               dataBANK0     000CE
__pidataBANK0                              idataBANK0    027E0
__pintcode                                 intcode       01008
__psmallconst                              smallconst    01100
__ptext0                                   text0         026DE
__ptext1                                   text1         017D0
__ptext10                                  text10        02110
__ptext11                                  text11        015D6
__ptext12                                  text12        01EA8
__ptext13                                  text13        02772
__ptext15                                  text15        013B8
__ptext16                                  text16        01992
__ptext17                                  text17        026B8
__ptext18                                  text18        0271A
__ptext19                                  text19        02588
__ptext2                                   text2         02664
__ptext20                                  text20        01CA8
__ptext21                                  text21        0238E
__ptext22                                  text22        018B2
__ptext23                                  text23        02082
__ptext24                                  text24        01FE6
__ptext25                                  text25        01E04
__ptext26                                  text26        0268E
__ptext27                                  text27        022A2
__ptext28                                  text28        014CA
__ptext29                                  text29        011C8
__ptext3                                   text3         02636
__ptext30                                  text30        02444
__ptext31                                  text31        02220
__ptext32                                  text32        02320
__ptext33                                  text33        0278E
__ptext34                                  text34        027AA
__ptext35                                  text35        02738
__ptext36                                  text36        0253A
__ptext37                                  text37        01F48
__ptext38                                  text38        02600
__ptext39                                  text39        02198
__ptext4                                   text4         023EC
__ptext40                                  text40        0249A
__ptext41                                  text41        016D4
__ptext42                                  text42        01B32
__ptext43                                  text43        01D5A
__ptext44                                  text44        01A6C
__ptext5                                   text5         026FC
__ptext6                                   text6         027C6
__ptext7                                   text7         01BEE
__ptext8                                   text8         025C6
__ptext9                                   text9         02756
__ramtop                                   ramtop        00F00
__size_of_APP_DeviceCDCBasicDemoInitialize (abs)         00000
__size_of_APP_DeviceCDCBasicDemoTasks      (abs)         00000
__size_of_APP_LEDUpdateUSBStatus           (abs)         00000
__size_of_BUTTON_Enable                    (abs)         00000
__size_of_BUTTON_IsPressed                 (abs)         00000
__size_of_CDCInitEP                        (abs)         00000
__size_of_CDCTxService                     (abs)         00000
__size_of_LED_Enable                       (abs)         00000
__size_of_LED_Off                          (abs)         00000
__size_of_LED_On                           (abs)         00000
__size_of_SYSTEM_Initialize                (abs)         00000
__size_of_SYS_InterruptHigh                (abs)         00000
__size_of_USBCheckCDCRequest               (abs)         00000
__size_of_USBCheckStdRequest               (abs)         00000
__size_of_USBConfigureEndpoint             (abs)         00000
__size_of_USBCtrlEPAllowDataStage          (abs)         00000
__size_of_USBCtrlEPAllowStatusStage        (abs)         00000
__size_of_USBCtrlEPService                 (abs)         00000
__size_of_USBCtrlEPServiceComplete         (abs)         00000
__size_of_USBCtrlTrfInHandler              (abs)         00000
__size_of_USBCtrlTrfOutHandler             (abs)         00000
__size_of_USBCtrlTrfRxService              (abs)         00000
__size_of_USBCtrlTrfSetupHandler           (abs)         00000
__size_of_USBCtrlTrfTxService              (abs)         00000
__size_of_USBDeviceAttach                  (abs)         00000
__size_of_USBDeviceInit                    (abs)         00000
__size_of_USBDeviceTasks                   (abs)         00000
__size_of_USBEnableEndpoint                (abs)         00000
__size_of_USBStallHandler                  (abs)         00000
__size_of_USBStdFeatureReqHandler          (abs)         00000
__size_of_USBStdGetDscHandler              (abs)         00000
__size_of_USBStdGetStatusHandler           (abs)         00000
__size_of_USBStdSetCfgHandler              (abs)         00000
__size_of_USBSuspend                       (abs)         00000
__size_of_USBTransferOnePacket             (abs)         00000
__size_of_USBWakeFromSuspend               (abs)         00000
__size_of_USER_USB_CALLBACK_EVENT_HANDLER  (abs)         00000
__size_of_getsUSBUSART                     (abs)         00000
__size_of_main                             (abs)         00000
__size_of_memset                           (abs)         00000
__size_of_putUSBUSART                      (abs)         00000
__size_of_putrsUSBUSART                    (abs)         00000
__size_ofi2_USBDeviceInit                  (abs)         00000
__size_ofi2_USBTransferOnePacket           (abs)         00000
__size_ofi2_memset                         (abs)         00000
__smallconst                               smallconst    01100
_buttonMessage                             dataBANK0     000CE
_buttonPressed                             bssBANK0      00079
_cdc_data_rx                               bssBANK0      0007D
_cdc_data_tx                               bssBANK1      00100
_cdc_mem_type                              bssBANK0      0007A
_cdc_rx_len                                bssCOMRAM     00025
_cdc_trf_state                             bssBANK0      0007B
_cdc_tx_len                                bssBANK0      0007C
_configDescriptor1                         smallconst    01105
_controlTransferState                      bssCOMRAM     00026
_device_dsc                                smallconst    011B0
_dummy_encapsulated_cmd_response           bssBANK0      000BD
_endpoint_number                           bssCOMRAM     00027
_ep_data_in                                bssBANK0      00066
_ep_data_out                               bssBANK0      00069
_getsUSBUSART                              text10        02110
_getsUSBUSART$2688                         cstackBANK0   000EB
_inPipes                                   bssCOMRAM     0000A
_line_coding                               bssBANK0      000C5
_main                                      text0         026DE
_memset                                    text2         02664
_outPipes                                  bssCOMRAM     00001
_pBDTEntryEP0OutCurrent                    bssCOMRAM     00018
_pBDTEntryEP0OutNext                       bssCOMRAM     0001A
_pBDTEntryIn                               bssCOMRAM     00010
_pBDTEntryOut                              bssBANK0      00060
_pCDCDst                                   bssBANK0      0006C
_pCDCSrc                                   bssBANK0      0006F
_pDst                                      bssBANK0      00076
_putUSBUSART                               text9         02756
_putrsUSBUSART                             text8         025C6
_readBuffer                                bssBANK1      00140
_sd000                                     smallconst    011C2
_sd001                                     smallconst    01148
_sd002                                     smallconst    0117C
_shortPacketStatus                         bssCOMRAM     00028
_writeBuffer                               bssBANK1      00180
btemp                                      temp          00055
end_of_initialization                      cinit         02530
getsUSBUSART@buffer                        cstackBANK0   000E7
getsUSBUSART@len                           cstackBANK0   000E9
i2USBDeviceInit@i                          cstackCOMRAM  00033
i2USBTransferOnePacket@data                cstackCOMRAM  0002C
i2USBTransferOnePacket@dir                 cstackCOMRAM  0002B
i2USBTransferOnePacket@ep                  cstackCOMRAM  0002F
i2USBTransferOnePacket@handle              cstackCOMRAM  00030
i2USBTransferOnePacket@len                 cstackCOMRAM  0002E
i2_USBDeviceInit                           text16        01992
i2_USBTransferOnePacket                    text37        01F48
i2_memset                                  text26        0268E
i2memset@c                                 cstackCOMRAM  0002D
i2memset@n                                 cstackCOMRAM  0002F
i2memset@p                                 cstackCOMRAM  00031
i2memset@p1                                cstackCOMRAM  0002B
int$flags                                  temp          00055
intlevel0                                  text          00000
intlevel1                                  text          00000
intlevel2                                  text          00000
intlevel3                                  text          00000
memset@c                                   cstackBANK0   000E2
memset@n                                   cstackBANK0   000E4
memset@p                                   cstackBANK0   000E6
memset@p1                                  cstackBANK0   000E0
putUSBUSART@data                           cstackBANK0   000E0
putUSBUSART@length                         cstackBANK0   000E2
putrsUSBUSART@data                         cstackBANK0   000E1
putrsUSBUSART@len                          cstackBANK0   000E2
putrsUSBUSART@pData                        cstackBANK0   000E0
stackhi                                    (abs)         00CFF
stacklo                                    (abs)         001C0
start                                      init          01062
start_initialization                       cinit         024EC


FUNCTION INFORMATION:

 *************** function _main *****************
 Defined at:
		line 49 in file "../src/main.c"
 Parameters:    Size  Location     Type
		None
 Auto vars:     Size  Location     Type
		None
 Return value:  Size  Location     Type
		None               void
 Registers used:
		wreg, fsr1l, fsr1h, fsr2l, fsr2h, status,2, status,0, prodl, prodh, cstack
 Tracked objects:
		On entry : 
		On exit  : 
		Unchanged: 
 Data sizes:     COMRAM   BANK0   BANK1   BANK2   BANK3   BANK4   BANK5   BANK6   BANK7   BANK8   BANK9  BANK10  BANK11  BANK12  BANK13  BANK14
      Params:         0       0       0       0       0       0       0       0       0       0       0       0       0       0       0       0
      Locals:         0       0       0       0       0       0       0       0       0       0       0       0       0       0       0       0
      Temps:          0       0       0       0       0       0       0       0       0       0       0       0       0       0       0       0
      Totals:         0       0       0       0       0       0       0       0       0       0       0       0       0       0       0       0
Total ram usage:        0 bytes
 Hardware stack levels required when called:   14
 This function calls:
		_APP_DeviceCDCBasicDemoTasks
		_SYSTEM_Initialize
		_USBDeviceAttach
		_USBDeviceInit
 This function is called by:
		Startup code after reset
 This function uses a non-reentrant model


 *************** function _USBDeviceInit *****************
 Defined at:
		line 298 in file "../../../../../../framework/usb/src/usb_device.c"
 Parameters:    Size  Location     Type
		None
 Auto vars:     Size  Location     Type
  i               1    8[BANK0 ] unsigned char 
 Return value:  Size  Location     Type
		None               void
 Registers used:
		wreg, fsr2l, fsr2h, status,2, status,0, prodl, prodh, cstack
 Tracked objects:
		On entry : 
		On exit  : 
		Unchanged: 
 Data sizes:     COMRAM   BANK0   BANK1   BANK2   BANK3   BANK4   BANK5   BANK6   BANK7   BANK8   BANK9  BANK10  BANK11  BANK12  BANK13  BANK14
      Params:         0       0       0       0       0       0       0       0       0       0       0       0       0       0       0       0
      Locals:         0       1       0       0       0       0       0       0       0       0       0       0       0       0       0       0
      Temps:          0       0       0       0       0       0       0       0       0       0       0       0       0       0       0       0
      Totals:         0       1       0       0       0       0       0       0       0       0       0       0       0       0       0       0
Total ram usage:        1 bytes
 Hardware stack levels used:    1
 Hardware stack levels required when called:   12
 This function calls:
		_memset
 This function is called by:
		_main
 This function uses a non-reentrant model


 *************** function _memset *****************
 Defined at:
		line 8 in file "C:\Program Files (x86)\Microchip\xc8\v1.35\sources\common\memset.c"
 Parameters:    Size  Location     Type
  p1              2    0[BANK0 ] PTR void 
		 -> USBAlternateInterface(2), BDT(48), UEP1(1), 
  c               2    2[BANK0 ] int 
  n               2    4[BANK0 ] unsigned int 
 Auto vars:     Size  Location     Type
  p               2    6[BANK0 ] PTR unsigned char 
		 -> USBAlternateInterface(2), BDT(48), UEP1(1), 
 Return value:  Size  Location     Type
                  2    0[BANK0 ] PTR void 
 Registers used:
		wreg, fsr2l, fsr2h, status,2, status,0
 Tracked objects:
		On entry : 
		On exit  : 
		Unchanged: 
 Data sizes:     COMRAM   BANK0   BANK1   BANK2   BANK3   BANK4   BANK5   BANK6   BANK7   BANK8   BANK9  BANK10  BANK11  BANK12  BANK13  BANK14
      Params:         0       6       0       0       0       0       0       0       0       0       0       0       0       0       0       0
      Locals:         0       2       0       0       0       0       0       0       0       0       0       0       0       0       0       0
      Temps:          0       0       0       0       0       0       0       0       0       0       0       0       0       0       0       0
      Totals:         0       8       0       0       0       0       0       0       0       0       0       0       0       0       0       0
Total ram usage:        8 bytes
 Hardware stack levels used:    1
 Hardware stack levels required when called:   11
 This function calls:
		Nothing
 This function is called by:
		_USBDeviceInit
 This function uses a non-reentrant model


 *************** function _USBDeviceAttach *****************
 Defined at:
		line 1352 in file "../../../../../../framework/usb/src/usb_device.c"
 Parameters:    Size  Location     Type
		None
 Auto vars:     Size  Location     Type
		None
 Return value:  Size  Location     Type
		None               void
 Registers used:
		wreg, status,2
 Tracked objects:
		On entry : 
		On exit  : 
		Unchanged: 
 Data sizes:     COMRAM   BANK0   BANK1   BANK2   BANK3   BANK4   BANK5   BANK6   BANK7   BANK8   BANK9  BANK10  BANK11  BANK12  BANK13  BANK14
      Params:         0       0       0       0       0       0       0       0       0       0       0       0       0       0       0       0
      Locals:         0       0       0       0       0       0       0       0       0       0       0       0       0       0       0       0
      Temps:          0       0       0       0       0       0       0       0       0       0       0       0       0       0       0       0
      Totals:         0       0       0       0       0       0       0       0       0       0       0       0       0       0       0       0
Total ram usage:        0 bytes
 Hardware stack levels used:    1
 Hardware stack levels required when called:   11
 This function calls:
		Nothing
 This function is called by:
		_main
 This function uses a non-reentrant model


 *************** function _SYSTEM_Initialize *****************
 Defined at:
		line 57 in file "../src/system_config/pic18f27j53_pim/system.c"
 Parameters:    Size  Location     Type
  state           1    wreg     enum E9353
 Auto vars:     Size  Location     Type
  state           1    5[BANK0 ] enum E9353
  pll_startup_    2    3[BANK0 ] unsigned int 
  pll_startup_    2    1[BANK0 ] unsigned int 
 Return value:  Size  Location     Type
		None               void
 Registers used:
		wreg, status,2, status,0, cstack
 Tracked objects:
		On entry : 
		On exit  : 
		Unchanged: 
 Data sizes:     COMRAM   BANK0   BANK1   BANK2   BANK3   BANK4   BANK5   BANK6   BANK7   BANK8   BANK9  BANK10  BANK11  BANK12  BANK13  BANK14
      Params:         0       0       0       0       0       0       0       0       0       0       0       0       0       0       0       0
      Locals:         0       5       0       0       0       0       0       0       0       0       0       0       0       0       0       0
      Temps:          0       0       0       0       0       0       0       0       0       0       0       0       0       0       0       0
      Totals:         0       5       0       0       0       0       0       0       0       0       0       0       0       0       0       0
Total ram usage:        5 bytes
 Hardware stack levels used:    1
 Hardware stack levels required when called:   12
 This function calls:
		_BUTTON_Enable
		_LED_Enable
 This function is called by:
		_main
 This function uses a non-reentrant model


 *************** function _LED_Enable *****************
 Defined at:
		line 186 in file "../../../../../../bsp/pic18f27j53_pim/leds.c"
 Parameters:    Size  Location     Type
  led             1    wreg     enum E2
 Auto vars:     Size  Location     Type
  led             1    0[BANK0 ] enum E2
 Return value:  Size  Location     Type
		None               void
 Registers used:
		wreg, status,2, status,0
 Tracked objects:
		On entry : 
		On exit  : 
		Unchanged: 
 Data sizes:     COMRAM   BANK0   BANK1   BANK2   BANK3   BANK4   BANK5   BANK6   BANK7   BANK8   BANK9  BANK10  BANK11  BANK12  BANK13  BANK14
      Params:         0       0       0       0       0       0       0       0       0       0       0       0       0       0       0       0
      Locals:         0       1       0       0       0       0       0       0       0       0       0       0       0       0       0       0
      Temps:          0       0       0       0       0       0       0       0       0       0       0       0       0       0       0       0
      Totals:         0       1       0       0       0       0       0       0       0       0       0       0       0       0       0       0
Total ram usage:        1 bytes
 Hardware stack levels used:    1
 Hardware stack levels required when called:   11
 This function calls:
		Nothing
 This function is called by:
		_SYSTEM_Initialize
 This function uses a non-reentrant model


 *************** function _BUTTON_Enable *****************
 Defined at:
		line 89 in file "../../../../../../bsp/pic18f27j53_pim/buttons.c"
 Parameters:    Size  Location     Type
  button          1    wreg     enum E9324
 Auto vars:     Size  Location     Type
  button          1    0[BANK0 ] enum E9324
 Return value:  Size  Location     Type
		None               void
 Registers used:
		wreg, status,2, status,0
 Tracked objects:
		On entry : 
		On exit  : 
		Unchanged: 
 Data sizes:     COMRAM   BANK0   BANK1   BANK2   BANK3   BANK4   BANK5   BANK6   BANK7   BANK8   BANK9  BANK10  BANK11  BANK12  BANK13  BANK14
      Params:         0       0       0       0       0       0       0       0       0       0       0       0       0       0       0       0
      Locals:         0       1       0       0       0       0       0       0       0       0       0       0       0       0       0       0
      Temps:          0       0       0       0       0       0       0       0       0       0       0       0       0       0       0       0
      Totals:         0       1       0       0       0       0       0       0       0       0       0       0       0       0       0       0
Total ram usage:        1 bytes
 Hardware stack levels used:    1
 Hardware stack levels required when called:   11
 This function calls:
		Nothing
 This function is called by:
		_SYSTEM_Initialize
 This function uses a non-reentrant model


 *************** function _APP_DeviceCDCBasicDemoTasks *****************
 Defined at:
		line 82 in file "../src/app_device_cdc_basic.c"
 Parameters:    Size  Location     Type
		None
 Auto vars:     Size  Location     Type
  i               1   15[BANK0 ] unsigned char 
  numBytesRead    1   14[BANK0 ] unsigned char 
 Return value:  Size  Location     Type
		None               void
 Registers used:
		wreg, fsr1l, fsr1h, fsr2l, fsr2h, status,2, status,0, prodl, prodh, cstack
 Tracked objects:
		On entry : 
		On exit  : 
		Unchanged: 
 Data sizes:     COMRAM   BANK0   BANK1   BANK2   BANK3   BANK4   BANK5   BANK6   BANK7   BANK8   BANK9  BANK10  BANK11  BANK12  BANK13  BANK14
      Params:         0       0       0       0       0       0       0       0       0       0       0       0       0       0       0       0
      Locals:         0       2       0       0       0       0       0       0       0       0       0       0       0       0       0       0
      Temps:          0       1       0       0       0       0       0       0       0       0       0       0       0       0       0       0
      Totals:         0       3       0       0       0       0       0       0       0       0       0       0       0       0       0       0
Total ram usage:        3 bytes
 Hardware stack levels used:    1
 Hardware stack levels required when called:   13
 This function calls:
		_BUTTON_IsPressed
		_CDCTxService
		_getsUSBUSART
		_putUSBUSART
		_putrsUSBUSART
 This function is called by:
		_main
 This function uses a non-reentrant model


 *************** function _putrsUSBUSART *****************
 Defined at:
		line 783 in file "../../../../../../framework/usb/src/usb_device_cdc.c"
 Parameters:    Size  Location     Type
  data            1    wreg     PTR const unsigned char 
		 -> buttonMessage(18), 
 Auto vars:     Size  Location     Type
  data            1    1[BANK0 ] PTR const unsigned char 
		 -> buttonMessage(18), 
  len             1    2[BANK0 ] unsigned char 
  pData           1    0[BANK0 ] PTR const unsigned char 
		 -> buttonMessage(18), 
 Return value:  Size  Location     Type
		None               void
 Registers used:
		wreg, fsr2l, fsr2h, status,2, status,0
 Tracked objects:
		On entry : 
		On exit  : 
		Unchanged: 
 Data sizes:     COMRAM   BANK0   BANK1   BANK2   BANK3   BANK4   BANK5   BANK6   BANK7   BANK8   BANK9  BANK10  BANK11  BANK12  BANK13  BANK14
      Params:         0       0       0       0       0       0       0       0       0       0       0       0       0       0       0       0
      Locals:         0       3       0       0       0       0       0       0       0       0       0       0       0       0       0       0
      Temps:          0       0       0       0       0       0       0       0       0       0       0       0       0       0       0       0
      Totals:         0       3       0       0       0       0       0       0       0       0       0       0       0       0       0       0
Total ram usage:        3 bytes
 Hardware stack levels used:    1
 Hardware stack levels required when called:   11
 This function calls:
		Nothing
 This function is called by:
		_APP_DeviceCDCBasicDemoTasks
 This function uses a non-reentrant model


 *************** function _putUSBUSART *****************
 Defined at:
		line 613 in file "../../../../../../framework/usb/src/usb_device_cdc.c"
 Parameters:    Size  Location     Type
  data            2    0[BANK0 ] PTR unsigned char 
		 -> writeBuffer(64), 
  length          1    2[BANK0 ] unsigned char 
 Auto vars:     Size  Location     Type
		None
 Return value:  Size  Location     Type
		None               void
 Registers used:
		wreg, status,2, status,0
 Tracked objects:
		On entry : 
		On exit  : 
		Unchanged: 
 Data sizes:     COMRAM   BANK0   BANK1   BANK2   BANK3   BANK4   BANK5   BANK6   BANK7   BANK8   BANK9  BANK10  BANK11  BANK12  BANK13  BANK14
      Params:         0       3       0       0       0       0       0       0       0       0       0       0       0       0       0       0
      Locals:         0       0       0       0       0       0       0       0       0       0       0       0       0       0       0       0
      Temps:          0       0       0       0       0       0       0       0       0       0       0       0       0       0       0       0
      Totals:         0       3       0       0       0       0       0       0       0       0       0       0       0       0       0       0
Total ram usage:        3 bytes
 Hardware stack levels used:    1
 Hardware stack levels required when called:   11
 This function calls:
		Nothing
 This function is called by:
		_APP_DeviceCDCBasicDemoTasks
 This function uses a non-reentrant model


 *************** function _getsUSBUSART *****************
 Defined at:
		line 542 in file "../../../../../../framework/usb/src/usb_device_cdc.c"
 Parameters:    Size  Location     Type
  buffer          2    7[BANK0 ] PTR unsigned char 
		 -> readBuffer(64), 
  len             1    9[BANK0 ] unsigned char 
 Auto vars:     Size  Location     Type
		None
 Return value:  Size  Location     Type
                  1    wreg      unsigned char 
 Registers used:
		wreg, fsr1l, fsr1h, fsr2l, fsr2h, status,2, status,0, prodl, prodh, cstack
 Tracked objects:
		On entry : 
		On exit  : 
		Unchanged: 
 Data sizes:     COMRAM   BANK0   BANK1   BANK2   BANK3   BANK4   BANK5   BANK6   BANK7   BANK8   BANK9  BANK10  BANK11  BANK12  BANK13  BANK14
      Params:         0       3       0       0       0       0       0       0       0       0       0       0       0       0       0       0
      Locals:         0       2       0       0       0       0       0       0       0       0       0       0       0       0       0       0
      Temps:          0       1       0       0       0       0       0       0       0       0       0       0       0       0       0       0
      Totals:         0       6       0       0       0       0       0       0       0       0       0       0       0       0       0       0
Total ram usage:        6 bytes
 Hardware stack levels used:    1
 Hardware stack levels required when called:   12
 This function calls:
		_USBTransferOnePacket
 This function is called by:
		_APP_DeviceCDCBasicDemoTasks
 This function uses a non-reentrant model


 *************** function _CDCTxService *****************
 Defined at:
		line 893 in file "../../../../../../framework/usb/src/usb_device_cdc.c"
 Parameters:    Size  Location     Type
		None
 Auto vars:     Size  Location     Type
  byte_to_send    1   10[BANK0 ] unsigned char 
  i               1    9[BANK0 ] unsigned char 
 Return value:  Size  Location     Type
		None               void
 Registers used:
		wreg, fsr1l, fsr1h, fsr2l, fsr2h, status,2, status,0, prodl, prodh, cstack
 Tracked objects:
		On entry : 
		On exit  : 
		Unchanged: 
 Data sizes:     COMRAM   BANK0   BANK1   BANK2   BANK3   BANK4   BANK5   BANK6   BANK7   BANK8   BANK9  BANK10  BANK11  BANK12  BANK13  BANK14
      Params:         0       0       0       0       0       0       0       0       0       0       0       0       0       0       0       0
      Locals:         0       4       0       0       0       0       0       0       0       0       0       0       0       0       0       0
      Temps:          0       0       0       0       0       0       0       0       0       0       0       0       0       0       0       0
      Totals:         0       4       0       0       0       0       0       0       0       0       0       0       0       0       0       0
Total ram usage:        4 bytes
 Hardware stack levels used:    1
 Hardware stack levels required when called:   12
 This function calls:
		_USBTransferOnePacket
 This function is called by:
		_APP_DeviceCDCBasicDemoTasks
 This function uses a non-reentrant model


 *************** function _USBTransferOnePacket *****************
 Defined at:
		line 995 in file "../../../../../../framework/usb/src/usb_device.c"
 Parameters:    Size  Location     Type
  ep              1    wreg     unsigned char 
  dir             1    0[BANK0 ] unsigned char 
  data            2    1[BANK0 ] PTR unsigned char 
		 -> cdc_data_tx(64), cdc_data_rx(64), NULL(0), 
  len             1    3[BANK0 ] unsigned char 
 Auto vars:     Size  Location     Type
  ep              1    4[BANK0 ] unsigned char 
  handle          2    5[BANK0 ] PTR volatile struct __BD
		 -> NULL(0), BDT(48), 
 Return value:  Size  Location     Type
                  2    0[BANK0 ] PTR void 
 Registers used:
		wreg, fsr2l, fsr2h, status,2, status,0, prodl, prodh
 Tracked objects:
		On entry : 
		On exit  : 
		Unchanged: 
 Data sizes:     COMRAM   BANK0   BANK1   BANK2   BANK3   BANK4   BANK5   BANK6   BANK7   BANK8   BANK9  BANK10  BANK11  BANK12  BANK13  BANK14
      Params:         0       4       0       0       0       0       0       0       0       0       0       0       0       0       0       0
      Locals:         0       3       0       0       0       0       0       0       0       0       0       0       0       0       0       0
      Temps:          0       0       0       0       0       0       0       0       0       0       0       0       0       0       0       0
      Totals:         0       7       0       0       0       0       0       0       0       0       0       0       0       0       0       0
Total ram usage:        7 bytes
 Hardware stack levels used:    1
 Hardware stack levels required when called:   11
 This function calls:
		Nothing
 This function is called by:
		_getsUSBUSART
		_CDCTxService
 This function uses a non-reentrant model


 *************** function _BUTTON_IsPressed *****************
 Defined at:
		line 59 in file "../../../../../../bsp/pic18f27j53_pim/buttons.c"
 Parameters:    Size  Location     Type
  button          1    wreg     enum E9324
 Auto vars:     Size  Location     Type
  button          1    0[BANK0 ] enum E9324
 Return value:  Size  Location     Type
                  1    wreg      unsigned char 
 Registers used:
		wreg, status,2, status,0
 Tracked objects:
		On entry : 
		On exit  : 
		Unchanged: 
 Data sizes:     COMRAM   BANK0   BANK1   BANK2   BANK3   BANK4   BANK5   BANK6   BANK7   BANK8   BANK9  BANK10  BANK11  BANK12  BANK13  BANK14
      Params:         0       0       0       0       0       0       0       0       0       0       0       0       0       0       0       0
      Locals:         0       1       0       0       0       0       0       0       0       0       0       0       0       0       0       0
      Temps:          0       0       0       0       0       0       0       0       0       0       0       0       0       0       0       0
      Totals:         0       1       0       0       0       0       0       0       0       0       0       0       0       0       0       0
Total ram usage:        1 bytes
 Hardware stack levels used:    1
 Hardware stack levels required when called:   11
 This function calls:
		Nothing
 This function is called by:
		_APP_DeviceCDCBasicDemoTasks
 This function uses a non-reentrant model


 *************** function _SYS_InterruptHigh *****************
 Defined at:
		line 99 in file "../src/system_config/pic18f27j53_pim/system.c"
 Parameters:    Size  Location     Type
		None
 Auto vars:     Size  Location     Type
		None
 Return value:  Size  Location     Type
		None               void
 Registers used:
		wreg, fsr1l, fsr1h, fsr2l, fsr2h, status,2, status,0, tblptrl, tblptrh, tblptru, prodl, prodh, cstack
 Tracked objects:
		On entry : 
		On exit  : 
		Unchanged: 
 Data sizes:     COMRAM   BANK0   BANK1   BANK2   BANK3   BANK4   BANK5   BANK6   BANK7   BANK8   BANK9  BANK10  BANK11  BANK12  BANK13  BANK14
      Params:         0       0       0       0       0       0       0       0       0       0       0       0       0       0       0       0
      Locals:         0       0       0       0       0       0       0       0       0       0       0       0       0       0       0       0
      Temps:         10       0       0       0       0       0       0       0       0       0       0       0       0       0       0       0
      Totals:        10       0       0       0       0       0       0       0       0       0       0       0       0       0       0       0
Total ram usage:       10 bytes
 Hardware stack levels used:    1
 Hardware stack levels required when called:   10
 This function calls:
		_USBDeviceTasks
 This function is called by:
		Interrupt level 2
 This function uses a non-reentrant model


 *************** function _USBDeviceTasks *****************
 Defined at:
		line 489 in file "../../../../../../framework/usb/src/usb_device.c"
 Parameters:    Size  Location     Type
		None
 Auto vars:     Size  Location     Type
  i               1   31[COMRAM] unsigned char 
 Return value:  Size  Location     Type
		None               void
 Registers used:
		wreg, fsr1l, fsr1h, fsr2l, fsr2h, status,2, status,0, tblptrl, tblptrh, tblptru, prodl, prodh, cstack
 Tracked objects:
		On entry : 
		On exit  : 
		Unchanged: 
 Data sizes:     COMRAM   BANK0   BANK1   BANK2   BANK3   BANK4   BANK5   BANK6   BANK7   BANK8   BANK9  BANK10  BANK11  BANK12  BANK13  BANK14
      Params:         0       0       0       0       0       0       0       0       0       0       0       0       0       0       0       0
      Locals:         1       0       0       0       0       0       0       0       0       0       0       0       0       0       0       0
      Temps:          0       0       0       0       0       0       0       0       0       0       0       0       0       0       0       0
      Totals:         1       0       0       0       0       0       0       0       0       0       0       0       0       0       0       0
Total ram usage:        1 bytes
 Hardware stack levels used:    1
 Hardware stack levels required when called:    9
 This function calls:
		_USBCtrlEPAllowStatusStage
		_USBCtrlEPService
		_USBStallHandler
		_USBSuspend
		_USBWakeFromSuspend
		_USER_USB_CALLBACK_EVENT_HANDLER
		i2_USBDeviceInit
 This function is called by:
[...]
  led             1    0[COMRAM] enum E2
 Return value:  Size  Location     Type
		None               void
 Registers used:
		wreg, status,2, status,0
 Tracked objects:
		On entry : 
		On exit  : 
		Unchanged: 
 Data sizes:     COMRAM   BANK0   BANK1   BANK2   BANK3   BANK4   BANK5   BANK6   BANK7   BANK8   BANK9  BANK10  BANK11  BANK12  BANK13  BANK14
      Params:         0       0       0       0       0       0       0       0       0       0       0       0       0       0       0       0
      Locals:         1       0       0       0       0       0       0       0       0       0       0       0       0       0       0       0
      Temps:          0       0       0       0       0       0       0       0       0       0       0       0       0       0       0       0
      Totals:         1       0       0       0       0       0       0       0       0       0       0       0       0       0       0       0
Total ram usage:        1 bytes
 Hardware stack levels used:    1
 This function calls:
		Nothing
 This function is called by:
		_APP_LEDUpdateUSBStatus
 This function uses a non-reentrant model


 *************** function _APP_DeviceCDCBasicDemoInitialize *****************
 Defined at:
		line 55 in file "../src/app_device_cdc_basic.c"
 Parameters:    Size  Location     Type
		None
 Auto vars:     Size  Location     Type
		None
 Return value:  Size  Location     Type
		None               void
 Registers used:
		wreg, fsr2l, fsr2h, status,2, status,0, prodl, prodh, cstack
 Tracked objects:
		On entry : 
		On exit  : 
		Unchanged: 
 Data sizes:     COMRAM   BANK0   BANK1   BANK2   BANK3   BANK4   BANK5   BANK6   BANK7   BANK8   BANK9  BANK10  BANK11  BANK12  BANK13  BANK14
      Params:         0       0       0       0       0       0       0       0       0       0       0       0       0       0       0       0
      Locals:         0       0       0       0       0       0       0       0       0       0       0       0       0       0       0       0
      Temps:          0       0       0       0       0       0       0       0       0       0       0       0       0       0       0       0
      Totals:         0       0       0       0       0       0       0       0       0       0       0       0       0       0       0       0
Total ram usage:        0 bytes
 Hardware stack levels used:    1
 Hardware stack levels required when called:    3
 This function calls:
		_CDCInitEP
 This function is called by:
		_USER_USB_CALLBACK_EVENT_HANDLER
 This function uses a non-reentrant model


 *************** function _CDCInitEP *****************
 Defined at:
		line 351 in file "../../../../../../framework/usb/src/usb_device_cdc.c"
 Parameters:    Size  Location     Type
		None
 Auto vars:     Size  Location     Type
		None
 Return value:  Size  Location     Type
		None               void
 Registers used:
		wreg, fsr2l, fsr2h, status,2, status,0, prodl, prodh, cstack
 Tracked objects:
		On entry : 
		On exit  : 
		Unchanged: 
 Data sizes:     COMRAM   BANK0   BANK1   BANK2   BANK3   BANK4   BANK5   BANK6   BANK7   BANK8   BANK9  BANK10  BANK11  BANK12  BANK13  BANK14
      Params:         0       0       0       0       0       0       0       0       0       0       0       0       0       0       0       0
      Locals:         0       0       0       0       0       0       0       0       0       0       0       0       0       0       0       0
      Temps:          0       0       0       0       0       0       0       0       0       0       0       0       0       0       0       0
      Totals:         0       0       0       0       0       0       0       0       0       0       0       0       0       0       0       0
Total ram usage:        0 bytes
 Hardware stack levels used:    1
 Hardware stack levels required when called:    2
 This function calls:
		_USBEnableEndpoint
		i2_USBTransferOnePacket
 This function is called by:
		_APP_DeviceCDCBasicDemoInitialize
 This function uses a non-reentrant model


 *************** function i2_USBTransferOnePacket *****************
 Defined at:
		line 995 in file "../../../../../../framework/usb/src/usb_device.c"
 Parameters:    Size  Location     Type
  ep              1    wreg     unsigned char 
  dir             1    0[COMRAM] unsigned char 
  data            2    1[COMRAM] PTR unsigned char 
		 -> cdc_data_tx(64), cdc_data_rx(64), NULL(0), 
  len             1    3[COMRAM] unsigned char 
 Auto vars:     Size  Location     Type
  ep              1    4[COMRAM] unsigned char 
  USBTransferO    2    5[COMRAM] PTR volatile struct __BD
		 -> NULL(0), BDT(48), 
 Return value:  Size  Location     Type
                  2    0[COMRAM] PTR void 
 Registers used:
		wreg, fsr2l, fsr2h, status,2, status,0, prodl, prodh
 Tracked objects:
		On entry : 
		On exit  : 
		Unchanged: 
 Data sizes:     COMRAM   BANK0   BANK1   BANK2   BANK3   BANK4   BANK5   BANK6   BANK7   BANK8   BANK9  BANK10  BANK11  BANK12  BANK13  BANK14
      Params:         4       0       0       0       0       0       0       0       0       0       0       0       0       0       0       0
      Locals:         3       0       0       0       0       0       0       0       0       0       0       0       0       0       0       0
      Temps:          0       0       0       0       0       0       0       0       0       0       0       0       0       0       0       0
      Totals:         7       0       0       0       0       0       0       0       0       0       0       0       0       0       0       0
Total ram usage:        7 bytes
 Hardware stack levels used:    1
 This function calls:
		Nothing
 This function is called by:
		_CDCInitEP
 This function uses a non-reentrant model


 *************** function _USBEnableEndpoint *****************
 Defined at:
		line 878 in file "../../../../../../framework/usb/src/usb_device.c"
 Parameters:    Size  Location     Type
  ep              1    wreg     unsigned char 
  options         1    8[COMRAM] unsigned char 
 Auto vars:     Size  Location     Type
  ep              1   11[COMRAM] unsigned char 
  p               2    9[COMRAM] PTR unsigned char 
		 -> UEP0(1), 
 Return value:  Size  Location     Type
		None               void
 Registers used:
		wreg, fsr2l, fsr2h, status,2, status,0, prodl, prodh, cstack
 Tracked objects:
		On entry : 
		On exit  : 
		Unchanged: 
 Data sizes:     COMRAM   BANK0   BANK1   BANK2   BANK3   BANK4   BANK5   BANK6   BANK7   BANK8   BANK9  BANK10  BANK11  BANK12  BANK13  BANK14
      Params:         1       0       0       0       0       0       0       0       0       0       0       0       0       0       0       0
      Locals:         3       0       0       0       0       0       0       0       0       0       0       0       0       0       0       0
      Temps:          0       0       0       0       0       0       0       0       0       0       0       0       0       0       0       0
      Totals:         4       0       0       0       0       0       0       0       0       0       0       0       0       0       0       0
Total ram usage:        4 bytes
 Hardware stack levels used:    1
 Hardware stack levels required when called:    1
 This function calls:
		_USBConfigureEndpoint
 This function is called by:
		_CDCInitEP
 This function uses a non-reentrant model


 *************** function _USBConfigureEndpoint *****************
 Defined at:
		line 1543 in file "../../../../../../framework/usb/src/usb_device.c"
 Parameters:    Size  Location     Type
  EPNum           1    wreg     unsigned char 
  direction       1    0[COMRAM] unsigned char 
 Auto vars:     Size  Location     Type
  EPNum           1    5[COMRAM] unsigned char 
  handle          2    6[COMRAM] PTR volatile struct __BD
		 -> BDT(48), 
 Return value:  Size  Location     Type
		None               void
 Registers used:
		wreg, fsr2l, fsr2h, status,2, status,0, prodl, prodh
 Tracked objects:
		On entry : 
		On exit  : 
		Unchanged: 
 Data sizes:     COMRAM   BANK0   BANK1   BANK2   BANK3   BANK4   BANK5   BANK6   BANK7   BANK8   BANK9  BANK10  BANK11  BANK12  BANK13  BANK14
      Params:         1       0       0       0       0       0       0       0       0       0       0       0       0       0       0       0
      Locals:         3       0       0       0       0       0       0       0       0       0       0       0       0       0       0       0
      Temps:          4       0       0       0       0       0       0       0       0       0       0       0       0       0       0       0
      Totals:         8       0       0       0       0       0       0       0       0       0       0       0       0       0       0       0
Total ram usage:        8 bytes
 Hardware stack levels used:    1
 This function calls:
		Nothing
 This function is called by:
		_USBEnableEndpoint
 This function uses a non-reentrant model


 *************** function _USBCtrlTrfOutHandler *****************
 Defined at:
		line 2541 in file "../../../../../../framework/usb/src/usb_device.c"
 Parameters:    Size  Location     Type
		None
 Auto vars:     Size  Location     Type
		None
 Return value:  Size  Location     Type
		None               void
 Registers used:
		wreg, fsr1l, fsr1h, fsr2l, fsr2h, status,2, status,0, cstack
 Tracked objects:
		On entry : 
		On exit  : 
		Unchanged: 
 Data sizes:     COMRAM   BANK0   BANK1   BANK2   BANK3   BANK4   BANK5   BANK6   BANK7   BANK8   BANK9  BANK10  BANK11  BANK12  BANK13  BANK14
      Params:         0       0       0       0       0       0       0       0       0       0       0       0       0       0       0       0
      Locals:         0       0       0       0       0       0       0       0       0       0       0       0       0       0       0       0
      Temps:          0       0       0       0       0       0       0       0       0       0       0       0       0       0       0       0
      Totals:         0       0       0       0       0       0       0       0       0       0       0       0       0       0       0       0
Total ram usage:        0 bytes
 Hardware stack levels used:    1
 Hardware stack levels required when called:    2
 This function calls:
		_USBCtrlTrfRxService
 This function is called by:
		_USBCtrlEPService
 This function uses a non-reentrant model


 *************** function _USBCtrlTrfRxService *****************
 Defined at:
		line 1852 in file "../../../../../../framework/usb/src/usb_device.c"
 Parameters:    Size  Location     Type
		None
 Auto vars:     Size  Location     Type
  byteToRead      1    1[COMRAM] unsigned char 
  i               1    0[COMRAM] unsigned char 
 Return value:  Size  Location     Type
		None               void
 Registers used:
		wreg, fsr1l, fsr1h, fsr2l, fsr2h, status,2, status,0, cstack
 Tracked objects:
		On entry : 
		On exit  : 
		Unchanged: 
 Data sizes:     COMRAM   BANK0   BANK1   BANK2   BANK3   BANK4   BANK5   BANK6   BANK7   BANK8   BANK9  BANK10  BANK11  BANK12  BANK13  BANK14
      Params:         0       0       0       0       0       0       0       0       0       0       0       0       0       0       0       0
      Locals:         2       0       0       0       0       0       0       0       0       0       0       0       0       0       0       0
      Temps:          0       0       0       0       0       0       0       0       0       0       0       0       0       0       0       0
      Totals:         2       0       0       0       0       0       0       0       0       0       0       0       0       0       0       0
Total ram usage:        2 bytes
 Hardware stack levels used:    1
 Hardware stack levels required when called:    1
 This function calls:
		_USBCtrlEPAllowStatusStage
 This function is called by:
		_USBCtrlTrfOutHandler
 This function uses a non-reentrant model


 *************** function _USBCtrlEPAllowStatusStage *****************
 Defined at:
		line 1416 in file "../../../../../../framework/usb/src/usb_device.c"
 Parameters:    Size  Location     Type
		None
 Auto vars:     Size  Location     Type
		None
 Return value:  Size  Location     Type
		None               void
 Registers used:
		wreg, fsr2l, fsr2h, status,2, status,0
 Tracked objects:
		On entry : 
		On exit  : 
		Unchanged: 
 Data sizes:     COMRAM   BANK0   BANK1   BANK2   BANK3   BANK4   BANK5   BANK6   BANK7   BANK8   BANK9  BANK10  BANK11  BANK12  BANK13  BANK14
      Params:         0       0       0       0       0       0       0       0       0       0       0       0       0       0       0       0
      Locals:         0       0       0       0       0       0       0       0       0       0       0       0       0       0       0       0
      Temps:          0       0       0       0       0       0       0       0       0       0       0       0       0       0       0       0
      Totals:         0       0       0       0       0       0       0       0       0       0       0       0       0       0       0       0
Total ram usage:        0 bytes
 Hardware stack levels used:    1
 This function calls:
		Nothing
 This function is called by:
		_USBDeviceTasks
		_USBCtrlEPServiceComplete
		_USBCtrlTrfRxService
 This function uses a non-reentrant model


 *************** function _USBCtrlTrfInHandler *****************
 Defined at:
		line 2595 in file "../../../../../../framework/usb/src/usb_device.c"
 Parameters:    Size  Location     Type
		None
 Auto vars:     Size  Location     Type
  lastDTS         1    1[COMRAM] unsigned char 
 Return value:  Size  Location     Type
		None               void
 Registers used:
		wreg, fsr1l, fsr1h, fsr2l, fsr2h, status,2, status,0, tblptrl, tblptrh, tblptru, cstack
 Tracked objects:
		On entry : 
		On exit  : 
		Unchanged: 
 Data sizes:     COMRAM   BANK0   BANK1   BANK2   BANK3   BANK4   BANK5   BANK6   BANK7   BANK8   BANK9  BANK10  BANK11  BANK12  BANK13  BANK14
      Params:         0       0       0       0       0       0       0       0       0       0       0       0       0       0       0       0
      Locals:         1       0       0       0       0       0       0       0       0       0       0       0       0       0       0       0
      Temps:          0       0       0       0       0       0       0       0       0       0       0       0       0       0       0       0
      Totals:         1       0       0       0       0       0       0       0       0       0       0       0       0       0       0       0
Total ram usage:        1 bytes
 Hardware stack levels used:    1
 Hardware stack levels required when called:    1
 This function calls:
		_USBCtrlTrfTxService
 This function is called by:
		_USBCtrlEPService
 This function uses a non-reentrant model


 *************** function _USBCtrlTrfTxService *****************
 Defined at:
		line 1771 in file "../../../../../../framework/usb/src/usb_device.c"
 Parameters:    Size  Location     Type
		None
 Auto vars:     Size  Location     Type
  byteToSend      1    0[COMRAM] unsigned char 
 Return value:  Size  Location     Type
		None               void
 Registers used:
		wreg, fsr1l, fsr1h, fsr2l, fsr2h, status,2, status,0, tblptrl, tblptrh, tblptru
 Tracked objects:
		On entry : 
		On exit  : 
		Unchanged: 
 Data sizes:     COMRAM   BANK0   BANK1   BANK2   BANK3   BANK4   BANK5   BANK6   BANK7   BANK8   BANK9  BANK10  BANK11  BANK12  BANK13  BANK14
      Params:         0       0       0       0       0       0       0       0       0       0       0       0       0       0       0       0
      Locals:         1       0       0       0       0       0       0       0       0       0       0       0       0       0       0       0
      Temps:          0       0       0       0       0       0       0       0       0       0       0       0       0       0       0       0
      Totals:         1       0       0       0       0       0       0       0       0       0       0       0       0       0       0       0
Total ram usage:        1 bytes
 Hardware stack levels used:    1
 This function calls:
		Nothing
 This function is called by:
		_USBCtrlEPAllowDataStage
		_USBCtrlTrfInHandler
 This function uses a non-reentrant model



MODULE INFORMATION

Module		Function		Class		Link	Load	Size
../../../../../../bsp/pic18f27j53_pim/leds.c
		_LED_Off       		CODE           	27AA	0000	29
		_LED_On        		CODE           	278E	0000	29
		_LED_Enable    		CODE           	26FC	0000	31

../../../../../../bsp/pic18f27j53_pim/leds.c estimated size: 89

../../../../../../framework/usb/src/usb_device_cdc.c
		_CDCTxService  		CODE           	15D6	0000	255
		_CDCInitEP     		CODE           	253A	0000	79
		_putUSBUSART   		CODE           	2756	0000	29
		_putrsUSBUSART 		CODE           	25C6	0000	59
		_getsUSBUSART  		CODE           	2110	0000	137
		_USBCheckCDCRequest		CODE           	2220	0000	131

../../../../../../framework/usb/src/usb_device_cdc.c estimated size: 690

../src/app_device_cdc_basic.c
		_APP_DeviceCDCBasicDemoTasks		CODE           	1BEE	0000	187
		_APP_DeviceCDCBasicDemoInitialize		CODE           	2738	0000	31

../src/app_device_cdc_basic.c estimated size: 218

../src/app_led_usb_status.c
		_APP_LEDUpdateUSBStatus		CODE           	2320	0000	111

../src/app_led_usb_status.c estimated size: 111

C:\Program Files (x86)\Microchip\xc8\v1.35\sources\common\memset.c
		_memset        		CODE           	2664	0000	43

C:\Program Files (x86)\Microchip\xc8\v1.35\sources\common\memset.c estimated size: 43

../../../../../../framework/usb/src/usb_device.c
		_USBCtrlTrfInHandler		CODE           	1D5A	0000	171
		_USBTransferOnePacket		CODE           	1EA8	0000	161
		_USBDeviceAttach		CODE           	2636	0000	47
		_USBStdGetDscHandler		CODE           	14CA	0000	269
		_USBCtrlEPAllowDataStage		CODE           	2082	0000	143
		_USBStdFeatureReqHandler		CODE           	11C8	0000	497
		_USBCtrlEPAllowStatusStage		CODE           	1B32	0000	189
		_USBCtrlTrfSetupHandler		CODE           	238E	0000	95
		_USBCtrlTrfOutHandler		CODE           	249A	0000	83
		_USBCtrlEPServiceComplete		CODE           	18B2	0000	225
		_USBSuspend    		CODE           	271A	0000	31
		_USBStdSetCfgHandler		CODE           	1E04	0000	165
		_USBStdGetStatusHandler		CODE           	22A2	0000	127
		_USBWakeFromSuspend		CODE           	26B8	0000	39
		_USBCtrlTrfRxService		CODE           	16D4	0000	253
		_USBCtrlTrfTxService		CODE           	1A6C	0000	199
		_USBEnableEndpoint		CODE           	2600	0000	55
		_USBConfigureEndpoint		CODE           	2198	0000	137
		_USBDeviceInit 		CODE           	17D0	0000	227
		_USBCtrlEPService		CODE           	1CA8	0000	179
		_USBStallHandler		CODE           	2588	0000	63
		_USBDeviceTasks		CODE           	13B8	0000	275
		_USBCheckStdRequest		CODE           	1FE6	0000	157

../../../../../../framework/usb/src/usb_device.c estimated size: 3787

shared
		_configDescriptor1		SMALLCONST     	1105	0000	68
		_USB_CD_Ptr    		SMALLCONST     	1104	0000	2
		_sd001         		SMALLCONST     	1148	0000	53
		_sd002         		SMALLCONST     	117C	0000	53
		i2_USBDeviceInit		CODE           	1992	0000	219
		__initialization		CODE           	24EC	0000	69
		_device_dsc    		SMALLCONST     	11B0	0000	19
		_USB_SD_Ptr    		SMALLCONST     	1101	0000	4
		i2_memset      		CODE           	268E	0000	43
		_sd000         		SMALLCONST     	11C2	0000	5
		i2_USBTransferOnePacket		CODE           	1F48	0000	159

shared estimated size: 694

../src/system_config/pic18f27j53_pim/system.c
		_SYS_InterruptHigh		CODE           	1008	0000	91
		_SYSTEM_Initialize		CODE           	23EC	0000	89

../src/system_config/pic18f27j53_pim/system.c estimated size: 180

../src/main.c
		_main          		CODE           	26DE	0000	31
		_USER_USB_CALLBACK_EVENT_HANDLER		CODE           	2444	0000	87

../src/main.c estimated size: 118

../../../../../../bsp/pic18f27j53_pim/buttons.c
		_BUTTON_IsPressed		CODE           	2772	0000	29
		_BUTTON_Enable 		CODE           	27C6	0000	27

../../../../../../bsp/pic18f27j53_pim/buttons.c estimated size: 56

