Microchip MPLAB XC8 Compiler V1.35 ()

Linker command line:

-W-3 --edf=C:\Program Files (x86)\Microchip\xc8\v1.35\dat\en_msgs.txt -cs \
  -h+dist/default/production\PIC18F27J53-USB_CDC-sample.X.production.sym \
  --cmf=dist/default/production\PIC18F27J53-USB_CDC-sample.X.production.cmf \
  -z -Q18F27J53 -oC:\Users\KERIKU~1\AppData\Local\Temp\s81s.2 \
  -Mdist/default/production/PIC18F27J53-USB_CDC-sample.X.production.map -E1 \
  -ver=XC8 -ASTACK=03FAh-0cffh -pstack=STACK -ACODE=00h-01FFF7h \
  -ACONST=00h-01FFF7h -ASMALLCONST=0F00h-0FFFhx496,01FF00h-01FFF7h \
  -AMEDIUMCONST=0F00h-0FFFFh,010F00h-01FFF7h -ACOMRAM=01h-05Fh \
  -AABS1=00h-0EAFh -ABIGRAM=01h-0EAFh \
  -ARAM=060h-0FFh,0100h-01FFhx13,0E00h-0EAFh -ABANK0=060h-0FFh \
  -ABANK1=0100h-01FFh -ABANK2=0200h-02FFh -ABANK3=0300h-03FFh \
  -ABANK4=0400h-04FFh -ABANK5=0500h-05FFh -ABANK6=0600h-06FFh \
  -ABANK7=0700h-07FFh -ABANK8=0800h-08FFh -ABANK9=0900h-09FFh \
  -ABANK10=0A00h-0AFFh -ABANK11=0B00h-0BFFh -ABANK12=0C00h-0CFFh \
  -ABANK13=0D00h-0DFFh -ABANK14=0E00h-0EAFh \
  -ASFR=0EB0h-0EFFh,0F00h-0F5Fh,0F60h-0FFFh \
  -preset_vec=00h,intcode=08h,intcodelo,powerup,init,end_init \
  -pramtop=0F00h -psmallconst=SMALLCONST -pmediumconst=MEDIUMCONST \
  -pconst=CONST -AFARRAM=00h-00h -ACONFIG=01FFF8h-01FFFFh -pconfig=CONFIG \
  -pjflash_buffer=01F800h \
  -prdata=COMRAM,nvrram=COMRAM,nvbit=COMRAM,rbss=COMRAM,rbit=COMRAM \
  -pfarbss=FARRAM,fardata=FARRAM,nvFARRAM=FARRAM \
  -pintsave_regs=BIGRAM,bigbss=BIGRAM,bigdata=BIGRAM -pbss=RAM \
  -pidata=CODE,irdata=CODE,ibigdata=CODE,ifardata=CODE -prparam=COMRAM \
  C:\Users\KERIKU~1\AppData\Local\Temp\s81s.obj \
  dist/default/production\PIC18F27J53-USB_CDC-sample.X.production.obj 

Object code version is 3.11

Machine type is 18F27J53

Call graph: (short form)




                Name                               Link     Load   Length Selector   Space Scale
C:\Users\KERIKU~1\AppData\Local\Temp\s81s.obj
                end_init                             82       82        4        4       0
                reset_vec                             0        0        4        0       0
                config                            1FFF8    1FFF8        8    1FFF8       0
dist/default/production\PIC18F27J53-USB_CDC-sample.X.production.obj
                intcode                               8        8       7A        4       0
                temp                                 57       57        1        1       1
                smallconst                          F00      F00       CC      780       0
                text45                             20AA     20AA       D8      7E6       0
                text44                             24C6     24C6       C8      7E6       0
                text43                             258E     258E       C4      7E6       0
                text42                             191C     191C      118      7E6       0
                text41                             2ABC     2ABC       5C      7E6       0
                text40                             2864     2864       94      7E6       0
                text39                             2C82     2C82       3C      7E6       0
                text38                             270C     270C       BA      7E6       0
                text37                             29F8     29F8       68      7E6       0
                text36                             2DEC     2DEC       22      7E6       0
                text35                             2182     2182       D6      7E6       0
                text34                             2A60     2A60       5C      7E6       0
                text33                              FCC      FCC      286      7E6       0
                text32                             168A     168A      14E      7E6       0
                text31                             2652     2652       BA      7E6       0
                text30                             2D4E     2D4E       2C      7E6       0
                text29                             1EEC     1EEC       E6      7E6       0
                text28                             1C20     1C20       F4      7E6       0
                text27                             27C6     27C6       9E      7E6       0
                text26                             1B2C     1B2C       F4      7E6       0
                text25                             28F8     28F8       8E      7E6       0
                text24                             232C     232C       CE      7E6       0
                text23                             2C00     2C00       46      7E6       0
                text22                             2D7A     2D7A       2A      7E6       0
                text21                             2CF2     2CF2       30      7E6       0
                text20                             17D8     17D8      144      7E6       0
                text19                             153C     153C      14E      7E6       0
                text18                             2E1C     2E1C        6      7E6       0
                text16                             2C46     2C46       3C      7E6       0
                text15                             2CBE     2CBE       34      7E6       0
                text14                             13DA     13DA      162      7E6       0
                text13                             2B18     2B18       54      7E6       0
                text12                             2B6C     2B6C       4E      7E6       0
                text11                             2E0E     2E0E        E      7E6       0
                text10                             1FD2     1FD2       D8      7E6       0
                text9                              1252     1252      188      7E6       0
                text8                              1E02     1E02       EA      7E6       0
                text7                              2D22     2D22       2C      7E6       0
                text6                              2DA4     2DA4       26      7E6       0
                text5                              2DCA     2DCA       22      7E6       0
                text4                              1D14     1D14       EE      7E6       0
                text3                              23FA     23FA       CC      7E6       0
                text2                              2258     2258       D4      7E6       0
                text1                              1A34     1A34       F8      7E6       0
                text0                              2986     2986       72      7E6       0
                cstackCOMRAM                          1        1       2C        1       1
                cstackBANK0                          EA       EA       15       60       1
                bssBANK3                            300      300       FA      300       1
                bssBANK2                            200      200       FA      200       1
                bssBANK1                            100      100       C0      100       1
                bssBANK0                             60       60       8A       60       1
                bssCOMRAM                            2D       2D       2A        1       1
                cinit                              2BBA     2BBA       46      7E6       0

TOTAL           Name                               Link     Load   Length     Space
        CLASS   STACK          

        CLASS   CODE           
                end_init                             82       82        4         0
                intcode                               8        8       7A         0
                reset_vec                             0        0        4         0
                text45                             20AA     20AA       D8         0
                text44                             24C6     24C6       C8         0
                text43                             258E     258E       C4         0
                text42                             191C     191C      118         0
                text41                             2ABC     2ABC       5C         0
                text40                             2864     2864       94         0
                text39                             2C82     2C82       3C         0
                text38                             270C     270C       BA         0
                text37                             29F8     29F8       68         0
                text36                             2DEC     2DEC       22         0
                text35                             2182     2182       D6         0
                text34                             2A60     2A60       5C         0
                text33                              FCC      FCC      286         0
                text32                             168A     168A      14E         0
                text31                             2652     2652       BA         0
                text30                             2D4E     2D4E       2C         0
                text29                             1EEC     1EEC       E6         0
                text28                             1C20     1C20       F4         0
                text27                             27C6     27C6       9E         0
                text26                             1B2C     1B2C       F4         0
                text25                             28F8     28F8       8E         0
                text24                             232C     232C       CE         0
                text23                             2C00     2C00       46         0
                text22                             2D7A     2D7A       2A         0
                text21                             2CF2     2CF2       30         0
                text20                             17D8     17D8      144         0
                text19                             153C     153C      14E         0
                text18                             2E1C     2E1C        6         0
                text16                             2C46     2C46       3C         0
                text15                             2CBE     2CBE       34         0
                text14                             13DA     13DA      162         0
                text13                             2B18     2B18       54         0
                text12                             2B6C     2B6C       4E         0
                text11                             2E0E     2E0E        E         0
                text10                             1FD2     1FD2       D8         0
                text9                              1252     1252      188         0
                text8                              1E02     1E02       EA         0
                text7                              2D22     2D22       2C         0
                text6                              2DA4     2DA4       26         0
                text5                              2DCA     2DCA       22         0
                text4                              1D14     1D14       EE         0
                text3                              23FA     23FA       CC         0
                text2                              2258     2258       D4         0
                text1                              1A34     1A34       F8         0
                text0                              2986     2986       72         0
                cinit                              2BBA     2BBA       46         0

        CLASS   CONST          

        CLASS   SMALLCONST     
                smallconst                          F00      F00       CC         0

        CLASS   MEDIUMCONST    

        CLASS   COMRAM         
                temp                                 57       57        1         1
                cstackCOMRAM                          1        1       2C         1
                bssCOMRAM                            2D       2D       2A         1

        CLASS   ABS1           
                abs_s1                              D00      D00       40         1

        CLASS   BIGRAM         

        CLASS   RAM            

        CLASS   BANK0          
                cstackBANK0                          EA       EA       15         1
                bssBANK0                             60       60       8A         1

        CLASS   BANK1          
                bssBANK1                            100      100       C0         1

        CLASS   BANK2          
                bssBANK2                            200      200       FA         1

        CLASS   BANK3          
                bssBANK3                            300      300       FA         1

        CLASS   BANK4          

        CLASS   BANK5          

        CLASS   BANK6          

        CLASS   BANK7          

        CLASS   BANK8          

        CLASS   BANK9          

        CLASS   BANK10         

        CLASS   BANK11         

        CLASS   BANK12         

        CLASS   BANK13         

        CLASS   BANK14         

        CLASS   SFR            

        CLASS   FARRAM         

        CLASS   CONFIG         
                config                            1FFF8    1FFF8        8         0

        CLASS   IDLOC          



SEGMENTS        Name                           Load    Length   Top    Selector   Space  Class

                reset_vec                      000000  000004  000004         0       0  CODE    
                cstackCOMRAM                   000001  000057  000058         1       1  COMRAM  
                intcode                        000008  00007E  000086         4       0  CODE    
                bssBANK0                       000060  00009F  0000FF        60       1  BANK0   
                bssBANK1                       000100  0000C0  0001C0       100       1  BANK1   
                bssBANK2                       000200  0000FA  0002FA       200       1  BANK2   
                bssBANK3                       000300  0000FA  0003FA       300       1  BANK3   
                smallconst                     000F00  0000CC  000FCC       780       0  SMALLCON
                text33                         000FCC  001E56  002E22       7E6       0  CODE    
                config                         01FFF8  000008  020000     1FFF8       0  CONFIG  


UNUSED ADDRESS RANGES

        Name                Unused          Largest block    Delta
        BANK0            000FF-000FF               1
        BANK1            001C0-001FF              40
        BANK10           00A00-00AFF             100
        BANK11           00B00-00BFF             100
        BANK12           00C00-00CFF             100
        BANK13           00D40-00DFF              C0
        BANK14           00E00-00EAF              B0
        BANK2            002FA-002FF               6
        BANK3            003FA-003FF               6
        BANK4            00400-004FF             100
        BANK5            00500-005FF             100
        BANK6            00600-006FF             100
        BANK7            00700-007FF             100
        BANK8            00800-008FF             100
        BANK9            00900-009FF             100
        BIGRAM           00058-0005F               8
                         000FF-000FF               1
                         001C0-001FF              40
                         002FA-002FF               6
                         003FA-00CFF             906
                         00D40-00EAF             170
        CODE             00004-00007               4
                         00086-00EFF             E7A
                         02E22-1FFF7           1D1D6
        COMRAM           00058-0005F               8
        CONST            00004-00007               4
                         00086-00EFF             E7A
                         02E22-1FFF7           1D1D6
        MEDIUMCONST      02E22-0FFFF            D1DE
                         10F00-1FFF7            F0F8
        RAM              000FF-000FF               1
                         001C0-001FF              40
                         002FA-002FF               6
                         003FA-00CFF             100
                         00D40-00EAF              C0
        SFR              00EB0-00FFF              60
        SMALLCONST       02E22-1FFF7             100
        STACK            003FA-00CFF             906

                                  Symbol Table

?_USBTransferOnePacket                     cstackBANK0   000EA
?_ringbuf_num                              cstackBANK0   000EA
?i2_USBTransferOnePacket                   cstackCOMRAM  00001
CDCTxService@byte_to_send                  cstackBANK0   000F5
CDCTxService@i                             cstackBANK0   000F4
USBConfigureEndpoint@EPNum                 cstackCOMRAM  00006
USBConfigureEndpoint@direction             cstackCOMRAM  00001
USBConfigureEndpoint@handle                cstackCOMRAM  00007
USBCtrlEPService@setup_cnt                 cstackCOMRAM  0001D
USBCtrlTrfInHandler@lastDTS                cstackCOMRAM  00002
USBCtrlTrfRxService@byteToRead             cstackCOMRAM  00002
USBCtrlTrfRxService@i                      cstackCOMRAM  00001
USBCtrlTrfTxService@byteToSend             cstackCOMRAM  00001
USBDeviceInit@i                            cstackBANK0   000F2
USBDeviceTasks@i                           cstackCOMRAM  0001E
USBEnableEndpoint@ep                       cstackCOMRAM  0000C
USBEnableEndpoint@options                  cstackCOMRAM  00009
USBEnableEndpoint@p                        cstackCOMRAM  0000A
USBStdFeatureReqHandler@current_ep_data    cstackCOMRAM  00018
USBStdFeatureReqHandler@p                  cstackCOMRAM  00019
USBStdFeatureReqHandler@pUEP               cstackCOMRAM  00016
USBStdGetStatusHandler@p                   cstackCOMRAM  00002
USBStdSetCfgHandler@i                      cstackCOMRAM  00015
USBTransferOnePacket@data                  cstackBANK0   000EB
USBTransferOnePacket@dir                   cstackBANK0   000EA
USBTransferOnePacket@ep                    cstackBANK0   000EE
USBTransferOnePacket@handle                cstackBANK0   000EF
USBTransferOnePacket@len                   cstackBANK0   000ED
USB_CDC_buffer_init@rxbuf                  bssBANK2      00200
USB_CDC_buffer_init@txbuf                  bssBANK3      00300
USB_CDC_get@numBytesRead                   cstackBANK0   000F7
USB_CDC_send@length                        cstackBANK0   000F6
USB_CDC_task@i                             cstackBANK0   000FA
USB_CDC_task@length                        cstackBANK0   000FC
USER_USB_CALLBACK_EVENT_HANDLER@event      cstackCOMRAM  0000D
USER_USB_CALLBACK_EVENT_HANDLER@pdata      cstackCOMRAM  0000F
USER_USB_CALLBACK_EVENT_HANDLER@size       cstackCOMRAM  00011
_ANCON0                                    (abs)         00F48
_ANCON1                                    (abs)         00F49
_APP_DeviceCDCBasicDemoInitialize          text36        02DEC
_BDT                                       (abs)         00D00
_BaudRateGen                               bssCOMRAM     0002D
_BothEP0OutUOWNsSet                        bssCOMRAM     00037
_CDCDataInHandle                           bssBANK0      00091
_CDCDataOutHandle                          bssBANK0      00093
_CDCInitEP                                 text37        029F8
_CDCTxService                              text9         01252
_CDCTxService$2298                         cstackBANK0   000F2
_CtrlTrfData                               (abs)         00D38
_INTCON2bits                               (abs)         00FF1
_INTCONbits                                (abs)         00FF2
_IPR2bits                                  (abs)         00FA2
_ISR                                       intcode       00008
_OSCCONbits                                (abs)         00FD3
_OSCTUNEbits                               (abs)         00F9B
_PIE2bits                                  (abs)         00FA0
_PIR2bits                                  (abs)         00FA1
_RCONbits                                  (abs)         00FD0
_RemoteWakeup                              bssCOMRAM     00038
_SetupPkt                                  (abs)         00D30
_TRISA                                     (abs)         00F92
_TRISB                                     (abs)         00F93
_TRISC                                     (abs)         00F94
_UADDR                                     (abs)         00F38
_UCFG                                      (abs)         00F39
_UCON                                      (abs)         00F65
_UCONbits                                  (abs)         00F65
_UEIE                                      (abs)         00F37
_UEIR                                      (abs)         00F63
_UEP0                                      (abs)         00F26
_UEP0bits                                  (abs)         00F26
_UEP1                                      (abs)         00F27
_UIE                                       (abs)         00F36
_UIEbits                                   (abs)         00F36
_UIR                                       (abs)         00F62
_UIRbits                                   (abs)         00F62
_USBActiveConfiguration                    bssCOMRAM     00055
_USBAlternateInterface                     bssCOMRAM     00053
_USBBusIsSuspended                         bssCOMRAM     00039
_USBCheckCDCRequest                        text35        02182
_USBCheckStdRequest                        text28        01C20
_USBConfigureEndpoint                      text40        02864
_USBCtrlEPAllowDataStage                   text27        027C6
_USBCtrlEPAllowStatusStage                 text43        0258E
_USBCtrlEPService                          text24        0232C
_USBCtrlEPServiceComplete                  text26        01B2C
_USBCtrlTrfInHandler                       text44        024C6
_USBCtrlTrfOutHandler                      text41        02ABC
_USBCtrlTrfRxService                       text42        0191C
_USBCtrlTrfSetupHandler                    text25        028F8
_USBCtrlTrfTxService                       text45        020AA
_USBDeferINDataStagePackets                bssCOMRAM     0003A
_USBDeferOUTDataStagePackets               bssCOMRAM     0003B
_USBDeferStatusStagePacket                 bssCOMRAM     0003C
_USBDeviceAttach                           text16        02C46
_USBDeviceInit                             text14        013DA
_USBDeviceState                            bssBANK0      00095
_USBDeviceTasks                            text19        0153C
_USBEnableEndpoint                         text39        02C82
_USBStallHandler                           text23        02C00
_USBStatusStageEnabledFlag1                bssCOMRAM     0003D
_USBStatusStageEnabledFlag2                bssCOMRAM     0003E
_USBStatusStageTimeoutCounter              bssCOMRAM     0003F
_USBStdFeatureReqHandler                   text33        00FCC
_USBStdGetDscHandler                       text32        0168A
_USBStdGetStatusHandler                    text31        02652
_USBStdSetCfgHandler                       text29        01EEC
_USBSuspend                                text22        02D7A
_USBTransferOnePacket                      text10        01FD2
_USBWakeFromSuspend                        text21        02CF2
_USB_CDC_ISR                               text18        02E1C
_USB_CDC_buffer_init                       text12        02B6C
_USB_CDC_get                               text7         02D22
_USB_CDC_init                              text11        02E0E
_USB_CDC_send                              text5         02DCA
_USB_CDC_task                              text1         01A34
_USB_CD_Ptr                                smallconst    00F07
_USB_SD_Ptr                                smallconst    00F01
_USER_USB_CALLBACK_EVENT_HANDLER           text34        02A60
_USTAT                                     (abs)         00F64
_USTATcopy                                 bssCOMRAM     00056
__CFG_ADCSEL$BIT12                         (abs)         00000
__CFG_CFGPLLEN$ON                          (abs)         00000
__CFG_CLKOEC$OFF                           (abs)         00000
__CFG_CP0$OFF                              (abs)         00000
__CFG_CPUDIV$OSC1                          (abs)         00000
__CFG_DSBOREN$OFF                          (abs)         00000
__CFG_DSWDTEN$OFF                          (abs)         00000
__CFG_DSWDTOSC$T1OSCREF                    (abs)         00000
__CFG_DSWDTPS$G2                           (abs)         00000
__CFG_FCMEN$OFF                            (abs)         00000
__CFG_IESO$OFF                             (abs)         00000
__CFG_IOL1WAY$OFF                          (abs)         00000
__CFG_LS48MHZ$SYS48X8                      (abs)         00000
__CFG_MSSP7B_EN$MSK7                       (abs)         00000
__CFG_OSC$INTOSCPLL                        (abs)         00000
__CFG_PLLDIV$2                             (abs)         00000
__CFG_RTCOSC$T1OSCREF                      (abs)         00000
__CFG_SOSCSEL$LOW                          (abs)         00000
__CFG_STVREN$OFF                           (abs)         00000
__CFG_WDTEN$OFF                            (abs)         00000
__CFG_WDTPS$1024                           (abs)         00000
__CFG_WPCFG$OFF                            (abs)         00000
__CFG_WPDIS$OFF                            (abs)         00000
__CFG_WPEND$PAGE_WPFP                      (abs)         00000
__CFG_WPFP$PAGE_127                        (abs)         00000
__CFG_XINST$OFF                            (abs)         00000
__HRAM                                     (abs)         00000
__Habs1                                    abs1          00000
__Hbank0                                   bank0         00000
__Hbank1                                   bank1         00000
__Hbank10                                  bank10        00000
__Hbank11                                  bank11        00000
__Hbank12                                  bank12        00000
__Hbank13                                  bank13        00000
__Hbank14                                  bank14        00000
__Hbank2                                   bank2         00000
__Hbank3                                   bank3         00000
__Hbank4                                   bank4         00000
__Hbank5                                   bank5         00000
__Hbank6                                   bank6         00000
__Hbank7                                   bank7         00000
__Hbank8                                   bank8         00000
__Hbank9                                   bank9         00000
__Hbigbss                                  bigbss        00000
__Hbigdata                                 bigdata       00000
__Hbigram                                  bigram        00000
__Hbss                                     bss           00000
__HbssBANK0                                bssBANK0      00000
__HbssBANK1                                bssBANK1      00000
__HbssBANK2                                bssBANK2      00000
__HbssBANK3                                bssBANK3      00000
__HbssCOMRAM                               bssCOMRAM     00000
__Hcinit                                   cinit         00000
__Hclrtext                                 clrtext       00000
__Hcomram                                  comram        00000
__Hconfig                                  config        20000
__Hconst                                   const         00000
__HcstackBANK0                             cstackBANK0   00000
__HcstackCOMRAM                            cstackCOMRAM  00000
__Hdata                                    data          00000
__Hend_init                                end_init      00086
__Hfarbss                                  farbss        00000
__Hfardata                                 fardata       00000
__Hibigdata                                ibigdata      00000
__Hidata                                   idata         00000
__Hidloc                                   idloc         00000
__Hifardata                                ifardata      00000
__Hinit                                    init          00082
__Hintcode                                 intcode       00082
__Hintcode_body                            intcode_body  00000
__Hintcodelo                               intcodelo     00082
__Hintentry                                intentry      00000
__Hintret                                  intret        00000
__Hintsave_regs                            intsave_regs  00000
__Hirdata                                  irdata        00000
__Hjflash_buffer                           jflash_buffer 1F800
__Hmediumconst                             mediumconst   00000
__HnvFARRAM                                nvFARRAM      00000
__Hnvbit                                   nvbit         00000
__Hnvrram                                  nvrram        00000
__Hparam                                   rparam        00000
__Hpowerup                                 powerup       00082
__Hram                                     ram           00000
__Hramtop                                  ramtop        00F00
__Hrbit                                    rbit          00000
__Hrbss                                    rbss          00000
__Hrdata                                   rdata         00000
__Hreset_vec                               reset_vec     00004
__Hrparam                                  rparam        00000
__Hsfr                                     sfr           00000
__Hsmallconst                              smallconst    00FCC
__Hspace_0                                 (abs)         20000
__Hspace_1                                 (abs)         003FA
__Hspace_2                                 (abs)         00000
__Hstack                                   stack         00000
__Hstruct                                  struct        00000
__Htemp                                    temp          00058
__Htext                                    text          00000
__Htext0                                   text0         00000
__Htext1                                   text1         00000
__Htext10                                  text10        00000
__Htext11                                  text11        00000
__Htext12                                  text12        00000
__Htext13                                  text13        00000
__Htext14                                  text14        00000
__Htext15                                  text15        00000
__Htext16                                  text16        00000
__Htext18                                  text18        00000
__Htext19                                  text19        00000
__Htext2                                   text2         00000
__Htext20                                  text20        00000
__Htext21                                  text21        00000
__Htext22                                  text22        00000
__Htext23                                  text23        00000
__Htext24                                  text24        00000
__Htext25                                  text25        00000
__Htext26                                  text26        00000
__Htext27                                  text27        00000
__Htext28                                  text28        00000
__Htext29                                  text29        00000
__Htext3                                   text3         00000
__Htext30                                  text30        00000
__Htext31                                  text31        00000
__Htext32                                  text32        00000
__Htext33                                  text33        00000
__Htext34                                  text34        00000
__Htext35                                  text35        00000
__Htext36                                  text36        00000
__Htext37                                  text37        00000
__Htext38                                  text38        00000
__Htext39                                  text39        00000
__Htext4                                   text4         00000
__Htext40                                  text40        00000
__Htext41                                  text41        00000
__Htext42                                  text42        00000
__Htext43                                  text43        00000
__Htext44                                  text44        00000
__Htext45                                  text45        00000
__Htext5                                   text5         00000
__Htext6                                   text6         00000
__Htext7                                   text7         00000
__Htext8                                   text8         00000
__Htext9                                   text9         00000
__LRAM                                     (abs)         00001
__Labs1                                    abs1          00000
__Lbank0                                   bank0         00000
__Lbank1                                   bank1         00000
__Lbank10                                  bank10        00000
__Lbank11                                  bank11        00000
__Lbank12                                  bank12        00000
__Lbank13                                  bank13        00000
__Lbank14                                  bank14        00000
__Lbank2                                   bank2         00000
__Lbank3                                   bank3         00000
__Lbank4                                   bank4         00000
__Lbank5                                   bank5         00000
__Lbank6                                   bank6         00000
__Lbank7                                   bank7         00000
__Lbank8                                   bank8         00000
__Lbank9                                   bank9         00000
__Lbigbss                                  bigbss        00000
__Lbigdata                                 bigdata       00000
__Lbigram                                  bigram        00000
__Lbss                                     bss           00000
__LbssBANK0                                bssBANK0      00000
__LbssBANK1                                bssBANK1      00000
__LbssBANK2                                bssBANK2      00000
__LbssBANK3                                bssBANK3      00000
__LbssCOMRAM                               bssCOMRAM     00000
__Lcinit                                   cinit         00000
__Lclrtext                                 clrtext       00000
__Lcomram                                  comram        00000
__Lconfig                                  config        1FFF8
__Lconst                                   const         00000
__LcstackBANK0                             cstackBANK0   00000
__LcstackCOMRAM                            cstackCOMRAM  00000
__Ldata                                    data          00000
__Lend_init                                end_init      00082
__Lfarbss                                  farbss        00000
__Lfardata                                 fardata       00000
__Libigdata                                ibigdata      00000
__Lidata                                   idata         00000
__Lidloc                                   idloc         00000
__Lifardata                                ifardata      00000
__Linit                                    init          00082
__Lintcode                                 intcode       00008
__Lintcode_body                            intcode_body  00000
__Lintcodelo                               intcodelo     00082
__Lintentry                                intentry      00000
__Lintret                                  intret        00000
__Lintsave_regs                            intsave_regs  00000
__Lirdata                                  irdata        00000
__Ljflash_buffer                           jflash_buffer 1F800
__Lmediumconst                             mediumconst   00000
__LnvFARRAM                                nvFARRAM      00000
__Lnvbit                                   nvbit         00000
__Lnvrram                                  nvrram        00000
__Lparam                                   rparam        00000
__Lpowerup                                 powerup       00082
__Lram                                     ram           00000
__Lramtop                                  ramtop        00F00
__Lrbit                                    rbit          00000
__Lrbss                                    rbss          00000
__Lrdata                                   rdata         00000
__Lreset_vec                               reset_vec     00000
__Lrparam                                  rparam        00000
__Lsfr                                     sfr           00000
__Lsmallconst                              smallconst    00F00
__Lspace_0                                 (abs)         00000
__Lspace_1                                 (abs)         00000
__Lspace_2                                 (abs)         00000
__Lstack                                   stack         00000
__Lstruct                                  struct        00000
__Ltemp                                    temp          00057
__Ltext                                    text          00000
__Ltext0                                   text0         00000
__Ltext1                                   text1         00000
__Ltext10                                  text10        00000
__Ltext11                                  text11        00000
__Ltext12                                  text12        00000
__Ltext13                                  text13        00000
__Ltext14                                  text14        00000
__Ltext15                                  text15        00000
__Ltext16                                  text16        00000
__Ltext18                                  text18        00000
__Ltext19                                  text19        00000
__Ltext2                                   text2         00000
__Ltext20                                  text20        00000
__Ltext21                                  text21        00000
__Ltext22                                  text22        00000
__Ltext23                                  text23        00000
__Ltext24                                  text24        00000
__Ltext25                                  text25        00000
__Ltext26                                  text26        00000
__Ltext27                                  text27        00000
__Ltext28                                  text28        00000
__Ltext29                                  text29        00000
__Ltext3                                   text3         00000
__Ltext30                                  text30        00000
__Ltext31                                  text31        00000
__Ltext32                                  text32        00000
__Ltext33                                  text33        00000
__Ltext34                                  text34        00000
__Ltext35                                  text35        00000
__Ltext36                                  text36        00000
__Ltext37                                  text37        00000
__Ltext38                                  text38        00000
__Ltext39                                  text39        00000
__Ltext4                                   text4         00000
__Ltext40                                  text40        00000
__Ltext41                                  text41        00000
__Ltext42                                  text42        00000
__Ltext43                                  text43        00000
__Ltext44                                  text44        00000
__Ltext45                                  text45        00000
__Ltext5                                   text5         00000
__Ltext6                                   text6         00000
__Ltext7                                   text7         00000
__Ltext8                                   text8         00000
__Ltext9                                   text9         00000
__S0                                       (abs)         20000
__S1                                       (abs)         003FA
__S2                                       (abs)         00000
___inthi_sp                                stack         00000
___intlo_sp                                stack         00000
___param_bank                              (abs)         00010
___rparam_used                             (abs)         00001
___sp                                      stack         00000
__accesstop                                (abs)         00060
__activetblptr                             (abs)         00003
__end_of_APP_DeviceCDCBasicDemoInitialize  text36        02E0E
__end_of_CDCInitEP                         text37        02A60
__end_of_CDCTxService                      text9         013DA
__end_of_ISR                               intcode       00082
__end_of_USBCheckCDCRequest                text35        02258
__end_of_USBCheckStdRequest                text28        01D14
__end_of_USBConfigureEndpoint              text40        028F8
__end_of_USBCtrlEPAllowDataStage           text27        02864
__end_of_USBCtrlEPAllowStatusStage         text43        02652
__end_of_USBCtrlEPService                  text24        023FA
__end_of_USBCtrlEPServiceComplete          text26        01C20
__end_of_USBCtrlTrfInHandler               text44        0258E
__end_of_USBCtrlTrfOutHandler              text41        02B18
__end_of_USBCtrlTrfRxService               text42        01A34
__end_of_USBCtrlTrfSetupHandler            text25        02986
__end_of_USBCtrlTrfTxService               text45        02182
__end_of_USBDeviceAttach                   text16        02C82
__end_of_USBDeviceInit                     text14        0153C
__end_of_USBDeviceTasks                    text19        0168A
__end_of_USBEnableEndpoint                 text39        02CBE
__end_of_USBStallHandler                   text23        02C46
__end_of_USBStdFeatureReqHandler           text33        01252
__end_of_USBStdGetDscHandler               text32        017D8
__end_of_USBStdGetStatusHandler            text31        0270C
__end_of_USBStdSetCfgHandler               text29        01FD2
__end_of_USBSuspend                        text22        02DA4
__end_of_USBTransferOnePacket              text10        020AA
__end_of_USBWakeFromSuspend                text21        02D22
__end_of_USB_CDC_ISR                       text18        02E22
__end_of_USB_CDC_buffer_init               text12        02BBA
__end_of_USB_CDC_get                       text7         02D4E
__end_of_USB_CDC_init                      text11        02E1C
__end_of_USB_CDC_send                      text5         02DEC
__end_of_USB_CDC_task                      text1         01B2C
__end_of_USB_CD_Ptr                        smallconst    00F09
__end_of_USB_SD_Ptr                        smallconst    00F07
__end_of_USER_USB_CALLBACK_EVENT_HANDLER   text34        02ABC
__end_of__initialization                   cinit         02BF6
__end_of_configDescriptor1                 smallconst    00F4C
__end_of_device_dsc                        smallconst    00FC6
__end_of_getsUSBUSART                      text8         01EEC
__end_of_main                              text0         029F8
__end_of_memset                            text15        02CF2
__end_of_putUSBUSART                       text6         02DCA
__end_of_ringbuf_init                      text13        02B6C
__end_of_ringbuf_num                       text4         01E02
__end_of_ringbuf_pop                       text3         024C6
__end_of_ringbuf_put                       text2         0232C
__end_of_sd000                             smallconst    00FCA
__end_of_sd001                             smallconst    00F80
__end_of_sd002                             smallconst    00FB4
__end_ofi2_USBDeviceInit                   text20        0191C
__end_ofi2_USBTransferOnePacket            text38        027C6
__end_ofi2_memset                          text30        02D7A
__initialization                           cinit         02BBA
__mediumconst                              mediumconst   00000
__pbssBANK0                                bssBANK0      00060
__pbssBANK1                                bssBANK1      00100
__pbssBANK2                                bssBANK2      00200
__pbssBANK3                                bssBANK3      00300
__pbssCOMRAM                               bssCOMRAM     0002D
__pcinit                                   cinit         02BBA
__pcstackBANK0                             cstackBANK0   000EA
__pcstackCOMRAM                            cstackCOMRAM  00001
__pintcode                                 intcode       00008
__psmallconst                              smallconst    00F00
__ptext0                                   text0         02986
__ptext1                                   text1         01A34
__ptext10                                  text10        01FD2
__ptext11                                  text11        02E0E
__ptext12                                  text12        02B6C
__ptext13                                  text13        02B18
__ptext14                                  text14        013DA
__ptext15                                  text15        02CBE
__ptext16                                  text16        02C46
__ptext18                                  text18        02E1C
__ptext19                                  text19        0153C
__ptext2                                   text2         02258
__ptext20                                  text20        017D8
__ptext21                                  text21        02CF2
__ptext22                                  text22        02D7A
__ptext23                                  text23        02C00
__ptext24                                  text24        0232C
__ptext25                                  text25        028F8
__ptext26                                  text26        01B2C
__ptext27                                  text27        027C6
__ptext28                                  text28        01C20
__ptext29                                  text29        01EEC
__ptext3                                   text3         023FA
__ptext30                                  text30        02D4E
__ptext31                                  text31        02652
__ptext32                                  text32        0168A
__ptext33                                  text33        00FCC
__ptext34                                  text34        02A60
__ptext35                                  text35        02182
__ptext36                                  text36        02DEC
__ptext37                                  text37        029F8
__ptext38                                  text38        0270C
__ptext39                                  text39        02C82
__ptext4                                   text4         01D14
__ptext40                                  text40        02864
__ptext41                                  text41        02ABC
__ptext42                                  text42        0191C
__ptext43                                  text43        0258E
__ptext44                                  text44        024C6
__ptext45                                  text45        020AA
__ptext5                                   text5         02DCA
__ptext6                                   text6         02DA4
__ptext7                                   text7         02D22
__ptext8                                   text8         01E02
__ptext9                                   text9         01252
__ramtop                                   ramtop        00F00
__size_of_APP_DeviceCDCBasicDemoInitialize (abs)         00000
__size_of_CDCInitEP                        (abs)         00000
__size_of_CDCTxService                     (abs)         00000
__size_of_ISR                              (abs)         00000
__size_of_USBCheckCDCRequest               (abs)         00000
__size_of_USBCheckStdRequest               (abs)         00000
__size_of_USBConfigureEndpoint             (abs)         00000
__size_of_USBCtrlEPAllowDataStage          (abs)         00000
__size_of_USBCtrlEPAllowStatusStage        (abs)         00000
__size_of_USBCtrlEPService                 (abs)         00000
__size_of_USBCtrlEPServiceComplete         (abs)         00000
__size_of_USBCtrlTrfInHandler              (abs)         00000
__size_of_USBCtrlTrfOutHandler             (abs)         00000
__size_of_USBCtrlTrfRxService              (abs)         00000
__size_of_USBCtrlTrfSetupHandler           (abs)         00000
__size_of_USBCtrlTrfTxService              (abs)         00000
__size_of_USBDeviceAttach                  (abs)         00000
__size_of_USBDeviceInit                    (abs)         00000
__size_of_USBDeviceTasks                   (abs)         00000
__size_of_USBEnableEndpoint                (abs)         00000
__size_of_USBStallHandler                  (abs)         00000
__size_of_USBStdFeatureReqHandler          (abs)         00000
__size_of_USBStdGetDscHandler              (abs)         00000
__size_of_USBStdGetStatusHandler           (abs)         00000
__size_of_USBStdSetCfgHandler              (abs)         00000
__size_of_USBSuspend                       (abs)         00000
__size_of_USBTransferOnePacket             (abs)         00000
__size_of_USBWakeFromSuspend               (abs)         00000
__size_of_USB_CDC_ISR                      (abs)         00000
__size_of_USB_CDC_buffer_init              (abs)         00000
__size_of_USB_CDC_get                      (abs)         00000
__size_of_USB_CDC_init                     (abs)         00000
__size_of_USB_CDC_send                     (abs)         00000
__size_of_USB_CDC_task                     (abs)         00000
__size_of_USER_USB_CALLBACK_EVENT_HANDLER  (abs)         00000
__size_of_getsUSBUSART                     (abs)         00000
__size_of_main                             (abs)         00000
__size_of_memset                           (abs)         00000
__size_of_putUSBUSART                      (abs)         00000
__size_of_ringbuf_init                     (abs)         00000
__size_of_ringbuf_num                      (abs)         00000
__size_of_ringbuf_pop                      (abs)         00000
__size_of_ringbuf_put                      (abs)         00000
__size_ofi2_USBDeviceInit                  (abs)         00000
__size_ofi2_USBTransferOnePacket           (abs)         00000
__size_ofi2_memset                         (abs)         00000
__smallconst                               smallconst    00F00
_cdc_data_rx                               bssBANK0      0009A
_cdc_data_tx                               bssBANK1      00100
_cdc_mem_type                              bssBANK0      00096
_cdc_notice                                bssBANK0      00060
_cdc_rx_len                                bssBANK0      00097
_cdc_trf_state                             bssBANK0      00098
_cdc_tx_len                                bssBANK0      00099
_configDescriptor1                         smallconst    00F09
_controlTransferState                      bssCOMRAM     00040
_control_signal_bitmap                     bssCOMRAM     00041
_device_dsc                                smallconst    00FB4
_dummy_encapsulated_cmd_response           bssCOMRAM     00044
_endpoint_number                           bssCOMRAM     00042
_ep_data_in                                bssBANK0      00085
_ep_data_out                               bssBANK0      00088
_getsUSBUSART                              text8         01E02
_getsUSBUSART$2250                         cstackBANK0   000F5
_inPipes                                   bssBANK0      00073
_line_coding                               bssCOMRAM     0004C
_main                                      text0         02986
_memset                                    text15        02CBE
_outPipes                                  bssBANK0      0006A
_pBDTEntryEP0OutCurrent                    bssCOMRAM     00031
_pBDTEntryEP0OutNext                       bssCOMRAM     00033
_pBDTEntryIn                               bssBANK0      00079
_pBDTEntryOut                              bssBANK0      0007F
_pCDCDst                                   bssBANK0      0008B
_pCDCSrc                                   bssBANK0      0008E
_pDst                                      bssCOMRAM     00035
_putUSBUSART                               text6         02DA4
_readBuffer                                bssBANK1      00140
_ringbuf_init                              text13        02B18
_ringbuf_num                               text4         01D14
_ringbuf_pop                               text3         023FA
_ringbuf_put                               text2         02258
_sd000                                     smallconst    00FC6
_sd001                                     smallconst    00F4C
_sd002                                     smallconst    00F80
_shortPacketStatus                         bssCOMRAM     00043
_usb_rx                                    bssBANK0      000DA
_usb_tx                                    bssBANK0      000E2
_writeBuffer                               bssBANK1      00180
btemp                                      temp          00057
end_of_initialization                      cinit         02BF6
getsUSBUSART@buffer                        cstackBANK0   000F1
getsUSBUSART@len                           cstackBANK0   000F3
i2USBDeviceInit@i                          cstackCOMRAM  00009
i2USBTransferOnePacket@data                cstackCOMRAM  00002
i2USBTransferOnePacket@dir                 cstackCOMRAM  00001
i2USBTransferOnePacket@ep                  cstackCOMRAM  00005
i2USBTransferOnePacket@handle              cstackCOMRAM  00006
i2USBTransferOnePacket@len                 cstackCOMRAM  00004
i2_USBDeviceInit                           text20        017D8
i2_USBTransferOnePacket                    text38        0270C
i2_memset                                  text30        02D4E
i2memset@c                                 cstackCOMRAM  00003
i2memset@n                                 cstackCOMRAM  00005
i2memset@p                                 cstackCOMRAM  00007
i2memset@p1                                cstackCOMRAM  00001
int$flags                                  temp          00057
intlevel0                                  text          00000
intlevel1                                  text          00000
intlevel2                                  text          00000
intlevel3                                  text          00000
main@data                                  cstackBANK0   000FE
memset@c                                   cstackBANK0   000EC
memset@n                                   cstackBANK0   000EE
memset@p                                   cstackBANK0   000F0
memset@p1                                  cstackBANK0   000EA
putUSBUSART@data                           cstackBANK0   000EA
putUSBUSART@length                         cstackBANK0   000EC
ringbuf_init@bufsize                       cstackBANK0   000EE
ringbuf_init@internal_buf                  cstackBANK0   000EC
ringbuf_init@rb                            cstackBANK0   000EA
ringbuf_num@rb                             cstackBANK0   000EA
ringbuf_pop@rb                             cstackBANK0   000F2
ringbuf_pop@ret                            cstackBANK0   000F8
ringbuf_put@data                           cstackBANK0   000F4
ringbuf_put@rb                             cstackBANK0   000F2
stackhi                                    (abs)         00CFF
stacklo                                    (abs)         003FA
start                                      init          00082
start_initialization                       cinit         02BBA


FUNCTION INFORMATION:

 *************** function _main *****************
 Defined at:
		line 31 in file "main.c"
 Parameters:    Size  Location     Type
		None
 Auto vars:     Size  Location     Type
  data            1   20[BANK0 ] unsigned char 
 Return value:  Size  Location     Type
		None               void
 Registers used:
		wreg, fsr1l, fsr1h, fsr2l, fsr2h, status,2, status,0, prodl, prodh, cstack
 Tracked objects:
		On entry : 
		On exit  : 
		Unchanged: 
 Data sizes:     COMRAM   BANK0   BANK1   BANK2   BANK3   BANK4   BANK5   BANK6   BANK7   BANK8   BANK9  BANK10  BANK11  BANK12  BANK13  BANK14
      Params:         0       0       0       0       0       0       0       0       0       0       0       0       0       0       0       0
      Locals:         0       1       0       0       0       0       0       0       0       0       0       0       0       0       0       0
      Temps:          0       0       0       0       0       0       0       0       0       0       0       0       0       0       0       0
      Totals:         0       1       0       0       0       0       0       0       0       0       0       0       0       0       0       0
Total ram usage:        1 bytes
 Hardware stack levels required when called:   16
 This function calls:
		_USB_CDC_init
		_USB_CDC_task
		_ringbuf_num
		_ringbuf_pop
		_ringbuf_put
 This function is called by:
		Startup code after reset
 This function uses a non-reentrant model


 *************** function _USB_CDC_task *****************
 Defined at:
		line 39 in file "USB_CDC/My_USB_CDC.c"
 Parameters:    Size  Location     Type
		None
 Auto vars:     Size  Location     Type
  i               2   16[BANK0 ] unsigned int 
  length          2   18[BANK0 ] unsigned int 
 Return value:  Size  Location     Type
		None               void
 Registers used:
		wreg, fsr1l, fsr1h, fsr2l, fsr2h, status,2, status,0, prodl, prodh, cstack
 Tracked objects:
		On entry : 
		On exit  : 
		Unchanged: 
 Data sizes:     COMRAM   BANK0   BANK1   BANK2   BANK3   BANK4   BANK5   BANK6   BANK7   BANK8   BANK9  BANK10  BANK11  BANK12  BANK13  BANK14
      Params:         0       0       0       0       0       0       0       0       0       0       0       0       0       0       0       0
      Locals:         0       4       0       0       0       0       0       0       0       0       0       0       0       0       0       0
      Temps:          0       1       0       0       0       0       0       0       0       0       0       0       0       0       0       0
      Totals:         0       5       0       0       0       0       0       0       0       0       0       0       0       0       0       0
Total ram usage:        5 bytes
 Hardware stack levels used:    1
 Hardware stack levels required when called:   15
 This function calls:
		_USB_CDC_get
		_USB_CDC_send
		_ringbuf_num
		_ringbuf_pop
		_ringbuf_put
 This function is called by:
		_main
 This function uses a non-reentrant model


 *************** function _ringbuf_put *****************
 Defined at:
		line 20 in file "USB_CDC/My_ringbuf.c"
 Parameters:    Size  Location     Type
  rb              2    8[BANK0 ] PTR struct ringbuf
		 -> usb_tx(8), usb_rx(8), 
  data            1   10[BANK0 ] unsigned char 
 Auto vars:     Size  Location     Type
		None
 Return value:  Size  Location     Type
		None               void
 Registers used:
		wreg, fsr1l, fsr1h, fsr2l, fsr2h, status,2, status,0, cstack
 Tracked objects:
		On entry : 
		On exit  : 
		Unchanged: 
 Data sizes:     COMRAM   BANK0   BANK1   BANK2   BANK3   BANK4   BANK5   BANK6   BANK7   BANK8   BANK9  BANK10  BANK11  BANK12  BANK13  BANK14
      Params:         0       3       0       0       0       0       0       0       0       0       0       0       0       0       0       0
      Locals:         0       0       0       0       0       0       0       0       0       0       0       0       0       0       0       0
      Temps:          0       4       0       0       0       0       0       0       0       0       0       0       0       0       0       0
      Totals:         0       7       0       0       0       0       0       0       0       0       0       0       0       0       0       0
Total ram usage:        7 bytes
 Hardware stack levels used:    1
 Hardware stack levels required when called:   13
 This function calls:
		_ringbuf_num
 This function is called by:
		_main
		_USB_CDC_task
		_ringbuf_put_num
		_ringbuf_put_str
 This function uses a non-reentrant model


 *************** function _ringbuf_pop *****************
 Defined at:
		line 45 in file "USB_CDC/My_ringbuf.c"
 Parameters:    Size  Location     Type
  rb              2    8[BANK0 ] PTR struct ringbuf
		 -> usb_tx(8), usb_rx(8), 
 Auto vars:     Size  Location     Type
  ret             1   14[BANK0 ] unsigned char 
 Return value:  Size  Location     Type
                  1    wreg      unsigned char 
 Registers used:
		wreg, fsr1l, fsr1h, fsr2l, fsr2h, status,2, status,0, cstack
 Tracked objects:
		On entry : 
		On exit  : 
		Unchanged: 
 Data sizes:     COMRAM   BANK0   BANK1   BANK2   BANK3   BANK4   BANK5   BANK6   BANK7   BANK8   BANK9  BANK10  BANK11  BANK12  BANK13  BANK14
      Params:         0       2       0       0       0       0       0       0       0       0       0       0       0       0       0       0
      Locals:         0       1       0       0       0       0       0       0       0       0       0       0       0       0       0       0
      Temps:          0       4       0       0       0       0       0       0       0       0       0       0       0       0       0       0
      Totals:         0       7       0       0       0       0       0       0       0       0       0       0       0       0       0       0
Total ram usage:        7 bytes
 Hardware stack levels used:    1
 Hardware stack levels required when called:   13
 This function calls:
		_ringbuf_num
 This function is called by:
		_main
		_USB_CDC_task
 This function uses a non-reentrant model


 *************** function _ringbuf_num *****************
 Defined at:
		line 12 in file "USB_CDC/My_ringbuf.c"
 Parameters:    Size  Location     Type
  rb              2    0[BANK0 ] PTR struct ringbuf
		 -> usb_tx(8), usb_rx(8), 
 Auto vars:     Size  Location     Type
		None
 Return value:  Size  Location     Type
                  2    0[BANK0 ] unsigned int 
 Registers used:
		wreg, fsr1l, fsr1h, fsr2l, fsr2h, status,2, status,0
 Tracked objects:
		On entry : 
		On exit  : 
		Unchanged: 
 Data sizes:     COMRAM   BANK0   BANK1   BANK2   BANK3   BANK4   BANK5   BANK6   BANK7   BANK8   BANK9  BANK10  BANK11  BANK12  BANK13  BANK14
      Params:         0       2       0       0       0       0       0       0       0       0       0       0       0       0       0       0
      Locals:         0       0       0       0       0       0       0       0       0       0       0       0       0       0       0       0
      Temps:          0       6       0       0       0       0       0       0       0       0       0       0       0       0       0       0
      Totals:         0       8       0       0       0       0       0       0       0       0       0       0       0       0       0       0
Total ram usage:        8 bytes
 Hardware stack levels used:    1
 Hardware stack levels required when called:   12
 This function calls:
		Nothing
 This function is called by:
		_main
		_ringbuf_put
		_ringbuf_pop
		_USB_CDC_task
		_ringbuf_backspace
 This function uses a non-reentrant model


 *************** function _USB_CDC_send *****************
 Defined at:
		line 94 in file "USB_CDC/My_USB_CDC.c"
 Parameters:    Size  Location     Type
  length          2   12[BANK0 ] unsigned int 
 Auto vars:     Size  Location     Type
		None
 Return value:  Size  Location     Type
		None               void
 Registers used:
		wreg, fsr1l, fsr1h, fsr2l, fsr2h, status,2, status,0, prodl, prodh, cstack
 Tracked objects:
		On entry : 
		On exit  : 
		Unchanged: 
 Data sizes:     COMRAM   BANK0   BANK1   BANK2   BANK3   BANK4   BANK5   BANK6   BANK7   BANK8   BANK9  BANK10  BANK11  BANK12  BANK13  BANK14
      Params:         0       2       0       0       0       0       0       0       0       0       0       0       0       0       0       0
      Locals:         0       0       0       0       0       0       0       0       0       0       0       0       0       0       0       0
      Temps:          0       0       0       0       0       0       0       0       0       0       0       0       0       0       0       0
      Totals:         0       2       0       0       0       0       0       0       0       0       0       0       0       0       0       0
Total ram usage:        2 bytes
 Hardware stack levels used:    1
 Hardware stack levels required when called:   14
 This function calls:
		_CDCTxService
		_putUSBUSART
 This function is called by:
		_USB_CDC_task
 This function uses a non-reentrant model


 *************** function _putUSBUSART *****************
 Defined at:
		line 613 in file "USB_CDC/usb/usb_device_cdc.c"
 Parameters:    Size  Location     Type
  data            2    0[BANK0 ] PTR unsigned char 
		 -> writeBuffer(64), 
  length          1    2[BANK0 ] unsigned char 
 Auto vars:     Size  Location     Type
		None
 Return value:  Size  Location     Type
		None               void
 Registers used:
		wreg, status,2, status,0
 Tracked objects:
		On entry : 
		On exit  : 
		Unchanged: 
 Data sizes:     COMRAM   BANK0   BANK1   BANK2   BANK3   BANK4   BANK5   BANK6   BANK7   BANK8   BANK9  BANK10  BANK11  BANK12  BANK13  BANK14
      Params:         0       3       0       0       0       0       0       0       0       0       0       0       0       0       0       0
      Locals:         0       0       0       0       0       0       0       0       0       0       0       0       0       0       0       0
      Temps:          0       0       0       0       0       0       0       0       0       0       0       0       0       0       0       0
      Totals:         0       3       0       0       0       0       0       0       0       0       0       0       0       0       0       0
Total ram usage:        3 bytes
 Hardware stack levels used:    1
 Hardware stack levels required when called:   12
 This function calls:
		Nothing
 This function is called by:
		_USB_CDC_send
 This function uses a non-reentrant model


 *************** function _USB_CDC_get *****************
 Defined at:
		line 101 in file "USB_CDC/My_USB_CDC.c"
 Parameters:    Size  Location     Type
		None
 Auto vars:     Size  Location     Type
  numBytesRead    1   13[BANK0 ] unsigned char 
 Return value:  Size  Location     Type
                  1    wreg      unsigned char 
 Registers used:
		wreg, fsr1l, fsr1h, fsr2l, fsr2h, status,2, status,0, prodl, prodh, cstack
 Tracked objects:
		On entry : 
		On exit  : 
		Unchanged: 
 Data sizes:     COMRAM   BANK0   BANK1   BANK2   BANK3   BANK4   BANK5   BANK6   BANK7   BANK8   BANK9  BANK10  BANK11  BANK12  BANK13  BANK14
      Params:         0       0       0       0       0       0       0       0       0       0       0       0       0       0       0       0
      Locals:         0       1       0       0       0       0       0       0       0       0       0       0       0       0       0       0
      Temps:          0       0       0       0       0       0       0       0       0       0       0       0       0       0       0       0
      Totals:         0       1       0       0       0       0       0       0       0       0       0       0       0       0       0       0
Total ram usage:        1 bytes
 Hardware stack levels used:    1
 Hardware stack levels required when called:   14
 This function calls:
		_CDCTxService
		_getsUSBUSART
 This function is called by:
		_USB_CDC_task
 This function uses a non-reentrant model


 *************** function _getsUSBUSART *****************
 Defined at:
		line 542 in file "USB_CDC/usb/usb_device_cdc.c"
 Parameters:    Size  Location     Type
  buffer          2    7[BANK0 ] PTR unsigned char 
		 -> readBuffer(64), 
  len             1    9[BANK0 ] unsigned char 
 Auto vars:     Size  Location     Type
		None
 Return value:  Size  Location     Type
                  1    wreg      unsigned char 
 Registers used:
		wreg, fsr1l, fsr1h, fsr2l, fsr2h, status,2, status,0, prodl, prodh, cstack
 Tracked objects:
		On entry : 
		On exit  : 
		Unchanged: 
 Data sizes:     COMRAM   BANK0   BANK1   BANK2   BANK3   BANK4   BANK5   BANK6   BANK7   BANK8   BANK9  BANK10  BANK11  BANK12  BANK13  BANK14
      Params:         0       3       0       0       0       0       0       0       0       0       0       0       0       0       0       0
      Locals:         0       2       0       0       0       0       0       0       0       0       0       0       0       0       0       0
      Temps:          0       1       0       0       0       0       0       0       0       0       0       0       0       0       0       0
      Totals:         0       6       0       0       0       0       0       0       0       0       0       0       0       0       0       0
Total ram usage:        6 bytes
 Hardware stack levels used:    1
 Hardware stack levels required when called:   13
 This function calls:
		_USBTransferOnePacket
 This function is called by:
		_USB_CDC_get
 This function uses a non-reentrant model


 *************** function _CDCTxService *****************
 Defined at:
		line 893 in file "USB_CDC/usb/usb_device_cdc.c"
 Parameters:    Size  Location     Type
		None
 Auto vars:     Size  Location     Type
  byte_to_send    1   11[BANK0 ] unsigned char 
  i               1   10[BANK0 ] unsigned char 
 Return value:  Size  Location     Type
		None               void
 Registers used:
		wreg, fsr1l, fsr1h, fsr2l, fsr2h, status,2, status,0, prodl, prodh, cstack
 Tracked objects:
		On entry : 
		On exit  : 
		Unchanged: 
 Data sizes:     COMRAM   BANK0   BANK1   BANK2   BANK3   BANK4   BANK5   BANK6   BANK7   BANK8   BANK9  BANK10  BANK11  BANK12  BANK13  BANK14
      Params:         0       0       0       0       0       0       0       0       0       0       0       0       0       0       0       0
      Locals:         0       4       0       0       0       0       0       0       0       0       0       0       0       0       0       0
      Temps:          0       1       0       0       0       0       0       0       0       0       0       0       0       0       0       0
      Totals:         0       5       0       0       0       0       0       0       0       0       0       0       0       0       0       0
Total ram usage:        5 bytes
 Hardware stack levels used:    1
 Hardware stack levels required when called:   13
 This function calls:
		_USBTransferOnePacket
 This function is called by:
		_USB_CDC_send
		_USB_CDC_get
 This function uses a non-reentrant model


 *************** function _USBTransferOnePacket *****************
 Defined at:
		line 996 in file "USB_CDC/usb/usb_device.c"
 Parameters:    Size  Location     Type
  ep              1    wreg     unsigned char 
  dir             1    0[BANK0 ] unsigned char 
  data            2    1[BANK0 ] PTR unsigned char 
		 -> cdc_data_tx(64), cdc_data_rx(64), NULL(0), 
  len             1    3[BANK0 ] unsigned char 
 Auto vars:     Size  Location     Type
  ep              1    4[BANK0 ] unsigned char 
  handle          2    5[BANK0 ] PTR volatile struct __BD
		 -> NULL(0), BDT(48), 
 Return value:  Size  Location     Type
                  2    0[BANK0 ] PTR void 
 Registers used:
		wreg, fsr2l, fsr2h, status,2, status,0, prodl, prodh
 Tracked objects:
		On entry : 
		On exit  : 
		Unchanged: 
 Data sizes:     COMRAM   BANK0   BANK1   BANK2   BANK3   BANK4   BANK5   BANK6   BANK7   BANK8   BANK9  BANK10  BANK11  BANK12  BANK13  BANK14
      Params:         0       4       0       0       0       0       0       0       0       0       0       0       0       0       0       0
      Locals:         0       3       0       0       0       0       0       0       0       0       0       0       0       0       0       0
      Temps:          0       0       0       0       0       0       0       0       0       0       0       0       0       0       0       0
      Totals:         0       7       0       0       0       0       0       0       0       0       0       0       0       0       0       0
Total ram usage:        7 bytes
 Hardware stack levels used:    1
 Hardware stack levels required when called:   12
 This function calls:
		Nothing
 This function is called by:
		_getsUSBUSART
		_CDCTxService
		_USBCDCEventHandler
 This function uses a non-reentrant model


 *************** function _USB_CDC_init *****************
 Defined at:
		line 20 in file "USB_CDC/My_USB_CDC.c"
 Parameters:    Size  Location     Type
		None
 Auto vars:     Size  Location     Type
		None
 Return value:  Size  Location     Type
		None               void
 Registers used:
		wreg, fsr2l, fsr2h, status,2, status,0, prodl, prodh, cstack
 Tracked objects:
		On entry : 
		On exit  : 
		Unchanged: 
 Data sizes:     COMRAM   BANK0   BANK1   BANK2   BANK3   BANK4   BANK5   BANK6   BANK7   BANK8   BANK9  BANK10  BANK11  BANK12  BANK13  BANK14
      Params:         0       0       0       0       0       0       0       0       0       0       0       0       0       0       0       0
      Locals:         0       0       0       0       0       0       0       0       0       0       0       0       0       0       0       0
      Temps:          0       0       0       0       0       0       0       0       0       0       0       0       0       0       0       0
      Totals:         0       0       0       0       0       0       0       0       0       0       0       0       0       0       0       0
Total ram usage:        0 bytes
 Hardware stack levels used:    1
 Hardware stack levels required when called:   14
 This function calls:
		_USBDeviceAttach
		_USBDeviceInit
		_USB_CDC_buffer_init
 This function is called by:
		_main
 This function uses a non-reentrant model


 *************** function _USB_CDC_buffer_init *****************
 Defined at:
		line 26 in file "USB_CDC/My_USB_CDC.c"
 Parameters:    Size  Location     Type
		None
 Auto vars:     Size  Location     Type
		None
 Return value:  Size  Location     Type
		None               void
 Registers used:
		wreg, fsr2l, fsr2h, status,2, status,0, cstack
 Tracked objects:
		On entry : 
		On exit  : 
		Unchanged: 
 Data sizes:     COMRAM   BANK0   BANK1   BANK2   BANK3   BANK4   BANK5   BANK6   BANK7   BANK8   BANK9  BANK10  BANK11  BANK12  BANK13  BANK14
      Params:         0       0       0       0       0       0       0       0       0       0       0       0       0       0       0       0
      Locals:         0       0       0       0       0       0       0       0       0       0       0       0       0       0       0       0
      Temps:          0       0       0       0       0       0       0       0       0       0       0       0       0       0       0       0
      Totals:         0       0       0       0       0       0       0       0       0       0       0       0       0       0       0       0
Total ram usage:        0 bytes
 Hardware stack levels used:    1
 Hardware stack levels required when called:   13
 This function calls:
		_ringbuf_init
 This function is called by:
		_USB_CDC_init
 This function uses a non-reentrant model


 *************** function _ringbuf_init *****************
 Defined at:
		line 5 in file "USB_CDC/My_ringbuf.c"
 Parameters:    Size  Location     Type
  rb              2    0[BANK0 ] PTR struct ringbuf
		 -> usb_tx(8), usb_rx(8), 
  internal_buf    2    2[BANK0 ] PTR unsigned char 
		 -> USB_CDC_buffer_init@txbuf(250), USB_CDC_buffer_init@rxbuf(250), 
  bufsize         2    4[BANK0 ] unsigned int 
 Auto vars:     Size  Location     Type
		None
 Return value:  Size  Location     Type
		None               void
 Registers used:
		wreg, fsr2l, fsr2h, status,2, status,0
 Tracked objects:
		On entry : 
		On exit  : 
		Unchanged: 
 Data sizes:     COMRAM   BANK0   BANK1   BANK2   BANK3   BANK4   BANK5   BANK6   BANK7   BANK8   BANK9  BANK10  BANK11  BANK12  BANK13  BANK14
      Params:         0       6       0       0       0       0       0       0       0       0       0       0       0       0       0       0
      Locals:         0       0       0       0       0       0       0       0       0       0       0       0       0       0       0       0
      Temps:          0       0       0       0       0       0       0       0       0       0       0       0       0       0       0       0
      Totals:         0       6       0       0       0       0       0       0       0       0       0       0       0       0       0       0
Total ram usage:        6 bytes
 Hardware stack levels used:    1
 Hardware stack levels required when called:   12
 This function calls:
		Nothing
 This function is called by:
		_USB_CDC_buffer_init
 This function uses a non-reentrant model


 *************** function _USBDeviceInit *****************
 Defined at:
		line 299 in file "USB_CDC/usb/usb_device.c"
 Parameters:    Size  Location     Type
		None
 Auto vars:     Size  Location     Type
  i               1    8[BANK0 ] unsigned char 
 Return value:  Size  Location     Type
		None               void
 Registers used:
		wreg, fsr2l, fsr2h, status,2, status,0, prodl, prodh, cstack
 Tracked objects:
		On entry : 
		On exit  : 
		Unchanged: 
 Data sizes:     COMRAM   BANK0   BANK1   BANK2   BANK3   BANK4   BANK5   BANK6   BANK7   BANK8   BANK9  BANK10  BANK11  BANK12  BANK13  BANK14
      Params:         0       0       0       0       0       0       0       0       0       0       0       0       0       0       0       0
      Locals:         0       1       0       0       0       0       0       0       0       0       0       0       0       0       0       0
      Temps:          0       0       0       0       0       0       0       0       0       0       0       0       0       0       0       0
      Totals:         0       1       0       0       0       0       0       0       0       0       0       0       0       0       0       0
Total ram usage:        1 bytes
 Hardware stack levels used:    1
 Hardware stack levels required when called:   13
 This function calls:
		_memset
 This function is called by:
		_USB_CDC_init
 This function uses a non-reentrant model


 *************** function _memset *****************
 Defined at:
		line 8 in file "C:\Program Files (x86)\Microchip\xc8\v1.35\sources\common\memset.c"
 Parameters:    Size  Location     Type
  p1              2    0[BANK0 ] PTR void 
		 -> USBAlternateInterface(2), BDT(48), UEP1(1), 
  c               2    2[BANK0 ] int 
  n               2    4[BANK0 ] unsigned int 
 Auto vars:     Size  Location     Type
  p               2    6[BANK0 ] PTR unsigned char 
		 -> USBAlternateInterface(2), BDT(48), UEP1(1), 
 Return value:  Size  Location     Type
                  2    0[BANK0 ] PTR void 
 Registers used:
		wreg, fsr2l, fsr2h, status,2, status,0
 Tracked objects:
		On entry : 
		On exit  : 
		Unchanged: 
 Data sizes:     COMRAM   BANK0   BANK1   BANK2   BANK3   BANK4   BANK5   BANK6   BANK7   BANK8   BANK9  BANK10  BANK11  BANK12  BANK13  BANK14
[...]
Total ram usage:        8 bytes
 Hardware stack levels used:    1
 Hardware stack levels required when called:    4
 This function calls:
		_APP_DeviceCDCBasicDemoInitialize
		_USBCheckCDCRequest
 This function is called by:
		_USBDeviceTasks
		_USBStdSetCfgHandler
		_USBSuspend
		_USBWakeFromSuspend
		_USBCtrlTrfSetupHandler
		_USBCheckStdRequest
		_USBStdFeatureReqHandler
 This function uses a non-reentrant model


 *************** function _USBCheckCDCRequest *****************
 Defined at:
		line 204 in file "USB_CDC/usb/usb_device_cdc.c"
 Parameters:    Size  Location     Type
		None
 Auto vars:     Size  Location     Type
		None
 Return value:  Size  Location     Type
		None               void
 Registers used:
		wreg, status,2, status,0
 Tracked objects:
		On entry : 
		On exit  : 
		Unchanged: 
 Data sizes:     COMRAM   BANK0   BANK1   BANK2   BANK3   BANK4   BANK5   BANK6   BANK7   BANK8   BANK9  BANK10  BANK11  BANK12  BANK13  BANK14
      Params:         0       0       0       0       0       0       0       0       0       0       0       0       0       0       0       0
      Locals:         0       0       0       0       0       0       0       0       0       0       0       0       0       0       0       0
      Temps:          0       0       0       0       0       0       0       0       0       0       0       0       0       0       0       0
      Totals:         0       0       0       0       0       0       0       0       0       0       0       0       0       0       0       0
Total ram usage:        0 bytes
 Hardware stack levels used:    1
 This function calls:
		Nothing
 This function is called by:
		_USER_USB_CALLBACK_EVENT_HANDLER
 This function uses a non-reentrant model


 *************** function _APP_DeviceCDCBasicDemoInitialize *****************
 Defined at:
		line 110 in file "USB_CDC/My_USB_CDC.c"
 Parameters:    Size  Location     Type
		None
 Auto vars:     Size  Location     Type
		None
 Return value:  Size  Location     Type
		None               void
 Registers used:
		wreg, fsr2l, fsr2h, status,2, status,0, prodl, prodh, cstack
 Tracked objects:
		On entry : 
		On exit  : 
		Unchanged: 
 Data sizes:     COMRAM   BANK0   BANK1   BANK2   BANK3   BANK4   BANK5   BANK6   BANK7   BANK8   BANK9  BANK10  BANK11  BANK12  BANK13  BANK14
      Params:         0       0       0       0       0       0       0       0       0       0       0       0       0       0       0       0
      Locals:         0       0       0       0       0       0       0       0       0       0       0       0       0       0       0       0
      Temps:          0       0       0       0       0       0       0       0       0       0       0       0       0       0       0       0
      Totals:         0       0       0       0       0       0       0       0       0       0       0       0       0       0       0       0
Total ram usage:        0 bytes
 Hardware stack levels used:    1
 Hardware stack levels required when called:    3
 This function calls:
		_CDCInitEP
 This function is called by:
		_USER_USB_CALLBACK_EVENT_HANDLER
 This function uses a non-reentrant model


 *************** function _CDCInitEP *****************
 Defined at:
		line 351 in file "USB_CDC/usb/usb_device_cdc.c"
 Parameters:    Size  Location     Type
		None
 Auto vars:     Size  Location     Type
		None
 Return value:  Size  Location     Type
		None               void
 Registers used:
		wreg, fsr2l, fsr2h, status,2, status,0, prodl, prodh, cstack
 Tracked objects:
		On entry : 
		On exit  : 
		Unchanged: 
 Data sizes:     COMRAM   BANK0   BANK1   BANK2   BANK3   BANK4   BANK5   BANK6   BANK7   BANK8   BANK9  BANK10  BANK11  BANK12  BANK13  BANK14
      Params:         0       0       0       0       0       0       0       0       0       0       0       0       0       0       0       0
      Locals:         0       0       0       0       0       0       0       0       0       0       0       0       0       0       0       0
      Temps:          0       0       0       0       0       0       0       0       0       0       0       0       0       0       0       0
      Totals:         0       0       0       0       0       0       0       0       0       0       0       0       0       0       0       0
Total ram usage:        0 bytes
 Hardware stack levels used:    1
 Hardware stack levels required when called:    2
 This function calls:
		_USBEnableEndpoint
		i2_USBTransferOnePacket
 This function is called by:
		_APP_DeviceCDCBasicDemoInitialize
 This function uses a non-reentrant model


 *************** function i2_USBTransferOnePacket *****************
 Defined at:
		line 996 in file "USB_CDC/usb/usb_device.c"
 Parameters:    Size  Location     Type
  ep              1    wreg     unsigned char 
  dir             1    0[COMRAM] unsigned char 
  data            2    1[COMRAM] PTR unsigned char 
		 -> cdc_data_tx(64), cdc_data_rx(64), NULL(0), 
  len             1    3[COMRAM] unsigned char 
 Auto vars:     Size  Location     Type
  ep              1    4[COMRAM] unsigned char 
  USBTransferO    2    5[COMRAM] PTR volatile struct __BD
		 -> NULL(0), BDT(48), 
 Return value:  Size  Location     Type
                  2    0[COMRAM] PTR void 
 Registers used:
		wreg, fsr2l, fsr2h, status,2, status,0, prodl, prodh
 Tracked objects:
		On entry : 
		On exit  : 
		Unchanged: 
 Data sizes:     COMRAM   BANK0   BANK1   BANK2   BANK3   BANK4   BANK5   BANK6   BANK7   BANK8   BANK9  BANK10  BANK11  BANK12  BANK13  BANK14
      Params:         4       0       0       0       0       0       0       0       0       0       0       0       0       0       0       0
      Locals:         3       0       0       0       0       0       0       0       0       0       0       0       0       0       0       0
      Temps:          0       0       0       0       0       0       0       0       0       0       0       0       0       0       0       0
      Totals:         7       0       0       0       0       0       0       0       0       0       0       0       0       0       0       0
Total ram usage:        7 bytes
 Hardware stack levels used:    1
 This function calls:
		Nothing
 This function is called by:
		_CDCInitEP
 This function uses a non-reentrant model


 *************** function _USBEnableEndpoint *****************
 Defined at:
		line 879 in file "USB_CDC/usb/usb_device.c"
 Parameters:    Size  Location     Type
  ep              1    wreg     unsigned char 
  options         1    8[COMRAM] unsigned char 
 Auto vars:     Size  Location     Type
  ep              1   11[COMRAM] unsigned char 
  p               2    9[COMRAM] PTR unsigned char 
		 -> UEP0(1), 
 Return value:  Size  Location     Type
		None               void
 Registers used:
		wreg, fsr2l, fsr2h, status,2, status,0, prodl, prodh, cstack
 Tracked objects:
		On entry : 
		On exit  : 
		Unchanged: 
 Data sizes:     COMRAM   BANK0   BANK1   BANK2   BANK3   BANK4   BANK5   BANK6   BANK7   BANK8   BANK9  BANK10  BANK11  BANK12  BANK13  BANK14
      Params:         1       0       0       0       0       0       0       0       0       0       0       0       0       0       0       0
      Locals:         3       0       0       0       0       0       0       0       0       0       0       0       0       0       0       0
      Temps:          0       0       0       0       0       0       0       0       0       0       0       0       0       0       0       0
      Totals:         4       0       0       0       0       0       0       0       0       0       0       0       0       0       0       0
Total ram usage:        4 bytes
 Hardware stack levels used:    1
 Hardware stack levels required when called:    1
 This function calls:
		_USBConfigureEndpoint
 This function is called by:
		_CDCInitEP
 This function uses a non-reentrant model


 *************** function _USBConfigureEndpoint *****************
 Defined at:
		line 1544 in file "USB_CDC/usb/usb_device.c"
 Parameters:    Size  Location     Type
  EPNum           1    wreg     unsigned char 
  direction       1    0[COMRAM] unsigned char 
 Auto vars:     Size  Location     Type
  EPNum           1    5[COMRAM] unsigned char 
  handle          2    6[COMRAM] PTR volatile struct __BD
		 -> BDT(48), 
 Return value:  Size  Location     Type
		None               void
 Registers used:
		wreg, fsr2l, fsr2h, status,2, status,0, prodl, prodh
 Tracked objects:
		On entry : 
		On exit  : 
		Unchanged: 
 Data sizes:     COMRAM   BANK0   BANK1   BANK2   BANK3   BANK4   BANK5   BANK6   BANK7   BANK8   BANK9  BANK10  BANK11  BANK12  BANK13  BANK14
      Params:         1       0       0       0       0       0       0       0       0       0       0       0       0       0       0       0
      Locals:         3       0       0       0       0       0       0       0       0       0       0       0       0       0       0       0
      Temps:          4       0       0       0       0       0       0       0       0       0       0       0       0       0       0       0
      Totals:         8       0       0       0       0       0       0       0       0       0       0       0       0       0       0       0
Total ram usage:        8 bytes
 Hardware stack levels used:    1
 This function calls:
		Nothing
 This function is called by:
		_USBEnableEndpoint
 This function uses a non-reentrant model


 *************** function _USBCtrlTrfOutHandler *****************
 Defined at:
		line 2542 in file "USB_CDC/usb/usb_device.c"
 Parameters:    Size  Location     Type
		None
 Auto vars:     Size  Location     Type
		None
 Return value:  Size  Location     Type
		None               void
 Registers used:
		wreg, fsr1l, fsr1h, fsr2l, fsr2h, status,2, status,0, prodl, prodh, cstack
 Tracked objects:
		On entry : 
		On exit  : 
		Unchanged: 
 Data sizes:     COMRAM   BANK0   BANK1   BANK2   BANK3   BANK4   BANK5   BANK6   BANK7   BANK8   BANK9  BANK10  BANK11  BANK12  BANK13  BANK14
      Params:         0       0       0       0       0       0       0       0       0       0       0       0       0       0       0       0
      Locals:         0       0       0       0       0       0       0       0       0       0       0       0       0       0       0       0
      Temps:          0       0       0       0       0       0       0       0       0       0       0       0       0       0       0       0
      Totals:         0       0       0       0       0       0       0       0       0       0       0       0       0       0       0       0
Total ram usage:        0 bytes
 Hardware stack levels used:    1
 Hardware stack levels required when called:    2
 This function calls:
		_USBCtrlTrfRxService
 This function is called by:
		_USBCtrlEPService
 This function uses a non-reentrant model


 *************** function _USBCtrlTrfRxService *****************
 Defined at:
		line 1853 in file "USB_CDC/usb/usb_device.c"
 Parameters:    Size  Location     Type
		None
 Auto vars:     Size  Location     Type
  byteToRead      1    1[COMRAM] unsigned char 
  i               1    0[COMRAM] unsigned char 
 Return value:  Size  Location     Type
		None               void
 Registers used:
		wreg, fsr1l, fsr1h, fsr2l, fsr2h, status,2, status,0, prodl, prodh, cstack
 Tracked objects:
		On entry : 
		On exit  : 
		Unchanged: 
 Data sizes:     COMRAM   BANK0   BANK1   BANK2   BANK3   BANK4   BANK5   BANK6   BANK7   BANK8   BANK9  BANK10  BANK11  BANK12  BANK13  BANK14
      Params:         0       0       0       0       0       0       0       0       0       0       0       0       0       0       0       0
      Locals:         2       0       0       0       0       0       0       0       0       0       0       0       0       0       0       0
      Temps:          0       0       0       0       0       0       0       0       0       0       0       0       0       0       0       0
      Totals:         2       0       0       0       0       0       0       0       0       0       0       0       0       0       0       0
Total ram usage:        2 bytes
 Hardware stack levels used:    1
 Hardware stack levels required when called:    1
 This function calls:
		_USBCtrlEPAllowStatusStage
 This function is called by:
		_USBCtrlTrfOutHandler
 This function uses a non-reentrant model


 *************** function _USBCtrlEPAllowStatusStage *****************
 Defined at:
		line 1417 in file "USB_CDC/usb/usb_device.c"
 Parameters:    Size  Location     Type
		None
 Auto vars:     Size  Location     Type
		None
 Return value:  Size  Location     Type
		None               void
 Registers used:
		wreg, fsr2l, fsr2h, status,2, status,0
 Tracked objects:
		On entry : 
		On exit  : 
		Unchanged: 
 Data sizes:     COMRAM   BANK0   BANK1   BANK2   BANK3   BANK4   BANK5   BANK6   BANK7   BANK8   BANK9  BANK10  BANK11  BANK12  BANK13  BANK14
      Params:         0       0       0       0       0       0       0       0       0       0       0       0       0       0       0       0
      Locals:         0       0       0       0       0       0       0       0       0       0       0       0       0       0       0       0
      Temps:          0       0       0       0       0       0       0       0       0       0       0       0       0       0       0       0
      Totals:         0       0       0       0       0       0       0       0       0       0       0       0       0       0       0       0
Total ram usage:        0 bytes
 Hardware stack levels used:    1
 This function calls:
		Nothing
 This function is called by:
		_USBDeviceTasks
		_USBCtrlEPServiceComplete
		_USBCtrlTrfRxService
 This function uses a non-reentrant model


 *************** function _USBCtrlTrfInHandler *****************
 Defined at:
		line 2596 in file "USB_CDC/usb/usb_device.c"
 Parameters:    Size  Location     Type
		None
 Auto vars:     Size  Location     Type
  lastDTS         1    1[COMRAM] unsigned char 
 Return value:  Size  Location     Type
		None               void
 Registers used:
		wreg, fsr0l, fsr0h, fsr2l, fsr2h, status,2, status,0, tblptrl, tblptrh, tblptru, cstack
 Tracked objects:
		On entry : 
		On exit  : 
		Unchanged: 
 Data sizes:     COMRAM   BANK0   BANK1   BANK2   BANK3   BANK4   BANK5   BANK6   BANK7   BANK8   BANK9  BANK10  BANK11  BANK12  BANK13  BANK14
      Params:         0       0       0       0       0       0       0       0       0       0       0       0       0       0       0       0
      Locals:         1       0       0       0       0       0       0       0       0       0       0       0       0       0       0       0
      Temps:          0       0       0       0       0       0       0       0       0       0       0       0       0       0       0       0
      Totals:         1       0       0       0       0       0       0       0       0       0       0       0       0       0       0       0
Total ram usage:        1 bytes
 Hardware stack levels used:    1
 Hardware stack levels required when called:    1
 This function calls:
		_USBCtrlTrfTxService
 This function is called by:
		_USBCtrlEPService
 This function uses a non-reentrant model


 *************** function _USBCtrlTrfTxService *****************
 Defined at:
		line 1772 in file "USB_CDC/usb/usb_device.c"
 Parameters:    Size  Location     Type
		None
 Auto vars:     Size  Location     Type
  byteToSend      1    0[COMRAM] unsigned char 
 Return value:  Size  Location     Type
		None               void
 Registers used:
		wreg, fsr0l, fsr0h, fsr2l, fsr2h, status,2, status,0, tblptrl, tblptrh, tblptru
 Tracked objects:
		On entry : 
		On exit  : 
		Unchanged: 
 Data sizes:     COMRAM   BANK0   BANK1   BANK2   BANK3   BANK4   BANK5   BANK6   BANK7   BANK8   BANK9  BANK10  BANK11  BANK12  BANK13  BANK14
      Params:         0       0       0       0       0       0       0       0       0       0       0       0       0       0       0       0
      Locals:         1       0       0       0       0       0       0       0       0       0       0       0       0       0       0       0
      Temps:          0       0       0       0       0       0       0       0       0       0       0       0       0       0       0       0
      Totals:         1       0       0       0       0       0       0       0       0       0       0       0       0       0       0       0
Total ram usage:        1 bytes
 Hardware stack levels used:    1
 This function calls:
		Nothing
 This function is called by:
		_USBCtrlEPAllowDataStage
		_USBCtrlTrfInHandler
 This function uses a non-reentrant model



MODULE INFORMATION

Module		Function		Class		Link	Load	Size
USB_CDC/usb/usb_device.c
		_USBCtrlTrfInHandler		CODE           	24C6	0000	201
		_USBTransferOnePacket		CODE           	1FD2	0000	217
		_USBDeviceAttach		CODE           	2C46	0000	61
		_USBStdGetDscHandler		CODE           	168A	0000	335
		_USBCtrlEPAllowDataStage		CODE           	27C6	0000	159
		_USBStdFeatureReqHandler		CODE           	0FCC	0000	647
		_USBCtrlEPAllowStatusStage		CODE           	258E	0000	197
		_USBCtrlTrfSetupHandler		CODE           	28F8	0000	143
		_USBCtrlTrfOutHandler		CODE           	2ABC	0000	93
		_USBCtrlEPServiceComplete		CODE           	1B2C	0000	245
		_USBSuspend    		CODE           	2D7A	0000	43
		_USBStdSetCfgHandler		CODE           	1EEC	0000	231
		_USBStdGetStatusHandler		CODE           	2652	0000	187
		_USBWakeFromSuspend		CODE           	2CF2	0000	49
		_USBCtrlTrfRxService		CODE           	191C	0000	281
		_USBCtrlTrfTxService		CODE           	20AA	0000	217
		_USBEnableEndpoint		CODE           	2C82	0000	61
		_USBConfigureEndpoint		CODE           	2864	0000	149
		_USBDeviceInit 		CODE           	13DA	0000	355
		_USBCtrlEPService		CODE           	232C	0000	207
		_USBStallHandler		CODE           	2C00	0000	71
		_USBDeviceTasks		CODE           	153C	0000	335
		_USBCheckStdRequest		CODE           	1C20	0000	245

USB_CDC/usb/usb_device.c estimated size: 4729

USB_CDC/My_USB_CDC.c
		_USER_USB_CALLBACK_EVENT_HANDLER		CODE           	2A60	0000	93
		_USB_CDC_buffer_init		CODE           	2B6C	0000	79
		_USB_CDC_ISR   		CODE           	2E1C	0000	7
		_USB_CDC_get   		CODE           	2D22	0000	45
		_USB_CDC_send  		CODE           	2DCA	0000	35
		_USB_CDC_task  		CODE           	1A34	0000	249
		_USB_CDC_init  		CODE           	2E0E	0000	15
		_APP_DeviceCDCBasicDemoInitialize		CODE           	2DEC	0000	35

USB_CDC/My_USB_CDC.c estimated size: 558

C:\Program Files (x86)\Microchip\xc8\v1.35\sources\common\memset.c
		_memset        		CODE           	2CBE	0000	53

C:\Program Files (x86)\Microchip\xc8\v1.35\sources\common\memset.c estimated size: 53

USB_CDC/usb/usb_device_cdc.c
		_CDCTxService  		CODE           	1252	0000	393
		_CDCInitEP     		CODE           	29F8	0000	105
		_putUSBUSART   		CODE           	2DA4	0000	39
		_getsUSBUSART  		CODE           	1E02	0000	235
		_USBCheckCDCRequest		CODE           	2182	0000	215

USB_CDC/usb/usb_device_cdc.c estimated size: 987

USB_CDC/My_ringbuf.c
		_ringbuf_num   		CODE           	1D14	0000	239
		_ringbuf_pop   		CODE           	23FA	0000	205
		_ringbuf_put   		CODE           	2258	0000	213
		_ringbuf_init  		CODE           	2B18	0000	85

USB_CDC/My_ringbuf.c estimated size: 742

shared
		_configDescriptor1		SMALLCONST     	0F09	0000	68
		_USB_CD_Ptr    		SMALLCONST     	0F07	0000	3
		_sd001         		SMALLCONST     	0F4C	0000	53
		_sd002         		SMALLCONST     	0F80	0000	53
		i2_USBDeviceInit		CODE           	17D8	0000	325
		__initialization		CODE           	2BBA	0000	61
		_device_dsc    		SMALLCONST     	0FB4	0000	19
		_USB_SD_Ptr    		SMALLCONST     	0F01	0000	7
		i2_memset      		CODE           	2D4E	0000	45
		_sd000         		SMALLCONST     	0FC6	0000	5
		i2_USBTransferOnePacket		CODE           	270C	0000	187

shared estimated size: 826

main.c
		_ISR           		CODE           	0008	0000	123
		_main          		CODE           	2986	0000	115

main.c estimated size: 238

