Microchip MPLAB XC8 Compiler V1.35 ()

Linker command line:

--edf=C:\Program Files (x86)\Microchip\xc8\v1.35\dat\en_msgs.txt -cs \
  -h+dist/default/production\PIC18F27J53-I2C_LCD_new01.X.production.sym \
  --cmf=dist/default/production\PIC18F27J53-I2C_LCD_new01.X.production.cmf \
  -z -Q18F27J53 -oC:\Users\KERIKU~1\AppData\Local\Temp\s4ss.2 \
  -Mdist/default/production/PIC18F27J53-I2C_LCD_new01.X.production.map -E1 \
  -ver=XC8 -ASTACK=02C8h-0cffh -pstack=STACK \
  -ACODE=00h-00h,01000h-01005h,01008h-01015h,01018h-01FFF7h \
  -ACONST=00h-00h,01000h-01005h,01008h-01015h,01018h-01FFF7h \
  -ASMALLCONST=01000h-01005h,01008h-01015h,01018h-010FFh,01100h-011FFhx494,01FF00h-01FFF7h \
  -AMEDIUMCONST=01000h-01005h,01008h-01015h,01018h-0FFFFh,010F00h-01FFF7h \
  -ACOMRAM=01h-05Fh -AABS1=00h-0EAFh -ABIGRAM=01h-0EAFh \
  -ARAM=060h-0FFh,0100h-01FFhx13,0E00h-0EAFh -ABANK0=060h-0FFh \
  -ABANK1=0100h-01FFh -ABANK2=0200h-02FFh -ABANK3=0300h-03FFh \
  -ABANK4=0400h-04FFh -ABANK5=0500h-05FFh -ABANK6=0600h-06FFh \
  -ABANK7=0700h-07FFh -ABANK8=0800h-08FFh -ABANK9=0900h-09FFh \
  -ABANK10=0A00h-0AFFh -ABANK11=0B00h-0BFFh -ABANK12=0C00h-0CFFh \
  -ABANK13=0D00h-0DFFh -ABANK14=0E00h-0EAFh \
  -ASFR=0EB0h-0EFFh,0F00h-0F5Fh,0F60h-0FFFh \
  -preset_vec=00h,intcode=08h,intcodelo,powerup,init,end_init \
  -pramtop=0F00h -psmallconst=SMALLCONST -pmediumconst=MEDIUMCONST \
  -pconst=CONST -AFARRAM=00h-00h -ACONFIG=01FFF8h-01FFFFh -pconfig=CONFIG \
  -pjflash_buffer=01F800h \
  -prdata=COMRAM,nvrram=COMRAM,nvbit=COMRAM,rbss=COMRAM,rbit=COMRAM \
  -pfarbss=FARRAM,fardata=FARRAM,nvFARRAM=FARRAM \
  -pintsave_regs=BIGRAM,bigbss=BIGRAM,bigdata=BIGRAM -pbss=RAM \
  -pidata=CODE,irdata=CODE,ibigdata=CODE,ifardata=CODE -prparam=COMRAM \
  C:\Users\KERIKU~1\AppData\Local\Temp\s4ss.obj \
  dist/default/production\PIC18F27J53-I2C_LCD_new01.X.production.obj 

Object code version is 3.11

Machine type is 18F27J53

Call graph: (short form)




                Name                               Link     Load   Length Selector   Space Scale
C:\Users\KERIKU~1\AppData\Local\Temp\s4ss.obj
                end_init                             A8       A8        4        4       0
                reset_vec                             0        0        4        0       0
                config                            1FFF8    1FFF8        8    1FFF8       0
dist/default/production\PIC18F27J53-I2C_LCD_new01.X.production.obj
                intcode                               8        8       A0        4       0
                temp                                 50       50        1        1       1
                mediumconst                        FE6E     FE6E      192     7F37       0
                text17                            10702    10702       18     8000       0
                text15                            1012A    1012A       D8     8000       0
                text14                            10202    10202       C4     8000       0
                text13                            10556    10556       54     8000       0
                text12                            106D2    106D2       30     8000       0
                text11                            10502    10502       54     8000       0
                text10                            1063C    1063C       34     8000       0
                text9                             102C6    102C6       BA     8000       0
                text8                             10000    10000      12A     8000       0
                text7                              1008     1008        E      804       0
                text6                             1071A    1071A        C     8000       0
                text5                             105AA    105AA       4E     8000       0
                text4                             10380    10380       B6     8000       0
                text3                             106A2    106A2       30     8000       0
                text2                             105F8    105F8       44     8000       0
                text1                             10670    10670       32     8000       0
                text0                             10436    10436       72     8000       0
                cstackCOMRAM                         3A       3A       16        1       1
                cstackBANK0                          FB       FB        5       60       1
                cstackBANK1                         1CB      1CB        A      100       1
                bssBANK2                            200      200       C8      200       1
                bssBANK1                            100      100       CB      100       1
                dataBANK0                            F6       F6        5       60       1
                bssBANK0                             60       60       96       60       1
                bssCOMRAM                             1        1       39        1       1
                cinit                             104A8    104A8       5A     8000       0
                idataBANK0                         1000     1000        5     1000       0

TOTAL           Name                               Link     Load   Length     Space
        CLASS   STACK          

        CLASS   CODE           
                end_init                             A8       A8        4         0
                intcode                               8        8       A0         0
                reset_vec                             0        0        4         0
                text17                            10702    10702       18         0
                text15                            1012A    1012A       D8         0
                text14                            10202    10202       C4         0
                text13                            10556    10556       54         0
                text12                            106D2    106D2       30         0
                text11                            10502    10502       54         0
                text10                            1063C    1063C       34         0
                text9                             102C6    102C6       BA         0
                text8                             10000    10000      12A         0
                text7                              1008     1008        E         0
                text6                             1071A    1071A        C         0
                text5                             105AA    105AA       4E         0
                text4                             10380    10380       B6         0
                text3                             106A2    106A2       30         0
                text2                             105F8    105F8       44         0
                text1                             10670    10670       32         0
                text0                             10436    10436       72         0
                cinit                             104A8    104A8       5A         0
                idataBANK0                         1000     1000        5         0

        CLASS   CONST          

        CLASS   SMALLCONST     

        CLASS   MEDIUMCONST    
                mediumconst                        FE6E     FE6E      192         0

        CLASS   COMRAM         
                temp                                 50       50        1         1
                cstackCOMRAM                         3A       3A       16         1
                bssCOMRAM                             1        1       39         1

        CLASS   ABS1           
                abs_s1                              D00      D00       40         1

        CLASS   BIGRAM         

        CLASS   RAM            

        CLASS   BANK0          
                cstackBANK0                          FB       FB        5         1
                dataBANK0                            F6       F6        5         1
                bssBANK0                             60       60       96         1

        CLASS   BANK1          
                cstackBANK1                         1CB      1CB        A         1
                bssBANK1                            100      100       CB         1

        CLASS   BANK2          
                bssBANK2                            200      200       C8         1

        CLASS   BANK3          

        CLASS   BANK4          

        CLASS   BANK5          

        CLASS   BANK6          

        CLASS   BANK7          

        CLASS   BANK8          

        CLASS   BANK9          

        CLASS   BANK10         

        CLASS   BANK11         

        CLASS   BANK12         

        CLASS   BANK13         

        CLASS   BANK14         

        CLASS   SFR            

        CLASS   FARRAM         

        CLASS   CONFIG         
                config                            1FFF8    1FFF8        8         0

        CLASS   IDLOC          



SEGMENTS        Name                           Load    Length   Top    Selector   Space  Class

                reset_vec                      000000  000004  000004         0       0  CODE    
                bssCOMRAM                      000001  000050  000051         1       1  COMRAM  
                intcode                        000008  0000A4  0000AC         4       0  CODE    
                bssBANK0                       000060  0000A0  000100        60       1  BANK0   
                bssBANK1                       000100  0000D5  0001D5       100       1  BANK1   
                bssBANK2                       000200  0000C8  0002C8       200       1  BANK2   
                idataBANK0                     001000  000005  001005      1000       0  CODE    
                text7                          001008  00000E  001016       804       0  CODE    
                mediumconst                    00FE6E  000192  010000      7F37       0  MEDIUMCO
                text8                          010000  000726  010726      8000       0  CODE    
                config                         01FFF8  000008  020000     1FFF8       0  CONFIG  


UNUSED ADDRESS RANGES

        Name                Unused          Largest block    Delta
        BANK1            001D5-001FF              2B
        BANK10           00A00-00AFF             100
        BANK11           00B00-00BFF             100
        BANK12           00C00-00CFF             100
        BANK13           00D40-00DFF              C0
        BANK14           00E00-00EAF              B0
        BANK2            002C8-002FF              38
        BANK3            00300-003FF             100
        BANK4            00400-004FF             100
        BANK5            00500-005FF             100
        BANK6            00600-006FF             100
        BANK7            00700-007FF             100
        BANK8            00800-008FF             100
        BANK9            00900-009FF             100
        BIGRAM           00051-0005F               F
                         001D5-001FF              2B
                         002C8-00CFF             A38
                         00D40-00EAF             170
        CODE             01005-01005               1
                         01018-0FE6D            EE56
                         10726-1FFF7            F8D2
        COMRAM           00051-0005F               F
        CONST            01005-01005               1
                         01018-0FE6D            EE56
                         10726-1FFF7            F8D2
        MEDIUMCONST      01005-01005               1
                         01018-0FE6D            EE56
                         10F00-1FFF7            F0F8
        RAM              001D5-001FF              2B
                         002C8-00CFF             100
                         00D40-00EAF              C0
        SFR              00EB0-00FFF              60
        SMALLCONST       01005-01005               1
                         01018-0FE6D             100
                         10726-1FFF7             100
        STACK            002C8-00CFF             A38

                                  Symbol Table

?_ringbuf_num                    cstackCOMRAM  00049
I2C_LCD_SetCursor@F8620          dataBANK0     000F6
RTCC_task@prev_halfsec           bssCOMRAM     0001C
ST7032_command@command           cstackCOMRAM  0004F
ST7032_command@wait              cstackCOMRAM  0004E
ST7032_cursor@F8592              dataBANK0     000F8
ST7032_cursor@col                cstackBANK1   001D3
ST7032_cursor@row                cstackBANK0   000FF
ST7032_cursor@row_offsets        cstackBANK1   001D1
ST7032_init@buf                  bssBANK2      00200
ST7032_put@c                     cstackCOMRAM  0004E
ST7032_puts@s                    cstackBANK1   001D1
ST7032_task@data                 cstackBANK0   000FF
ST7032_task@st7032_state         bssCOMRAM     0001D
ST7032_task@wait                 bssBANK0      00084
USBCBSendResume@delay_count      bssBANK0      00086
_ADCON0bits                      (abs)         00FC2
_ADCON1bits                      (abs)         00FC1
_ADRES                           (abs)         00FC3
_ANCON0                          (abs)         00F48
_ANCON1                          (abs)         00F49
_BAUDCON1bits                    (abs)         00F7E
_BCL1IF                          (abs)         07D0B
_BDT                             (abs)         00D00
_BaudRateGen                     bssBANK0      00070
_BothEP0OutUOWNsSet              bssCOMRAM     0001E
_CDCDataInHandle                 bssBANK0      00088
_CDCDataOutHandle                bssCOMRAM     00016
_CTMUCONH                        (abs)         00FB3
_CTMUCONHbits                    (abs)         00FB3
_CTMUCONL                        (abs)         00FB2
_CTMUCONLbits                    (abs)         00FB2
_CTMUICON                        (abs)         00FB1
_CtrlTrfData                     (abs)         00D38
_EECON2                          (abs)         00FA7
_INTCON2bits                     (abs)         00FF1
_INTCONbits                      (abs)         00FF2
_IPR1bits                        (abs)         00F9F
_IPR2bits                        (abs)         00FA2
_IPR5bits                        (abs)         00F99
_ISR                             intcode       00008
_LATAbits                        (abs)         00F89
_LATB2                           (abs)         07C52
_OSCCONbits                      (abs)         00FD3
_OSCTUNEbits                     (abs)         00F9B
_OSC_init                        text7         01008
_PADCFG1bits                     (abs)         00F3C
_PIE1bits                        (abs)         00F9D
_PIE2bits                        (abs)         00FA0
_PIE5bits                        (abs)         00F91
_PIR1bits                        (abs)         00F9E
_PIR2bits                        (abs)         00FA1
_PIR5bits                        (abs)         00F98
_RCONbits                        (abs)         00FD0
_RCREG1                          (abs)         00FAF
_RCSTA1bits                      (abs)         00FAC
_RTCCAL                          (abs)         00F3E
_RTCCFGbits                      (abs)         00F3F
_RTCVALH                         (abs)         00F3B
_RTCVALL                         (abs)         00F3A
_RemoteWakeup                    bssCOMRAM     0001F
_SPBRG1                          (abs)         00FB0
_SPBRGH1                         (abs)         00F7F
_SSP1ADD                         (abs)         00FC8
_SSP1BUF                         (abs)         00FC9
_SSP1CON1                        (abs)         00FC6
_SSP1CON1bits                    (abs)         00FC6
_SSP1CON2                        (abs)         00FC5
_SSP1CON2bits                    (abs)         00FC5
_SSP1IF                          (abs)         07CF3
_SSP1STAT                        (abs)         00FC7
_SSP1STATbits                    (abs)         00FC7
_ST7032_ISR                      text17        10702
_ST7032_clear                    text6         1071A
_ST7032_command                  text13        10556
_ST7032_cursor                   text12        106D2
_ST7032_init                     text4         10380
_ST7032_put                      text11        10502
_ST7032_puts                     text10        1063C
_ST7032_task                     text8         10000
_SetupPkt                        (abs)         00D30
_T0CONbits                       (abs)         00FD5
_T1CONbits                       (abs)         00FCD
_T3CONbits                       (abs)         00F79
_T5CONbits                       (abs)         00F22
_TMR1H                           (abs)         00FCF
_TRISA                           (abs)         00F92
_TRISB                           (abs)         00F93
_TRISC                           (abs)         00F94
_TXREG1                          (abs)         00FAE
_TXSTA1bits                      (abs)         00FAD
_UADDR                           (abs)         00F38
_UCFG                            (abs)         00F39
_UCON                            (abs)         00F65
_UCONbits                        (abs)         00F65
_UEIE                            (abs)         00F37
_UEIR                            (abs)         00F63
_UEP0                            (abs)         00F26
_UEP0bits                        (abs)         00F26
_UEP1                            (abs)         00F27
_UIE                             (abs)         00F36
_UIEbits                         (abs)         00F36
_UIR                             (abs)         00F62
_UIRbits                         (abs)         00F62
_USBActiveConfiguration          bssCOMRAM     00038
_USBAlternateInterface           bssBANK0      000F4
_USBBusIsSuspended               bssBANK0      00090
_USBDeferINDataStagePackets      bssCOMRAM     00020
_USBDeferOUTDataStagePackets     bssCOMRAM     00021
_USBDeferStatusStagePacket       bssCOMRAM     00022
_USBDeviceState                  bssCOMRAM     00023
_USBStatusStageEnabledFlag1      bssCOMRAM     00024
_USBStatusStageEnabledFlag2      bssCOMRAM     00025
_USBStatusStageTimeoutCounter    bssCOMRAM     00026
_USB_CD_Ptr                      mediumconst   0FE7F
_USB_SD_Ptr                      mediumconst   0FE79
_USTAT                           (abs)         00F64
_USTATcopy                       bssCOMRAM     00039
__CFG_ADCSEL$BIT12               (abs)         00000
__CFG_CFGPLLEN$ON                (abs)         00000
__CFG_CLKOEC$OFF                 (abs)         00000
__CFG_CP0$OFF                    (abs)         00000
__CFG_CPUDIV$OSC1                (abs)         00000
__CFG_DSBOREN$OFF                (abs)         00000
__CFG_DSWDTEN$OFF                (abs)         00000
__CFG_DSWDTOSC$T1OSCREF          (abs)         00000
__CFG_DSWDTPS$G2                 (abs)         00000
__CFG_FCMEN$OFF                  (abs)         00000
__CFG_IESO$OFF                   (abs)         00000
__CFG_IOL1WAY$OFF                (abs)         00000
__CFG_LS48MHZ$SYS48X8            (abs)         00000
__CFG_MSSP7B_EN$MSK7             (abs)         00000
__CFG_OSC$INTOSCPLL              (abs)         00000
__CFG_PLLDIV$2                   (abs)         00000
__CFG_RTCOSC$T1OSCREF            (abs)         00000
__CFG_SOSCSEL$LOW                (abs)         00000
__CFG_STVREN$OFF                 (abs)         00000
__CFG_WDTEN$OFF                  (abs)         00000
__CFG_WDTPS$1024                 (abs)         00000
__CFG_WPCFG$OFF                  (abs)         00000
__CFG_WPDIS$OFF                  (abs)         00000
__CFG_WPEND$PAGE_WPFP            (abs)         00000
__CFG_WPFP$PAGE_127              (abs)         00000
__CFG_XINST$OFF                  (abs)         00000
__HRAM                           (abs)         00000
__Habs1                          abs1          00000
__Hbank0                         bank0         00000
__Hbank1                         bank1         00000
__Hbank10                        bank10        00000
__Hbank11                        bank11        00000
__Hbank12                        bank12        00000
__Hbank13                        bank13        00000
__Hbank14                        bank14        00000
__Hbank2                         bank2         00000
__Hbank3                         bank3         00000
__Hbank4                         bank4         00000
__Hbank5                         bank5         00000
__Hbank6                         bank6         00000
__Hbank7                         bank7         00000
__Hbank8                         bank8         00000
__Hbank9                         bank9         00000
__Hbigbss                        bigbss        00000
__Hbigdata                       bigdata       00000
__Hbigram                        bigram        00000
__Hbss                           bss           00000
__HbssBANK0                      bssBANK0      00000
__HbssBANK1                      bssBANK1      00000
__HbssBANK2                      bssBANK2      00000
__HbssCOMRAM                     bssCOMRAM     00000
__Hcinit                         cinit         00000
__Hclrtext                       clrtext       00000
__Hcomram                        comram        00000
__Hconfig                        config        20000
__Hconst                         const         00000
__HcstackBANK0                   cstackBANK0   00000
__HcstackBANK1                   cstackBANK1   00000
__HcstackCOMRAM                  cstackCOMRAM  00000
__Hdata                          data          00000
__HdataBANK0                     dataBANK0     00000
__Hend_init                      end_init      000AC
__Hfarbss                        farbss        00000
__Hfardata                       fardata       00000
__Hibigdata                      ibigdata      00000
__Hidata                         idata         00000
__HidataBANK0                    idataBANK0    00000
__Hidloc                         idloc         00000
__Hifardata                      ifardata      00000
__Hinit                          init          000A8
__Hintcode                       intcode       000A8
__Hintcode_body                  intcode_body  00000
__Hintcodelo                     intcodelo     000A8
__Hintentry                      intentry      00000
__Hintret                        intret        00000
__Hintsave_regs                  intsave_regs  00000
__Hirdata                        irdata        00000
__Hjflash_buffer                 jflash_buffer 1F800
__Hmediumconst                   mediumconst   10000
__HnvFARRAM                      nvFARRAM      00000
__Hnvbit                         nvbit         00000
__Hnvrram                        nvrram        00000
__Hparam                         rparam        00000
__Hpowerup                       powerup       000A8
__Hram                           ram           00000
__Hramtop                        ramtop        00F00
__Hrbit                          rbit          00000
__Hrbss                          rbss          00000
__Hrdata                         rdata         00000
__Hreset_vec                     reset_vec     00004
__Hrparam                        rparam        00000
__Hsfr                           sfr           00000
__Hsmallconst                    smallconst    00000
__Hspace_0                       (abs)         20000
__Hspace_1                       (abs)         002C8
__Hspace_2                       (abs)         00000
__Hstack                         stack         00000
__Hstruct                        struct        00000
__Htemp                          temp          00051
__Htext                          text          00000
__Htext0                         text0         00000
__Htext1                         text1         00000
__Htext10                        text10        00000
__Htext11                        text11        00000
__Htext12                        text12        00000
__Htext13                        text13        00000
__Htext14                        text14        00000
__Htext15                        text15        00000
__Htext17                        text17        00000
__Htext2                         text2         00000
__Htext3                         text3         00000
__Htext4                         text4         00000
__Htext5                         text5         00000
__Htext6                         text6         00000
__Htext7                         text7         00000
__Htext8                         text8         00000
__Htext9                         text9         00000
__LRAM                           (abs)         00001
__Labs1                          abs1          00000
__Lbank0                         bank0         00000
__Lbank1                         bank1         00000
__Lbank10                        bank10        00000
__Lbank11                        bank11        00000
__Lbank12                        bank12        00000
__Lbank13                        bank13        00000
__Lbank14                        bank14        00000
__Lbank2                         bank2         00000
__Lbank3                         bank3         00000
__Lbank4                         bank4         00000
__Lbank5                         bank5         00000
__Lbank6                         bank6         00000
__Lbank7                         bank7         00000
__Lbank8                         bank8         00000
__Lbank9                         bank9         00000
__Lbigbss                        bigbss        00000
__Lbigdata                       bigdata       00000
__Lbigram                        bigram        00000
__Lbss                           bss           00000
__LbssBANK0                      bssBANK0      00000
__LbssBANK1                      bssBANK1      00000
__LbssBANK2                      bssBANK2      00000
__LbssCOMRAM                     bssCOMRAM     00000
__Lcinit                         cinit         00000
__Lclrtext                       clrtext       00000
__Lcomram                        comram        00000
__Lconfig                        config        1FFF8
__Lconst                         const         00000
__LcstackBANK0                   cstackBANK0   00000
__LcstackBANK1                   cstackBANK1   00000
__LcstackCOMRAM                  cstackCOMRAM  00000
__Ldata                          data          00000
__LdataBANK0                     dataBANK0     00000
__Lend_init                      end_init      000A8
__Lfarbss                        farbss        00000
__Lfardata                       fardata       00000
__Libigdata                      ibigdata      00000
__Lidata                         idata         00000
__LidataBANK0                    idataBANK0    00000
__Lidloc                         idloc         00000
__Lifardata                      ifardata      00000
__Linit                          init          000A8
__Lintcode                       intcode       00008
__Lintcode_body                  intcode_body  00000
__Lintcodelo                     intcodelo     000A8
__Lintentry                      intentry      00000
__Lintret                        intret        00000
__Lintsave_regs                  intsave_regs  00000
__Lirdata                        irdata        00000
__Ljflash_buffer                 jflash_buffer 1F800
__Lmediumconst                   mediumconst   0FE6E
__LnvFARRAM                      nvFARRAM      00000
__Lnvbit                         nvbit         00000
__Lnvrram                        nvrram        00000
__Lparam                         rparam        00000
__Lpowerup                       powerup       000A8
__Lram                           ram           00000
__Lramtop                        ramtop        00F00
__Lrbit                          rbit          00000
__Lrbss                          rbss          00000
__Lrdata                         rdata         00000
__Lreset_vec                     reset_vec     00000
__Lrparam                        rparam        00000
__Lsfr                           sfr           00000
__Lsmallconst                    smallconst    00000
__Lspace_0                       (abs)         00000
__Lspace_1                       (abs)         00000
__Lspace_2                       (abs)         00000
__Lstack                         stack         00000
__Lstruct                        struct        00000
__Ltemp                          temp          00050
__Ltext                          text          00000
__Ltext0                         text0         00000
__Ltext1                         text1         00000
__Ltext10                        text10        00000
__Ltext11                        text11        00000
__Ltext12                        text12        00000
__Ltext13                        text13        00000
__Ltext14                        text14        00000
__Ltext15                        text15        00000
__Ltext17                        text17        00000
__Ltext2                         text2         00000
__Ltext3                         text3         00000
__Ltext4                         text4         00000
__Ltext5                         text5         00000
__Ltext6                         text6         00000
__Ltext7                         text7         00000
__Ltext8                         text8         00000
__Ltext9                         text9         00000
__S0                             (abs)         20000
__S1                             (abs)         002C8
__S2                             (abs)         00000
___inthi_sp                      stack         00000
___intlo_sp                      stack         00000
___param_bank                    (abs)         00010
___rparam_used                   (abs)         00001
___sp                            stack         00000
__accesstop                      (abs)         00060
__activetblptr                   (abs)         00003
__end_of_ISR                     intcode       000A8
__end_of_OSC_init                text7         01016
__end_of_ST7032_ISR              text17        1071A
__end_of_ST7032_clear            text6         10726
__end_of_ST7032_command          text13        105AA
__end_of_ST7032_cursor           text12        10702
__end_of_ST7032_init             text4         10436
__end_of_ST7032_put              text11        10556
__end_of_ST7032_puts             text10        10670
__end_of_ST7032_task             text8         1012A
__end_of_USB_CD_Ptr              mediumconst   0FE81
__end_of_USB_SD_Ptr              mediumconst   0FE7F
__end_of__initialization         cinit         104F8
__end_of_configDescriptor1       mediumconst   0FEC4
__end_of_device_dsc              mediumconst   0FF5A
__end_of_dpowers                 mediumconst   0FE79
__end_of_main                    text0         104A8
__end_of_main_init               text1         106A2
__end_of_ringbuf_init            text5         105F8
__end_of_ringbuf_num             text15        10202
__end_of_ringbuf_pop             text9         10380
__end_of_ringbuf_put             text14        102C6
__end_of_sd000                   mediumconst   0FF5E
__end_of_sd001                   mediumconst   0FEF8
__end_of_sd002                   mediumconst   0FF2C
__end_of_timer0_init             text3         106D2
__end_of_timer1_init             text2         1063C
__end_of_weekday_3char           mediumconst   0FF48
__initialization                 cinit         104A8
__mediumconst                    mediumconst   0FE6E
__pbssBANK0                      bssBANK0      00060
__pbssBANK1                      bssBANK1      00100
__pbssBANK2                      bssBANK2      00200
__pbssCOMRAM                     bssCOMRAM     00001
__pcinit                         cinit         104A8
__pcstackBANK0                   cstackBANK0   000FB
__pcstackBANK1                   cstackBANK1   001CB
__pcstackCOMRAM                  cstackCOMRAM  0003A
__pdataBANK0                     dataBANK0     000F6
__pidataBANK0                    idataBANK0    01000
__pintcode                       intcode       00008
__pmediumconst                   mediumconst   0FE6E
__ptext0                         text0         10436
__ptext1                         text1         10670
__ptext10                        text10        1063C
__ptext11                        text11        10502
__ptext12                        text12        106D2
__ptext13                        text13        10556
__ptext14                        text14        10202
__ptext15                        text15        1012A
__ptext17                        text17        10702
__ptext2                         text2         105F8
__ptext3                         text3         106A2
__ptext4                         text4         10380
__ptext5                         text5         105AA
__ptext6                         text6         1071A
__ptext7                         text7         01008
__ptext8                         text8         10000
__ptext9                         text9         102C6
__ramtop                         ramtop        00F00
__size_of_ISR                    (abs)         00000
__size_of_OSC_init               (abs)         00000
__size_of_ST7032_ISR             (abs)         00000
__size_of_ST7032_clear           (abs)         00000
__size_of_ST7032_command         (abs)         00000
__size_of_ST7032_cursor          (abs)         00000
__size_of_ST7032_init            (abs)         00000
__size_of_ST7032_put             (abs)         00000
__size_of_ST7032_puts            (abs)         00000
__size_of_ST7032_task            (abs)         00000
__size_of_main                   (abs)         00000
__size_of_main_init              (abs)         00000
__size_of_ringbuf_init           (abs)         00000
__size_of_ringbuf_num            (abs)         00000
__size_of_ringbuf_pop            (abs)         00000
__size_of_ringbuf_put            (abs)         00000
__size_of_timer0_init            (abs)         00000
__size_of_timer1_init            (abs)         00000
__smallconst                     smallconst    00000
_cdc_data_rx                     bssBANK1      00100
_cdc_data_tx                     bssBANK1      00140
_cdc_mem_type                    bssCOMRAM     00027
_cdc_notice                      bssBANK0      00060
_cdc_rx_len                      bssCOMRAM     00028
_cdc_trf_state                   bssCOMRAM     00029
_cdc_tx_len                      bssCOMRAM     0002A
_configDescriptor1               mediumconst   0FE81
_controlTransferState            bssCOMRAM     0002B
_control_signal_bitmap           bssBANK0      00091
_device_dsc                      mediumconst   0FF48
_dpowers                         mediumconst   0FE6F
_dummy_encapsulated_cmd_response bssBANK0      000BD
_endpoint_number                 bssCOMRAM     0002C
_ep_data_in                      bssBANK0      00078
_ep_data_out                     bssBANK0      0007B
_inPipes                         bssCOMRAM     0000A
_lcd_tx                          bssCOMRAM     00030
_line_coding                     bssBANK0      000ED
_main                            text0         10436
_main_init                       text1         10670
_ms                              bssBANK0      00074
_now                             bssBANK0      000AF
_one_second_flag                 bssCOMRAM     0002D
_outPipes                        bssCOMRAM     00001
_pBDTEntryEP0OutCurrent          bssCOMRAM     00018
_pBDTEntryEP0OutNext             bssCOMRAM     0001A
_pBDTEntryIn                     bssCOMRAM     00010
_pBDTEntryOut                    bssBANK0      0006A
_pCDCDst                         bssBANK0      0007E
_pCDCSrc                         bssBANK0      00081
_pDst                            bssBANK0      0008A
_ringbuf_init                    text5         105AA
_ringbuf_num                     text15        1012A
_ringbuf_pop                     text9         102C6
_ringbuf_put                     text14        10202
_sd000                           mediumconst   0FF5A
_sd001                           mediumconst   0FEC4
_sd002                           mediumconst   0FEF8
_shortPacketStatus               bssCOMRAM     0002E
_st7032_flag                     bssCOMRAM     0002F
_st7032_state                    bssBANK0      00092
_time_change_flag                bssBANK0      00093
_timer0_init                     text3         106A2
_timer1_init                     text2         105F8
_uart_rx                         bssBANK0      000C5
_uart_tx                         bssBANK0      000CD
_usb_rx                          bssBANK0      000D5
_usb_tx                          bssBANK0      000DD
_weekday_3char                   mediumconst   0FF2C
btemp                            temp          00050
end_of_initialization            cinit         104F8
epoch_to_caltime@day_cache       bssBANK0      0008C
epoch_to_caltime@month_cache     dataBANK0     000FA
epoch_to_caltime@year_cache      bssBANK0      00094
int$flags                        temp          00050
intlevel0                        text          00000
intlevel1                        text          00000
intlevel2                        text          00000
intlevel3                        text          00000
millis_timer@cnt                 bssBANK0      0008E
ringbuf_init@bufsize             cstackCOMRAM  0004D
ringbuf_init@internal_buf        cstackCOMRAM  0004B
ringbuf_init@rb                  cstackCOMRAM  00049
ringbuf_num@rb                   cstackCOMRAM  00049
ringbuf_pop@rb                   cstackCOMRAM  0004B
ringbuf_pop@ret                  cstackCOMRAM  0004D
ringbuf_put@asciicode            cstackCOMRAM  0004D
ringbuf_put@rb                   cstackCOMRAM  0004B
stackhi                          (abs)         00CFF
stacklo                          (abs)         002C8
start                            init          000A8
start_initialization             cinit         104A8
terminal_task@command            bssBANK0      000E5
terminal_task@command_init       bssBANK0      00095
terminal_task@op0                bssBANK0      00096
terminal_task@op1                bssBANK1      00180
terminal_task@op2                bssBANK1      00199
terminal_task@op3                bssBANK1      001B2
timer0_init@prescaler            cstackCOMRAM  0004A
timer1_init@clock_select         cstackCOMRAM  00049
timer1_init@prescaler            cstackCOMRAM  0004B


FUNCTION INFORMATION:

 *************** function _main *****************
 Defined at:
		line 57 in file "main.c"
 Parameters:    Size  Location     Type
		None
 Auto vars:     Size  Location     Type
		None
 Return value:  Size  Location     Type
                  2  1394[None  ] int 
 Registers used:
		wreg, fsr1l, fsr1h, fsr2l, fsr2h, status,2, status,0, tblptrl, tblptrh, tblptru, prodl, prodh, cstack
 Tracked objects:
		On entry : 
		On exit  : 
		Unchanged: 
 Data sizes:     COMRAM   BANK0   BANK1   BANK2   BANK3   BANK4   BANK5   BANK6   BANK7   BANK8   BANK9  BANK10  BANK11  BANK12  BANK13  BANK14
      Params:         0       0       0       0       0       0       0       0       0       0       0       0       0       0       0       0
      Locals:         0       0       0       0       0       0       0       0       0       0       0       0       0       0       0       0
      Temps:          0       0       1       0       0       0       0       0       0       0       0       0       0       0       0       0
      Totals:         0       0       1       0       0       0       0       0       0       0       0       0       0       0       0       0
Total ram usage:        1 bytes
 Hardware stack levels required when called:    8
 This function calls:
		_ST7032_clear
		_ST7032_cursor
		_ST7032_puts
		_ST7032_task
		_main_init
 This function is called by:
		Startup code after reset
 This function uses a non-reentrant model


 *************** function _main_init *****************
 Defined at:
		line 43 in file "main.c"
 Parameters:    Size  Location     Type
		None
 Auto vars:     Size  Location     Type
		None
 Return value:  Size  Location     Type
		None               void
 Registers used:
		wreg, fsr1l, fsr1h, fsr2l, fsr2h, status,2, status,0, cstack
 Tracked objects:
		On entry : 
		On exit  : 
		Unchanged: 
 Data sizes:     COMRAM   BANK0   BANK1   BANK2   BANK3   BANK4   BANK5   BANK6   BANK7   BANK8   BANK9  BANK10  BANK11  BANK12  BANK13  BANK14
      Params:         0       0       0       0       0       0       0       0       0       0       0       0       0       0       0       0
      Locals:         0       0       0       0       0       0       0       0       0       0       0       0       0       0       0       0
      Temps:          0       0       0       0       0       0       0       0       0       0       0       0       0       0       0       0
      Totals:         0       0       0       0       0       0       0       0       0       0       0       0       0       0       0       0
Total ram usage:        0 bytes
 Hardware stack levels used:    1
 Hardware stack levels required when called:    7
 This function calls:
		_OSC_init
		_ST7032_init
		_timer0_init
		_timer1_init
 This function is called by:
		_main
 This function uses a non-reentrant model


 *************** function _timer1_init *****************
 Defined at:
		line 70 in file "../My_library/My_PIC.c"
 Parameters:    Size  Location     Type
  prescaler       1    wreg     unsigned char 
  clock_select    1   15[COMRAM] unsigned char 
 Auto vars:     Size  Location     Type
  prescaler       1   17[COMRAM] unsigned char 
 Return value:  Size  Location     Type
		None               void
 Registers used:
		wreg, status,2, status,0
 Tracked objects:
		On entry : 
		On exit  : 
		Unchanged: 
 Data sizes:     COMRAM   BANK0   BANK1   BANK2   BANK3   BANK4   BANK5   BANK6   BANK7   BANK8   BANK9  BANK10  BANK11  BANK12  BANK13  BANK14
      Params:         1       0       0       0       0       0       0       0       0       0       0       0       0       0       0       0
      Locals:         1       0       0       0       0       0       0       0       0       0       0       0       0       0       0       0
      Temps:          1       0       0       0       0       0       0       0       0       0       0       0       0       0       0       0
      Totals:         3       0       0       0       0       0       0       0       0       0       0       0       0       0       0       0
Total ram usage:        3 bytes
 Hardware stack levels used:    1
 Hardware stack levels required when called:    2
 This function calls:
		Nothing
 This function is called by:
		_main_init
 This function uses a non-reentrant model


 *************** function _timer0_init *****************
 Defined at:
		line 34 in file "../My_library/My_PIC.c"
 Parameters:    Size  Location     Type
  prescaler       1    wreg     unsigned char 
 Auto vars:     Size  Location     Type
  prescaler       1   16[COMRAM] unsigned char 
 Return value:  Size  Location     Type
		None               void
 Registers used:
		wreg, status,2, status,0
 Tracked objects:
		On entry : 
		On exit  : 
		Unchanged: 
 Data sizes:     COMRAM   BANK0   BANK1   BANK2   BANK3   BANK4   BANK5   BANK6   BANK7   BANK8   BANK9  BANK10  BANK11  BANK12  BANK13  BANK14
      Params:         0       0       0       0       0       0       0       0       0       0       0       0       0       0       0       0
      Locals:         1       0       0       0       0       0       0       0       0       0       0       0       0       0       0       0
      Temps:          1       0       0       0       0       0       0       0       0       0       0       0       0       0       0       0
      Totals:         2       0       0       0       0       0       0       0       0       0       0       0       0       0       0       0
Total ram usage:        2 bytes
 Hardware stack levels used:    1
 Hardware stack levels required when called:    2
 This function calls:
		Nothing
 This function is called by:
		_main_init
 This function uses a non-reentrant model


 *************** function _ST7032_init *****************
 Defined at:
		line 62 in file "../My_library/My_ST7032.c"
 Parameters:    Size  Location     Type
		None
 Auto vars:     Size  Location     Type
		None
 Return value:  Size  Location     Type
		None               void
 Registers used:
		wreg, fsr1l, fsr1h, fsr2l, fsr2h, status,2, status,0, cstack
 Tracked objects:
		On entry : 
		On exit  : 
		Unchanged: 
 Data sizes:     COMRAM   BANK0   BANK1   BANK2   BANK3   BANK4   BANK5   BANK6   BANK7   BANK8   BANK9  BANK10  BANK11  BANK12  BANK13  BANK14
      Params:         0       0       0       0       0       0       0       0       0       0       0       0       0       0       0       0
      Locals:         0       0       0       0       0       0       0       0       0       0       0       0       0       0       0       0
      Temps:          0       0       0       0       0       0       0       0       0       0       0       0       0       0       0       0
      Totals:         0       0       0       0       0       0       0       0       0       0       0       0       0       0       0       0
Total ram usage:        0 bytes
 Hardware stack levels used:    1
 Hardware stack levels required when called:    6
 This function calls:
		_ST7032_clear
		_ST7032_command
		_ringbuf_init
		_ringbuf_put
 This function is called by:
		_main_init
 This function uses a non-reentrant model


 *************** function _ringbuf_init *****************
 Defined at:
		line 5 in file "../My_library/My_ringbuf.c"
 Parameters:    Size  Location     Type
  rb              2   15[COMRAM] PTR struct ringbuf
		 -> lcd_tx(8), terminal_task@command(8), 
  internal_buf    2   17[COMRAM] PTR unsigned char 
		 -> ST7032_init@buf(200), terminal_task@buf(100), 
  bufsize         2   19[COMRAM] unsigned int 
 Auto vars:     Size  Location     Type
		None
 Return value:  Size  Location     Type
		None               void
 Registers used:
		wreg, fsr2l, fsr2h, status,2, status,0
 Tracked objects:
		On entry : 
		On exit  : 
		Unchanged: 
 Data sizes:     COMRAM   BANK0   BANK1   BANK2   BANK3   BANK4   BANK5   BANK6   BANK7   BANK8   BANK9  BANK10  BANK11  BANK12  BANK13  BANK14
      Params:         6       0       0       0       0       0       0       0       0       0       0       0       0       0       0       0
      Locals:         0       0       0       0       0       0       0       0       0       0       0       0       0       0       0       0
      Temps:          0       0       0       0       0       0       0       0       0       0       0       0       0       0       0       0
      Totals:         6       0       0       0       0       0       0       0       0       0       0       0       0       0       0       0
Total ram usage:        6 bytes
 Hardware stack levels used:    1
 Hardware stack levels required when called:    2
 This function calls:
		Nothing
 This function is called by:
		_ST7032_init
		_terminal_task
 This function uses a non-reentrant model


 *************** function _ST7032_clear *****************
 Defined at:
		line 26 in file "../My_library/My_ST7032.c"
 Parameters:    Size  Location     Type
		None
 Auto vars:     Size  Location     Type
		None
 Return value:  Size  Location     Type
		None               void
 Registers used:
		wreg, fsr1l, fsr1h, fsr2l, fsr2h, status,2, status,0, cstack
 Tracked objects:
		On entry : 
		On exit  : 
		Unchanged: 
 Data sizes:     COMRAM   BANK0   BANK1   BANK2   BANK3   BANK4   BANK5   BANK6   BANK7   BANK8   BANK9  BANK10  BANK11  BANK12  BANK13  BANK14
      Params:         0       0       0       0       0       0       0       0       0       0       0       0       0       0       0       0
      Locals:         0       0       0       0       0       0       0       0       0       0       0       0       0       0       0       0
      Temps:          0       0       0       0       0       0       0       0       0       0       0       0       0       0       0       0
      Totals:         0       0       0       0       0       0       0       0       0       0       0       0       0       0       0       0
Total ram usage:        0 bytes
 Hardware stack levels used:    1
 Hardware stack levels required when called:    5
 This function calls:
		_ST7032_command
 This function is called by:
		_ST7032_init
		_main
 This function uses a non-reentrant model


 *************** function _OSC_init *****************
 Defined at:
		line 8 in file "../My_library/My_PIC.c"
 Parameters:    Size  Location     Type
		None
 Auto vars:     Size  Location     Type
		None
 Return value:  Size  Location     Type
		None               void
 Registers used:
		wreg, status,2
 Tracked objects:
		On entry : 
		On exit  : 
		Unchanged: 
 Data sizes:     COMRAM   BANK0   BANK1   BANK2   BANK3   BANK4   BANK5   BANK6   BANK7   BANK8   BANK9  BANK10  BANK11  BANK12  BANK13  BANK14
      Params:         0       0       0       0       0       0       0       0       0       0       0       0       0       0       0       0
      Locals:         0       0       0       0       0       0       0       0       0       0       0       0       0       0       0       0
      Temps:          0       0       0       0       0       0       0       0       0       0       0       0       0       0       0       0
      Totals:         0       0       0       0       0       0       0       0       0       0       0       0       0       0       0       0
Total ram usage:        0 bytes
 Hardware stack levels used:    1
 Hardware stack levels required when called:    2
 This function calls:
		Nothing
 This function is called by:
		_main_init
 This function uses a non-reentrant model


 *************** function _ST7032_task *****************
 Defined at:
		line 102 in file "../My_library/My_ST7032.c"
 Parameters:    Size  Location     Type
		None
 Auto vars:     Size  Location     Type
  data            1    4[BANK0 ] unsigned char 
 Return value:  Size  Location     Type
		None               void
 Registers used:
		wreg, fsr1l, fsr1h, fsr2l, fsr2h, status,2, status,0, cstack
 Tracked objects:
		On entry : 
		On exit  : 
		Unchanged: 
 Data sizes:     COMRAM   BANK0   BANK1   BANK2   BANK3   BANK4   BANK5   BANK6   BANK7   BANK8   BANK9  BANK10  BANK11  BANK12  BANK13  BANK14
      Params:         0       0       0       0       0       0       0       0       0       0       0       0       0       0       0       0
      Locals:         0       1       0       0       0       0       0       0       0       0       0       0       0       0       0       0
      Temps:          2       0       0       0       0       0       0       0       0       0       0       0       0       0       0       0
      Totals:         2       1       0       0       0       0       0       0       0       0       0       0       0       0       0       0
Total ram usage:        3 bytes
 Hardware stack levels used:    1
 Hardware stack levels required when called:    4
 This function calls:
		_ringbuf_num
		_ringbuf_pop
 This function is called by:
		_main
 This function uses a non-reentrant model


 *************** function _ringbuf_pop *****************
 Defined at:
		line 45 in file "../My_library/My_ringbuf.c"
 Parameters:    Size  Location     Type
  rb              2   17[COMRAM] PTR struct ringbuf
		 -> lcd_tx(8), usb_tx(8), uart_tx(8), terminal_task@command(8), 
 Auto vars:     Size  Location     Type
  ret             1   19[COMRAM] unsigned char 
 Return value:  Size  Location     Type
                  1    wreg      unsigned char 
 Registers used:
		wreg, fsr1l, fsr1h, fsr2l, fsr2h, status,2, status,0, cstack
 Tracked objects:
		On entry : 
		On exit  : 
		Unchanged: 
 Data sizes:     COMRAM   BANK0   BANK1   BANK2   BANK3   BANK4   BANK5   BANK6   BANK7   BANK8   BANK9  BANK10  BANK11  BANK12  BANK13  BANK14
      Params:         2       0       0       0       0       0       0       0       0       0       0       0       0       0       0       0
      Locals:         1       0       0       0       0       0       0       0       0       0       0       0       0       0       0       0
      Temps:          0       4       0       0       0       0       0       0       0       0       0       0       0       0       0       0
      Totals:         3       4       0       0       0       0       0       0       0       0       0       0       0       0       0       0
Total ram usage:        7 bytes
 Hardware stack levels used:    1
 Hardware stack levels required when called:    3
 This function calls:
		_ringbuf_num
 This function is called by:
		_ST7032_task
		_terminal_task
		_UART_ISR
		_USB_task
 This function uses a non-reentrant model


 *************** function _ST7032_puts *****************
 Defined at:
		line 43 in file "../My_library/My_ST7032.c"
 Parameters:    Size  Location     Type
  s               2    6[BANK1 ] PTR const unsigned char 
		 -> STR_42(8), STR_41(9), 
 Auto vars:     Size  Location     Type
		None
 Return value:  Size  Location     Type
		None               void
 Registers used:
		wreg, fsr1l, fsr1h, fsr2l, fsr2h, status,2, status,0, tblptrl, tblptrh, tblptru, cstack
 Tracked objects:
		On entry : 
		On exit  : 
		Unchanged: 
 Data sizes:     COMRAM   BANK0   BANK1   BANK2   BANK3   BANK4   BANK5   BANK6   BANK7   BANK8   BANK9  BANK10  BANK11  BANK12  BANK13  BANK14
      Params:         0       0       2       0       0       0       0       0       0       0       0       0       0       0       0       0
      Locals:         0       0       0       0       0       0       0       0       0       0       0       0       0       0       0       0
      Temps:          0       0       0       0       0       0       0       0       0       0       0       0       0       0       0       0
      Totals:         0       0       2       0       0       0       0       0       0       0       0       0       0       0       0       0
Total ram usage:        2 bytes
 Hardware stack levels used:    1
 Hardware stack levels required when called:    5
 This function calls:
		_ST7032_put
 This function is called by:
		_main
 This function uses a non-reentrant model


 *************** function _ST7032_put *****************
 Defined at:
		line 35 in file "../My_library/My_ST7032.c"
 Parameters:    Size  Location     Type
  c               1    wreg     unsigned char 
 Auto vars:     Size  Location     Type
  c               1   20[COMRAM] unsigned char 
 Return value:  Size  Location     Type
		None               void
 Registers used:
		wreg, fsr1l, fsr1h, fsr2l, fsr2h, status,2, status,0, cstack
 Tracked objects:
		On entry : 
		On exit  : 
		Unchanged: 
 Data sizes:     COMRAM   BANK0   BANK1   BANK2   BANK3   BANK4   BANK5   BANK6   BANK7   BANK8   BANK9  BANK10  BANK11  BANK12  BANK13  BANK14
      Params:         0       0       0       0       0       0       0       0       0       0       0       0       0       0       0       0
      Locals:         1       0       0       0       0       0       0       0       0       0       0       0       0       0       0       0
      Temps:          0       0       0       0       0       0       0       0       0       0       0       0       0       0       0       0
      Totals:         1       0       0       0       0       0       0       0       0       0       0       0       0       0       0       0
Total ram usage:        1 bytes
 Hardware stack levels used:    1
 Hardware stack levels required when called:    4
 This function calls:
		_ringbuf_put
 This function is called by:
		_ST7032_puts
 This function uses a non-reentrant model


 *************** function _ST7032_cursor *****************
 Defined at:
		line 30 in file "../My_library/My_ST7032.c"
 Parameters:    Size  Location     Type
  col             1    wreg     unsigned char 
  row             1    4[BANK0 ] unsigned char 
 Auto vars:     Size  Location     Type
  col             1    8[BANK1 ] unsigned char 
  row_offsets     2    6[BANK1 ] unsigned char [2]
 Return value:  Size  Location     Type
		None               void
 Registers used:
		wreg, fsr1l, fsr1h, fsr2l, fsr2h, status,2, status,0, prodl, prodh, cstack
 Tracked objects:
		On entry : 
		On exit  : 
		Unchanged: 
 Data sizes:     COMRAM   BANK0   BANK1   BANK2   BANK3   BANK4   BANK5   BANK6   BANK7   BANK8   BANK9  BANK10  BANK11  BANK12  BANK13  BANK14
      Params:         0       1       0       0       0       0       0       0       0       0       0       0       0       0       0       0
      Locals:         0       0       3       0       0       0       0       0       0       0       0       0       0       0       0       0
      Temps:          0       0       0       0       0       0       0       0       0       0       0       0       0       0       0       0
      Totals:         0       1       3       0       0       0       0       0       0       0       0       0       0       0       0       0
Total ram usage:        4 bytes
 Hardware stack levels used:    1
 Hardware stack levels required when called:    5
 This function calls:
		_ST7032_command
 This function is called by:
		_main
 This function uses a non-reentrant model


 *************** function _ST7032_command *****************
 Defined at:
		line 18 in file "../My_library/My_ST7032.c"
 Parameters:    Size  Location     Type
  command         1    wreg     unsigned char 
  wait            1   20[COMRAM] unsigned char 
 Auto vars:     Size  Location     Type
  command         1   21[COMRAM] unsigned char 
 Return value:  Size  Location     Type
		None               void
 Registers used:
		wreg, fsr1l, fsr1h, fsr2l, fsr2h, status,2, status,0, cstack
 Tracked objects:
		On entry : 
		On exit  : 
		Unchanged: 
 Data sizes:     COMRAM   BANK0   BANK1   BANK2   BANK3   BANK4   BANK5   BANK6   BANK7   BANK8   BANK9  BANK10  BANK11  BANK12  BANK13  BANK14
      Params:         1       0       0       0       0       0       0       0       0       0       0       0       0       0       0       0
      Locals:         1       0       0       0       0       0       0       0       0       0       0       0       0       0       0       0
      Temps:          0       0       0       0       0       0       0       0       0       0       0       0       0       0       0       0
      Totals:         2       0       0       0       0       0       0       0       0       0       0       0       0       0       0       0
Total ram usage:        2 bytes
 Hardware stack levels used:    1
 Hardware stack levels required when called:    4
 This function calls:
		_ringbuf_put
 This function is called by:
		_ST7032_clear
		_ST7032_cursor
		_ST7032_init
 This function uses a non-reentrant model


 *************** function _ringbuf_put *****************
 Defined at:
		line 20 in file "../My_library/My_ringbuf.c"
 Parameters:    Size  Location     Type
  rb              2   17[COMRAM] PTR struct ringbuf
		 -> lcd_tx(8), usb_rx(8), uart_rx(8), terminal_task@command(8), 
  asciicode       1   19[COMRAM] unsigned char 
 Auto vars:     Size  Location     Type
		None
 Return value:  Size  Location     Type
		None               void
 Registers used:
		wreg, fsr1l, fsr1h, fsr2l, fsr2h, status,2, status,0, cstack
 Tracked objects:
		On entry : 
		On exit  : 
		Unchanged: 
 Data sizes:     COMRAM   BANK0   BANK1   BANK2   BANK3   BANK4   BANK5   BANK6   BANK7   BANK8   BANK9  BANK10  BANK11  BANK12  BANK13  BANK14
      Params:         3       0       0       0       0       0       0       0       0       0       0       0       0       0       0       0
      Locals:         0       0       0       0       0       0       0       0       0       0       0       0       0       0       0       0
      Temps:          0       4       0       0       0       0       0       0       0       0       0       0       0       0       0       0
      Totals:         3       4       0       0       0       0       0       0       0       0       0       0       0       0       0       0
Total ram usage:        7 bytes
 Hardware stack levels used:    1
 Hardware stack levels required when called:    3
 This function calls:
		_ringbuf_num
 This function is called by:
		_ST7032_command
		_ST7032_put
		_ST7032_init
		_ringbuf_put_num
		_ringbuf_put_str
		_terminal_task
		_UART_ISR
		_USB_task
		_ST7032_create_char
 This function uses a non-reentrant model


 *************** function _ringbuf_num *****************
 Defined at:
		line 12 in file "../My_library/My_ringbuf.c"
 Parameters:    Size  Location     Type
  rb              2   15[COMRAM] PTR struct ringbuf
		 -> lcd_tx(8), usb_tx(8), usb_rx(8), uart_rx(8), 
		 -> uart_tx(8), terminal_task@command(8), 
 Auto vars:     Size  Location     Type
		None
 Return value:  Size  Location     Type
                  2   15[COMRAM] unsigned int 
 Registers used:
		wreg, fsr1l, fsr1h, fsr2l, fsr2h, status,2, status,0
 Tracked objects:
		On entry : 
		On exit  : 
		Unchanged: 
 Data sizes:     COMRAM   BANK0   BANK1   BANK2   BANK3   BANK4   BANK5   BANK6   BANK7   BANK8   BANK9  BANK10  BANK11  BANK12  BANK13  BANK14
      Params:         2       0       0       0       0       0       0       0       0       0       0       0       0       0       0       0
      Locals:         0       0       0       0       0       0       0       0       0       0       0       0       0       0       0       0
      Temps:          0       0       6       0       0       0       0       0       0       0       0       0       0       0       0       0
      Totals:         2       0       6       0       0       0       0       0       0       0       0       0       0       0       0       0
Total ram usage:        8 bytes
 Hardware stack levels used:    1
 Hardware stack levels required when called:    2
 This function calls:
		Nothing
 This function is called by:
		_ringbuf_put
		_ringbuf_pop
		_ST7032_task
		_ringbuf_backspace
		_terminal_task
		_UART_ISR
		_UART_task
		_USB_task
 This function uses a non-reentrant model


 *************** function _ISR *****************
 Defined at:
		line 33 in file "main.c"
 Parameters:    Size  Location     Type
		None
 Auto vars:     Size  Location     Type
		None
 Return value:  Size  Location     Type
		None               void
 Registers used:
		wreg, status,2, status,0, cstack
 Tracked objects:
		On entry : 
		On exit  : 
		Unchanged: 
 Data sizes:     COMRAM   BANK0   BANK1   BANK2   BANK3   BANK4   BANK5   BANK6   BANK7   BANK8   BANK9  BANK10  BANK11  BANK12  BANK13  BANK14
      Params:         0       0       0       0       0       0       0       0       0       0       0       0       0       0       0       0
      Locals:         0       0       0       0       0       0       0       0       0       0       0       0       0       0       0       0
      Temps:         15       0       0       0       0       0       0       0       0       0       0       0       0       0       0       0
      Totals:        15       0       0       0       0       0       0       0       0       0       0       0       0       0       0       0
Total ram usage:       15 bytes
 Hardware stack levels used:    1
 Hardware stack levels required when called:    1
 This function calls:
		_ST7032_ISR
 This function is called by:
		Interrupt level 2
 This function uses a non-reentrant model


 *************** function _ST7032_ISR *****************
 Defined at:
		line 92 in file "../My_library/My_ST7032.c"
 Parameters:    Size  Location     Type
		None
 Auto vars:     Size  Location     Type
		None
 Return value:  Size  Location     Type
		None               void
 Registers used:
		wreg, status,2
 Tracked objects:
		On entry : 
		On exit  : 
		Unchanged: 
 Data sizes:     COMRAM   BANK0   BANK1   BANK2   BANK3   BANK4   BANK5   BANK6   BANK7   BANK8   BANK9  BANK10  BANK11  BANK12  BANK13  BANK14
      Params:         0       0       0       0       0       0       0       0       0       0       0       0       0       0       0       0
      Locals:         0       0       0       0       0       0       0       0       0       0       0       0       0       0       0       0
      Temps:          0       0       0       0       0       0       0       0       0       0       0       0       0       0       0       0
      Totals:         0       0       0       0       0       0       0       0       0       0       0       0       0       0       0       0
Total ram usage:        0 bytes
 Hardware stack levels used:    1
 This function calls:
		Nothing
 This function is called by:
		_ISR
 This function uses a non-reentrant model



MODULE INFORMATION

Module		Function		Class		Link	Load	Size
../My_library/My_ringbuf.c
		_ringbuf_num   		CODE           	1012A	0000	217
		_ringbuf_pop   		CODE           	102C6	0000	187
		_ringbuf_put   		CODE           	10202	0000	197
		_ringbuf_init  		CODE           	105AA	0000	79

../My_library/My_ringbuf.c estimated size: 680

../My_library/My_PIC.c
		_timer0_init   		CODE           	106A2	0000	49
		_timer1_init   		CODE           	105F8	0000	69
		_OSC_init      		CODE           	1008	0000	15

../My_library/My_PIC.c estimated size: 133

shared
		_weekday_3char 		MEDIUMCONST    	FF2C	0000	29
		_configDescriptor1		MEDIUMCONST    	FE81	0000	68
		_USB_CD_Ptr    		MEDIUMCONST    	FE7F	0000	3
		_sd001         		MEDIUMCONST    	FEC4	0000	53
		_sd002         		MEDIUMCONST    	FEF8	0000	53
		_dpowers       		MEDIUMCONST    	FE6F	0000	11
		__initialization		CODE           	104A8	0000	81
		_device_dsc    		MEDIUMCONST    	FF48	0000	19
		_USB_SD_Ptr    		MEDIUMCONST    	FE79	0000	7
		_sd000         		MEDIUMCONST    	FF5A	0000	5

shared estimated size: 329

../My_library/My_ST7032.c
		_ST7032_ISR    		CODE           	10702	0000	25
		_ST7032_put    		CODE           	10502	0000	85
		_ST7032_task   		CODE           	10000	0000	299
		_ST7032_init   		CODE           	10380	0000	183
		_ST7032_puts   		CODE           	1063C	0000	53
		_ST7032_clear  		CODE           	1071A	0000	13
		_ST7032_cursor 		CODE           	106D2	0000	49
		_ST7032_command		CODE           	10556	0000	85

../My_library/My_ST7032.c estimated size: 792

main.c
		_ISR           		CODE           	0008	0000	161
		_main          		CODE           	10436	0000	115
		_main_init     		CODE           	10670	0000	51

main.c estimated size: 327

