Microchip MPLAB XC8 Compiler V1.35 ()

Linker command line:

--edf=C:\Program Files (x86)\Microchip\xc8\v1.35\dat\en_msgs.txt -cs \
  -h+dist/default/production\PIC18F27J53-I2C_LCD_new01.X.production.sym \
  --cmf=dist/default/production\PIC18F27J53-I2C_LCD_new01.X.production.cmf \
  -z -Q18F27J53 -oC:\Users\KERIKU~1\AppData\Local\Temp\s6vk.2 \
  -Mdist/default/production/PIC18F27J53-I2C_LCD_new01.X.production.map -E1 \
  -ver=XC8 -ASTACK=0D40h-0eafh -pstack=STACK \
  -ACODE=01000h-01005h,01008h-01015h,01018h-01FFF7h \
  -ACONST=01000h-01005h,01008h-01015h,01018h-01FFF7h \
  -ASMALLCONST=01000h-01005h,01008h-01015h,01018h-010FFh,01100h-011FFhx494,01FF00h-01FFF7h \
  -AMEDIUMCONST=01000h-01005h,01008h-01015h,01018h-0FFFFh,010F00h-01FFF7h \
  -ACOMRAM=01h-05Fh -AABS1=00h-0EAFh -ABIGRAM=01h-0EAFh \
  -ARAM=060h-0FFh,0100h-01FFhx13,0E00h-0EAFh -ABANK0=060h-0FFh \
  -ABANK1=0100h-01FFh -ABANK2=0200h-02FFh -ABANK3=0300h-03FFh \
  -ABANK4=0400h-04FFh -ABANK5=0500h-05FFh -ABANK6=0600h-06FFh \
  -ABANK7=0700h-07FFh -ABANK8=0800h-08FFh -ABANK9=0900h-09FFh \
  -ABANK10=0A00h-0AFFh -ABANK11=0B00h-0BFFh -ABANK12=0C00h-0CFFh \
  -ABANK13=0D00h-0DFFh -ABANK14=0E00h-0EAFh \
  -ASFR=0EB0h-0EFFh,0F00h-0F5Fh,0F60h-0FFFh \
  -preset_vec=01000h,intcode=01008h,intcodelo,powerup,init,end_init \
  -pramtop=0F00h -psmallconst=SMALLCONST -pmediumconst=MEDIUMCONST \
  -pconst=CONST -AFARRAM=00h-00h -ACONFIG=01FFF8h-01FFFFh -pconfig=CONFIG \
  -pjflash_buffer=01F800h \
  -prdata=COMRAM,nvrram=COMRAM,nvbit=COMRAM,rbss=COMRAM,rbit=COMRAM \
  -pfarbss=FARRAM,fardata=FARRAM,nvFARRAM=FARRAM \
  -pintsave_regs=BIGRAM,bigbss=BIGRAM,bigdata=BIGRAM -pbss=RAM \
  -pidata=CODE,irdata=CODE,ibigdata=CODE,ifardata=CODE -prparam=COMRAM \
  C:\Users\KERIKU~1\AppData\Local\Temp\s6vk.obj \
  dist/default/production\PIC18F27J53-I2C_LCD_new01.X.production.obj 

Object code version is 3.11

Machine type is 18F27J53

Call graph: (short form)




                Name                               Link     Load   Length Selector   Space Scale
C:\Users\KERIKU~1\AppData\Local\Temp\s6vk.obj
                end_init                           10BC     10BC        4      804       0
                reset_vec                          1000     1000        4      800       0
                config                            1FFF8    1FFF8        8    1FFF8       0
dist/default/production\PIC18F27J53-I2C_LCD_new01.X.production.obj
                intcode                            1008     1008       B4      804       0
                temp                                 5B       5B        1        1       1
                mediumconst                        FD68     FD68      298     7EB4       0
                text100                           14584    14584       1A     8000       0
                text99                            13016    13016       BC     8000       0
                text98                            133AC    133AC       AC     8000       0
                text97                            13246    13246       B6     8000       0
                text96                            1409C    1409C       4A     8000       0
                text95                            12AB2    12AB2       D2     8000       0
                text94                            1318C    1318C       BA     8000       0
                text93                            12D1E    12D1E       C2     8000       0
                text92                            11C6A    11C6A      10C     8000       0
                text91                            13EF8    13EF8       5C     8000       0
                text90                            1363C    1363C       94     8000       0
                text89                            1412C    1412C       3C     8000       0
                text88                            130D2    130D2       BA     8000       0
                text87                            13BD2    13BD2       6E     8000       0
                text86                            132FC    132FC       B0     8000       0
                text85                            1431A    1431A       2E     8000       0
                text84                            10DFE    10DFE      288     8000       0
                text83                            11B38    11B38      132     8000       0
                text82                            13458    13458       AA     8000       0
                text81                            143CC    143CC       2C     8000       0
                text80                            124D4    124D4       DC     8000       0
                text79                            125B0    125B0       DA     8000       0
                text78                            135A4    135A4       98     8000       0
                text77                            11F72    11F72       F0     8000       0
                text76                            13980    13980       82     8000       0
                text75                            12B84    12B84       CE     8000       0
                text74                            140E6    140E6       46     8000       0
                text73                            143A0    143A0       2C     8000       0
                text72                            142E8    142E8       32     8000       0
                text71                            119FE    119FE      13A     8000       0
                text70                            118B4    118B4      14A     8000       0
                text69                            145BA    145BA        6     8000       0
                text67                            144F8    144F8       20     8000       0
                text66                            12F5A    12F5A       BC     8000       0
                text65                            13A7A    13A7A       76     8000       0
                text64                            13502    13502       A2     8000       0
                text63                            123F6    123F6       DE     8000       0
                text62                            10B70    10B70      28E     8000       0
                text61                            1456A    1456A       1A     8000       0
                text60                            141A2    141A2       3A     8000       0
                text59                            12062    12062       EE     8000       0
                text58                            1290C    1290C       D4     8000       0
                text57                            13B62    13B62       70     8000       0
                text56                            142B6    142B6       32     8000       0
                text55                            13AF0    13AF0       72     8000       0
                text54                            13F54    13F54       58     8000       0
                text53                            12C52    12C52       CC     8000       0
                text52                            1175C    1175C      158     8000       0
                text51                            144D8    144D8       20     8000       0
                text50                            1268A    1268A       D8     8000       0
                text49                            1148C    1148C      178     8000       0
                text48                            12150    12150       EA     8000       0
                text47                            14534    14534       1C     8000       0
                text46                            14050    14050       4C     8000       0
                text45                            144B8    144B8       20     8000       0
                text44                            14374    14374       2C     8000       0
                text43                            1375E    1375E       8E     8000       0
                text42                            13A02    13A02       78     8000       0
                text41                            13DDA    13DDA       62     8000       0
                text40                            1424C    1424C       36     8000       0
                text39                            143F8    143F8       2A     8000       0
                text38                            10000    10000      45A     8000       0
                text37                            13E3C    13E3C       60     8000       0
                text36                            13CAA    13CAA       6A     8000       0
                text35                            14214    14214       38     8000       0
                text34                            11086    11086      214     8000       0
                text33                            145AC    145AC        E     8000       0
                text32                            12DE0    12DE0       BE     8000       0
                text31                            14422    14422       28     8000       0
                text30                            12762    12762       D6     8000       0
                text29                            12E9E    12E9E       BC     8000       0
                text28                            12838    12838       D4     8000       0
                text27                            1129A    1129A      1F2     8000       0
                text26                            14550    14550       1A     8000       0
                text25                            13C40    13C40       6A     8000       0
                text24                            1459E    1459E        E     8000       0
                text23                            13FAC    13FAC       54     8000       0
                text22                            12318    12318       DE     8000       0
                text21                            14496    14496       22     8000       0
                text20                            141DC    141DC       38     8000       0
                text19                            14282    14282       34     8000       0
                text18                            11604    11604      158     8000       0
                text17                            14518    14518       1C     8000       0
                text16                            14168    14168       3A     8000       0
                text15                            14000    14000       50     8000       0
                text14                            14348    14348       2C     8000       0
                text13                            1223A    1223A       DE     8000       0
                text12                            136D0    136D0       8E     8000       0
                text11                            14470    14470       26     8000       0
                text10                            138FE    138FE       82     8000       0
                text9                             11E80    11E80       F2     8000       0
                text8                             13E9C    13E9C       5C     8000       0
                text7                             1444A    1444A       26     8000       0
                text6                             13D14    13D14       64     8000       0
                text5                             137EC    137EC       8C     8000       0
                text4                             13D78    13D78       62     8000       0
                text3                             1045A    1045A      3AC     8000       0
                text2                             129E0    129E0       D2     8000       0
                text1                             10806    10806      36A     8000       0
                text0                             11D76    11D76      10A     8000       0
                cstackCOMRAM                         2E       2E       2D        1       1
                cstackBANK0                          60       60       70       60       1
                cstackBANK1                         17C      17C       69      100       1
                cstackBANK3                         3C8      3C8       28      300       1
                bssBIGRAMl                          4C8      4C8      7D0      4C8       1
                bssBANK4                            400      400       C8      400       1
                bssBANK3                            300      300       C8      300       1
                bssBANK2                            200      200       E4      200       1
                dataBANK1                           1E5      1E5        5      100       1
                bssBANK1                            100      100       7C      100       1
                bssBANK0                             D0       D0        C       60       1
                bssCOMRAM                             1        1       2D        1       1
                cinit                             13878    13878       86     8000       0
                idataBANK1                        145C0    145C0        5     8000       0

TOTAL           Name                               Link     Load   Length     Space
        CLASS   STACK          

        CLASS   CODE           
                end_init                           10BC     10BC        4         0
                intcode                            1008     1008       B4         0
                reset_vec                          1000     1000        4         0
                text100                           14584    14584       1A         0
                text99                            13016    13016       BC         0
                text98                            133AC    133AC       AC         0
                text97                            13246    13246       B6         0
                text96                            1409C    1409C       4A         0
                text95                            12AB2    12AB2       D2         0
                text94                            1318C    1318C       BA         0
                text93                            12D1E    12D1E       C2         0
                text92                            11C6A    11C6A      10C         0
                text91                            13EF8    13EF8       5C         0
                text90                            1363C    1363C       94         0
                text89                            1412C    1412C       3C         0
                text88                            130D2    130D2       BA         0
                text87                            13BD2    13BD2       6E         0
                text86                            132FC    132FC       B0         0
                text85                            1431A    1431A       2E         0
                text84                            10DFE    10DFE      288         0
                text83                            11B38    11B38      132         0
                text82                            13458    13458       AA         0
                text81                            143CC    143CC       2C         0
                text80                            124D4    124D4       DC         0
                text79                            125B0    125B0       DA         0
                text78                            135A4    135A4       98         0
                text77                            11F72    11F72       F0         0
                text76                            13980    13980       82         0
                text75                            12B84    12B84       CE         0
                text74                            140E6    140E6       46         0
                text73                            143A0    143A0       2C         0
                text72                            142E8    142E8       32         0
                text71                            119FE    119FE      13A         0
                text70                            118B4    118B4      14A         0
                text69                            145BA    145BA        6         0
                text67                            144F8    144F8       20         0
                text66                            12F5A    12F5A       BC         0
                text65                            13A7A    13A7A       76         0
                text64                            13502    13502       A2         0
                text63                            123F6    123F6       DE         0
                text62                            10B70    10B70      28E         0
                text61                            1456A    1456A       1A         0
                text60                            141A2    141A2       3A         0
                text59                            12062    12062       EE         0
                text58                            1290C    1290C       D4         0
                text57                            13B62    13B62       70         0
                text56                            142B6    142B6       32         0
                text55                            13AF0    13AF0       72         0
                text54                            13F54    13F54       58         0
                text53                            12C52    12C52       CC         0
                text52                            1175C    1175C      158         0
                text51                            144D8    144D8       20         0
                text50                            1268A    1268A       D8         0
                text49                            1148C    1148C      178         0
                text48                            12150    12150       EA         0
                text47                            14534    14534       1C         0
                text46                            14050    14050       4C         0
                text45                            144B8    144B8       20         0
                text44                            14374    14374       2C         0
                text43                            1375E    1375E       8E         0
                text42                            13A02    13A02       78         0
                text41                            13DDA    13DDA       62         0
                text40                            1424C    1424C       36         0
                text39                            143F8    143F8       2A         0
                text38                            10000    10000      45A         0
                text37                            13E3C    13E3C       60         0
                text36                            13CAA    13CAA       6A         0
                text35                            14214    14214       38         0
                text34                            11086    11086      214         0
                text33                            145AC    145AC        E         0
                text32                            12DE0    12DE0       BE         0
                text31                            14422    14422       28         0
                text30                            12762    12762       D6         0
                text29                            12E9E    12E9E       BC         0
                text28                            12838    12838       D4         0
                text27                            1129A    1129A      1F2         0
                text26                            14550    14550       1A         0
                text25                            13C40    13C40       6A         0
                text24                            1459E    1459E        E         0
                text23                            13FAC    13FAC       54         0
                text22                            12318    12318       DE         0
                text21                            14496    14496       22         0
                text20                            141DC    141DC       38         0
                text19                            14282    14282       34         0
                text18                            11604    11604      158         0
                text17                            14518    14518       1C         0
                text16                            14168    14168       3A         0
                text15                            14000    14000       50         0
                text14                            14348    14348       2C         0
                text13                            1223A    1223A       DE         0
                text12                            136D0    136D0       8E         0
                text11                            14470    14470       26         0
                text10                            138FE    138FE       82         0
                text9                             11E80    11E80       F2         0
                text8                             13E9C    13E9C       5C         0
                text7                             1444A    1444A       26         0
                text6                             13D14    13D14       64         0
                text5                             137EC    137EC       8C         0
                text4                             13D78    13D78       62         0
                text3                             1045A    1045A      3AC         0
                text2                             129E0    129E0       D2         0
                text1                             10806    10806      36A         0
                text0                             11D76    11D76      10A         0
                cinit                             13878    13878       86         0
                idataBANK1                        145C0    145C0        5         0

        CLASS   CONST          

        CLASS   SMALLCONST     

        CLASS   MEDIUMCONST    
                mediumconst                        FD68     FD68      298         0

        CLASS   COMRAM         
                temp                                 5B       5B        1         1
                cstackCOMRAM                         2E       2E       2D         1
                bssCOMRAM                             1        1       2D         1

        CLASS   ABS1           
                abs_s1                              D00      D00       40         1

        CLASS   BIGRAM         
                bssBIGRAMl                          4C8      4C8      7D0         1

        CLASS   RAM            

        CLASS   BANK0          
                cstackBANK0                          60       60       70         1
                bssBANK0                             D0       D0        C         1

        CLASS   BANK1          
                cstackBANK1                         17C      17C       69         1
                dataBANK1                           1E5      1E5        5         1
                bssBANK1                            100      100       7C         1

        CLASS   BANK2          
                bssBANK2                            200      200       E4         1

        CLASS   BANK3          
                cstackBANK3                         3C8      3C8       28         1
                bssBANK3                            300      300       C8         1

        CLASS   BANK4          
                bssBANK4                            400      400       C8         1

        CLASS   BANK5          

        CLASS   BANK6          

        CLASS   BANK7          

        CLASS   BANK8          

        CLASS   BANK9          

        CLASS   BANK10         

        CLASS   BANK11         

        CLASS   BANK12         

        CLASS   BANK13         

        CLASS   BANK14         

        CLASS   SFR            

        CLASS   FARRAM         

        CLASS   CONFIG         
                config                            1FFF8    1FFF8        8         0

        CLASS   IDLOC          



SEGMENTS        Name                           Load    Length   Top    Selector   Space  Class

                bssCOMRAM                      000001  00005B  00005C         1       1  COMRAM  
                cstackBANK0                    000060  00007C  0000DC        60       1  BANK0   
                bssBANK1                       000100  0000EA  0001EA       100       1  BANK1   
                bssBANK2                       000200  0000E4  0002E4       200       1  BANK2   
                bssBANK3                       000300  0000F0  0003F0       300       1  BANK3   
                bssBANK4                       000400  0000C8  0004C8       400       1  BANK4   
                bssBIGRAMl                     0004C8  0007D0  000C98       4C8       1  BIGRAM  
                reset_vec                      001000  000004  001004       800       0  CODE    
                intcode                        001008  0000B8  0010C0       804       0  CODE    
                mediumconst                    00FD68  000298  010000      7EB4       0  MEDIUMCO
                text38                         010000  0045C5  0145C5      8000       0  CODE    
                config                         01FFF8  000008  020000     1FFF8       0  CONFIG  


UNUSED ADDRESS RANGES

        Name                Unused          Largest block    Delta
        BANK0            000DC-000FF              24
        BANK1            001EA-001FF              16
        BANK12           00C98-00CFF              68
        BANK13           00D40-00DFF              C0
        BANK14           00E00-00EAF              B0
        BANK2            002E4-002FF              1C
        BANK3            003F0-003FF              10
        BIGRAM           0005C-0005F               4
                         000DC-000FF              24
                         001EA-001FF              16
                         002E4-002FF              1C
                         003F0-003FF              10
                         00C98-00CFF              68
                         00D40-00EAF             170
        CODE             01004-01005               2
                         010C0-0FD67            ECA8
                         145C5-1FFF7            BA33
        COMRAM           0005C-0005F               4
        CONST            01004-01005               2
                         010C0-0FD67            ECA8
                         145C5-1FFF7            BA33
        FARRAM           00000-00000               1
        MEDIUMCONST      01004-01005               2
                         010C0-0FD67            ECA8
                         145C5-1FFF7            BA33
        RAM              000DC-000FF              24
                         001EA-001FF              16
                         002E4-002FF              1C
                         003F0-003FF              10
                         00C98-00CFF              68
                         00D40-00EAF              C0
        SFR              00EB0-00FFF              60
        SMALLCONST       01004-01005               2
                         010C0-0FD67             100
                         145C5-1FFF7             100
        STACK            00D40-00EAF             170

                                  Symbol Table

?_USBTransferOnePacket                    cstackBANK0   00060
?___awdiv                                 cstackBANK0   00060
?___awmod                                 cstackBANK0   00060
?___lldiv                                 cstackBANK0   00060
?___lmul                                  cstackBANK0   0006D
?___lwdiv                                 cstackBANK0   00060
?___lwmod                                 cstackBANK0   00067
?___wmul                                  cstackBANK0   00060
?_atoi                                    cstackBANK0   00066
?_get_quot_rem                            cstackBANK0   00079
?_get_string_usb                          cstackBANK0   0006D
?_ringbuf_num                             cstackBANK0   00060
?_sprintf                                 cstackBANK0   0006C
?_strcmp                                  cstackBANK0   00060
?i2_USBTransferOnePacket                  cstackCOMRAM  0002E
?i2_ringbuf_num                           cstackCOMRAM  0002E
CDCTxService@byte_to_send                 cstackBANK0   0006B
CDCTxService@i                            cstackBANK0   0006A
I2C_LCD_SetCursor@F8620                   dataBANK1     001E5
RTCC_from_RTCC@tm                         cstackBANK0   00086
RTCC_from_caltime@tm                      cstackBANK0   0008F
RTCC_from_epoch@tm                        cstackBANK0   0008F
RTCC_task@prev_halfsec                    bssCOMRAM     0001D
RTCC_to_caltime@dumy                      cstackBANK0   00064
RTCC_to_caltime@tm                        cstackBANK0   00062
ST7032_command@command                    cstackBANK0   00070
ST7032_command@wait                       cstackBANK0   0006F
ST7032_cursor@F8592                       dataBANK1     001E7
ST7032_cursor@col                         cstackBANK0   00074
ST7032_cursor@row                         cstackBANK0   00071
ST7032_cursor@row_offsets                 cstackBANK0   00072
ST7032_init@buf                           bssBANK4      00400
ST7032_put@c                              cstackBANK0   0006F
ST7032_puts@s                             cstackBANK0   00070
ST7032_task@data                          cstackBANK0   00071
ST7032_task@st7032_state                  bssBANK1      0012D
ST7032_task@wait                          bssBANK1      00121
UART_ISR@ascii                            cstackCOMRAM  0003D
USBCBSendResume@delay_count               bssBANK1      00123
USBConfigureEndpoint@EPNum                cstackCOMRAM  00033
USBConfigureEndpoint@direction            cstackCOMRAM  0002E
USBConfigureEndpoint@handle               cstackCOMRAM  00034
USBCtrlEPService@setup_cnt                cstackCOMRAM  0004A
USBCtrlTrfInHandler@lastDTS               cstackCOMRAM  0002F
USBCtrlTrfRxService@byteToRead            cstackCOMRAM  0002F
USBCtrlTrfRxService@i                     cstackCOMRAM  0002E
USBCtrlTrfTxService@byteToSend            cstackCOMRAM  0002E
USBDeviceInit@i                           cstackBANK0   00068
USBDeviceTasks@i                          cstackCOMRAM  0004B
USBEnableEndpoint@ep                      cstackCOMRAM  00039
USBEnableEndpoint@options                 cstackCOMRAM  00036
USBEnableEndpoint@p                       cstackCOMRAM  00037
USBStdFeatureReqHandler@current_ep_data   cstackCOMRAM  00045
USBStdFeatureReqHandler@p                 cstackCOMRAM  00046
USBStdFeatureReqHandler@pUEP              cstackCOMRAM  00043
USBStdGetStatusHandler@p                  cstackCOMRAM  0002F
USBStdSetCfgHandler@i                     cstackCOMRAM  00042
USBTransferOnePacket@data                 cstackBANK0   00061
USBTransferOnePacket@dir                  cstackBANK0   00060
USBTransferOnePacket@ep                   cstackBANK0   00064
USBTransferOnePacket@handle               cstackBANK0   00065
USBTransferOnePacket@len                  cstackBANK0   00063
USB_task@data                             cstackBANK0   00076
USB_task@rx_len                           cstackBANK0   00074
USER_USB_CALLBACK_EVENT_HANDLER@event     cstackCOMRAM  0003A
USER_USB_CALLBACK_EVENT_HANDLER@pdata     cstackCOMRAM  0003C
USER_USB_CALLBACK_EVENT_HANDLER@size      cstackCOMRAM  0003E
_ADCON0bits                               (abs)         00FC2
_ADCON1bits                               (abs)         00FC1
_ADRES                                    (abs)         00FC3
_ANCON0                                   (abs)         00F48
_ANCON1                                   (abs)         00F49
_BAUDCON1bits                             (abs)         00F7E
_BCL1IF                                   (abs)         07D0B
_BDT                                      (abs)         00D00
_BaudRateGen                              bssBANK1      00110
_BothEP0OutUOWNsSet                       bssCOMRAM     0001E
_CDCDataInHandle                          bssBANK1      00125
_CDCDataOutHandle                         bssBANK0      000D0
_CDCInitEP                                text87        13BD2
_CDCTxService                             text49        1148C
_CDCTxService$2005                        cstackBANK0   00068
_CTMUCONH                                 (abs)         00FB3
_CTMUCONHbits                             (abs)         00FB3
_CTMUCONL                                 (abs)         00FB2
_CTMUCONLbits                             (abs)         00FB2
_CTMUICON                                 (abs)         00FB1
_CtrlTrfData                              (abs)         00D38
_EECON2                                   (abs)         00FA7
_INTCON2bits                              (abs)         00FF1
_INTCONbits                               (abs)         00FF2
_IPR1bits                                 (abs)         00F9F
_IPR2bits                                 (abs)         00FA2
_IPR5bits                                 (abs)         00F99
_ISR                                      intcode       01008
_LATAbits                                 (abs)         00F89
_LATB2                                    (abs)         07C52
_OSCCONbits                               (abs)         00FD3
_OSCTUNEbits                              (abs)         00F9B
_OSC_init                                 text33        145AC
_PADCFG1bits                              (abs)         00F3C
_PIE1bits                                 (abs)         00F9D
_PIE2bits                                 (abs)         00FA0
_PIE5bits                                 (abs)         00F91
_PIR1bits                                 (abs)         00F9E
_PIR2bits                                 (abs)         00FA1
_PIR5bits                                 (abs)         00F98
_RCONbits                                 (abs)         00FD0
_RCREG1                                   (abs)         00FAF
_RCSTA1bits                               (abs)         00FAC
_RTCCAL                                   (abs)         00F3E
_RTCCFGbits                               (abs)         00F3F
_RTCC_from_RTCC                           text61        1456A
_RTCC_from_caltime                        text7         1444A
_RTCC_from_epoch                          text26        14550
_RTCC_init                                text25        13C40
_RTCC_task                                text60        141A2
_RTCC_to_caltime                          text66        12F5A
_RTCVALH                                  (abs)         00F3B
_RTCVALL                                  (abs)         00F3A
_RemoteWakeup                             bssCOMRAM     0001F
_SPBRG1                                   (abs)         00FB0
_SPBRGH1                                  (abs)         00F7F
_SSP1ADD                                  (abs)         00FC8
_SSP1BUF                                  (abs)         00FC9
_SSP1CON1                                 (abs)         00FC6
_SSP1CON1bits                             (abs)         00FC6
_SSP1CON2                                 (abs)         00FC5
_SSP1CON2bits                             (abs)         00FC5
_SSP1IF                                   (abs)         07CF3
_SSP1STAT                                 (abs)         00FC7
_SSP1STATbits                             (abs)         00FC7
_ST7032_ISR                               text100       14584
_ST7032_clear                             text24        1459E
_ST7032_command                           text57        13B62
_ST7032_cursor                            text56        142B6
_ST7032_init                              text22        12318
_ST7032_put                               text55        13AF0
_ST7032_puts                              text54        13F54
_ST7032_task                              text52        1175C
_SetupPkt                                 (abs)         00D30
_T0CONbits                                (abs)         00FD5
_T1CONbits                                (abs)         00FCD
_T3CONbits                                (abs)         00F79
_T5CONbits                                (abs)         00F22
_TMR1H                                    (abs)         00FCF
_TRISA                                    (abs)         00F92
_TRISB                                    (abs)         00F93
_TRISC                                    (abs)         00F94
_TXREG1                                   (abs)         00FAE
_TXSTA1bits                               (abs)         00FAD
_UADDR                                    (abs)         00F38
_UART_ISR                                 text96        1409C
_UART_init                                text21        14496
_UART_task                                text51        144D8
_UCFG                                     (abs)         00F39
_UCON                                     (abs)         00F65
_UCONbits                                 (abs)         00F65
_UEIE                                     (abs)         00F37
_UEIR                                     (abs)         00F63
_UEP0                                     (abs)         00F26
_UEP0bits                                 (abs)         00F26
_UEP1                                     (abs)         00F27
_UIE                                      (abs)         00F36
_UIEbits                                  (abs)         00F36
_UIR                                      (abs)         00F62
_UIRbits                                  (abs)         00F62
_USBActiveConfiguration                   bssCOMRAM     0002C
_USBAlternateInterface                    bssBANK1      0017A
_USBBusIsSuspended                        bssBANK1      0012E
_USBCheckCDCRequest                       text86        132FC
_USBCheckStdRequest                       text79        125B0
_USBConfigureEndpoint                     text90        1363C
_USBCtrlEPAllowDataStage                  text78        135A4
_USBCtrlEPAllowStatusStage                text93        12D1E
_USBCtrlEPService                         text75        12B84
_USBCtrlEPServiceComplete                 text77        11F72
_USBCtrlTrfInHandler                      text94        1318C
_USBCtrlTrfOutHandler                     text91        13EF8
_USBCtrlTrfRxService                      text92        11C6A
_USBCtrlTrfSetupHandler                   text76        13980
_USBCtrlTrfTxService                      text95        12AB2
_USBDeferINDataStagePackets               bssCOMRAM     00020
_USBDeferOUTDataStagePackets              bssCOMRAM     00021
_USBDeferStatusStagePacket                bssCOMRAM     00022
_USBDeviceAttach                          text20        141DC
_USBDeviceInit                            text18        11604
_USBDeviceState                           bssCOMRAM     00023
_USBDeviceTasks                           text70        118B4
_USBEnableEndpoint                        text89        1412C
_USBStallHandler                          text74        140E6
_USBStatusStageEnabledFlag1               bssCOMRAM     00024
_USBStatusStageEnabledFlag2               bssCOMRAM     00025
_USBStatusStageTimeoutCounter             bssCOMRAM     00026
_USBStdFeatureReqHandler                  text84        10DFE
_USBStdGetDscHandler                      text83        11B38
_USBStdGetStatusHandler                   text82        13458
_USBStdSetCfgHandler                      text80        124D4
_USBSuspend                               text73        143A0
_USBTransferOnePacket                     text50        1268A
_USBWakeFromSuspend                       text72        142E8
_USB_CD_Ptr                               mediumconst   0FD79
_USB_ISR                                  text69        145BA
_USB_SD_Ptr                               mediumconst   0FD73
_USB_init                                 text17        14518
_USB_task                                 text43        1375E
_USER_USB_CALLBACK_EVENT_HANDLER          text85        1431A
_USTAT                                    (abs)         00F64
_USTATcopy                                bssCOMRAM     0002D
__CFG_ADCSEL$BIT12                        (abs)         00000
__CFG_CFGPLLEN$ON                         (abs)         00000
__CFG_CLKOEC$OFF                          (abs)         00000
__CFG_CP0$OFF                             (abs)         00000
__CFG_CPUDIV$OSC1                         (abs)         00000
__CFG_DSBOREN$OFF                         (abs)         00000
__CFG_DSWDTEN$OFF                         (abs)         00000
__CFG_DSWDTOSC$T1OSCREF                   (abs)         00000
__CFG_DSWDTPS$G2                          (abs)         00000
__CFG_FCMEN$OFF                           (abs)         00000
__CFG_IESO$OFF                            (abs)         00000
__CFG_IOL1WAY$OFF                         (abs)         00000
__CFG_LS48MHZ$SYS48X8                     (abs)         00000
__CFG_MSSP7B_EN$MSK7                      (abs)         00000
__CFG_OSC$INTOSCPLL                       (abs)         00000
__CFG_PLLDIV$2                            (abs)         00000
__CFG_RTCOSC$T1OSCREF                     (abs)         00000
__CFG_SOSCSEL$LOW                         (abs)         00000
__CFG_STVREN$OFF                          (abs)         00000
__CFG_WDTEN$OFF                           (abs)         00000
__CFG_WDTPS$1024                          (abs)         00000
__CFG_WPCFG$OFF                           (abs)         00000
__CFG_WPDIS$OFF                           (abs)         00000
__CFG_WPEND$PAGE_WPFP                     (abs)         00000
__CFG_WPFP$PAGE_127                       (abs)         00000
__CFG_XINST$OFF                           (abs)         00000
__HRAM                                    (abs)         00000
__Habs1                                   abs1          00000
__Hbank0                                  bank0         00000
__Hbank1                                  bank1         00000
__Hbank10                                 bank10        00000
__Hbank11                                 bank11        00000
__Hbank12                                 bank12        00000
__Hbank13                                 bank13        00000
__Hbank14                                 bank14        00000
__Hbank2                                  bank2         00000
__Hbank3                                  bank3         00000
__Hbank4                                  bank4         00000
__Hbank5                                  bank5         00000
__Hbank6                                  bank6         00000
__Hbank7                                  bank7         00000
__Hbank8                                  bank8         00000
__Hbank9                                  bank9         00000
__Hbigbss                                 bigbss        00000
__Hbigdata                                bigdata       00000
__Hbigram                                 bigram        00000
__Hbss                                    bss           00000
__HbssBANK0                               bssBANK0      00000
__HbssBANK1                               bssBANK1      00000
__HbssBANK2                               bssBANK2      00000
__HbssBANK3                               bssBANK3      00000
__HbssBANK4                               bssBANK4      00000
__HbssBIGRAMl                             bssBIGRAMl    00000
__HbssCOMRAM                              bssCOMRAM     00000
__Hcinit                                  cinit         00000
__Hclrtext                                clrtext       00000
__Hcomram                                 comram        00000
__Hconfig                                 config        20000
__Hconst                                  const         00000
__HcstackBANK0                            cstackBANK0   00000
__HcstackBANK1                            cstackBANK1   00000
__HcstackBANK3                            cstackBANK3   00000
__HcstackCOMRAM                           cstackCOMRAM  00000
__Hdata                                   data          00000
__HdataBANK1                              dataBANK1     00000
__Hend_init                               end_init      010C0
__Hfarbss                                 farbss        00000
__Hfardata                                fardata       00000
__Hibigdata                               ibigdata      00000
__Hidata                                  idata         00000
__HidataBANK1                             idataBANK1    00000
__Hidloc                                  idloc         00000
__Hifardata                               ifardata      00000
__Hinit                                   init          010BC
__Hintcode                                intcode       010BC
__Hintcode_body                           intcode_body  00000
__Hintcodelo                              intcodelo     010BC
__Hintentry                               intentry      00000
__Hintret                                 intret        00000
__Hintsave_regs                           intsave_regs  00000
__Hirdata                                 irdata        00000
__Hjflash_buffer                          jflash_buffer 1F800
__Hmediumconst                            mediumconst   10000
__HnvFARRAM                               nvFARRAM      00000
__Hnvbit                                  nvbit         00000
__Hnvrram                                 nvrram        00000
__Hparam                                  rparam        00000
__Hpowerup                                powerup       010BC
__Hram                                    ram           00000
__Hramtop                                 ramtop        00F00
__Hrbit                                   rbit          00000
__Hrbss                                   rbss          00000
__Hrdata                                  rdata         00000
__Hreset_vec                              reset_vec     01004
__Hrparam                                 rparam        00000
__Hsfr                                    sfr           00000
__Hsmallconst                             smallconst    00000
__Hspace_0                                (abs)         20000
__Hspace_1                                (abs)         00C98
__Hspace_2                                (abs)         00000
__Hstack                                  stack         00000
__Hstruct                                 struct        00000
__Htemp                                   temp          0005C
__Htext                                   text          00000
__Htext0                                  text0         00000
__Htext1                                  text1         00000
__Htext10                                 text10        00000
__Htext100                                text100       00000
__Htext11                                 text11        00000
__Htext12                                 text12        00000
__Htext13                                 text13        00000
__Htext14                                 text14        00000
__Htext15                                 text15        00000
__Htext16                                 text16        00000
__Htext17                                 text17        00000
__Htext18                                 text18        00000
__Htext19                                 text19        00000
__Htext2                                  text2         00000
__Htext20                                 text20        00000
__Htext21                                 text21        00000
__Htext22                                 text22        00000
__Htext23                                 text23        00000
__Htext24                                 text24        00000
__Htext25                                 text25        00000
__Htext26                                 text26        00000
__Htext27                                 text27        00000
__Htext28                                 text28        00000
__Htext29                                 text29        00000
__Htext3                                  text3         00000
__Htext30                                 text30        00000
__Htext31                                 text31        00000
__Htext32                                 text32        00000
__Htext33                                 text33        00000
__Htext34                                 text34        00000
__Htext35                                 text35        00000
__Htext36                                 text36        00000
__Htext37                                 text37        00000
__Htext38                                 text38        00000
__Htext39                                 text39        00000
__Htext4                                  text4         00000
__Htext40                                 text40        00000
__Htext41                                 text41        00000
__Htext42                                 text42        00000
__Htext43                                 text43        00000
__Htext44                                 text44        00000
__Htext45                                 text45        00000
__Htext46                                 text46        00000
__Htext47                                 text47        00000
__Htext48                                 text48        00000
__Htext49                                 text49        00000
__Htext5                                  text5         00000
__Htext50                                 text50        00000
__Htext51                                 text51        00000
__Htext52                                 text52        00000
__Htext53                                 text53        00000
__Htext54                                 text54        00000
__Htext55                                 text55        00000
__Htext56                                 text56        00000
__Htext57                                 text57        00000
__Htext58                                 text58        00000
__Htext59                                 text59        00000
__Htext6                                  text6         00000
__Htext60                                 text60        00000
__Htext61                                 text61        00000
__Htext62                                 text62        00000
__Htext63                                 text63        00000
__Htext64                                 text64        00000
__Htext65                                 text65        00000
__Htext66                                 text66        00000
__Htext67                                 text67        00000
__Htext69                                 text69        00000
__Htext7                                  text7         00000
__Htext70                                 text70        00000
__Htext71                                 text71        00000
__Htext72                                 text72        00000
__Htext73                                 text73        00000
__Htext74                                 text74        00000
__Htext75                                 text75        00000
__Htext76                                 text76        00000
__Htext77                                 text77        00000
__Htext78                                 text78        00000
__Htext79                                 text79        00000
__Htext8                                  text8         00000
__Htext80                                 text80        00000
__Htext81                                 text81        00000
__Htext82                                 text82        00000
__Htext83                                 text83        00000
__Htext84                                 text84        00000
__Htext85                                 text85        00000
__Htext86                                 text86        00000
__Htext87                                 text87        00000
__Htext88                                 text88        00000
__Htext89                                 text89        00000
__Htext9                                  text9         00000
__Htext90                                 text90        00000
__Htext91                                 text91        00000
__Htext92                                 text92        00000
__Htext93                                 text93        00000
__Htext94                                 text94        00000
__Htext95                                 text95        00000
__Htext96                                 text96        00000
__Htext97                                 text97        00000
__Htext98                                 text98        00000
__Htext99                                 text99        00000
__LRAM                                    (abs)         00001
__Labs1                                   abs1          00000
__Lbank0                                  bank0         00000
__Lbank1                                  bank1         00000
__Lbank10                                 bank10        00000
__Lbank11                                 bank11        00000
__Lbank12                                 bank12        00000
__Lbank13                                 bank13        00000
__Lbank14                                 bank14        00000
__Lbank2                                  bank2         00000
__Lbank3                                  bank3         00000
__Lbank4                                  bank4         00000
__Lbank5                                  bank5         00000
__Lbank6                                  bank6         00000
__Lbank7                                  bank7         00000
__Lbank8                                  bank8         00000
__Lbank9                                  bank9         00000
__Lbigbss                                 bigbss        00000
__Lbigdata                                bigdata       00000
__Lbigram                                 bigram        00000
__Lbss                                    bss           00000
__LbssBANK0                               bssBANK0      00000
__LbssBANK1                               bssBANK1      00000
__LbssBANK2                               bssBANK2      00000
__LbssBANK3                               bssBANK3      00000
__LbssBANK4                               bssBANK4      00000
__LbssBIGRAMl                             bssBIGRAMl    00000
__LbssCOMRAM                              bssCOMRAM     00000
__Lcinit                                  cinit         00000
__Lclrtext                                clrtext       00000
__Lcomram                                 comram        00000
__Lconfig                                 config        1FFF8
__Lconst                                  const         00000
__LcstackBANK0                            cstackBANK0   00000
__LcstackBANK1                            cstackBANK1   00000
__LcstackBANK3                            cstackBANK3   00000
__LcstackCOMRAM                           cstackCOMRAM  00000
__Ldata                                   data          00000
__LdataBANK1                              dataBANK1     00000
__Lend_init                               end_init      010BC
__Lfarbss                                 farbss        00000
__Lfardata                                fardata       00000
__Libigdata                               ibigdata      00000
__Lidata                                  idata         00000
__LidataBANK1                             idataBANK1    00000
__Lidloc                                  idloc         00000
__Lifardata                               ifardata      00000
__Linit                                   init          010BC
__Lintcode                                intcode       01008
__Lintcode_body                           intcode_body  00000
__Lintcodelo                              intcodelo     010BC
__Lintentry                               intentry      00000
__Lintret                                 intret        00000
__Lintsave_regs                           intsave_regs  00000
__Lirdata                                 irdata        00000
__Ljflash_buffer                          jflash_buffer 1F800
__Lmediumconst                            mediumconst   0FD68
__LnvFARRAM                               nvFARRAM      00000
__Lnvbit                                  nvbit         00000
__Lnvrram                                 nvrram        00000
__Lparam                                  rparam        00000
__Lpowerup                                powerup       010BC
__Lram                                    ram           00000
__Lramtop                                 ramtop        00F00
__Lrbit                                   rbit          00000
__Lrbss                                   rbss          00000
__Lrdata                                  rdata         00000
__Lreset_vec                              reset_vec     01000
__Lrparam                                 rparam        00000
__Lsfr                                    sfr           00000
__Lsmallconst                             smallconst    00000
__Lspace_0                                (abs)         00000
__Lspace_1                                (abs)         00000
__Lspace_2                                (abs)         00000
__Lstack                                  stack         00000
__Lstruct                                 struct        00000
__Ltemp                                   temp          0005B
__Ltext                                   text          00000
__Ltext0                                  text0         00000
__Ltext1                                  text1         00000
__Ltext10                                 text10        00000
__Ltext100                                text100       00000
__Ltext11                                 text11        00000
__Ltext12                                 text12        00000
__Ltext13                                 text13        00000
__Ltext14                                 text14        00000
__Ltext15                                 text15        00000
__Ltext16                                 text16        00000
__Ltext17                                 text17        00000
__Ltext18                                 text18        00000
__Ltext19                                 text19        00000
__Ltext2                                  text2         00000
__Ltext20                                 text20        00000
__Ltext21                                 text21        00000
__Ltext22                                 text22        00000
__Ltext23                                 text23        00000
__Ltext24                                 text24        00000
__Ltext25                                 text25        00000
__Ltext26                                 text26        00000
__Ltext27                                 text27        00000
__Ltext28                                 text28        00000
__Ltext29                                 text29        00000
__Ltext3                                  text3         00000
__Ltext30                                 text30        00000
__Ltext31                                 text31        00000
__Ltext32                                 text32        00000
__Ltext33                                 text33        00000
__Ltext34                                 text34        00000
__Ltext35                                 text35        00000
__Ltext36                                 text36        00000
__Ltext37                                 text37        00000
__Ltext38                                 text38        00000
__Ltext39                                 text39        00000
__Ltext4                                  text4         00000
__Ltext40                                 text40        00000
__Ltext41                                 text41        00000
__Ltext42                                 text42        00000
__Ltext43                                 text43        00000
__Ltext44                                 text44        00000
__Ltext45                                 text45        00000
__Ltext46                                 text46        00000
__Ltext47                                 text47        00000
__Ltext48                                 text48        00000
__Ltext49                                 text49        00000
__Ltext5                                  text5         00000
__Ltext50                                 text50        00000
__Ltext51                                 text51        00000
__Ltext52                                 text52        00000
__Ltext53                                 text53        00000
__Ltext54                                 text54        00000
__Ltext55                                 text55        00000
__Ltext56                                 text56        00000
__Ltext57                                 text57        00000
__Ltext58                                 text58        00000
__Ltext59                                 text59        00000
__Ltext6                                  text6         00000
__Ltext60                                 text60        00000
__Ltext61                                 text61        00000
__Ltext62                                 text62        00000
__Ltext63                                 text63        00000
__Ltext64                                 text64        00000
__Ltext65                                 text65        00000
__Ltext66                                 text66        00000
__Ltext67                                 text67        00000
__Ltext69                                 text69        00000
__Ltext7                                  text7         00000
__Ltext70                                 text70        00000
__Ltext71                                 text71        00000
__Ltext72                                 text72        00000
__Ltext73                                 text73        00000
__Ltext74                                 text74        00000
__Ltext75                                 text75        00000
__Ltext76                                 text76        00000
__Ltext77                                 text77        00000
__Ltext78                                 text78        00000
__Ltext79                                 text79        00000
__Ltext8                                  text8         00000
__Ltext80                                 text80        00000
__Ltext81                                 text81        00000
__Ltext82                                 text82        00000
__Ltext83                                 text83        00000
__Ltext84                                 text84        00000
__Ltext85                                 text85        00000
__Ltext86                                 text86        00000
__Ltext87                                 text87        00000
__Ltext88                                 text88        00000
__Ltext89                                 text89        00000
__Ltext9                                  text9         00000
__Ltext90                                 text90        00000
__Ltext91                                 text91        00000
__Ltext92                                 text92        00000
__Ltext93                                 text93        00000
__Ltext94                                 text94        00000
__Ltext95                                 text95        00000
__Ltext96                                 text96        00000
__Ltext97                                 text97        00000
__Ltext98                                 text98        00000
__Ltext99                                 text99        00000
__S0                                      (abs)         20000
__S1                                      (abs)         00C98
__S2                                      (abs)         00000
___awdiv                                  text32        12DE0
___awdiv@counter                          cstackBANK0   00064
___awdiv@dividend                         cstackBANK0   00060
___awdiv@divisor                          cstackBANK0   00062
___awdiv@quotient                         cstackBANK0   00066
___awdiv@sign                             cstackBANK0   00065
___awmod                                  text64        13502
___awmod@counter                          cstackBANK0   00064
___awmod@dividend                         cstackBANK0   00060
___awmod@divisor                          cstackBANK0   00062
___awmod@sign                             cstackBANK0   00065
___inthi_sp                               stack         00000
___intlo_sp                               stack         00000
___lldiv                                  text29        12E9E
___lldiv@counter                          cstackBANK0   0006C
___lldiv@dividend                         cstackBANK0   00060
___lldiv@divisor                          cstackBANK0   00064
___lldiv@quotient                         cstackBANK0   00068
___lmul                                   text65        13A7A
___lmul@multiplicand                      cstackBANK0   00071
___lmul@multiplier                        cstackBANK0   0006D
___lmul@product                           cstackBANK0   00075
___lwdiv                                  text42        13A02
___lwdiv@counter                          cstackBANK0   00064
___lwdiv@dividend                         cstackBANK0   00060
___lwdiv@divisor                          cstackBANK0   00062
___lwdiv@quotient                         cstackBANK0   00065
___lwmod                                  text41        13DDA
___lwmod@counter                          cstackBANK0   0006B
___lwmod@dividend                         cstackBANK0   00067
___lwmod@divisor                          cstackBANK0   00069
___param_bank                             (abs)         00010
___rparam_used                            (abs)         00001
___sp                                     stack         00000
___wmul                                   text40        1424C
___wmul@multiplicand                      cstackBANK0   00062
___wmul@multiplier                        cstackBANK0   00060
___wmul@product                           cstackBANK0   00064
__accesstop                               (abs)         00060
__activetblptr                            (abs)         00003
__end_of_CDCInitEP                        text87        13C40
__end_of_CDCTxService                     text49        11604
__end_of_ISR                              intcode       010BC
__end_of_OSC_init                         text33        145BA
__end_of_RTCC_from_RTCC                   text61        14584
__end_of_RTCC_from_caltime                text7         14470
__end_of_RTCC_from_epoch                  text26        1456A
__end_of_RTCC_init                        text25        13CAA
__end_of_RTCC_task                        text60        141DC
__end_of_RTCC_to_caltime                  text66        13016
__end_of_ST7032_ISR                       text100       1459E
__end_of_ST7032_clear                     text24        145AC
__end_of_ST7032_command                   text57        13BD2
__end_of_ST7032_cursor                    text56        142E8
__end_of_ST7032_init                      text22        123F6
__end_of_ST7032_put                       text55        13B62
__end_of_ST7032_puts                      text54        13FAC
__end_of_ST7032_task                      text52        118B4
__end_of_UART_ISR                         text96        140E6
__end_of_UART_init                        text21        144B8
__end_of_UART_task                        text51        144F8
__end_of_USBCheckCDCRequest               text86        133AC
__end_of_USBCheckStdRequest               text79        1268A
__end_of_USBConfigureEndpoint             text90        136D0
__end_of_USBCtrlEPAllowDataStage          text78        1363C
__end_of_USBCtrlEPAllowStatusStage        text93        12DE0
__end_of_USBCtrlEPService                 text75        12C52
__end_of_USBCtrlEPServiceComplete         text77        12062
__end_of_USBCtrlTrfInHandler              text94        13246
__end_of_USBCtrlTrfOutHandler             text91        13F54
__end_of_USBCtrlTrfRxService              text92        11D76
__end_of_USBCtrlTrfSetupHandler           text76        13A02
__end_of_USBCtrlTrfTxService              text95        12B84
__end_of_USBDeviceAttach                  text20        14214
__end_of_USBDeviceInit                    text18        1175C
__end_of_USBDeviceTasks                   text70        119FE
__end_of_USBEnableEndpoint                text89        14168
__end_of_USBStallHandler                  text74        1412C
__end_of_USBStdFeatureReqHandler          text84        11086
__end_of_USBStdGetDscHandler              text83        11C6A
__end_of_USBStdGetStatusHandler           text82        13502
__end_of_USBStdSetCfgHandler              text80        125B0
__end_of_USBSuspend                       text73        143CC
__end_of_USBTransferOnePacket             text50        12762
__end_of_USBWakeFromSuspend               text72        1431A
__end_of_USB_CD_Ptr                       mediumconst   0FD7B
__end_of_USB_ISR                          text69        145C0
__end_of_USB_SD_Ptr                       mediumconst   0FD79
__end_of_USB_init                         text17        14534
__end_of_USB_task                         text43        137EC
__end_of_USER_USB_CALLBACK_EVENT_HANDLER  text85        14348
__end_of___awdiv                          text32        12E9E
__end_of___awmod                          text64        135A4
__end_of___lldiv                          text29        12F5A
__end_of___lmul                           text65        13AF0
__end_of___lwdiv                          text42        13A7A
__end_of___lwmod                          text41        13E3C
__end_of___wmul                           text40        14282
__end_of__initialization                  cinit         138F4
__end_of_atoi                             text9         11F72
__end_of_caltime_to_RTCC                  text30        12838
__end_of_caltime_to_epoch                 text62        10DFE
__end_of_configDescriptor1                mediumconst   0FDBE
__end_of_d_to_x                           text31        1444A
__end_of_device_dsc                       mediumconst   0FE54
__end_of_display_dec                      text36        13D14
__end_of_display_time_0802                text34        1129A
__end_of_dpowers                          mediumconst   0FD73
__end_of_epoch_to_caltime                 text27        1148C
__end_of_get_quot_rem                     text28        1290C
__end_of_get_string_usb                   text46        1409C
__end_of_getsUSBUSART                     text48        1223A
__end_of_is_usb_available                 text47        14550
__end_of_isdigit                          text39        14422
__end_of_main                             text0         11E80
__end_of_main_init                        text13        12318
__end_of_memset                           text19        142B6
__end_of_month_length                     text63        124D4
__end_of_print_time                       text5         13878
__end_of_putUSBUSART                      text45        144D8
__end_of_put_string_usb                   text44        143A0
__end_of_ringbuf_backspace                text12        1375E
__end_of_ringbuf_delete                   text11        14496
__end_of_ringbuf_init                     text23        14000
__end_of_ringbuf_num                      text59        12150
__end_of_ringbuf_pop                      text53        12D1E
__end_of_ringbuf_put                      text58        129E0
__end_of_ringbuf_put_num                  text10        13980
__end_of_ringbuf_put_str                  text6         13D78
__end_of_sd000                            mediumconst   0FE58
__end_of_sd001                            mediumconst   0FDF2
__end_of_sd002                            mediumconst   0FE26
__end_of_sprintf                          text38        1045A
__end_of_strcat                           text37        13E9C
__end_of_strcmp                           text8         13EF8
__end_of_strcpy                           text35        1424C
__end_of_terminal_at_hand                 text4         13DDA
__end_of_terminal_operation               text2         12AB2
__end_of_terminal_task                    text1         10B70
__end_of_terminal_time                    text3         10806
__end_of_timer0_init                      text16        141A2
__end_of_timer1_init                      text15        14050
__end_of_timer3_init                      text14        14374
__end_of_weekday_3char                    mediumconst   0FE42
__end_of_x_to_d                           text67        14518
__end_ofi2_USBDeviceInit                  text71        11B38
__end_ofi2_USBTransferOnePacket           text88        1318C
__end_ofi2_memset                         text81        143F8
__end_ofi2_ringbuf_num                    text99        130D2
__end_ofi2_ringbuf_pop                    text98        13458
__end_ofi2_ringbuf_put                    text97        132FC
__initialization                          cinit         13878
__mediumconst                             mediumconst   0FD68
__pbssBANK0                               bssBANK0      000D0
__pbssBANK1                               bssBANK1      00100
__pbssBANK2                               bssBANK2      00200
__pbssBANK3                               bssBANK3      00300
__pbssBANK4                               bssBANK4      00400
__pbssBIGRAMl                             bssBIGRAMl    004C8
__pbssCOMRAM                              bssCOMRAM     00001
__pcinit                                  cinit         13878
__pcstackBANK0                            cstackBANK0   00060
__pcstackBANK1                            cstackBANK1   0017C
__pcstackBANK3                            cstackBANK3   003C8
__pcstackCOMRAM                           cstackCOMRAM  0002E
__pdataBANK1                              dataBANK1     001E5
__pidataBANK1                             idataBANK1    145C0
__pintcode                                intcode       01008
__pmediumconst                            mediumconst   0FD68
__ptext0                                  text0         11D76
__ptext1                                  text1         10806
__ptext10                                 text10        138FE
__ptext100                                text100       14584
__ptext11                                 text11        14470
__ptext12                                 text12        136D0
__ptext13                                 text13        1223A
__ptext14                                 text14        14348
__ptext15                                 text15        14000
__ptext16                                 text16        14168
__ptext17                                 text17        14518
__ptext18                                 text18        11604
__ptext19                                 text19        14282
__ptext2                                  text2         129E0
__ptext20                                 text20        141DC
__ptext21                                 text21        14496
__ptext22                                 text22        12318
__ptext23                                 text23        13FAC
__ptext24                                 text24        1459E
__ptext25                                 text25        13C40
__ptext26                                 text26        14550
__ptext27                                 text27        1129A
__ptext28                                 text28        12838
__ptext29                                 text29        12E9E
__ptext3                                  text3         1045A
__ptext30                                 text30        12762
__ptext31                                 text31        14422
__ptext32                                 text32        12DE0
__ptext33                                 text33        145AC
__ptext34                                 text34        11086
__ptext35                                 text35        14214
__ptext36                                 text36        13CAA
__ptext37                                 text37        13E3C
__ptext38                                 text38        10000
__ptext39                                 text39        143F8
__ptext4                                  text4         13D78
__ptext40                                 text40        1424C
__ptext41                                 text41        13DDA
__ptext42                                 text42        13A02
__ptext43                                 text43        1375E
__ptext44                                 text44        14374
__ptext45                                 text45        144B8
__ptext46                                 text46        14050
__ptext47                                 text47        14534
__ptext48                                 text48        12150
__ptext49                                 text49        1148C
__ptext5                                  text5         137EC
__ptext50                                 text50        1268A
__ptext51                                 text51        144D8
__ptext52                                 text52        1175C
__ptext53                                 text53        12C52
__ptext54                                 text54        13F54
__ptext55                                 text55        13AF0
__ptext56                                 text56        142B6
__ptext57                                 text57        13B62
__ptext58                                 text58        1290C
__ptext59                                 text59        12062
__ptext6                                  text6         13D14
__ptext60                                 text60        141A2
__ptext61                                 text61        1456A
__ptext62                                 text62        10B70
__ptext63                                 text63        123F6
__ptext64                                 text64        13502
__ptext65                                 text65        13A7A
__ptext66                                 text66        12F5A
__ptext67                                 text67        144F8
__ptext69                                 text69        145BA
__ptext7                                  text7         1444A
__ptext70                                 text70        118B4
__ptext71                                 text71        119FE
__ptext72                                 text72        142E8
__ptext73                                 text73        143A0
__ptext74                                 text74        140E6
__ptext75                                 text75        12B84
__ptext76                                 text76        13980
__ptext77                                 text77        11F72
__ptext78                                 text78        135A4
__ptext79                                 text79        125B0
__ptext8                                  text8         13E9C
__ptext80                                 text80        124D4
__ptext81                                 text81        143CC
__ptext82                                 text82        13458
[...]
 Registers used:
		wreg, fsr2l, fsr2h, status,2, status,0
 Tracked objects:
		On entry : 
		On exit  : 
		Unchanged: 
 Data sizes:     COMRAM   BANK0   BANK1   BANK2   BANK3   BANK4   BANK5   BANK6   BANK7   BANK8   BANK9  BANK10  BANK11  BANK12  BANK13  BANK14
      Params:         0       0       0       0       0       0       0       0       0       0       0       0       0       0       0       0
      Locals:         0       0       0       0       0       0       0       0       0       0       0       0       0       0       0       0
      Temps:          0       0       0       0       0       0       0       0       0       0       0       0       0       0       0       0
      Totals:         0       0       0       0       0       0       0       0       0       0       0       0       0       0       0       0
Total ram usage:        0 bytes
 Hardware stack levels used:    1
 This function calls:
		Nothing
 This function is called by:
		_USBDeviceTasks
		_USBCtrlEPServiceComplete
		_USBCtrlTrfRxService
 This function uses a non-reentrant model


 *************** function _USBCtrlTrfInHandler *****************
 Defined at:
		line 2595 in file "../My_library/usb/usb_device.c"
 Parameters:    Size  Location     Type
		None
 Auto vars:     Size  Location     Type
  lastDTS         1    1[COMRAM] unsigned char 
 Return value:  Size  Location     Type
		None               void
 Registers used:
		wreg, fsr1l, fsr1h, fsr2l, fsr2h, status,2, status,0, tblptrl, tblptrh, tblptru, cstack
 Tracked objects:
		On entry : 
		On exit  : 
		Unchanged: 
 Data sizes:     COMRAM   BANK0   BANK1   BANK2   BANK3   BANK4   BANK5   BANK6   BANK7   BANK8   BANK9  BANK10  BANK11  BANK12  BANK13  BANK14
      Params:         0       0       0       0       0       0       0       0       0       0       0       0       0       0       0       0
      Locals:         1       0       0       0       0       0       0       0       0       0       0       0       0       0       0       0
      Temps:          0       0       0       0       0       0       0       0       0       0       0       0       0       0       0       0
      Totals:         1       0       0       0       0       0       0       0       0       0       0       0       0       0       0       0
Total ram usage:        1 bytes
 Hardware stack levels used:    1
 Hardware stack levels required when called:    1
 This function calls:
		_USBCtrlTrfTxService
 This function is called by:
		_USBCtrlEPService
 This function uses a non-reentrant model


 *************** function _USBCtrlTrfTxService *****************
 Defined at:
		line 1771 in file "../My_library/usb/usb_device.c"
 Parameters:    Size  Location     Type
		None
 Auto vars:     Size  Location     Type
  byteToSend      1    0[COMRAM] unsigned char 
 Return value:  Size  Location     Type
		None               void
 Registers used:
		wreg, fsr1l, fsr1h, fsr2l, fsr2h, status,2, status,0, tblptrl, tblptrh, tblptru
 Tracked objects:
		On entry : 
		On exit  : 
		Unchanged: 
 Data sizes:     COMRAM   BANK0   BANK1   BANK2   BANK3   BANK4   BANK5   BANK6   BANK7   BANK8   BANK9  BANK10  BANK11  BANK12  BANK13  BANK14
      Params:         0       0       0       0       0       0       0       0       0       0       0       0       0       0       0       0
      Locals:         1       0       0       0       0       0       0       0       0       0       0       0       0       0       0       0
      Temps:          0       0       0       0       0       0       0       0       0       0       0       0       0       0       0       0
      Totals:         1       0       0       0       0       0       0       0       0       0       0       0       0       0       0       0
Total ram usage:        1 bytes
 Hardware stack levels used:    1
 This function calls:
		Nothing
 This function is called by:
		_USBCtrlEPAllowDataStage
		_USBCtrlTrfInHandler
 This function uses a non-reentrant model


 *************** function _UART_ISR *****************
 Defined at:
		line 29 in file "../My_library/My_UART.c"
 Parameters:    Size  Location     Type
		None
 Auto vars:     Size  Location     Type
  ascii           1   15[COMRAM] unsigned char 
 Return value:  Size  Location     Type
		None               void
 Registers used:
		wreg, fsr1l, fsr1h, fsr2l, fsr2h, status,2, status,0, cstack
 Tracked objects:
		On entry : 
		On exit  : 
		Unchanged: 
 Data sizes:     COMRAM   BANK0   BANK1   BANK2   BANK3   BANK4   BANK5   BANK6   BANK7   BANK8   BANK9  BANK10  BANK11  BANK12  BANK13  BANK14
      Params:         0       0       0       0       0       0       0       0       0       0       0       0       0       0       0       0
      Locals:         1       0       0       0       0       0       0       0       0       0       0       0       0       0       0       0
      Temps:          0       0       0       0       0       0       0       0       0       0       0       0       0       0       0       0
      Totals:         1       0       0       0       0       0       0       0       0       0       0       0       0       0       0       0
Total ram usage:        1 bytes
 Hardware stack levels used:    1
 Hardware stack levels required when called:    2
 This function calls:
		i2_ringbuf_num
		i2_ringbuf_pop
		i2_ringbuf_put
 This function is called by:
		_ISR
 This function uses a non-reentrant model


 *************** function i2_ringbuf_put *****************
 Defined at:
		line 20 in file "../My_library/My_ringbuf.c"
 Parameters:    Size  Location     Type
  rb              2    8[COMRAM] PTR struct ringbuf
		 -> lcd_tx(8), usb_tx(8), usb_rx(8), uart_rx(8), 
		 -> terminal_task@command(8), 
  asciicode       1   10[COMRAM] unsigned char 
 Auto vars:     Size  Location     Type
		None
 Return value:  Size  Location     Type
		None               void
 Registers used:
		wreg, fsr1l, fsr1h, fsr2l, fsr2h, status,2, status,0, cstack
 Tracked objects:
		On entry : 
		On exit  : 
		Unchanged: 
 Data sizes:     COMRAM   BANK0   BANK1   BANK2   BANK3   BANK4   BANK5   BANK6   BANK7   BANK8   BANK9  BANK10  BANK11  BANK12  BANK13  BANK14
      Params:         3       0       0       0       0       0       0       0       0       0       0       0       0       0       0       0
      Locals:         0       0       0       0       0       0       0       0       0       0       0       0       0       0       0       0
      Temps:          4       0       0       0       0       0       0       0       0       0       0       0       0       0       0       0
      Totals:         7       0       0       0       0       0       0       0       0       0       0       0       0       0       0       0
Total ram usage:        7 bytes
 Hardware stack levels used:    1
 Hardware stack levels required when called:    1
 This function calls:
		i2_ringbuf_num
 This function is called by:
		_UART_ISR
 This function uses a non-reentrant model


 *************** function i2_ringbuf_pop *****************
 Defined at:
		line 45 in file "../My_library/My_ringbuf.c"
 Parameters:    Size  Location     Type
  rb              2    8[COMRAM] PTR struct ringbuf
		 -> lcd_tx(8), usb_tx(8), usb_rx(8), uart_tx(8), 
		 -> terminal_task@command(8), 
 Auto vars:     Size  Location     Type
  ringbuf_pop     1   14[COMRAM] unsigned char 
 Return value:  Size  Location     Type
                  1    wreg      unsigned char 
 Registers used:
		wreg, fsr1l, fsr1h, fsr2l, fsr2h, status,2, status,0, cstack
 Tracked objects:
		On entry : 
		On exit  : 
		Unchanged: 
 Data sizes:     COMRAM   BANK0   BANK1   BANK2   BANK3   BANK4   BANK5   BANK6   BANK7   BANK8   BANK9  BANK10  BANK11  BANK12  BANK13  BANK14
      Params:         2       0       0       0       0       0       0       0       0       0       0       0       0       0       0       0
      Locals:         1       0       0       0       0       0       0       0       0       0       0       0       0       0       0       0
      Temps:          4       0       0       0       0       0       0       0       0       0       0       0       0       0       0       0
      Totals:         7       0       0       0       0       0       0       0       0       0       0       0       0       0       0       0
Total ram usage:        7 bytes
 Hardware stack levels used:    1
 Hardware stack levels required when called:    1
 This function calls:
		i2_ringbuf_num
 This function is called by:
		_UART_ISR
 This function uses a non-reentrant model


 *************** function i2_ringbuf_num *****************
 Defined at:
		line 12 in file "../My_library/My_ringbuf.c"
 Parameters:    Size  Location     Type
  rb              2    0[COMRAM] PTR struct ringbuf
		 -> lcd_tx(8), usb_tx(8), usb_rx(8), uart_rx(8), 
		 -> uart_tx(8), terminal_task@command(8), 
 Auto vars:     Size  Location     Type
		None
 Return value:  Size  Location     Type
                  2    0[COMRAM] unsigned int 
 Registers used:
		wreg, fsr1l, fsr1h, fsr2l, fsr2h, status,2, status,0
 Tracked objects:
		On entry : 
		On exit  : 
		Unchanged: 
 Data sizes:     COMRAM   BANK0   BANK1   BANK2   BANK3   BANK4   BANK5   BANK6   BANK7   BANK8   BANK9  BANK10  BANK11  BANK12  BANK13  BANK14
      Params:         2       0       0       0       0       0       0       0       0       0       0       0       0       0       0       0
      Locals:         0       0       0       0       0       0       0       0       0       0       0       0       0       0       0       0
      Temps:          6       0       0       0       0       0       0       0       0       0       0       0       0       0       0       0
      Totals:         8       0       0       0       0       0       0       0       0       0       0       0       0       0       0       0
Total ram usage:        8 bytes
 Hardware stack levels used:    1
 This function calls:
		Nothing
 This function is called by:
		_UART_ISR
		i2_ringbuf_put
		i2_ringbuf_pop
 This function uses a non-reentrant model


 *************** function _ST7032_ISR *****************
 Defined at:
		line 92 in file "../My_library/My_ST7032.c"
 Parameters:    Size  Location     Type
		None
 Auto vars:     Size  Location     Type
		None
 Return value:  Size  Location     Type
		None               void
 Registers used:
		wreg, status,2
 Tracked objects:
		On entry : 
		On exit  : 
		Unchanged: 
 Data sizes:     COMRAM   BANK0   BANK1   BANK2   BANK3   BANK4   BANK5   BANK6   BANK7   BANK8   BANK9  BANK10  BANK11  BANK12  BANK13  BANK14
      Params:         0       0       0       0       0       0       0       0       0       0       0       0       0       0       0       0
      Locals:         0       0       0       0       0       0       0       0       0       0       0       0       0       0       0       0
      Temps:          0       0       0       0       0       0       0       0       0       0       0       0       0       0       0       0
      Totals:         0       0       0       0       0       0       0       0       0       0       0       0       0       0       0       0
Total ram usage:        0 bytes
 Hardware stack levels used:    1
 This function calls:
		Nothing
 This function is called by:
		_ISR
 This function uses a non-reentrant model



MODULE INFORMATION

Module		Function		Class		Link	Load	Size
../My_library/My_terminal.c
		_print_time    		CODE           	137EC	0000	141
		_terminal_at_hand		CODE           	13D78	0000	99
		_terminal_time 		CODE           	1045A	0000	941
		_terminal_task 		CODE           	10806	0000	875

../My_library/My_terminal.c estimated size: 2056

../My_library/My_ringbuf.c
		_ringbuf_put_num		CODE           	138FE	0000	131
		_ringbuf_put_str		CODE           	13D14	0000	101
		_ringbuf_num   		CODE           	12062	0000	239
		_ringbuf_pop   		CODE           	12C52	0000	205
		_ringbuf_put   		CODE           	1290C	0000	213
		_ringbuf_init  		CODE           	13FAC	0000	85
		_ringbuf_backspace		CODE           	136D0	0000	143
		_ringbuf_delete		CODE           	14470	0000	39

../My_library/My_ringbuf.c estimated size: 1156

C:\Program Files (x86)\Microchip\xc8\v1.35\sources\common\awdiv.c
		___awdiv       		CODE           	12DE0	0000	191

C:\Program Files (x86)\Microchip\xc8\v1.35\sources\common\awdiv.c estimated size: 191

../My_library/My_usb_cdc.c
		_USB_task      		CODE           	1375E	0000	143
		_USB_ISR       		CODE           	145BA	0000	7
		_USER_USB_CALLBACK_EVENT_HANDLER		CODE           	1431A	0000	47
		_put_string_usb		CODE           	14374	0000	45
		_is_usb_available		CODE           	14534	0000	29
		_get_string_usb		CODE           	14050	0000	77
		_USB_init      		CODE           	14518	0000	29

../My_library/My_usb_cdc.c estimated size: 377

C:\Program Files (x86)\Microchip\xc8\v1.35\sources\common\Umul32.c
		___lmul        		CODE           	13A7A	0000	119

C:\Program Files (x86)\Microchip\xc8\v1.35\sources\common\Umul32.c estimated size: 119

C:\Program Files (x86)\Microchip\xc8\v1.35\sources\common\isdigit.c
		_isdigit       		CODE           	143F8	0000	43

C:\Program Files (x86)\Microchip\xc8\v1.35\sources\common\isdigit.c estimated size: 43

C:\Program Files (x86)\Microchip\xc8\v1.35\sources\common\strcat.c
		_strcat        		CODE           	13E3C	0000	97

C:\Program Files (x86)\Microchip\xc8\v1.35\sources\common\strcat.c estimated size: 97

../My_library/My_PIC.c
		_timer0_init   		CODE           	14168	0000	59
		_timer3_init   		CODE           	14348	0000	45
		_timer1_init   		CODE           	14000	0000	81
		_OSC_init      		CODE           	145AC	0000	15

../My_library/My_PIC.c estimated size: 200

../My_library/usb/usb_device_cdc.c
		_CDCTxService  		CODE           	1148C	0000	377
		_CDCInitEP     		CODE           	13BD2	0000	111
		_putUSBUSART   		CODE           	144B8	0000	33
		_getsUSBUSART  		CODE           	12150	0000	235
		_USBCheckCDCRequest		CODE           	132FC	0000	177

../My_library/usb/usb_device_cdc.c estimated size: 933

../My_library/My_RTCC.c
		_display_dec   		CODE           	13CAA	0000	107
		_caltime_to_RTCC		CODE           	12762	0000	215
		_month_length  		CODE           	123F6	0000	223
		_display_time_0802		CODE           	11086	0000	533
		_d_to_x        		CODE           	14422	0000	41
		_epoch_to_caltime		CODE           	1129A	0000	499
		_RTCC_task     		CODE           	141A2	0000	59
		_RTCC_from_RTCC		CODE           	1456A	0000	27
		_RTCC_from_caltime		CODE           	1444A	0000	39
		_RTCC_init     		CODE           	13C40	0000	107
		_RTCC_to_caltime		CODE           	12F5A	0000	189
		_get_quot_rem  		CODE           	12838	0000	213
		_x_to_d        		CODE           	144F8	0000	33
		_RTCC_from_epoch		CODE           	14550	0000	27
		_caltime_to_epoch		CODE           	10B70	0000	655

../My_library/My_RTCC.c estimated size: 2967

C:\Program Files (x86)\Microchip\xc8\v1.35\sources\common\strcmp.c
		_strcmp        		CODE           	13E9C	0000	93

C:\Program Files (x86)\Microchip\xc8\v1.35\sources\common\strcmp.c estimated size: 93

../My_library/My_UART.c
		_UART_task     		CODE           	144D8	0000	33
		_UART_init     		CODE           	14496	0000	35
		_UART_ISR      		CODE           	1409C	0000	75

../My_library/My_UART.c estimated size: 143

C:\Program Files (x86)\Microchip\xc8\v1.35\sources\common\strcpy.c
		_strcpy        		CODE           	14214	0000	57

C:\Program Files (x86)\Microchip\xc8\v1.35\sources\common\strcpy.c estimated size: 57

C:\Program Files (x86)\Microchip\xc8\v1.35\sources\common\memset.c
		_memset        		CODE           	14282	0000	53

C:\Program Files (x86)\Microchip\xc8\v1.35\sources\common\memset.c estimated size: 53

C:\Program Files (x86)\Microchip\xc8\v1.35\sources\common\atoi.c
		_atoi          		CODE           	11E80	0000	243

C:\Program Files (x86)\Microchip\xc8\v1.35\sources\common\atoi.c estimated size: 243

C:\Program Files (x86)\Microchip\xc8\v1.35\sources\common\lwmod.c
		___lwmod       		CODE           	13DDA	0000	99

C:\Program Files (x86)\Microchip\xc8\v1.35\sources\common\lwmod.c estimated size: 99

../My_library/usb/usb_device.c
		_USBCtrlTrfInHandler		CODE           	1318C	0000	187
		_USBTransferOnePacket		CODE           	1268A	0000	217
		_USBDeviceAttach		CODE           	141DC	0000	57
		_USBStdGetDscHandler		CODE           	11B38	0000	307
		_USBCtrlEPAllowDataStage		CODE           	135A4	0000	153
		_USBStdFeatureReqHandler		CODE           	10DFE	0000	649
		_USBCtrlEPAllowStatusStage		CODE           	12D1E	0000	195
		_USBCtrlTrfSetupHandler		CODE           	13980	0000	131
		_USBCtrlTrfOutHandler		CODE           	13EF8	0000	93
		_USBCtrlEPServiceComplete		CODE           	11F72	0000	241
		_USBSuspend    		CODE           	143A0	0000	45
		_USBStdSetCfgHandler		CODE           	124D4	0000	221
		_USBStdGetStatusHandler		CODE           	13458	0000	171
		_USBWakeFromSuspend		CODE           	142E8	0000	51
		_USBCtrlTrfRxService		CODE           	11C6A	0000	269
		_USBCtrlTrfTxService		CODE           	12AB2	0000	211
		_USBEnableEndpoint		CODE           	1412C	0000	61
		_USBConfigureEndpoint		CODE           	1363C	0000	149
		_USBDeviceInit 		CODE           	11604	0000	345
		_USBCtrlEPService		CODE           	12B84	0000	207
		_USBStallHandler		CODE           	140E6	0000	71
		_USBDeviceTasks		CODE           	118B4	0000	331
		_USBCheckStdRequest		CODE           	125B0	0000	219

../My_library/usb/usb_device.c estimated size: 4581

C:\Program Files (x86)\Microchip\xc8\v1.35\sources\common\doprnt.c
		_sprintf       		CODE           	10000	0000	1115

C:\Program Files (x86)\Microchip\xc8\v1.35\sources\common\doprnt.c estimated size: 1115

shared
		_weekday_3char 		MEDIUMCONST    	FE26	0000	29
		_configDescriptor1		MEDIUMCONST    	FD7B	0000	68
		_USB_CD_Ptr    		MEDIUMCONST    	FD79	0000	3
		_sd001         		MEDIUMCONST    	FDBE	0000	53
		_sd002         		MEDIUMCONST    	FDF2	0000	53
		_dpowers       		MEDIUMCONST    	FD69	0000	11
		i2_USBDeviceInit		CODE           	119FE	0000	315
		__initialization		CODE           	13878	0000	125
		i2_ringbuf_num 		CODE           	13016	0000	189
		i2_ringbuf_pop 		CODE           	133AC	0000	173
		i2_ringbuf_put 		CODE           	13246	0000	183
		_device_dsc    		MEDIUMCONST    	FE42	0000	19
		_USB_SD_Ptr    		MEDIUMCONST    	FD73	0000	7
		i2_memset      		CODE           	143CC	0000	45
		_sd000         		MEDIUMCONST    	FE54	0000	5
		i2_USBTransferOnePacket		CODE           	130D2	0000	187

shared estimated size: 1465

C:\Program Files (x86)\Microchip\xc8\v1.35\sources\common\awmod.c
		___awmod       		CODE           	13502	0000	163

C:\Program Files (x86)\Microchip\xc8\v1.35\sources\common\awmod.c estimated size: 163

../My_library/My_ST7032.c
		_ST7032_ISR    		CODE           	14584	0000	27
		_ST7032_put    		CODE           	13AF0	0000	115
		_ST7032_task   		CODE           	1175C	0000	345
		_ST7032_init   		CODE           	12318	0000	223
		_ST7032_puts   		CODE           	13F54	0000	89
		_ST7032_clear  		CODE           	1459E	0000	15
		_ST7032_cursor 		CODE           	142B6	0000	51
		_ST7032_command		CODE           	13B62	0000	113

../My_library/My_ST7032.c estimated size: 978

C:\Program Files (x86)\Microchip\xc8\v1.35\sources\common\lwdiv.c
		___lwdiv       		CODE           	13A02	0000	121

C:\Program Files (x86)\Microchip\xc8\v1.35\sources\common\lwdiv.c estimated size: 121

C:\Program Files (x86)\Microchip\xc8\v1.35\sources\common\Umul16.c
		___wmul        		CODE           	1424C	0000	55

C:\Program Files (x86)\Microchip\xc8\v1.35\sources\common\Umul16.c estimated size: 55

C:\Program Files (x86)\Microchip\xc8\v1.35\sources\common\lldiv.c
		___lldiv       		CODE           	12E9E	0000	189

C:\Program Files (x86)\Microchip\xc8\v1.35\sources\common\lldiv.c estimated size: 189

main.c
		_terminal_operation		CODE           	129E0	0000	211
		_ISR           		CODE           	1008	0000	181
		_main          		CODE           	11D76	0000	267
		_main_init     		CODE           	1223A	0000	223

main.c estimated size: 882

